Archive member included to satisfy reference by file (symbol)

.\CortexM0\ARM_GCC_541\Debug\LWO4.a(CyLib.o)
                              .\CortexM0\ARM_GCC_541\Debug\cyfitter_cfg.o (CyIntEnable)
.\CortexM0\ARM_GCC_541\Debug\LWO4.a(CyLFClk.o)
                              .\CortexM0\ARM_GCC_541\Debug\cyfitter_cfg.o (CySysWdtIsr)
.\CortexM0\ARM_GCC_541\Debug\LWO4.a(LED_R.o)
                              .\CortexM0\ARM_GCC_541\Debug\main.o (LED_R_Write)
.\CortexM0\ARM_GCC_541\Debug\LWO4.a(LED_G.o)
                              .\CortexM0\ARM_GCC_541\Debug\main.o (LED_G_Write)
.\CortexM0\ARM_GCC_541\Debug\LWO4.a(LED_B.o)
                              .\CortexM0\ARM_GCC_541\Debug\main.o (LED_B_Write)
.\CortexM0\ARM_GCC_541\Debug\LWO4.a(SW_Tx_UART.o)
                              .\CortexM0\ARM_GCC_541\Debug\main.o (SW_Tx_UART_Start)
.\CortexM0\ARM_GCC_541\Debug\LWO4.a(COLUMN_0.o)
                              .\CortexM0\ARM_GCC_541\Debug\main.o (COLUMN_0_SetDriveMode)
.\CortexM0\ARM_GCC_541\Debug\LWO4.a(COLUMN_1.o)
                              .\CortexM0\ARM_GCC_541\Debug\main.o (COLUMN_1_SetDriveMode)
.\CortexM0\ARM_GCC_541\Debug\LWO4.a(COLUMN_2.o)
                              .\CortexM0\ARM_GCC_541\Debug\main.o (COLUMN_2_SetDriveMode)
.\CortexM0\ARM_GCC_541\Debug\LWO4.a(ROW_0.o)
                              .\CortexM0\ARM_GCC_541\Debug\main.o (ROW_0_Read)
.\CortexM0\ARM_GCC_541\Debug\LWO4.a(ROW_1.o)
                              .\CortexM0\ARM_GCC_541\Debug\main.o (ROW_1_Read)
.\CortexM0\ARM_GCC_541\Debug\LWO4.a(ROW_2.o)
                              .\CortexM0\ARM_GCC_541\Debug\main.o (ROW_2_Read)
.\CortexM0\ARM_GCC_541\Debug\LWO4.a(ROW_3.o)
                              .\CortexM0\ARM_GCC_541\Debug\main.o (ROW_3_Read)
.\CortexM0\ARM_GCC_541\Debug\LWO4.a(Pin_Latch.o)
                              .\CortexM0\ARM_GCC_541\Debug\main.o (Pin_Latch_Write)
.\CortexM0\ARM_GCC_541\Debug\LWO4.a(Pin_CLK.o)
                              .\CortexM0\ARM_GCC_541\Debug\main.o (Pin_CLK_Write)
.\CortexM0\ARM_GCC_541\Debug\LWO4.a(Pin_DO.o)
                              .\CortexM0\ARM_GCC_541\Debug\main.o (Pin_DO_Write)
.\CortexM0\ARM_GCC_541\Debug\LWO4.a(CyBootAsmGnu.o)
                              .\CortexM0\ARM_GCC_541\Debug\LWO4.a(CyLib.o) (CyDelayCycles)
.\CortexM0\ARM_GCC_541\Debug\LWO4.a(SW_Tx_UART_AsmGnu.o)
                              .\CortexM0\ARM_GCC_541\Debug\LWO4.a(SW_Tx_UART.o) (SW_Tx_UART_PutChar)
c:/program files (x86)/cypress/psoc creator/4.4/psoc creator/import/gnu/arm/5.4.1/bin/../lib/gcc/arm-none-eabi/5.4.1/armv6-m\libgcc.a(_udivsi3.o)
                              .\CortexM0\ARM_GCC_541\Debug\LWO4.a(CyLib.o) (__aeabi_uidiv)
c:/program files (x86)/cypress/psoc creator/4.4/psoc creator/import/gnu/arm/5.4.1/bin/../lib/gcc/arm-none-eabi/5.4.1/armv6-m\libgcc.a(_dvmd_tls.o)
                              c:/program files (x86)/cypress/psoc creator/4.4/psoc creator/import/gnu/arm/5.4.1/bin/../lib/gcc/arm-none-eabi/5.4.1/armv6-m\libgcc.a(_udivsi3.o) (__aeabi_idiv0)
c:/program files (x86)/cypress/psoc creator/4.4/psoc creator/import/gnu/arm/5.4.1/bin/../lib/gcc/arm-none-eabi/5.4.1/../../../../arm-none-eabi/lib/armv6-m\libg_nano.a(lib_a-errno.o)
                              .\CortexM0\ARM_GCC_541\Debug\Cm0Start.o (__errno)
c:/program files (x86)/cypress/psoc creator/4.4/psoc creator/import/gnu/arm/5.4.1/bin/../lib/gcc/arm-none-eabi/5.4.1/../../../../arm-none-eabi/lib/armv6-m\libg_nano.a(lib_a-exit.o)
                              c:/program files (x86)/cypress/psoc creator/4.4/psoc creator/import/gnu/arm/5.4.1/bin/../lib/gcc/arm-none-eabi/5.4.1/../../../../arm-none-eabi/lib/armv6-m/crt0.o (exit)
c:/program files (x86)/cypress/psoc creator/4.4/psoc creator/import/gnu/arm/5.4.1/bin/../lib/gcc/arm-none-eabi/5.4.1/../../../../arm-none-eabi/lib/armv6-m\libg_nano.a(lib_a-impure.o)
                              c:/program files (x86)/cypress/psoc creator/4.4/psoc creator/import/gnu/arm/5.4.1/bin/../lib/gcc/arm-none-eabi/5.4.1/../../../../arm-none-eabi/lib/armv6-m\libg_nano.a(lib_a-exit.o) (_global_impure_ptr)
c:/program files (x86)/cypress/psoc creator/4.4/psoc creator/import/gnu/arm/5.4.1/bin/../lib/gcc/arm-none-eabi/5.4.1/../../../../arm-none-eabi/lib/armv6-m\libg_nano.a(lib_a-init.o)
                              c:/program files (x86)/cypress/psoc creator/4.4/psoc creator/import/gnu/arm/5.4.1/bin/../lib/gcc/arm-none-eabi/5.4.1/../../../../arm-none-eabi/lib/armv6-m/crt0.o (__libc_init_array)
c:/program files (x86)/cypress/psoc creator/4.4/psoc creator/import/gnu/arm/5.4.1/bin/../lib/gcc/arm-none-eabi/5.4.1/../../../../arm-none-eabi/lib/armv6-m\libg_nano.a(lib_a-memset.o)
                              c:/program files (x86)/cypress/psoc creator/4.4/psoc creator/import/gnu/arm/5.4.1/bin/../lib/gcc/arm-none-eabi/5.4.1/../../../../arm-none-eabi/lib/armv6-m/crt0.o (memset)

Discarded input sections

 .text          0x00000000        0x0 c:/program files (x86)/cypress/psoc creator/4.4/psoc creator/import/gnu/arm/5.4.1/bin/../lib/gcc/arm-none-eabi/5.4.1/armv6-m/crti.o
 .data          0x00000000        0x0 c:/program files (x86)/cypress/psoc creator/4.4/psoc creator/import/gnu/arm/5.4.1/bin/../lib/gcc/arm-none-eabi/5.4.1/armv6-m/crti.o
 .bss           0x00000000        0x0 c:/program files (x86)/cypress/psoc creator/4.4/psoc creator/import/gnu/arm/5.4.1/bin/../lib/gcc/arm-none-eabi/5.4.1/armv6-m/crti.o
 .data          0x00000000        0x4 c:/program files (x86)/cypress/psoc creator/4.4/psoc creator/import/gnu/arm/5.4.1/bin/../lib/gcc/arm-none-eabi/5.4.1/armv6-m/crtbegin.o
 .text          0x00000000       0x78 c:/program files (x86)/cypress/psoc creator/4.4/psoc creator/import/gnu/arm/5.4.1/bin/../lib/gcc/arm-none-eabi/5.4.1/../../../../arm-none-eabi/lib/armv6-m/crt0.o
 .data          0x00000000        0x0 c:/program files (x86)/cypress/psoc creator/4.4/psoc creator/import/gnu/arm/5.4.1/bin/../lib/gcc/arm-none-eabi/5.4.1/../../../../arm-none-eabi/lib/armv6-m/crt0.o
 .bss           0x00000000        0x0 c:/program files (x86)/cypress/psoc creator/4.4/psoc creator/import/gnu/arm/5.4.1/bin/../lib/gcc/arm-none-eabi/5.4.1/../../../../arm-none-eabi/lib/armv6-m/crt0.o
 .ARM.extab     0x00000000        0x0 c:/program files (x86)/cypress/psoc creator/4.4/psoc creator/import/gnu/arm/5.4.1/bin/../lib/gcc/arm-none-eabi/5.4.1/../../../../arm-none-eabi/lib/armv6-m/crt0.o
 .ARM.exidx     0x00000000        0x8 c:/program files (x86)/cypress/psoc creator/4.4/psoc creator/import/gnu/arm/5.4.1/bin/../lib/gcc/arm-none-eabi/5.4.1/../../../../arm-none-eabi/lib/armv6-m/crt0.o
 .text          0x00000000        0x0 .\CortexM0\ARM_GCC_541\Debug\main.o
 .text          0x00000000        0x0 .\CortexM0\ARM_GCC_541\Debug\cyfitter_cfg.o
 .data          0x00000000        0x0 .\CortexM0\ARM_GCC_541\Debug\cyfitter_cfg.o
 .bss           0x00000000        0x0 .\CortexM0\ARM_GCC_541\Debug\cyfitter_cfg.o
 .text          0x00000000        0x0 .\CortexM0\ARM_GCC_541\Debug\cymetadata.o
 .data          0x00000000        0x0 .\CortexM0\ARM_GCC_541\Debug\cymetadata.o
 .bss           0x00000000        0x0 .\CortexM0\ARM_GCC_541\Debug\cymetadata.o
 .text          0x00000000        0x0 .\CortexM0\ARM_GCC_541\Debug\Cm0Start.o
 .data          0x00000000        0x4 .\CortexM0\ARM_GCC_541\Debug\Cm0Start.o
 .bss           0x00000000        0x0 .\CortexM0\ARM_GCC_541\Debug\Cm0Start.o
 .text._exit    0x00000000        0xc .\CortexM0\ARM_GCC_541\Debug\Cm0Start.o
 .text._sbrk    0x00000000       0x30 .\CortexM0\ARM_GCC_541\Debug\Cm0Start.o
 .text          0x00000000        0x0 .\CortexM0\ARM_GCC_541\Debug\LWO4.a(CyLib.o)
 .bss           0x00000000       0x18 .\CortexM0\ARM_GCC_541\Debug\LWO4.a(CyLib.o)
 .text.CySysClkImoStart
                0x00000000       0x14 .\CortexM0\ARM_GCC_541\Debug\LWO4.a(CyLib.o)
 .text.CySysClkImoStop
                0x00000000       0x10 .\CortexM0\ARM_GCC_541\Debug\LWO4.a(CyLib.o)
 .text.CySysClkWriteHfclkDirect
                0x00000000       0x20 .\CortexM0\ARM_GCC_541\Debug\LWO4.a(CyLib.o)
 .text.CySysEnablePumpClock
                0x00000000       0x38 .\CortexM0\ARM_GCC_541\Debug\LWO4.a(CyLib.o)
 .text.CySysClkGetSysclkSource
                0x00000000       0x1c .\CortexM0\ARM_GCC_541\Debug\LWO4.a(CyLib.o)
 .text.CySysClkWriteSysclkDiv
                0x00000000       0x30 .\CortexM0\ARM_GCC_541\Debug\LWO4.a(CyLib.o)
 .text.CySysLvdDisable
                0x00000000       0x20 .\CortexM0\ARM_GCC_541\Debug\LWO4.a(CyLib.o)
 .text.CySysLvdGetInterruptSource
                0x00000000       0x10 .\CortexM0\ARM_GCC_541\Debug\LWO4.a(CyLib.o)
 .text.CySysLvdClearInterrupt
                0x00000000        0xc .\CortexM0\ARM_GCC_541\Debug\LWO4.a(CyLib.o)
 .text.CySysGetResetReason
                0x00000000       0x14 .\CortexM0\ARM_GCC_541\Debug\LWO4.a(CyLib.o)
 .text.CyDisableInts
                0x00000000       0x10 .\CortexM0\ARM_GCC_541\Debug\LWO4.a(CyLib.o)
 .text.CyEnableInts
                0x00000000        0xc .\CortexM0\ARM_GCC_541\Debug\LWO4.a(CyLib.o)
 .text.CyIntGetState
                0x00000000       0x18 .\CortexM0\ARM_GCC_541\Debug\LWO4.a(CyLib.o)
 .text.CyIntDisable
                0x00000000       0x14 .\CortexM0\ARM_GCC_541\Debug\LWO4.a(CyLib.o)
 .text.CyIntSetPending
                0x00000000       0x14 .\CortexM0\ARM_GCC_541\Debug\LWO4.a(CyLib.o)
 .text.CyIntClearPending
                0x00000000       0x14 .\CortexM0\ARM_GCC_541\Debug\LWO4.a(CyLib.o)
 .text.CyIntSetSysVector
                0x00000000       0x20 .\CortexM0\ARM_GCC_541\Debug\LWO4.a(CyLib.o)
 .text.CyIntGetSysVector
                0x00000000       0x1c .\CortexM0\ARM_GCC_541\Debug\LWO4.a(CyLib.o)
 .text.CyIntGetVector
                0x00000000       0x20 .\CortexM0\ARM_GCC_541\Debug\LWO4.a(CyLib.o)
 .text.CyIntSetPriority
                0x00000000       0x4c .\CortexM0\ARM_GCC_541\Debug\LWO4.a(CyLib.o)
 .text.CyIntGetPriority
                0x00000000       0x2c .\CortexM0\ARM_GCC_541\Debug\LWO4.a(CyLib.o)
 .text.CySoftwareReset
                0x00000000       0x18 .\CortexM0\ARM_GCC_541\Debug\LWO4.a(CyLib.o)
 .text.CySysLvdEnable
                0x00000000       0x44 .\CortexM0\ARM_GCC_541\Debug\LWO4.a(CyLib.o)
 .text.CyDelayFreq
                0x00000000       0x4c .\CortexM0\ARM_GCC_541\Debug\LWO4.a(CyLib.o)
 .text.CySysTickStop
                0x00000000       0x10 .\CortexM0\ARM_GCC_541\Debug\LWO4.a(CyLib.o)
 .text.CySysTickEnableInterrupt
                0x00000000       0x10 .\CortexM0\ARM_GCC_541\Debug\LWO4.a(CyLib.o)
 .text.CySysTickEnable
                0x00000000       0x18 .\CortexM0\ARM_GCC_541\Debug\LWO4.a(CyLib.o)
 .text.CySysTickDisableInterrupt
                0x00000000       0x10 .\CortexM0\ARM_GCC_541\Debug\LWO4.a(CyLib.o)
 .text.CySysTickSetReload
                0x00000000       0x10 .\CortexM0\ARM_GCC_541\Debug\LWO4.a(CyLib.o)
 .text.CySysTickGetReload
                0x00000000       0x10 .\CortexM0\ARM_GCC_541\Debug\LWO4.a(CyLib.o)
 .text.CySysTickGetValue
                0x00000000       0x10 .\CortexM0\ARM_GCC_541\Debug\LWO4.a(CyLib.o)
 .text.CySysTickGetCountFlag
                0x00000000       0x10 .\CortexM0\ARM_GCC_541\Debug\LWO4.a(CyLib.o)
 .text.CySysTickServiceCallbacks
                0x00000000       0x28 .\CortexM0\ARM_GCC_541\Debug\LWO4.a(CyLib.o)
 .text.CySysTickClear
                0x00000000        0xc .\CortexM0\ARM_GCC_541\Debug\LWO4.a(CyLib.o)
 .text.CySysTickInit
                0x00000000       0x40 .\CortexM0\ARM_GCC_541\Debug\LWO4.a(CyLib.o)
 .text.CySysTickStart
                0x00000000       0x20 .\CortexM0\ARM_GCC_541\Debug\LWO4.a(CyLib.o)
 .text.CySysTickSetCallback
                0x00000000       0x10 .\CortexM0\ARM_GCC_541\Debug\LWO4.a(CyLib.o)
 .text.CySysTickGetCallback
                0x00000000        0xc .\CortexM0\ARM_GCC_541\Debug\LWO4.a(CyLib.o)
 .text.CyGetUniqueId
                0x00000000       0x70 .\CortexM0\ARM_GCC_541\Debug\LWO4.a(CyLib.o)
 .text          0x00000000        0x0 .\CortexM0\ARM_GCC_541\Debug\LWO4.a(CyLFClk.o)
 .text.CySysClkIloEnabled
                0x00000000       0x14 .\CortexM0\ARM_GCC_541\Debug\LWO4.a(CyLFClk.o)
 .text.CySysClkIloStart
                0x00000000       0x14 .\CortexM0\ARM_GCC_541\Debug\LWO4.a(CyLFClk.o)
 .text.CySysClkIloStartMeasurement
                0x00000000       0x34 .\CortexM0\ARM_GCC_541\Debug\LWO4.a(CyLFClk.o)
 .text.CySysClkIloStopMeasurement
                0x00000000       0x14 .\CortexM0\ARM_GCC_541\Debug\LWO4.a(CyLFClk.o)
 .text.CySysClkIloCompensate
                0x00000000      0x104 .\CortexM0\ARM_GCC_541\Debug\LWO4.a(CyLFClk.o)
 .text.CySysWdtGetEnabledStatus
                0x00000000       0x24 .\CortexM0\ARM_GCC_541\Debug\LWO4.a(CyLFClk.o)
 .text.CySysWdtSetMode
                0x00000000       0x38 .\CortexM0\ARM_GCC_541\Debug\LWO4.a(CyLFClk.o)
 .text.CySysClkLfclkPosedgeRestore
                0x00000000       0x2c .\CortexM0\ARM_GCC_541\Debug\LWO4.a(CyLFClk.o)
 .text.CySysWdtGetMode
                0x00000000       0x14 .\CortexM0\ARM_GCC_541\Debug\LWO4.a(CyLFClk.o)
 .text.CySysWdtSetClearOnMatch
                0x00000000       0x34 .\CortexM0\ARM_GCC_541\Debug\LWO4.a(CyLFClk.o)
 .text.CySysWdtGetClearOnMatch
                0x00000000       0x24 .\CortexM0\ARM_GCC_541\Debug\LWO4.a(CyLFClk.o)
 .text.CySysWdtEnable
                0x00000000       0x40 .\CortexM0\ARM_GCC_541\Debug\LWO4.a(CyLFClk.o)
 .text.CySysWdtDisable
                0x00000000       0x44 .\CortexM0\ARM_GCC_541\Debug\LWO4.a(CyLFClk.o)
 .text.CySysWdtSetCascade
                0x00000000       0x34 .\CortexM0\ARM_GCC_541\Debug\LWO4.a(CyLFClk.o)
 .text.CySysWdtGetCascade
                0x00000000       0x14 .\CortexM0\ARM_GCC_541\Debug\LWO4.a(CyLFClk.o)
 .text.CySysWdtSetMatch
                0x00000000       0x38 .\CortexM0\ARM_GCC_541\Debug\LWO4.a(CyLFClk.o)
 .text.CySysWdtSetToggleBit
                0x00000000       0x30 .\CortexM0\ARM_GCC_541\Debug\LWO4.a(CyLFClk.o)
 .text.CySysWdtGetToggleBit
                0x00000000       0x10 .\CortexM0\ARM_GCC_541\Debug\LWO4.a(CyLFClk.o)
 .text.CySysWdtGetMatch
                0x00000000       0x20 .\CortexM0\ARM_GCC_541\Debug\LWO4.a(CyLFClk.o)
 .text.CySysWdtGetCount
                0x00000000       0x3c .\CortexM0\ARM_GCC_541\Debug\LWO4.a(CyLFClk.o)
 .text.CySysClkLfclkPosedgeCatch
                0x00000000       0x74 .\CortexM0\ARM_GCC_541\Debug\LWO4.a(CyLFClk.o)
 .text.CySysClkIloStop
                0x00000000       0x38 .\CortexM0\ARM_GCC_541\Debug\LWO4.a(CyLFClk.o)
 .text.CySysWdtGetInterruptSource
                0x00000000       0x14 .\CortexM0\ARM_GCC_541\Debug\LWO4.a(CyLFClk.o)
 .text.CySysWdtResetCounters
                0x00000000       0x20 .\CortexM0\ARM_GCC_541\Debug\LWO4.a(CyLFClk.o)
 .text.CySysWdtSetInterruptCallback
                0x00000000       0x20 .\CortexM0\ARM_GCC_541\Debug\LWO4.a(CyLFClk.o)
 .text.CySysWdtGetInterruptCallback
                0x00000000       0x20 .\CortexM0\ARM_GCC_541\Debug\LWO4.a(CyLFClk.o)
 .text.CySysWdtEnableCounterIsr
                0x00000000       0x34 .\CortexM0\ARM_GCC_541\Debug\LWO4.a(CyLFClk.o)
 .text.CySysWdtDisableCounterIsr
                0x00000000       0x28 .\CortexM0\ARM_GCC_541\Debug\LWO4.a(CyLFClk.o)
 .text.CySysWatchdogFeed
                0x00000000       0x60 .\CortexM0\ARM_GCC_541\Debug\LWO4.a(CyLFClk.o)
 .text.CySysTimerDelayUntilMatch
                0x00000000       0x6c .\CortexM0\ARM_GCC_541\Debug\LWO4.a(CyLFClk.o)
 .text.CySysTimerDelay
                0x00000000       0x3c .\CortexM0\ARM_GCC_541\Debug\LWO4.a(CyLFClk.o)
 .rodata        0x00000000        0xc .\CortexM0\ARM_GCC_541\Debug\LWO4.a(CyLFClk.o)
 .text          0x00000000        0x0 .\CortexM0\ARM_GCC_541\Debug\LWO4.a(LED_R.o)
 .data          0x00000000        0x0 .\CortexM0\ARM_GCC_541\Debug\LWO4.a(LED_R.o)
 .bss           0x00000000        0x0 .\CortexM0\ARM_GCC_541\Debug\LWO4.a(LED_R.o)
 .text.LED_R_SetDriveMode
                0x00000000       0x18 .\CortexM0\ARM_GCC_541\Debug\LWO4.a(LED_R.o)
 .text.LED_R_Read
                0x00000000       0x10 .\CortexM0\ARM_GCC_541\Debug\LWO4.a(LED_R.o)
 .text.LED_R_ReadDataReg
                0x00000000       0x10 .\CortexM0\ARM_GCC_541\Debug\LWO4.a(LED_R.o)
 .text.LED_R_SetInterruptMode
                0x00000000       0x14 .\CortexM0\ARM_GCC_541\Debug\LWO4.a(LED_R.o)
 .text.LED_R_ClearInterrupt
                0x00000000       0x14 .\CortexM0\ARM_GCC_541\Debug\LWO4.a(LED_R.o)
 .text          0x00000000        0x0 .\CortexM0\ARM_GCC_541\Debug\LWO4.a(LED_G.o)
 .data          0x00000000        0x0 .\CortexM0\ARM_GCC_541\Debug\LWO4.a(LED_G.o)
 .bss           0x00000000        0x0 .\CortexM0\ARM_GCC_541\Debug\LWO4.a(LED_G.o)
 .text.LED_G_SetDriveMode
                0x00000000       0x18 .\CortexM0\ARM_GCC_541\Debug\LWO4.a(LED_G.o)
 .text.LED_G_Read
                0x00000000       0x10 .\CortexM0\ARM_GCC_541\Debug\LWO4.a(LED_G.o)
 .text.LED_G_ReadDataReg
                0x00000000       0x10 .\CortexM0\ARM_GCC_541\Debug\LWO4.a(LED_G.o)
 .text.LED_G_SetInterruptMode
                0x00000000       0x14 .\CortexM0\ARM_GCC_541\Debug\LWO4.a(LED_G.o)
 .text.LED_G_ClearInterrupt
                0x00000000       0x14 .\CortexM0\ARM_GCC_541\Debug\LWO4.a(LED_G.o)
 .text          0x00000000        0x0 .\CortexM0\ARM_GCC_541\Debug\LWO4.a(LED_B.o)
 .data          0x00000000        0x0 .\CortexM0\ARM_GCC_541\Debug\LWO4.a(LED_B.o)
 .bss           0x00000000        0x0 .\CortexM0\ARM_GCC_541\Debug\LWO4.a(LED_B.o)
 .text.LED_B_SetDriveMode
                0x00000000       0x18 .\CortexM0\ARM_GCC_541\Debug\LWO4.a(LED_B.o)
 .text.LED_B_Read
                0x00000000       0x10 .\CortexM0\ARM_GCC_541\Debug\LWO4.a(LED_B.o)
 .text.LED_B_ReadDataReg
                0x00000000       0x10 .\CortexM0\ARM_GCC_541\Debug\LWO4.a(LED_B.o)
 .text.LED_B_SetInterruptMode
                0x00000000       0x14 .\CortexM0\ARM_GCC_541\Debug\LWO4.a(LED_B.o)
 .text.LED_B_ClearInterrupt
                0x00000000       0x14 .\CortexM0\ARM_GCC_541\Debug\LWO4.a(LED_B.o)
 .text          0x00000000        0x0 .\CortexM0\ARM_GCC_541\Debug\LWO4.a(SW_Tx_UART.o)
 .bss           0x00000000        0x0 .\CortexM0\ARM_GCC_541\Debug\LWO4.a(SW_Tx_UART.o)
 .text.SW_Tx_UART_Stop
                0x00000000        0x4 .\CortexM0\ARM_GCC_541\Debug\LWO4.a(SW_Tx_UART.o)
 .text.SW_Tx_UART_PutArray
                0x00000000       0x18 .\CortexM0\ARM_GCC_541\Debug\LWO4.a(SW_Tx_UART.o)
 .text.SW_Tx_UART_PutHexByte
                0x00000000       0x20 .\CortexM0\ARM_GCC_541\Debug\LWO4.a(SW_Tx_UART.o)
 .text.SW_Tx_UART_PutHexInt
                0x00000000       0x14 .\CortexM0\ARM_GCC_541\Debug\LWO4.a(SW_Tx_UART.o)
 .rodata        0x00000000       0x11 .\CortexM0\ARM_GCC_541\Debug\LWO4.a(SW_Tx_UART.o)
 .text          0x00000000        0x0 .\CortexM0\ARM_GCC_541\Debug\LWO4.a(COLUMN_0.o)
 .data          0x00000000        0x0 .\CortexM0\ARM_GCC_541\Debug\LWO4.a(COLUMN_0.o)
 .bss           0x00000000        0x0 .\CortexM0\ARM_GCC_541\Debug\LWO4.a(COLUMN_0.o)
 .text.COLUMN_0_Read
                0x00000000       0x10 .\CortexM0\ARM_GCC_541\Debug\LWO4.a(COLUMN_0.o)
 .text.COLUMN_0_ReadDataReg
                0x00000000       0x10 .\CortexM0\ARM_GCC_541\Debug\LWO4.a(COLUMN_0.o)
 .text.COLUMN_0_SetInterruptMode
                0x00000000       0x14 .\CortexM0\ARM_GCC_541\Debug\LWO4.a(COLUMN_0.o)
 .text.COLUMN_0_ClearInterrupt
                0x00000000       0x10 .\CortexM0\ARM_GCC_541\Debug\LWO4.a(COLUMN_0.o)
 .text          0x00000000        0x0 .\CortexM0\ARM_GCC_541\Debug\LWO4.a(COLUMN_1.o)
 .data          0x00000000        0x0 .\CortexM0\ARM_GCC_541\Debug\LWO4.a(COLUMN_1.o)
 .bss           0x00000000        0x0 .\CortexM0\ARM_GCC_541\Debug\LWO4.a(COLUMN_1.o)
 .text.COLUMN_1_Read
                0x00000000       0x10 .\CortexM0\ARM_GCC_541\Debug\LWO4.a(COLUMN_1.o)
 .text.COLUMN_1_ReadDataReg
                0x00000000       0x10 .\CortexM0\ARM_GCC_541\Debug\LWO4.a(COLUMN_1.o)
 .text.COLUMN_1_SetInterruptMode
                0x00000000       0x14 .\CortexM0\ARM_GCC_541\Debug\LWO4.a(COLUMN_1.o)
 .text.COLUMN_1_ClearInterrupt
                0x00000000       0x14 .\CortexM0\ARM_GCC_541\Debug\LWO4.a(COLUMN_1.o)
 .text          0x00000000        0x0 .\CortexM0\ARM_GCC_541\Debug\LWO4.a(COLUMN_2.o)
 .data          0x00000000        0x0 .\CortexM0\ARM_GCC_541\Debug\LWO4.a(COLUMN_2.o)
 .bss           0x00000000        0x0 .\CortexM0\ARM_GCC_541\Debug\LWO4.a(COLUMN_2.o)
 .text.COLUMN_2_Read
                0x00000000       0x10 .\CortexM0\ARM_GCC_541\Debug\LWO4.a(COLUMN_2.o)
 .text.COLUMN_2_ReadDataReg
                0x00000000       0x10 .\CortexM0\ARM_GCC_541\Debug\LWO4.a(COLUMN_2.o)
 .text.COLUMN_2_SetInterruptMode
                0x00000000       0x14 .\CortexM0\ARM_GCC_541\Debug\LWO4.a(COLUMN_2.o)
 .text.COLUMN_2_ClearInterrupt
                0x00000000       0x10 .\CortexM0\ARM_GCC_541\Debug\LWO4.a(COLUMN_2.o)
 .text          0x00000000        0x0 .\CortexM0\ARM_GCC_541\Debug\LWO4.a(ROW_0.o)
 .data          0x00000000        0x0 .\CortexM0\ARM_GCC_541\Debug\LWO4.a(ROW_0.o)
 .bss           0x00000000        0x0 .\CortexM0\ARM_GCC_541\Debug\LWO4.a(ROW_0.o)
 .text.ROW_0_SetDriveMode
                0x00000000       0x14 .\CortexM0\ARM_GCC_541\Debug\LWO4.a(ROW_0.o)
 .text.ROW_0_Write
                0x00000000       0x18 .\CortexM0\ARM_GCC_541\Debug\LWO4.a(ROW_0.o)
 .text.ROW_0_ReadDataReg
                0x00000000       0x10 .\CortexM0\ARM_GCC_541\Debug\LWO4.a(ROW_0.o)
 .text.ROW_0_SetInterruptMode
                0x00000000       0x14 .\CortexM0\ARM_GCC_541\Debug\LWO4.a(ROW_0.o)
 .text.ROW_0_ClearInterrupt
                0x00000000       0x14 .\CortexM0\ARM_GCC_541\Debug\LWO4.a(ROW_0.o)
 .text          0x00000000        0x0 .\CortexM0\ARM_GCC_541\Debug\LWO4.a(ROW_1.o)
 .data          0x00000000        0x0 .\CortexM0\ARM_GCC_541\Debug\LWO4.a(ROW_1.o)
 .bss           0x00000000        0x0 .\CortexM0\ARM_GCC_541\Debug\LWO4.a(ROW_1.o)
 .text.ROW_1_SetDriveMode
                0x00000000       0x18 .\CortexM0\ARM_GCC_541\Debug\LWO4.a(ROW_1.o)
 .text.ROW_1_Write
                0x00000000       0x18 .\CortexM0\ARM_GCC_541\Debug\LWO4.a(ROW_1.o)
 .text.ROW_1_ReadDataReg
                0x00000000       0x10 .\CortexM0\ARM_GCC_541\Debug\LWO4.a(ROW_1.o)
 .text.ROW_1_SetInterruptMode
                0x00000000       0x14 .\CortexM0\ARM_GCC_541\Debug\LWO4.a(ROW_1.o)
 .text.ROW_1_ClearInterrupt
                0x00000000       0x14 .\CortexM0\ARM_GCC_541\Debug\LWO4.a(ROW_1.o)
 .text          0x00000000        0x0 .\CortexM0\ARM_GCC_541\Debug\LWO4.a(ROW_2.o)
 .data          0x00000000        0x0 .\CortexM0\ARM_GCC_541\Debug\LWO4.a(ROW_2.o)
 .bss           0x00000000        0x0 .\CortexM0\ARM_GCC_541\Debug\LWO4.a(ROW_2.o)
 .text.ROW_2_SetDriveMode
                0x00000000       0x18 .\CortexM0\ARM_GCC_541\Debug\LWO4.a(ROW_2.o)
 .text.ROW_2_Write
                0x00000000       0x18 .\CortexM0\ARM_GCC_541\Debug\LWO4.a(ROW_2.o)
 .text.ROW_2_ReadDataReg
                0x00000000       0x10 .\CortexM0\ARM_GCC_541\Debug\LWO4.a(ROW_2.o)
 .text.ROW_2_SetInterruptMode
                0x00000000       0x14 .\CortexM0\ARM_GCC_541\Debug\LWO4.a(ROW_2.o)
 .text.ROW_2_ClearInterrupt
                0x00000000       0x14 .\CortexM0\ARM_GCC_541\Debug\LWO4.a(ROW_2.o)
 .text          0x00000000        0x0 .\CortexM0\ARM_GCC_541\Debug\LWO4.a(ROW_3.o)
 .data          0x00000000        0x0 .\CortexM0\ARM_GCC_541\Debug\LWO4.a(ROW_3.o)
 .bss           0x00000000        0x0 .\CortexM0\ARM_GCC_541\Debug\LWO4.a(ROW_3.o)
 .text.ROW_3_SetDriveMode
                0x00000000       0x18 .\CortexM0\ARM_GCC_541\Debug\LWO4.a(ROW_3.o)
 .text.ROW_3_Write
                0x00000000       0x18 .\CortexM0\ARM_GCC_541\Debug\LWO4.a(ROW_3.o)
 .text.ROW_3_ReadDataReg
                0x00000000       0x10 .\CortexM0\ARM_GCC_541\Debug\LWO4.a(ROW_3.o)
 .text.ROW_3_SetInterruptMode
                0x00000000       0x14 .\CortexM0\ARM_GCC_541\Debug\LWO4.a(ROW_3.o)
 .text.ROW_3_ClearInterrupt
                0x00000000       0x14 .\CortexM0\ARM_GCC_541\Debug\LWO4.a(ROW_3.o)
 .text          0x00000000        0x0 .\CortexM0\ARM_GCC_541\Debug\LWO4.a(Pin_Latch.o)
 .data          0x00000000        0x0 .\CortexM0\ARM_GCC_541\Debug\LWO4.a(Pin_Latch.o)
 .bss           0x00000000        0x0 .\CortexM0\ARM_GCC_541\Debug\LWO4.a(Pin_Latch.o)
 .text.Pin_Latch_SetDriveMode
                0x00000000       0x18 .\CortexM0\ARM_GCC_541\Debug\LWO4.a(Pin_Latch.o)
 .text.Pin_Latch_Read
                0x00000000       0x10 .\CortexM0\ARM_GCC_541\Debug\LWO4.a(Pin_Latch.o)
 .text.Pin_Latch_ReadDataReg
                0x00000000       0x10 .\CortexM0\ARM_GCC_541\Debug\LWO4.a(Pin_Latch.o)
 .text.Pin_Latch_SetInterruptMode
                0x00000000       0x14 .\CortexM0\ARM_GCC_541\Debug\LWO4.a(Pin_Latch.o)
 .text.Pin_Latch_ClearInterrupt
                0x00000000       0x14 .\CortexM0\ARM_GCC_541\Debug\LWO4.a(Pin_Latch.o)
 .text          0x00000000        0x0 .\CortexM0\ARM_GCC_541\Debug\LWO4.a(Pin_CLK.o)
 .data          0x00000000        0x0 .\CortexM0\ARM_GCC_541\Debug\LWO4.a(Pin_CLK.o)
 .bss           0x00000000        0x0 .\CortexM0\ARM_GCC_541\Debug\LWO4.a(Pin_CLK.o)
 .text.Pin_CLK_SetDriveMode
                0x00000000       0x18 .\CortexM0\ARM_GCC_541\Debug\LWO4.a(Pin_CLK.o)
 .text.Pin_CLK_Read
                0x00000000       0x10 .\CortexM0\ARM_GCC_541\Debug\LWO4.a(Pin_CLK.o)
 .text.Pin_CLK_ReadDataReg
                0x00000000       0x10 .\CortexM0\ARM_GCC_541\Debug\LWO4.a(Pin_CLK.o)
 .text.Pin_CLK_SetInterruptMode
                0x00000000       0x14 .\CortexM0\ARM_GCC_541\Debug\LWO4.a(Pin_CLK.o)
 .text.Pin_CLK_ClearInterrupt
                0x00000000       0x14 .\CortexM0\ARM_GCC_541\Debug\LWO4.a(Pin_CLK.o)
 .text          0x00000000        0x0 .\CortexM0\ARM_GCC_541\Debug\LWO4.a(Pin_DO.o)
 .data          0x00000000        0x0 .\CortexM0\ARM_GCC_541\Debug\LWO4.a(Pin_DO.o)
 .bss           0x00000000        0x0 .\CortexM0\ARM_GCC_541\Debug\LWO4.a(Pin_DO.o)
 .text.Pin_DO_SetDriveMode
                0x00000000       0x14 .\CortexM0\ARM_GCC_541\Debug\LWO4.a(Pin_DO.o)
 .text.Pin_DO_Read
                0x00000000       0x10 .\CortexM0\ARM_GCC_541\Debug\LWO4.a(Pin_DO.o)
 .text.Pin_DO_ReadDataReg
                0x00000000       0x10 .\CortexM0\ARM_GCC_541\Debug\LWO4.a(Pin_DO.o)
 .text.Pin_DO_SetInterruptMode
                0x00000000       0x14 .\CortexM0\ARM_GCC_541\Debug\LWO4.a(Pin_DO.o)
 .text.Pin_DO_ClearInterrupt
                0x00000000       0x10 .\CortexM0\ARM_GCC_541\Debug\LWO4.a(Pin_DO.o)
 .data          0x00000000        0x0 .\CortexM0\ARM_GCC_541\Debug\LWO4.a(CyBootAsmGnu.o)
 .bss           0x00000000        0x0 .\CortexM0\ARM_GCC_541\Debug\LWO4.a(CyBootAsmGnu.o)
 .data          0x00000000        0x0 .\CortexM0\ARM_GCC_541\Debug\LWO4.a(SW_Tx_UART_AsmGnu.o)
 .bss           0x00000000        0x0 .\CortexM0\ARM_GCC_541\Debug\LWO4.a(SW_Tx_UART_AsmGnu.o)
 .data          0x00000000        0x0 c:/program files (x86)/cypress/psoc creator/4.4/psoc creator/import/gnu/arm/5.4.1/bin/../lib/gcc/arm-none-eabi/5.4.1/armv6-m\libgcc.a(_udivsi3.o)
 .bss           0x00000000        0x0 c:/program files (x86)/cypress/psoc creator/4.4/psoc creator/import/gnu/arm/5.4.1/bin/../lib/gcc/arm-none-eabi/5.4.1/armv6-m\libgcc.a(_udivsi3.o)
 .data          0x00000000        0x0 c:/program files (x86)/cypress/psoc creator/4.4/psoc creator/import/gnu/arm/5.4.1/bin/../lib/gcc/arm-none-eabi/5.4.1/armv6-m\libgcc.a(_dvmd_tls.o)
 .bss           0x00000000        0x0 c:/program files (x86)/cypress/psoc creator/4.4/psoc creator/import/gnu/arm/5.4.1/bin/../lib/gcc/arm-none-eabi/5.4.1/armv6-m\libgcc.a(_dvmd_tls.o)
 .text          0x00000000        0x0 c:/program files (x86)/cypress/psoc creator/4.4/psoc creator/import/gnu/arm/5.4.1/bin/../lib/gcc/arm-none-eabi/5.4.1/../../../../arm-none-eabi/lib/armv6-m\libg_nano.a(lib_a-errno.o)
 .data          0x00000000        0x0 c:/program files (x86)/cypress/psoc creator/4.4/psoc creator/import/gnu/arm/5.4.1/bin/../lib/gcc/arm-none-eabi/5.4.1/../../../../arm-none-eabi/lib/armv6-m\libg_nano.a(lib_a-errno.o)
 .bss           0x00000000        0x0 c:/program files (x86)/cypress/psoc creator/4.4/psoc creator/import/gnu/arm/5.4.1/bin/../lib/gcc/arm-none-eabi/5.4.1/../../../../arm-none-eabi/lib/armv6-m\libg_nano.a(lib_a-errno.o)
 .text          0x00000000        0x0 c:/program files (x86)/cypress/psoc creator/4.4/psoc creator/import/gnu/arm/5.4.1/bin/../lib/gcc/arm-none-eabi/5.4.1/../../../../arm-none-eabi/lib/armv6-m\libg_nano.a(lib_a-exit.o)
 .data          0x00000000        0x0 c:/program files (x86)/cypress/psoc creator/4.4/psoc creator/import/gnu/arm/5.4.1/bin/../lib/gcc/arm-none-eabi/5.4.1/../../../../arm-none-eabi/lib/armv6-m\libg_nano.a(lib_a-exit.o)
 .bss           0x00000000        0x0 c:/program files (x86)/cypress/psoc creator/4.4/psoc creator/import/gnu/arm/5.4.1/bin/../lib/gcc/arm-none-eabi/5.4.1/../../../../arm-none-eabi/lib/armv6-m\libg_nano.a(lib_a-exit.o)
 .text.exit     0x00000000       0x2c c:/program files (x86)/cypress/psoc creator/4.4/psoc creator/import/gnu/arm/5.4.1/bin/../lib/gcc/arm-none-eabi/5.4.1/../../../../arm-none-eabi/lib/armv6-m\libg_nano.a(lib_a-exit.o)
 .text          0x00000000        0x0 c:/program files (x86)/cypress/psoc creator/4.4/psoc creator/import/gnu/arm/5.4.1/bin/../lib/gcc/arm-none-eabi/5.4.1/../../../../arm-none-eabi/lib/armv6-m\libg_nano.a(lib_a-impure.o)
 .data          0x00000000        0x0 c:/program files (x86)/cypress/psoc creator/4.4/psoc creator/import/gnu/arm/5.4.1/bin/../lib/gcc/arm-none-eabi/5.4.1/../../../../arm-none-eabi/lib/armv6-m\libg_nano.a(lib_a-impure.o)
 .bss           0x00000000        0x0 c:/program files (x86)/cypress/psoc creator/4.4/psoc creator/import/gnu/arm/5.4.1/bin/../lib/gcc/arm-none-eabi/5.4.1/../../../../arm-none-eabi/lib/armv6-m\libg_nano.a(lib_a-impure.o)
 .rodata._global_impure_ptr
                0x00000000        0x4 c:/program files (x86)/cypress/psoc creator/4.4/psoc creator/import/gnu/arm/5.4.1/bin/../lib/gcc/arm-none-eabi/5.4.1/../../../../arm-none-eabi/lib/armv6-m\libg_nano.a(lib_a-impure.o)
 .text          0x00000000        0x0 c:/program files (x86)/cypress/psoc creator/4.4/psoc creator/import/gnu/arm/5.4.1/bin/../lib/gcc/arm-none-eabi/5.4.1/../../../../arm-none-eabi/lib/armv6-m\libg_nano.a(lib_a-init.o)
 .data          0x00000000        0x0 c:/program files (x86)/cypress/psoc creator/4.4/psoc creator/import/gnu/arm/5.4.1/bin/../lib/gcc/arm-none-eabi/5.4.1/../../../../arm-none-eabi/lib/armv6-m\libg_nano.a(lib_a-init.o)
 .bss           0x00000000        0x0 c:/program files (x86)/cypress/psoc creator/4.4/psoc creator/import/gnu/arm/5.4.1/bin/../lib/gcc/arm-none-eabi/5.4.1/../../../../arm-none-eabi/lib/armv6-m\libg_nano.a(lib_a-init.o)
 .text          0x00000000        0x0 c:/program files (x86)/cypress/psoc creator/4.4/psoc creator/import/gnu/arm/5.4.1/bin/../lib/gcc/arm-none-eabi/5.4.1/../../../../arm-none-eabi/lib/armv6-m\libg_nano.a(lib_a-memset.o)
 .data          0x00000000        0x0 c:/program files (x86)/cypress/psoc creator/4.4/psoc creator/import/gnu/arm/5.4.1/bin/../lib/gcc/arm-none-eabi/5.4.1/../../../../arm-none-eabi/lib/armv6-m\libg_nano.a(lib_a-memset.o)
 .bss           0x00000000        0x0 c:/program files (x86)/cypress/psoc creator/4.4/psoc creator/import/gnu/arm/5.4.1/bin/../lib/gcc/arm-none-eabi/5.4.1/../../../../arm-none-eabi/lib/armv6-m\libg_nano.a(lib_a-memset.o)
 .text          0x00000000        0x0 c:/program files (x86)/cypress/psoc creator/4.4/psoc creator/import/gnu/arm/5.4.1/bin/../lib/gcc/arm-none-eabi/5.4.1/armv6-m/crtend.o
 .data          0x00000000        0x0 c:/program files (x86)/cypress/psoc creator/4.4/psoc creator/import/gnu/arm/5.4.1/bin/../lib/gcc/arm-none-eabi/5.4.1/armv6-m/crtend.o
 .bss           0x00000000        0x0 c:/program files (x86)/cypress/psoc creator/4.4/psoc creator/import/gnu/arm/5.4.1/bin/../lib/gcc/arm-none-eabi/5.4.1/armv6-m/crtend.o
 .text          0x00000000        0x0 c:/program files (x86)/cypress/psoc creator/4.4/psoc creator/import/gnu/arm/5.4.1/bin/../lib/gcc/arm-none-eabi/5.4.1/armv6-m/crtn.o
 .data          0x00000000        0x0 c:/program files (x86)/cypress/psoc creator/4.4/psoc creator/import/gnu/arm/5.4.1/bin/../lib/gcc/arm-none-eabi/5.4.1/armv6-m/crtn.o
 .bss           0x00000000        0x0 c:/program files (x86)/cypress/psoc creator/4.4/psoc creator/import/gnu/arm/5.4.1/bin/../lib/gcc/arm-none-eabi/5.4.1/armv6-m/crtn.o

Memory Configuration

Name             Origin             Length             Attributes
rom              0x00000000         0x00008000         xr
ram              0x20000000         0x00001000         xrw
*default*        0x00000000         0xffffffff

Linker script and memory map

LOAD c:/program files (x86)/cypress/psoc creator/4.4/psoc creator/import/gnu/arm/5.4.1/bin/../lib/gcc/arm-none-eabi/5.4.1/armv6-m/crti.o
LOAD c:/program files (x86)/cypress/psoc creator/4.4/psoc creator/import/gnu/arm/5.4.1/bin/../lib/gcc/arm-none-eabi/5.4.1/armv6-m/crtbegin.o
LOAD c:/program files (x86)/cypress/psoc creator/4.4/psoc creator/import/gnu/arm/5.4.1/bin/../lib/gcc/arm-none-eabi/5.4.1/../../../../arm-none-eabi/lib/armv6-m/crt0.o
START GROUP
LOAD .\CortexM0\ARM_GCC_541\Debug\main.o
LOAD .\CortexM0\ARM_GCC_541\Debug\cyfitter_cfg.o
LOAD .\CortexM0\ARM_GCC_541\Debug\cymetadata.o
LOAD .\CortexM0\ARM_GCC_541\Debug\Cm0Start.o
LOAD .\CortexM0\ARM_GCC_541\Debug\LWO4.a
END GROUP
START GROUP
LOAD c:/program files (x86)/cypress/psoc creator/4.4/psoc creator/import/gnu/arm/5.4.1/bin/../lib/gcc/arm-none-eabi/5.4.1/armv6-m\libgcc.a
LOAD c:/program files (x86)/cypress/psoc creator/4.4/psoc creator/import/gnu/arm/5.4.1/bin/../lib/gcc/arm-none-eabi/5.4.1/../../../../arm-none-eabi/lib/armv6-m\libg_nano.a
LOAD c:/program files (x86)/cypress/psoc creator/4.4/psoc creator/import/gnu/arm/5.4.1/bin/../lib/gcc/arm-none-eabi/5.4.1/../../../../arm-none-eabi/lib/armv6-m\libc_nano.a
END GROUP
START GROUP
LOAD c:/program files (x86)/cypress/psoc creator/4.4/psoc creator/import/gnu/arm/5.4.1/bin/../lib/gcc/arm-none-eabi/5.4.1/armv6-m\libgcc.a
LOAD c:/program files (x86)/cypress/psoc creator/4.4/psoc creator/import/gnu/arm/5.4.1/bin/../lib/gcc/arm-none-eabi/5.4.1/../../../../arm-none-eabi/lib/armv6-m\libc_nano.a
END GROUP
LOAD c:/program files (x86)/cypress/psoc creator/4.4/psoc creator/import/gnu/arm/5.4.1/bin/../lib/gcc/arm-none-eabi/5.4.1/armv6-m/crtend.o
LOAD c:/program files (x86)/cypress/psoc creator/4.4/psoc creator/import/gnu/arm/5.4.1/bin/../lib/gcc/arm-none-eabi/5.4.1/armv6-m/crtn.o
START GROUP
LOAD c:/program files (x86)/cypress/psoc creator/4.4/psoc creator/import/gnu/arm/5.4.1/bin/../lib/gcc/arm-none-eabi/5.4.1/armv6-m\libgcc.a
LOAD c:/program files (x86)/cypress/psoc creator/4.4/psoc creator/import/gnu/arm/5.4.1/bin/../lib/gcc/arm-none-eabi/5.4.1/../../../../arm-none-eabi/lib/armv6-m\libc.a
LOAD c:/program files (x86)/cypress/psoc creator/4.4/psoc creator/import/gnu/arm/5.4.1/bin/../lib/gcc/arm-none-eabi/5.4.1/../../../../arm-none-eabi/lib/armv6-m\libnosys.a
END GROUP
                0x00000000                CY_APPL_ORIGIN = 0x0
                0x00000080                CY_FLASH_ROW_SIZE = 0x80
                0x00000001                CY_APPL_NUM = 0x1
                0x00000001                CY_APPL_MAX = 0x1
                0x00000040                CY_METADATA_SIZE = 0x40
                0x00000000                CY_APPL_LOADABLE = 0x0
                0x00000000                CY_CHECKSUM_EXCLUDE_SIZE = ALIGN (0x0, CY_FLASH_ROW_SIZE)
                0x00000000                CY_APP_FOR_STACK_AND_COPIER = 0x0
                [!provide]                PROVIDE (__cy_heap_start, _end)
                0x00000001                PROVIDE (__cy_region_num, ((__cy_regions_end - __cy_regions) / 0x10))
                0x20001000                PROVIDE (__cy_stack, (ORIGIN (ram) + LENGTH (ram)))
                [!provide]                PROVIDE (__cy_heap_end, (__cy_stack - 0x400))

.cybootloader   0x00000000        0x0
 *(.cybootloader)
                0x00000000                appl1_start = CY_APPL_ORIGIN?CY_APPL_ORIGIN:ALIGN (CY_FLASH_ROW_SIZE)
                0x00003f80                appl2_start = (appl1_start + ALIGN ((((LENGTH (rom) - appl1_start) - (0x2 * CY_FLASH_ROW_SIZE)) / 0x2), CY_FLASH_ROW_SIZE))
                0x00000000                appl_start = (CY_APPL_NUM == 0x1)?appl1_start:appl2_start
                0x00000001                cy_project_type_bootloader = (appl_start == 0x0)?0x1:0x0
                0x00000000                cy_project_type_app_for_stack_and_copier = (CY_APP_FOR_STACK_AND_COPIER == 0x1)?0x1:0x0

.text           0x00000000      0xdd4
 CREATE_OBJECT_SYMBOLS
                0x00000000                PROVIDE (__cy_interrupt_vector, RomVectors)
 *(.romvectors)
 .romvectors    0x00000000       0x10 .\CortexM0\ARM_GCC_541\Debug\Cm0Start.o
                0x00000000                RomVectors
                0x00000001                ASSERT ((. != __cy_interrupt_vector), No interrupt vector)
                0x00000001                ASSERT (CY_APPL_ORIGIN?(SIZEOF (.cybootloader) <= CY_APPL_ORIGIN):0x1, Wrong image location)
                0x00000010                PROVIDE (__cy_reset, Reset)
 *(.text.Reset)
 .text.Reset    0x00000010        0x8 .\CortexM0\ARM_GCC_541\Debug\Cm0Start.o
                0x00000010                Reset
                0x00000001                ASSERT ((. != __cy_reset), No reset code)
 *(.psocinit)
 .psocinit      0x00000018      0x128 .\CortexM0\ARM_GCC_541\Debug\cyfitter_cfg.o
                0x00000074                cyfitter_cfg
                0x00000140                . = MAX (., 0x100)
 *(.text .text.* .gnu.linkonce.t.*)
 .text          0x00000140       0x60 c:/program files (x86)/cypress/psoc creator/4.4/psoc creator/import/gnu/arm/5.4.1/bin/../lib/gcc/arm-none-eabi/5.4.1/armv6-m/crtbegin.o
 .text.initMatrix
                0x000001a0       0x1c .\CortexM0\ARM_GCC_541\Debug\main.o
 .text.readMatrix
                0x000001bc       0x50 .\CortexM0\ARM_GCC_541\Debug\main.o
 .text.printButtonName
                0x0000020c       0xa8 .\CortexM0\ARM_GCC_541\Debug\main.o
 .text.checkPassword
                0x000002b4       0x7c .\CortexM0\ARM_GCC_541\Debug\main.o
 .text.FourDigit74HC595_sendData
                0x00000330       0x34 .\CortexM0\ARM_GCC_541\Debug\main.o
 .text.FourDigit74HC595_sendOneDigit
                0x00000364       0x54 .\CortexM0\ARM_GCC_541\Debug\main.o
 .text.setLEDColor
                0x000003b8       0xf0 .\CortexM0\ARM_GCC_541\Debug\main.o
 .text.main     0x000004a8      0x138 .\CortexM0\ARM_GCC_541\Debug\main.o
                0x000004a8                main
 .text.CYMEMZERO
                0x000005e0        0xc .\CortexM0\ARM_GCC_541\Debug\cyfitter_cfg.o
 .text.IntDefaultHandler
                0x000005ec       0x10 .\CortexM0\ARM_GCC_541\Debug\Cm0Start.o
                0x000005ec                IntDefaultHandler
 .text.Start_c  0x000005fc       0x48 .\CortexM0\ARM_GCC_541\Debug\Cm0Start.o
                0x000005fc                Start_c
 .text.initialize_psoc
                0x00000644       0x40 .\CortexM0\ARM_GCC_541\Debug\Cm0Start.o
                0x00000644                initialize_psoc
 .text.CyIntEnable
                0x00000684       0x14 .\CortexM0\ARM_GCC_541\Debug\LWO4.a(CyLib.o)
                0x00000684                CyIntEnable
 .text.CyHalt   0x00000698        0x4 .\CortexM0\ARM_GCC_541\Debug\LWO4.a(CyLib.o)
                0x00000698                CyHalt
 .text.CyIntSetVector
                0x0000069c       0x24 .\CortexM0\ARM_GCC_541\Debug\LWO4.a(CyLib.o)
                0x0000069c                CyIntSetVector
 .text.CyDelay  0x000006c0       0x30 .\CortexM0\ARM_GCC_541\Debug\LWO4.a(CyLib.o)
                0x000006c0                CyDelay
 .text.CyDelayUs
                0x000006f0       0x14 .\CortexM0\ARM_GCC_541\Debug\LWO4.a(CyLib.o)
                0x000006f0                CyDelayUs
 .text.CySysClkWriteImoFreq
                0x00000704      0x164 .\CortexM0\ARM_GCC_541\Debug\LWO4.a(CyLib.o)
                0x00000704                CySysClkWriteImoFreq
 .text.CySysWdtLocked
                0x00000868       0x14 .\CortexM0\ARM_GCC_541\Debug\LWO4.a(CyLFClk.o)
 .text.CySysWdtLock
                0x0000087c       0x1c .\CortexM0\ARM_GCC_541\Debug\LWO4.a(CyLFClk.o)
                0x0000087c                CySysWdtLock
 .text.CySysWdtUnlock
                0x00000898       0x30 .\CortexM0\ARM_GCC_541\Debug\LWO4.a(CyLFClk.o)
                0x00000898                CySysWdtUnlock
 .text.CySysWdtClearInterrupt
                0x000008c8       0x4c .\CortexM0\ARM_GCC_541\Debug\LWO4.a(CyLFClk.o)
                0x000008c8                CySysWdtClearInterrupt
 .text.CySysWdtIsr
                0x00000914       0xa4 .\CortexM0\ARM_GCC_541\Debug\LWO4.a(CyLFClk.o)
                0x00000914                CySysWdtIsr
 .text.LED_R_Write
                0x000009b8       0x18 .\CortexM0\ARM_GCC_541\Debug\LWO4.a(LED_R.o)
                0x000009b8                LED_R_Write
 .text.LED_G_Write
                0x000009d0       0x18 .\CortexM0\ARM_GCC_541\Debug\LWO4.a(LED_G.o)
                0x000009d0                LED_G_Write
 .text.LED_B_Write
                0x000009e8       0x18 .\CortexM0\ARM_GCC_541\Debug\LWO4.a(LED_B.o)
                0x000009e8                LED_B_Write
 .text.SW_Tx_UART_Start
                0x00000a00        0x4 .\CortexM0\ARM_GCC_541\Debug\LWO4.a(SW_Tx_UART.o)
                0x00000a00                SW_Tx_UART_Start
 .text.SW_Tx_UART_PutString
                0x00000a04       0x1c .\CortexM0\ARM_GCC_541\Debug\LWO4.a(SW_Tx_UART.o)
                0x00000a04                SW_Tx_UART_PutString
 .text.SW_Tx_UART_PutCRLF
                0x00000a20       0x10 .\CortexM0\ARM_GCC_541\Debug\LWO4.a(SW_Tx_UART.o)
                0x00000a20                SW_Tx_UART_PutCRLF
 .text.COLUMN_0_SetDriveMode
                0x00000a30       0x14 .\CortexM0\ARM_GCC_541\Debug\LWO4.a(COLUMN_0.o)
                0x00000a30                COLUMN_0_SetDriveMode
 .text.COLUMN_0_Write
                0x00000a44       0x18 .\CortexM0\ARM_GCC_541\Debug\LWO4.a(COLUMN_0.o)
                0x00000a44                COLUMN_0_Write
 .text.COLUMN_1_SetDriveMode
                0x00000a5c       0x14 .\CortexM0\ARM_GCC_541\Debug\LWO4.a(COLUMN_1.o)
                0x00000a5c                COLUMN_1_SetDriveMode
 .text.COLUMN_1_Write
                0x00000a70       0x18 .\CortexM0\ARM_GCC_541\Debug\LWO4.a(COLUMN_1.o)
                0x00000a70                COLUMN_1_Write
 .text.COLUMN_2_SetDriveMode
                0x00000a88       0x14 .\CortexM0\ARM_GCC_541\Debug\LWO4.a(COLUMN_2.o)
                0x00000a88                COLUMN_2_SetDriveMode
 .text.COLUMN_2_Write
                0x00000a9c       0x18 .\CortexM0\ARM_GCC_541\Debug\LWO4.a(COLUMN_2.o)
                0x00000a9c                COLUMN_2_Write
 .text.ROW_0_Read
                0x00000ab4       0x10 .\CortexM0\ARM_GCC_541\Debug\LWO4.a(ROW_0.o)
                0x00000ab4                ROW_0_Read
 .text.ROW_1_Read
                0x00000ac4       0x10 .\CortexM0\ARM_GCC_541\Debug\LWO4.a(ROW_1.o)
                0x00000ac4                ROW_1_Read
 .text.ROW_2_Read
                0x00000ad4       0x10 .\CortexM0\ARM_GCC_541\Debug\LWO4.a(ROW_2.o)
                0x00000ad4                ROW_2_Read
 .text.ROW_3_Read
                0x00000ae4       0x10 .\CortexM0\ARM_GCC_541\Debug\LWO4.a(ROW_3.o)
                0x00000ae4                ROW_3_Read
 .text.Pin_Latch_Write
                0x00000af4       0x18 .\CortexM0\ARM_GCC_541\Debug\LWO4.a(Pin_Latch.o)
                0x00000af4                Pin_Latch_Write
 .text.Pin_CLK_Write
                0x00000b0c       0x18 .\CortexM0\ARM_GCC_541\Debug\LWO4.a(Pin_CLK.o)
                0x00000b0c                Pin_CLK_Write
 .text.Pin_DO_Write
                0x00000b24       0x18 .\CortexM0\ARM_GCC_541\Debug\LWO4.a(Pin_DO.o)
                0x00000b24                Pin_DO_Write
 *fill*         0x00000b3c        0x4 
 .text          0x00000b40       0x24 .\CortexM0\ARM_GCC_541\Debug\LWO4.a(CyBootAsmGnu.o)
                0x00000b40                CyDelayCycles
                0x00000b54                CyEnterCriticalSection
                0x00000b5c                CyExitCriticalSection
 *fill*         0x00000b64       0x1c 
 .text          0x00000b80       0xd4 .\CortexM0\ARM_GCC_541\Debug\LWO4.a(SW_Tx_UART_AsmGnu.o)
                0x00000b80                SW_Tx_UART_PutChar
 .text          0x00000c54      0x114 c:/program files (x86)/cypress/psoc creator/4.4/psoc creator/import/gnu/arm/5.4.1/bin/../lib/gcc/arm-none-eabi/5.4.1/armv6-m\libgcc.a(_udivsi3.o)
                0x00000c54                __aeabi_uidiv
                0x00000c54                __udivsi3
                0x00000d60                __aeabi_uidivmod
 .text          0x00000d68        0x4 c:/program files (x86)/cypress/psoc creator/4.4/psoc creator/import/gnu/arm/5.4.1/bin/../lib/gcc/arm-none-eabi/5.4.1/armv6-m\libgcc.a(_dvmd_tls.o)
                0x00000d68                __aeabi_idiv0
                0x00000d68                __aeabi_ldiv0
 .text.__errno  0x00000d6c        0xc c:/program files (x86)/cypress/psoc creator/4.4/psoc creator/import/gnu/arm/5.4.1/bin/../lib/gcc/arm-none-eabi/5.4.1/../../../../arm-none-eabi/lib/armv6-m\libg_nano.a(lib_a-errno.o)
                0x00000d6c                __errno
 .text.__libc_init_array
                0x00000d78       0x4c c:/program files (x86)/cypress/psoc creator/4.4/psoc creator/import/gnu/arm/5.4.1/bin/../lib/gcc/arm-none-eabi/5.4.1/../../../../arm-none-eabi/lib/armv6-m\libg_nano.a(lib_a-init.o)
                0x00000d78                __libc_init_array
 .text.memset   0x00000dc4       0x10 c:/program files (x86)/cypress/psoc creator/4.4/psoc creator/import/gnu/arm/5.4.1/bin/../lib/gcc/arm-none-eabi/5.4.1/../../../../arm-none-eabi/lib/armv6-m\libg_nano.a(lib_a-memset.o)
                0x00000dc4                memset
 *(.plt)
 *(.gnu.warning)
 *(.glue_7t)
 .glue_7t       0x00000dd4        0x0 linker stubs
 *(.glue_7)
 .glue_7        0x00000dd4        0x0 linker stubs
 *(.vfp11_veneer)
 .vfp11_veneer  0x00000dd4        0x0 linker stubs
 *(.bootloader)
 *(.ARM.extab* .gnu.linkonce.armextab.*)
 *(.gcc_except_table)

.v4_bx          0x00000dd4        0x0
 .v4_bx         0x00000dd4        0x0 linker stubs

.iplt           0x00000dd4        0x0
 .iplt          0x00000dd4        0x0 c:/program files (x86)/cypress/psoc creator/4.4/psoc creator/import/gnu/arm/5.4.1/bin/../lib/gcc/arm-none-eabi/5.4.1/armv6-m/crtbegin.o

.eh_frame_hdr
 *(.eh_frame_hdr)

.eh_frame       0x00000dd4        0x4
 *(.eh_frame)
 .eh_frame      0x00000dd4        0x0 c:/program files (x86)/cypress/psoc creator/4.4/psoc creator/import/gnu/arm/5.4.1/bin/../lib/gcc/arm-none-eabi/5.4.1/armv6-m/crtbegin.o
 .eh_frame      0x00000dd4        0x4 c:/program files (x86)/cypress/psoc creator/4.4/psoc creator/import/gnu/arm/5.4.1/bin/../lib/gcc/arm-none-eabi/5.4.1/armv6-m/crtend.o
                [!provide]                PROVIDE (__exidx_start, .)

.ARM.exidx
 *(.ARM.exidx* .gnu.linkonce.armexidx.*)
                0x00000dd8                __exidx_end = .

.rodata         0x00000dd8      0x258
 *(.rodata .rodata.* .gnu.linkonce.r.*)
 .rodata        0x00000dd8       0x9d .\CortexM0\ARM_GCC_541\Debug\main.o
 *fill*         0x00000e75        0x3 
 .rodata.str1.4
                0x00000e78      0x144 .\CortexM0\ARM_GCC_541\Debug\main.o
                                0x141 (size before relaxing)
 .rodata        0x00000fbc        0xc .\CortexM0\ARM_GCC_541\Debug\cyfitter_cfg.o
 .rodata        0x00000fc8       0x2e .\CortexM0\ARM_GCC_541\Debug\LWO4.a(CyLib.o)
                0x00000fc8                cyImoFreqMhz2Reg
 .rodata.str1.1
                0x00000ff6        0x2 c:/program files (x86)/cypress/psoc creator/4.4/psoc creator/import/gnu/arm/5.4.1/bin/../lib/gcc/arm-none-eabi/5.4.1/../../../../arm-none-eabi/lib/armv6-m\libg_nano.a(lib_a-impure.o)
                0x00000ff8                . = ALIGN (0x4)
 *(.init)
 .init          0x00000ff8        0x4 c:/program files (x86)/cypress/psoc creator/4.4/psoc creator/import/gnu/arm/5.4.1/bin/../lib/gcc/arm-none-eabi/5.4.1/armv6-m/crti.o
                0x00000ff8                _init
 .init          0x00000ffc        0x8 c:/program files (x86)/cypress/psoc creator/4.4/psoc creator/import/gnu/arm/5.4.1/bin/../lib/gcc/arm-none-eabi/5.4.1/armv6-m/crtn.o
                0x00001004                . = ALIGN (0x4)
                0x00001004                __preinit_array_start = .
 *(.preinit_array)
                0x00001004                __preinit_array_end = .
                0x00001004                . = ALIGN (0x4)
                0x00001004                __init_array_start = .
 *(SORT(.init_array.*))
 *(.init_array)
 .init_array    0x00001004        0x4 c:/program files (x86)/cypress/psoc creator/4.4/psoc creator/import/gnu/arm/5.4.1/bin/../lib/gcc/arm-none-eabi/5.4.1/armv6-m/crtbegin.o
 .init_array    0x00001008        0x4 .\CortexM0\ARM_GCC_541\Debug\Cm0Start.o
                0x0000100c                __init_array_end = .
                0x0000100c                . = ALIGN (0x4)
 *(.fini)
 .fini          0x0000100c        0x4 c:/program files (x86)/cypress/psoc creator/4.4/psoc creator/import/gnu/arm/5.4.1/bin/../lib/gcc/arm-none-eabi/5.4.1/armv6-m/crti.o
                0x0000100c                _fini
 .fini          0x00001010        0x8 c:/program files (x86)/cypress/psoc creator/4.4/psoc creator/import/gnu/arm/5.4.1/bin/../lib/gcc/arm-none-eabi/5.4.1/armv6-m/crtn.o
                0x00001018                . = ALIGN (0x4)
                0x00001018                __fini_array_start = .
 *(.fini_array)
 .fini_array    0x00001018        0x4 c:/program files (x86)/cypress/psoc creator/4.4/psoc creator/import/gnu/arm/5.4.1/bin/../lib/gcc/arm-none-eabi/5.4.1/armv6-m/crtbegin.o
 *(SORT(.fini_array.*))
                0x0000101c                __fini_array_end = .
                0x0000101c                . = ALIGN (0x4)
 *crtbegin.o(.ctors)
 *(EXCLUDE_FILE(*crtend.o) .ctors)
 *(SORT(.ctors.*))
 *crtend.o(.ctors)
                0x0000101c                . = ALIGN (0x4)
 *crtbegin.o(.dtors)
 *(EXCLUDE_FILE(*crtend.o) .dtors)
 *(SORT(.dtors.*))
 *crtend.o(.dtors)
                0x0000101c                . = ALIGN (0x4)
                0x0000101c                __cy_regions = .
                0x0000101c        0x4 LONG 0x1030 __cy_region_init_ram
                0x00001020        0x4 LONG 0x200000c0 __cy_region_start_data
                0x00001024        0x4 LONG 0xa0 __cy_region_init_size_ram
                0x00001028        0x4 LONG 0x40 __cy_region_zero_size_ram
                0x0000102c                __cy_regions_end = .
                0x00001030                . = ALIGN (0x8)
 *fill*         0x0000102c        0x4 
                0x00001030                _etext = .

.cy_checksum_exclude
                0x00001030        0x0
 *(.cy_checksum_exclude)

.ramvectors     0x20000000       0xc0
                0x20000000                __cy_region_start_ram = .
 *(.ramvectors)
 .ramvectors    0x20000000       0xc0 .\CortexM0\ARM_GCC_541\Debug\Cm0Start.o
                0x20000000                CyRamVectors

.noinit
 *(.noinit)

.data           0x200000c0       0xa0 load address 0x00001030
                0x200000c0                __cy_region_start_data = .
 *(.jcr)
 .jcr           0x200000c0        0x0 c:/program files (x86)/cypress/psoc creator/4.4/psoc creator/import/gnu/arm/5.4.1/bin/../lib/gcc/arm-none-eabi/5.4.1/armv6-m/crtbegin.o
 .jcr           0x200000c0        0x4 c:/program files (x86)/cypress/psoc creator/4.4/psoc creator/import/gnu/arm/5.4.1/bin/../lib/gcc/arm-none-eabi/5.4.1/armv6-m/crtend.o
 *(.got.plt)
 *(.got)
 *(.shdata)
 *(.data .data.* .gnu.linkonce.d.*)
 .data          0x200000c4        0xd .\CortexM0\ARM_GCC_541\Debug\main.o
 *fill*         0x200000d1        0x3 
 .data          0x200000d4       0x14 .\CortexM0\ARM_GCC_541\Debug\LWO4.a(CyLib.o)
                0x200000d4                CySysClkPumpConfig
                0x200000d8                cydelay32kMs
                0x200000dc                cydelayFreqKhz
                0x200000e0                cydelayFreqMhz
                0x200000e4                cydelayFreqHz
 .data          0x200000e8        0x4 .\CortexM0\ARM_GCC_541\Debug\LWO4.a(CyLFClk.o)
 .data          0x200000ec        0xc .\CortexM0\ARM_GCC_541\Debug\LWO4.a(SW_Tx_UART.o)
                0x200000ec                SW_Tx_UART_pinDrAdress
                0x200000f0                SW_Tx_UART_pinPortNumber
                0x200000f4                SW_Tx_UART_pinNumber
 .data.impure_data
                0x200000f8       0x60 c:/program files (x86)/cypress/psoc creator/4.4/psoc creator/import/gnu/arm/5.4.1/bin/../lib/gcc/arm-none-eabi/5.4.1/../../../../arm-none-eabi/lib/armv6-m\libg_nano.a(lib_a-impure.o)
 .data._impure_ptr
                0x20000158        0x4 c:/program files (x86)/cypress/psoc creator/4.4/psoc creator/import/gnu/arm/5.4.1/bin/../lib/gcc/arm-none-eabi/5.4.1/../../../../arm-none-eabi/lib/armv6-m\libg_nano.a(lib_a-impure.o)
                0x20000158                _impure_ptr
                0x20000160                . = ALIGN (0x8)
 *fill*         0x2000015c        0x4 
 *(.ram)
                0x20000160                _edata = .

.igot.plt       0x20000160        0x0 load address 0x000010d0
 .igot.plt      0x20000160        0x0 c:/program files (x86)/cypress/psoc creator/4.4/psoc creator/import/gnu/arm/5.4.1/bin/../lib/gcc/arm-none-eabi/5.4.1/armv6-m/crtbegin.o

.bss            0x20000160       0x40 load address 0x000010d0
                0x20000160                PROVIDE (__bss_start__, .)
 *(.shbss)
 *(.bss .bss.* .gnu.linkonce.b.*)
 .bss           0x20000160       0x1c c:/program files (x86)/cypress/psoc creator/4.4/psoc creator/import/gnu/arm/5.4.1/bin/../lib/gcc/arm-none-eabi/5.4.1/armv6-m/crtbegin.o
 .bss           0x2000017c        0x4 .\CortexM0\ARM_GCC_541\Debug\main.o
 .bss           0x20000180       0x20 .\CortexM0\ARM_GCC_541\Debug\LWO4.a(CyLFClk.o)
 *(COMMON)
                0x200001a0                . = ALIGN (0x8)
 *(.ram.b)
                0x200001a0                _end = .
                0x200001a0                __end = .
                0x200001a0                PROVIDE (end, .)
                0x200001a0                PROVIDE (__bss_end__, .)
                0x00001030                __cy_region_init_ram = LOADADDR (.data)
                0x000000a0                __cy_region_init_size_ram = (_edata - ADDR (.data))
                0x00000040                __cy_region_zero_size_ram = (_end - _edata)

.heap           0x200001a0       0x80 load address 0x000010d0
                0x200001a0                . = _end
                0x20000220                . = (. + 0x80)
 *fill*         0x200001a0       0x80 
                0x20000220                __cy_heap_limit = .

.stack          0x20000c00      0x400
                0x20000c00                __cy_stack_limit = .
                0x20001000                . = (. + 0x400)
 *fill*         0x20000c00      0x400 
                0x00000001                ASSERT ((__cy_stack_limit >= __cy_heap_limit), region RAM overflowed with stack)
                0x00000000                cy_checksum_exclude_size = (CY_APPL_LOADABLE == 0x1)?SIZEOF (.cy_checksum_exclude):0x0
                0x00000001                ASSERT ((cy_checksum_exclude_size <= CY_CHECKSUM_EXCLUDE_SIZE), CY_BOOT: Section .cy_checksum_exclude size exceedes specified limit.)
                0x00007fc0                cyloadermeta_start = (cy_project_type_bootloader || cy_project_type_app_for_stack_and_copier)?(LENGTH (rom) - CY_METADATA_SIZE):0xf0000000

.cyloadermeta
 *(.cyloadermeta)
                0x00007fc0                cyloadablemeta_start = cy_project_type_app_for_stack_and_copier?((LENGTH (rom) - CY_FLASH_ROW_SIZE) - CY_METADATA_SIZE):((LENGTH (rom) - (CY_FLASH_ROW_SIZE * (CY_APPL_NUM - 0x1))) - CY_METADATA_SIZE)

.cyloadablemeta
 *(.cyloadablemeta)

.cyflashprotect
                0x90400000       0x20
 *(.cyflashprotect)
 .cyflashprotect
                0x90400000       0x20 .\CortexM0\ARM_GCC_541\Debug\cymetadata.o
                0x90400000                cy_meta_flashprotect

.cymeta         0x90500000        0xc
 *(.cymeta)
 .cymeta        0x90500000        0xc .\CortexM0\ARM_GCC_541\Debug\cymetadata.o
                0x90500000                cy_metadata

.cychipprotect  0x90600000        0x1
 *(.cychipprotect)
 .cychipprotect
                0x90600000        0x1 .\CortexM0\ARM_GCC_541\Debug\cymetadata.o
                0x90600000                cy_meta_chipprotect

.rel.dyn        0x000010d0        0x0 load address 0x90600004
 .rel.iplt      0x000010d0        0x0 c:/program files (x86)/cypress/psoc creator/4.4/psoc creator/import/gnu/arm/5.4.1/bin/../lib/gcc/arm-none-eabi/5.4.1/armv6-m/crtbegin.o

.stab
 *(.stab)

.stabstr
 *(.stabstr)

.debug
 *(.debug)

.line
 *(.line)

.debug_srcinfo
 *(.debug_srcinfo)

.debug_sfnames
 *(.debug_sfnames)

.debug_aranges  0x00000000      0x7d8
 *(.debug_aranges)
 .debug_aranges
                0x00000000       0x58 .\CortexM0\ARM_GCC_541\Debug\main.o
 .debug_aranges
                0x00000058       0x30 .\CortexM0\ARM_GCC_541\Debug\cyfitter_cfg.o
 .debug_aranges
                0x00000088       0x18 .\CortexM0\ARM_GCC_541\Debug\cymetadata.o
 .debug_aranges
                0x000000a0       0x48 .\CortexM0\ARM_GCC_541\Debug\Cm0Start.o
 .debug_aranges
                0x000000e8      0x180 .\CortexM0\ARM_GCC_541\Debug\LWO4.a(CyLib.o)
 .debug_aranges
                0x00000268      0x138 .\CortexM0\ARM_GCC_541\Debug\LWO4.a(CyLFClk.o)
 .debug_aranges
                0x000003a0       0x48 .\CortexM0\ARM_GCC_541\Debug\LWO4.a(LED_R.o)
 .debug_aranges
                0x000003e8       0x48 .\CortexM0\ARM_GCC_541\Debug\LWO4.a(LED_G.o)
 .debug_aranges
                0x00000430       0x48 .\CortexM0\ARM_GCC_541\Debug\LWO4.a(LED_B.o)
 .debug_aranges
                0x00000478       0x50 .\CortexM0\ARM_GCC_541\Debug\LWO4.a(SW_Tx_UART.o)
 .debug_aranges
                0x000004c8       0x48 .\CortexM0\ARM_GCC_541\Debug\LWO4.a(COLUMN_0.o)
 .debug_aranges
                0x00000510       0x48 .\CortexM0\ARM_GCC_541\Debug\LWO4.a(COLUMN_1.o)
 .debug_aranges
                0x00000558       0x48 .\CortexM0\ARM_GCC_541\Debug\LWO4.a(COLUMN_2.o)
 .debug_aranges
                0x000005a0       0x48 .\CortexM0\ARM_GCC_541\Debug\LWO4.a(ROW_0.o)
 .debug_aranges
                0x000005e8       0x48 .\CortexM0\ARM_GCC_541\Debug\LWO4.a(ROW_1.o)
 .debug_aranges
                0x00000630       0x48 .\CortexM0\ARM_GCC_541\Debug\LWO4.a(ROW_2.o)
 .debug_aranges
                0x00000678       0x48 .\CortexM0\ARM_GCC_541\Debug\LWO4.a(ROW_3.o)
 .debug_aranges
                0x000006c0       0x48 .\CortexM0\ARM_GCC_541\Debug\LWO4.a(Pin_Latch.o)
 .debug_aranges
                0x00000708       0x48 .\CortexM0\ARM_GCC_541\Debug\LWO4.a(Pin_CLK.o)
 .debug_aranges
                0x00000750       0x48 .\CortexM0\ARM_GCC_541\Debug\LWO4.a(Pin_DO.o)
 .debug_aranges
                0x00000798       0x20 .\CortexM0\ARM_GCC_541\Debug\LWO4.a(CyBootAsmGnu.o)
 .debug_aranges
                0x000007b8       0x20 .\CortexM0\ARM_GCC_541\Debug\LWO4.a(SW_Tx_UART_AsmGnu.o)

.debug_pubnames
 *(.debug_pubnames)

.debug_info     0x00000000     0x4391
 *(.debug_info .gnu.linkonce.wi.*)
 .debug_info    0x00000000      0xb5c .\CortexM0\ARM_GCC_541\Debug\main.o
 .debug_info    0x00000b5c      0x274 .\CortexM0\ARM_GCC_541\Debug\cyfitter_cfg.o
 .debug_info    0x00000dd0       0xf4 .\CortexM0\ARM_GCC_541\Debug\cymetadata.o
 .debug_info    0x00000ec4      0x3a2 .\CortexM0\ARM_GCC_541\Debug\Cm0Start.o
 .debug_info    0x00001266      0xae9 .\CortexM0\ARM_GCC_541\Debug\LWO4.a(CyLib.o)
 .debug_info    0x00001d4f      0xcfa .\CortexM0\ARM_GCC_541\Debug\LWO4.a(CyLFClk.o)
 .debug_info    0x00002a49      0x199 .\CortexM0\ARM_GCC_541\Debug\LWO4.a(LED_R.o)
 .debug_info    0x00002be2      0x199 .\CortexM0\ARM_GCC_541\Debug\LWO4.a(LED_G.o)
 .debug_info    0x00002d7b      0x199 .\CortexM0\ARM_GCC_541\Debug\LWO4.a(LED_B.o)
 .debug_info    0x00002f14      0x2c0 .\CortexM0\ARM_GCC_541\Debug\LWO4.a(SW_Tx_UART.o)
 .debug_info    0x000031d4      0x197 .\CortexM0\ARM_GCC_541\Debug\LWO4.a(COLUMN_0.o)
 .debug_info    0x0000336b      0x199 .\CortexM0\ARM_GCC_541\Debug\LWO4.a(COLUMN_1.o)
 .debug_info    0x00003504      0x197 .\CortexM0\ARM_GCC_541\Debug\LWO4.a(COLUMN_2.o)
 .debug_info    0x0000369b      0x199 .\CortexM0\ARM_GCC_541\Debug\LWO4.a(ROW_0.o)
 .debug_info    0x00003834      0x199 .\CortexM0\ARM_GCC_541\Debug\LWO4.a(ROW_1.o)
 .debug_info    0x000039cd      0x199 .\CortexM0\ARM_GCC_541\Debug\LWO4.a(ROW_2.o)
 .debug_info    0x00003b66      0x199 .\CortexM0\ARM_GCC_541\Debug\LWO4.a(ROW_3.o)
 .debug_info    0x00003cff      0x199 .\CortexM0\ARM_GCC_541\Debug\LWO4.a(Pin_Latch.o)
 .debug_info    0x00003e98      0x199 .\CortexM0\ARM_GCC_541\Debug\LWO4.a(Pin_CLK.o)
 .debug_info    0x00004031      0x197 .\CortexM0\ARM_GCC_541\Debug\LWO4.a(Pin_DO.o)
 .debug_info    0x000041c8       0xe2 .\CortexM0\ARM_GCC_541\Debug\LWO4.a(CyBootAsmGnu.o)
 .debug_info    0x000042aa       0xe7 .\CortexM0\ARM_GCC_541\Debug\LWO4.a(SW_Tx_UART_AsmGnu.o)

.debug_abbrev   0x00000000     0x146f
 *(.debug_abbrev)
 .debug_abbrev  0x00000000      0x1d3 .\CortexM0\ARM_GCC_541\Debug\main.o
 .debug_abbrev  0x000001d3      0x14e .\CortexM0\ARM_GCC_541\Debug\cyfitter_cfg.o
 .debug_abbrev  0x00000321       0x5b .\CortexM0\ARM_GCC_541\Debug\cymetadata.o
 .debug_abbrev  0x0000037c      0x1d7 .\CortexM0\ARM_GCC_541\Debug\Cm0Start.o
 .debug_abbrev  0x00000553      0x1d1 .\CortexM0\ARM_GCC_541\Debug\LWO4.a(CyLib.o)
 .debug_abbrev  0x00000724      0x20e .\CortexM0\ARM_GCC_541\Debug\LWO4.a(CyLFClk.o)
 .debug_abbrev  0x00000932       0xc6 .\CortexM0\ARM_GCC_541\Debug\LWO4.a(LED_R.o)
 .debug_abbrev  0x000009f8       0xc6 .\CortexM0\ARM_GCC_541\Debug\LWO4.a(LED_G.o)
 .debug_abbrev  0x00000abe       0xc6 .\CortexM0\ARM_GCC_541\Debug\LWO4.a(LED_B.o)
 .debug_abbrev  0x00000b84      0x107 .\CortexM0\ARM_GCC_541\Debug\LWO4.a(SW_Tx_UART.o)
 .debug_abbrev  0x00000c8b       0xc6 .\CortexM0\ARM_GCC_541\Debug\LWO4.a(COLUMN_0.o)
 .debug_abbrev  0x00000d51       0xc6 .\CortexM0\ARM_GCC_541\Debug\LWO4.a(COLUMN_1.o)
 .debug_abbrev  0x00000e17       0xc6 .\CortexM0\ARM_GCC_541\Debug\LWO4.a(COLUMN_2.o)
 .debug_abbrev  0x00000edd       0xc6 .\CortexM0\ARM_GCC_541\Debug\LWO4.a(ROW_0.o)
 .debug_abbrev  0x00000fa3       0xc6 .\CortexM0\ARM_GCC_541\Debug\LWO4.a(ROW_1.o)
 .debug_abbrev  0x00001069       0xc6 .\CortexM0\ARM_GCC_541\Debug\LWO4.a(ROW_2.o)
 .debug_abbrev  0x0000112f       0xc6 .\CortexM0\ARM_GCC_541\Debug\LWO4.a(ROW_3.o)
 .debug_abbrev  0x000011f5       0xc6 .\CortexM0\ARM_GCC_541\Debug\LWO4.a(Pin_Latch.o)
 .debug_abbrev  0x000012bb       0xc6 .\CortexM0\ARM_GCC_541\Debug\LWO4.a(Pin_CLK.o)
 .debug_abbrev  0x00001381       0xc6 .\CortexM0\ARM_GCC_541\Debug\LWO4.a(Pin_DO.o)
 .debug_abbrev  0x00001447       0x14 .\CortexM0\ARM_GCC_541\Debug\LWO4.a(CyBootAsmGnu.o)
 .debug_abbrev  0x0000145b       0x14 .\CortexM0\ARM_GCC_541\Debug\LWO4.a(SW_Tx_UART_AsmGnu.o)

.debug_line     0x00000000     0x22e8
 *(.debug_line)
 .debug_line    0x00000000      0x3bf .\CortexM0\ARM_GCC_541\Debug\main.o
 .debug_line    0x000003bf      0x17d .\CortexM0\ARM_GCC_541\Debug\cyfitter_cfg.o
 .debug_line    0x0000053c      0x18b .\CortexM0\ARM_GCC_541\Debug\cymetadata.o
 .debug_line    0x000006c7      0x27f .\CortexM0\ARM_GCC_541\Debug\Cm0Start.o
 .debug_line    0x00000946      0x4aa .\CortexM0\ARM_GCC_541\Debug\LWO4.a(CyLib.o)
 .debug_line    0x00000df0      0x4b0 .\CortexM0\ARM_GCC_541\Debug\LWO4.a(CyLFClk.o)
 .debug_line    0x000012a0      0x107 .\CortexM0\ARM_GCC_541\Debug\LWO4.a(LED_R.o)
 .debug_line    0x000013a7      0x107 .\CortexM0\ARM_GCC_541\Debug\LWO4.a(LED_G.o)
 .debug_line    0x000014ae      0x107 .\CortexM0\ARM_GCC_541\Debug\LWO4.a(LED_B.o)
 .debug_line    0x000015b5      0x140 .\CortexM0\ARM_GCC_541\Debug\LWO4.a(SW_Tx_UART.o)
 .debug_line    0x000016f5      0x109 .\CortexM0\ARM_GCC_541\Debug\LWO4.a(COLUMN_0.o)
 .debug_line    0x000017fe      0x10a .\CortexM0\ARM_GCC_541\Debug\LWO4.a(COLUMN_1.o)
 .debug_line    0x00001908      0x109 .\CortexM0\ARM_GCC_541\Debug\LWO4.a(COLUMN_2.o)
 .debug_line    0x00001a11      0x107 .\CortexM0\ARM_GCC_541\Debug\LWO4.a(ROW_0.o)
 .debug_line    0x00001b18      0x107 .\CortexM0\ARM_GCC_541\Debug\LWO4.a(ROW_1.o)
 .debug_line    0x00001c1f      0x107 .\CortexM0\ARM_GCC_541\Debug\LWO4.a(ROW_2.o)
 .debug_line    0x00001d26      0x107 .\CortexM0\ARM_GCC_541\Debug\LWO4.a(ROW_3.o)
 .debug_line    0x00001e2d      0x10b .\CortexM0\ARM_GCC_541\Debug\LWO4.a(Pin_Latch.o)
 .debug_line    0x00001f38      0x109 .\CortexM0\ARM_GCC_541\Debug\LWO4.a(Pin_CLK.o)
 .debug_line    0x00002041      0x107 .\CortexM0\ARM_GCC_541\Debug\LWO4.a(Pin_DO.o)
 .debug_line    0x00002148       0xb3 .\CortexM0\ARM_GCC_541\Debug\LWO4.a(CyBootAsmGnu.o)
 .debug_line    0x000021fb       0xed .\CortexM0\ARM_GCC_541\Debug\LWO4.a(SW_Tx_UART_AsmGnu.o)

.debug_frame    0x00000000     0x10d8
 *(.debug_frame)
 .debug_frame   0x00000000      0x100 .\CortexM0\ARM_GCC_541\Debug\main.o
 .debug_frame   0x00000100       0x68 .\CortexM0\ARM_GCC_541\Debug\cyfitter_cfg.o
 .debug_frame   0x00000168       0xbc .\CortexM0\ARM_GCC_541\Debug\Cm0Start.o
 .debug_frame   0x00000224      0x3e0 .\CortexM0\ARM_GCC_541\Debug\LWO4.a(CyLib.o)
 .debug_frame   0x00000604      0x3a8 .\CortexM0\ARM_GCC_541\Debug\LWO4.a(CyLFClk.o)
 .debug_frame   0x000009ac       0x70 .\CortexM0\ARM_GCC_541\Debug\LWO4.a(LED_R.o)
 .debug_frame   0x00000a1c       0x70 .\CortexM0\ARM_GCC_541\Debug\LWO4.a(LED_G.o)
 .debug_frame   0x00000a8c       0x70 .\CortexM0\ARM_GCC_541\Debug\LWO4.a(LED_B.o)
 .debug_frame   0x00000afc       0xc8 .\CortexM0\ARM_GCC_541\Debug\LWO4.a(SW_Tx_UART.o)
 .debug_frame   0x00000bc4       0x70 .\CortexM0\ARM_GCC_541\Debug\LWO4.a(COLUMN_0.o)
 .debug_frame   0x00000c34       0x70 .\CortexM0\ARM_GCC_541\Debug\LWO4.a(COLUMN_1.o)
 .debug_frame   0x00000ca4       0x70 .\CortexM0\ARM_GCC_541\Debug\LWO4.a(COLUMN_2.o)
 .debug_frame   0x00000d14       0x70 .\CortexM0\ARM_GCC_541\Debug\LWO4.a(ROW_0.o)
 .debug_frame   0x00000d84       0x70 .\CortexM0\ARM_GCC_541\Debug\LWO4.a(ROW_1.o)
 .debug_frame   0x00000df4       0x70 .\CortexM0\ARM_GCC_541\Debug\LWO4.a(ROW_2.o)
 .debug_frame   0x00000e64       0x70 .\CortexM0\ARM_GCC_541\Debug\LWO4.a(ROW_3.o)
 .debug_frame   0x00000ed4       0x70 .\CortexM0\ARM_GCC_541\Debug\LWO4.a(Pin_Latch.o)
 .debug_frame   0x00000f44       0x70 .\CortexM0\ARM_GCC_541\Debug\LWO4.a(Pin_CLK.o)
 .debug_frame   0x00000fb4       0x70 .\CortexM0\ARM_GCC_541\Debug\LWO4.a(Pin_DO.o)
 .debug_frame   0x00001024       0x20 c:/program files (x86)/cypress/psoc creator/4.4/psoc creator/import/gnu/arm/5.4.1/bin/../lib/gcc/arm-none-eabi/5.4.1/armv6-m\libgcc.a(_udivsi3.o)
 .debug_frame   0x00001044       0x20 c:/program files (x86)/cypress/psoc creator/4.4/psoc creator/import/gnu/arm/5.4.1/bin/../lib/gcc/arm-none-eabi/5.4.1/../../../../arm-none-eabi/lib/armv6-m\libg_nano.a(lib_a-errno.o)
 .debug_frame   0x00001064       0x28 c:/program files (x86)/cypress/psoc creator/4.4/psoc creator/import/gnu/arm/5.4.1/bin/../lib/gcc/arm-none-eabi/5.4.1/../../../../arm-none-eabi/lib/armv6-m\libg_nano.a(lib_a-exit.o)
 .debug_frame   0x0000108c       0x2c c:/program files (x86)/cypress/psoc creator/4.4/psoc creator/import/gnu/arm/5.4.1/bin/../lib/gcc/arm-none-eabi/5.4.1/../../../../arm-none-eabi/lib/armv6-m\libg_nano.a(lib_a-init.o)
 .debug_frame   0x000010b8       0x20 c:/program files (x86)/cypress/psoc creator/4.4/psoc creator/import/gnu/arm/5.4.1/bin/../lib/gcc/arm-none-eabi/5.4.1/../../../../arm-none-eabi/lib/armv6-m\libg_nano.a(lib_a-memset.o)

.debug_str      0x00000000     0x1d95
 *(.debug_str)
 .debug_str     0x00000000      0x396 .\CortexM0\ARM_GCC_541\Debug\main.o
                                0x3e3 (size before relaxing)
 .debug_str     0x00000396      0x106 .\CortexM0\ARM_GCC_541\Debug\cyfitter_cfg.o
                                0x252 (size before relaxing)
 .debug_str     0x0000049c       0xa3 .\CortexM0\ARM_GCC_541\Debug\cymetadata.o
                                0x1d0 (size before relaxing)
 .debug_str     0x0000053f      0x18a .\CortexM0\ARM_GCC_541\Debug\Cm0Start.o
                                0x353 (size before relaxing)
 .debug_str     0x000006c9      0x50c .\CortexM0\ARM_GCC_541\Debug\LWO4.a(CyLib.o)
                                0x6be (size before relaxing)
 .debug_str     0x00000bd5      0x57a .\CortexM0\ARM_GCC_541\Debug\LWO4.a(CyLFClk.o)
                                0x745 (size before relaxing)
 .debug_str     0x0000114f       0xe0 .\CortexM0\ARM_GCC_541\Debug\LWO4.a(LED_R.o)
                                0x23e (size before relaxing)
 .debug_str     0x0000122f       0xc5 .\CortexM0\ARM_GCC_541\Debug\LWO4.a(LED_G.o)
                                0x23e (size before relaxing)
 .debug_str     0x000012f4       0xc5 .\CortexM0\ARM_GCC_541\Debug\LWO4.a(LED_B.o)
                                0x23e (size before relaxing)
 .debug_str     0x000013b9      0x16d .\CortexM0\ARM_GCC_541\Debug\LWO4.a(SW_Tx_UART.o)
                                0x2ed (size before relaxing)
 .debug_str     0x00001526       0xe6 .\CortexM0\ARM_GCC_541\Debug\LWO4.a(COLUMN_0.o)
                                0x253 (size before relaxing)
 .debug_str     0x0000160c       0xe6 .\CortexM0\ARM_GCC_541\Debug\LWO4.a(COLUMN_1.o)
                                0x253 (size before relaxing)
 .debug_str     0x000016f2       0xe6 .\CortexM0\ARM_GCC_541\Debug\LWO4.a(COLUMN_2.o)
                                0x253 (size before relaxing)
 .debug_str     0x000017d8       0xd1 .\CortexM0\ARM_GCC_541\Debug\LWO4.a(ROW_0.o)
                                0x23e (size before relaxing)
 .debug_str     0x000018a9       0xd1 .\CortexM0\ARM_GCC_541\Debug\LWO4.a(ROW_1.o)
                                0x23e (size before relaxing)
 .debug_str     0x0000197a       0xd1 .\CortexM0\ARM_GCC_541\Debug\LWO4.a(ROW_2.o)
                                0x23e (size before relaxing)
 .debug_str     0x00001a4b       0xd1 .\CortexM0\ARM_GCC_541\Debug\LWO4.a(ROW_3.o)
                                0x23e (size before relaxing)
 .debug_str     0x00001b1c       0xdd .\CortexM0\ARM_GCC_541\Debug\LWO4.a(Pin_Latch.o)
                                0x25a (size before relaxing)
 .debug_str     0x00001bf9       0xd1 .\CortexM0\ARM_GCC_541\Debug\LWO4.a(Pin_CLK.o)
                                0x24c (size before relaxing)
 .debug_str     0x00001cca       0xcb .\CortexM0\ARM_GCC_541\Debug\LWO4.a(Pin_DO.o)
                                0x245 (size before relaxing)

.debug_loc      0x00000000     0x1da2
 *(.debug_loc)
 .debug_loc     0x00000000      0x358 .\CortexM0\ARM_GCC_541\Debug\main.o
 .debug_loc     0x00000358       0xa9 .\CortexM0\ARM_GCC_541\Debug\cyfitter_cfg.o
 .debug_loc     0x00000401      0x14f .\CortexM0\ARM_GCC_541\Debug\Cm0Start.o
 .debug_loc     0x00000550      0x599 .\CortexM0\ARM_GCC_541\Debug\LWO4.a(CyLib.o)
 .debug_loc     0x00000ae9      0x9b5 .\CortexM0\ARM_GCC_541\Debug\LWO4.a(CyLFClk.o)
 .debug_loc     0x0000149e       0xa2 .\CortexM0\ARM_GCC_541\Debug\LWO4.a(LED_R.o)
 .debug_loc     0x00001540       0xa2 .\CortexM0\ARM_GCC_541\Debug\LWO4.a(LED_G.o)
 .debug_loc     0x000015e2       0xa2 .\CortexM0\ARM_GCC_541\Debug\LWO4.a(LED_B.o)
 .debug_loc     0x00001684      0x12d .\CortexM0\ARM_GCC_541\Debug\LWO4.a(SW_Tx_UART.o)
 .debug_loc     0x000017b1       0x81 .\CortexM0\ARM_GCC_541\Debug\LWO4.a(COLUMN_0.o)
 .debug_loc     0x00001832       0xa2 .\CortexM0\ARM_GCC_541\Debug\LWO4.a(COLUMN_1.o)
 .debug_loc     0x000018d4       0x81 .\CortexM0\ARM_GCC_541\Debug\LWO4.a(COLUMN_2.o)
 .debug_loc     0x00001955       0xa2 .\CortexM0\ARM_GCC_541\Debug\LWO4.a(ROW_0.o)
 .debug_loc     0x000019f7       0xa2 .\CortexM0\ARM_GCC_541\Debug\LWO4.a(ROW_1.o)
 .debug_loc     0x00001a99       0xa2 .\CortexM0\ARM_GCC_541\Debug\LWO4.a(ROW_2.o)
 .debug_loc     0x00001b3b       0xa2 .\CortexM0\ARM_GCC_541\Debug\LWO4.a(ROW_3.o)
 .debug_loc     0x00001bdd       0xa2 .\CortexM0\ARM_GCC_541\Debug\LWO4.a(Pin_Latch.o)
 .debug_loc     0x00001c7f       0xa2 .\CortexM0\ARM_GCC_541\Debug\LWO4.a(Pin_CLK.o)
 .debug_loc     0x00001d21       0x81 .\CortexM0\ARM_GCC_541\Debug\LWO4.a(Pin_DO.o)

.debug_macinfo
 *(.debug_macinfo)

.debug_ranges   0x00000000      0x6b0
 *(.debug_ranges)
 .debug_ranges  0x00000000       0xa8 .\CortexM0\ARM_GCC_541\Debug\main.o
 .debug_ranges  0x000000a8       0x20 .\CortexM0\ARM_GCC_541\Debug\cyfitter_cfg.o
 .debug_ranges  0x000000c8       0x38 .\CortexM0\ARM_GCC_541\Debug\Cm0Start.o
 .debug_ranges  0x00000100      0x170 .\CortexM0\ARM_GCC_541\Debug\LWO4.a(CyLib.o)
 .debug_ranges  0x00000270      0x128 .\CortexM0\ARM_GCC_541\Debug\LWO4.a(CyLFClk.o)
 .debug_ranges  0x00000398       0x38 .\CortexM0\ARM_GCC_541\Debug\LWO4.a(LED_R.o)
 .debug_ranges  0x000003d0       0x38 .\CortexM0\ARM_GCC_541\Debug\LWO4.a(LED_G.o)
 .debug_ranges  0x00000408       0x38 .\CortexM0\ARM_GCC_541\Debug\LWO4.a(LED_B.o)
 .debug_ranges  0x00000440       0x40 .\CortexM0\ARM_GCC_541\Debug\LWO4.a(SW_Tx_UART.o)
 .debug_ranges  0x00000480       0x38 .\CortexM0\ARM_GCC_541\Debug\LWO4.a(COLUMN_0.o)
 .debug_ranges  0x000004b8       0x38 .\CortexM0\ARM_GCC_541\Debug\LWO4.a(COLUMN_1.o)
 .debug_ranges  0x000004f0       0x38 .\CortexM0\ARM_GCC_541\Debug\LWO4.a(COLUMN_2.o)
 .debug_ranges  0x00000528       0x38 .\CortexM0\ARM_GCC_541\Debug\LWO4.a(ROW_0.o)
 .debug_ranges  0x00000560       0x38 .\CortexM0\ARM_GCC_541\Debug\LWO4.a(ROW_1.o)
 .debug_ranges  0x00000598       0x38 .\CortexM0\ARM_GCC_541\Debug\LWO4.a(ROW_2.o)
 .debug_ranges  0x000005d0       0x38 .\CortexM0\ARM_GCC_541\Debug\LWO4.a(ROW_3.o)
 .debug_ranges  0x00000608       0x38 .\CortexM0\ARM_GCC_541\Debug\LWO4.a(Pin_Latch.o)
 .debug_ranges  0x00000640       0x38 .\CortexM0\ARM_GCC_541\Debug\LWO4.a(Pin_CLK.o)
 .debug_ranges  0x00000678       0x38 .\CortexM0\ARM_GCC_541\Debug\LWO4.a(Pin_DO.o)

.comment        0x00000000       0x6e
 .comment       0x00000000       0x6e .\CortexM0\ARM_GCC_541\Debug\main.o
                                 0x6f (size before relaxing)
 .comment       0x0000006e       0x6f .\CortexM0\ARM_GCC_541\Debug\cyfitter_cfg.o
 .comment       0x0000006e       0x6f .\CortexM0\ARM_GCC_541\Debug\cymetadata.o
 .comment       0x0000006e       0x6f .\CortexM0\ARM_GCC_541\Debug\Cm0Start.o
 .comment       0x0000006e       0x6f .\CortexM0\ARM_GCC_541\Debug\LWO4.a(CyLib.o)
 .comment       0x0000006e       0x6f .\CortexM0\ARM_GCC_541\Debug\LWO4.a(CyLFClk.o)
 .comment       0x0000006e       0x6f .\CortexM0\ARM_GCC_541\Debug\LWO4.a(LED_R.o)
 .comment       0x0000006e       0x6f .\CortexM0\ARM_GCC_541\Debug\LWO4.a(LED_G.o)
 .comment       0x0000006e       0x6f .\CortexM0\ARM_GCC_541\Debug\LWO4.a(LED_B.o)
 .comment       0x0000006e       0x6f .\CortexM0\ARM_GCC_541\Debug\LWO4.a(SW_Tx_UART.o)
 .comment       0x0000006e       0x6f .\CortexM0\ARM_GCC_541\Debug\LWO4.a(COLUMN_0.o)
 .comment       0x0000006e       0x6f .\CortexM0\ARM_GCC_541\Debug\LWO4.a(COLUMN_1.o)
 .comment       0x0000006e       0x6f .\CortexM0\ARM_GCC_541\Debug\LWO4.a(COLUMN_2.o)
 .comment       0x0000006e       0x6f .\CortexM0\ARM_GCC_541\Debug\LWO4.a(ROW_0.o)
 .comment       0x0000006e       0x6f .\CortexM0\ARM_GCC_541\Debug\LWO4.a(ROW_1.o)
 .comment       0x0000006e       0x6f .\CortexM0\ARM_GCC_541\Debug\LWO4.a(ROW_2.o)
 .comment       0x0000006e       0x6f .\CortexM0\ARM_GCC_541\Debug\LWO4.a(ROW_3.o)
 .comment       0x0000006e       0x6f .\CortexM0\ARM_GCC_541\Debug\LWO4.a(Pin_Latch.o)
 .comment       0x0000006e       0x6f .\CortexM0\ARM_GCC_541\Debug\LWO4.a(Pin_CLK.o)
 .comment       0x0000006e       0x6f .\CortexM0\ARM_GCC_541\Debug\LWO4.a(Pin_DO.o)

.debug_weaknames
 *(.debug_weaknames)

.debug_funcnames
 *(.debug_funcnames)

.debug_typenames
 *(.debug_typenames)

.debug_varnames
 *(.debug_varnames)

.note.gnu.arm.ident
 *(.note.gnu.arm.ident)

.ARM.attributes
                0x00000000       0x28
 *(.ARM.attributes)
 .ARM.attributes
                0x00000000       0x1e c:/program files (x86)/cypress/psoc creator/4.4/psoc creator/import/gnu/arm/5.4.1/bin/../lib/gcc/arm-none-eabi/5.4.1/armv6-m/crti.o
 .ARM.attributes
                0x0000001e       0x2c c:/program files (x86)/cypress/psoc creator/4.4/psoc creator/import/gnu/arm/5.4.1/bin/../lib/gcc/arm-none-eabi/5.4.1/armv6-m/crtbegin.o
 .ARM.attributes
                0x0000004a       0x1b c:/program files (x86)/cypress/psoc creator/4.4/psoc creator/import/gnu/arm/5.4.1/bin/../lib/gcc/arm-none-eabi/5.4.1/../../../../arm-none-eabi/lib/armv6-m/crt0.o
 .ARM.attributes
                0x00000065       0x31 .\CortexM0\ARM_GCC_541\Debug\main.o
 .ARM.attributes
                0x00000096       0x31 .\CortexM0\ARM_GCC_541\Debug\cyfitter_cfg.o
 .ARM.attributes
                0x000000c7       0x31 .\CortexM0\ARM_GCC_541\Debug\cymetadata.o
 .ARM.attributes
                0x000000f8       0x31 .\CortexM0\ARM_GCC_541\Debug\Cm0Start.o
 .ARM.attributes
                0x00000129       0x31 .\CortexM0\ARM_GCC_541\Debug\LWO4.a(CyLib.o)
 .ARM.attributes
                0x0000015a       0x31 .\CortexM0\ARM_GCC_541\Debug\LWO4.a(CyLFClk.o)
 .ARM.attributes
                0x0000018b       0x31 .\CortexM0\ARM_GCC_541\Debug\LWO4.a(LED_R.o)
 .ARM.attributes
                0x000001bc       0x31 .\CortexM0\ARM_GCC_541\Debug\LWO4.a(LED_G.o)
 .ARM.attributes
                0x000001ed       0x31 .\CortexM0\ARM_GCC_541\Debug\LWO4.a(LED_B.o)
 .ARM.attributes
                0x0000021e       0x31 .\CortexM0\ARM_GCC_541\Debug\LWO4.a(SW_Tx_UART.o)
 .ARM.attributes
                0x0000024f       0x31 .\CortexM0\ARM_GCC_541\Debug\LWO4.a(COLUMN_0.o)
 .ARM.attributes
                0x00000280       0x31 .\CortexM0\ARM_GCC_541\Debug\LWO4.a(COLUMN_1.o)
 .ARM.attributes
                0x000002b1       0x31 .\CortexM0\ARM_GCC_541\Debug\LWO4.a(COLUMN_2.o)
 .ARM.attributes
                0x000002e2       0x31 .\CortexM0\ARM_GCC_541\Debug\LWO4.a(ROW_0.o)
 .ARM.attributes
                0x00000313       0x31 .\CortexM0\ARM_GCC_541\Debug\LWO4.a(ROW_1.o)
 .ARM.attributes
                0x00000344       0x31 .\CortexM0\ARM_GCC_541\Debug\LWO4.a(ROW_2.o)
 .ARM.attributes
                0x00000375       0x31 .\CortexM0\ARM_GCC_541\Debug\LWO4.a(ROW_3.o)
 .ARM.attributes
                0x000003a6       0x31 .\CortexM0\ARM_GCC_541\Debug\LWO4.a(Pin_Latch.o)
 .ARM.attributes
                0x000003d7       0x31 .\CortexM0\ARM_GCC_541\Debug\LWO4.a(Pin_CLK.o)
 .ARM.attributes
                0x00000408       0x31 .\CortexM0\ARM_GCC_541\Debug\LWO4.a(Pin_DO.o)
 .ARM.attributes
                0x00000439       0x21 .\CortexM0\ARM_GCC_541\Debug\LWO4.a(CyBootAsmGnu.o)
 .ARM.attributes
                0x0000045a       0x21 .\CortexM0\ARM_GCC_541\Debug\LWO4.a(SW_Tx_UART_AsmGnu.o)
 .ARM.attributes
                0x0000047b       0x1e c:/program files (x86)/cypress/psoc creator/4.4/psoc creator/import/gnu/arm/5.4.1/bin/../lib/gcc/arm-none-eabi/5.4.1/armv6-m\libgcc.a(_udivsi3.o)
 .ARM.attributes
                0x00000499       0x1e c:/program files (x86)/cypress/psoc creator/4.4/psoc creator/import/gnu/arm/5.4.1/bin/../lib/gcc/arm-none-eabi/5.4.1/armv6-m\libgcc.a(_dvmd_tls.o)
 .ARM.attributes
                0x000004b7       0x2c c:/program files (x86)/cypress/psoc creator/4.4/psoc creator/import/gnu/arm/5.4.1/bin/../lib/gcc/arm-none-eabi/5.4.1/../../../../arm-none-eabi/lib/armv6-m\libg_nano.a(lib_a-errno.o)
 .ARM.attributes
                0x000004e3       0x2c c:/program files (x86)/cypress/psoc creator/4.4/psoc creator/import/gnu/arm/5.4.1/bin/../lib/gcc/arm-none-eabi/5.4.1/../../../../arm-none-eabi/lib/armv6-m\libg_nano.a(lib_a-exit.o)
 .ARM.attributes
                0x0000050f       0x2c c:/program files (x86)/cypress/psoc creator/4.4/psoc creator/import/gnu/arm/5.4.1/bin/../lib/gcc/arm-none-eabi/5.4.1/../../../../arm-none-eabi/lib/armv6-m\libg_nano.a(lib_a-impure.o)
 .ARM.attributes
                0x0000053b       0x2c c:/program files (x86)/cypress/psoc creator/4.4/psoc creator/import/gnu/arm/5.4.1/bin/../lib/gcc/arm-none-eabi/5.4.1/../../../../arm-none-eabi/lib/armv6-m\libg_nano.a(lib_a-init.o)
 .ARM.attributes
                0x00000567       0x2c c:/program files (x86)/cypress/psoc creator/4.4/psoc creator/import/gnu/arm/5.4.1/bin/../lib/gcc/arm-none-eabi/5.4.1/../../../../arm-none-eabi/lib/armv6-m\libg_nano.a(lib_a-memset.o)
 .ARM.attributes
                0x00000593       0x2c c:/program files (x86)/cypress/psoc creator/4.4/psoc creator/import/gnu/arm/5.4.1/bin/../lib/gcc/arm-none-eabi/5.4.1/armv6-m/crtend.o
 .ARM.attributes
                0x000005bf       0x1e c:/program files (x86)/cypress/psoc creator/4.4/psoc creator/import/gnu/arm/5.4.1/bin/../lib/gcc/arm-none-eabi/5.4.1/armv6-m/crtn.o

/DISCARD/
 *(.note.GNU-stack)
OUTPUT(C:\Program Files (x86)\Cypress\PSoC Creator\4.4\PSoC Creator\1\LWO4.cydsn\CortexM0\ARM_GCC_541\Debug\LWO4.elf elf32-littlearm)
