ARM GAS  C:\Users\taips\AppData\Local\Temp\ccqXDLaB.s 			page 1


   1              		.syntax unified
   2              		.cpu cortex-m0
   3              		.fpu softvfp
   4              		.eabi_attribute 20, 1
   5              		.eabi_attribute 21, 1
   6              		.eabi_attribute 23, 3
   7              		.eabi_attribute 24, 1
   8              		.eabi_attribute 25, 1
   9              		.eabi_attribute 26, 1
  10              		.eabi_attribute 30, 1
  11              		.eabi_attribute 34, 0
  12              		.eabi_attribute 18, 4
  13              		.thumb
  14              		.syntax unified
  15              		.file	"main.c"
  16              		.text
  17              	.Ltext0:
  18              		.cfi_sections	.debug_frame
  19              		.section	.text.main,"ax",%progbits
  20              		.align	2
  21              		.global	main
  22              		.code	16
  23              		.thumb_func
  24              		.type	main, %function
  25              	main:
  26              	.LFB32:
  27              		.file 1 "main.c"
   1:main.c        **** #include "project.h"
   2:main.c        **** 
   3:main.c        **** int main(void)
   4:main.c        **** {
  28              		.loc 1 4 0
  29              		.cfi_startproc
  30              		@ Volatile: function does not return.
  31              		@ args = 0, pretend = 0, frame = 0
  32              		@ frame_needed = 0, uses_anonymous_args = 0
  33              		@ link register save eliminated.
   5:main.c        ****     CyGlobalIntEnable;
  34              		.loc 1 5 0
  35              		.syntax divided
  36              	@ 5 "main.c" 1
  37 0000 62B6     		CPSIE   i
  38              	@ 0 "" 2
  39              		.thumb
  40              		.syntax unified
  41              	.L2:
  42 0002 FEE7     		b	.L2
  43              		.cfi_endproc
  44              	.LFE32:
  45              		.size	main, .-main
  46              		.text
  47              	.Letext0:
  48              		.section	.debug_info,"",%progbits
  49              	.Ldebug_info0:
  50 0000 A0000000 		.4byte	0xa0
  51 0004 0400     		.2byte	0x4
  52 0006 00000000 		.4byte	.Ldebug_abbrev0
ARM GAS  C:\Users\taips\AppData\Local\Temp\ccqXDLaB.s 			page 2


  53 000a 04       		.byte	0x4
  54 000b 01       		.uleb128 0x1
  55 000c 90000000 		.4byte	.LASF14
  56 0010 0C       		.byte	0xc
  57 0011 32000000 		.4byte	.LASF15
  58 0015 1B000000 		.4byte	.LASF16
  59 0019 00000000 		.4byte	.Ldebug_ranges0+0
  60 001d 00000000 		.4byte	0
  61 0021 00000000 		.4byte	.Ldebug_line0
  62 0025 02       		.uleb128 0x2
  63 0026 01       		.byte	0x1
  64 0027 06       		.byte	0x6
  65 0028 31010000 		.4byte	.LASF0
  66 002c 02       		.uleb128 0x2
  67 002d 01       		.byte	0x1
  68 002e 08       		.byte	0x8
  69 002f 6D000000 		.4byte	.LASF1
  70 0033 02       		.uleb128 0x2
  71 0034 02       		.byte	0x2
  72 0035 05       		.byte	0x5
  73 0036 49010000 		.4byte	.LASF2
  74 003a 02       		.uleb128 0x2
  75 003b 02       		.byte	0x2
  76 003c 07       		.byte	0x7
  77 003d 1E010000 		.4byte	.LASF3
  78 0041 02       		.uleb128 0x2
  79 0042 04       		.byte	0x4
  80 0043 05       		.byte	0x5
  81 0044 80000000 		.4byte	.LASF4
  82 0048 02       		.uleb128 0x2
  83 0049 04       		.byte	0x4
  84 004a 07       		.byte	0x7
  85 004b 3E000000 		.4byte	.LASF5
  86 004f 02       		.uleb128 0x2
  87 0050 08       		.byte	0x8
  88 0051 05       		.byte	0x5
  89 0052 00000000 		.4byte	.LASF6
  90 0056 02       		.uleb128 0x2
  91 0057 08       		.byte	0x8
  92 0058 07       		.byte	0x7
  93 0059 50000000 		.4byte	.LASF7
  94 005d 03       		.uleb128 0x3
  95 005e 04       		.byte	0x4
  96 005f 05       		.byte	0x5
  97 0060 696E7400 		.ascii	"int\000"
  98 0064 02       		.uleb128 0x2
  99 0065 04       		.byte	0x4
 100 0066 07       		.byte	0x7
 101 0067 0E000000 		.4byte	.LASF8
 102 006b 02       		.uleb128 0x2
 103 006c 04       		.byte	0x4
 104 006d 04       		.byte	0x4
 105 006e 67000000 		.4byte	.LASF9
 106 0072 02       		.uleb128 0x2
 107 0073 08       		.byte	0x8
 108 0074 04       		.byte	0x4
 109 0075 89000000 		.4byte	.LASF10
ARM GAS  C:\Users\taips\AppData\Local\Temp\ccqXDLaB.s 			page 3


 110 0079 02       		.uleb128 0x2
 111 007a 01       		.byte	0x1
 112 007b 08       		.byte	0x8
 113 007c 7B000000 		.4byte	.LASF11
 114 0080 02       		.uleb128 0x2
 115 0081 04       		.byte	0x4
 116 0082 07       		.byte	0x7
 117 0083 53010000 		.4byte	.LASF12
 118 0087 02       		.uleb128 0x2
 119 0088 08       		.byte	0x8
 120 0089 04       		.byte	0x4
 121 008a 3D010000 		.4byte	.LASF13
 122 008e 04       		.uleb128 0x4
 123 008f 39000000 		.4byte	.LASF17
 124 0093 01       		.byte	0x1
 125 0094 03       		.byte	0x3
 126 0095 5D000000 		.4byte	0x5d
 127 0099 00000000 		.4byte	.LFB32
 128 009d 04000000 		.4byte	.LFE32-.LFB32
 129 00a1 01       		.uleb128 0x1
 130 00a2 9C       		.byte	0x9c
 131 00a3 00       		.byte	0
 132              		.section	.debug_abbrev,"",%progbits
 133              	.Ldebug_abbrev0:
 134 0000 01       		.uleb128 0x1
 135 0001 11       		.uleb128 0x11
 136 0002 01       		.byte	0x1
 137 0003 25       		.uleb128 0x25
 138 0004 0E       		.uleb128 0xe
 139 0005 13       		.uleb128 0x13
 140 0006 0B       		.uleb128 0xb
 141 0007 03       		.uleb128 0x3
 142 0008 0E       		.uleb128 0xe
 143 0009 1B       		.uleb128 0x1b
 144 000a 0E       		.uleb128 0xe
 145 000b 55       		.uleb128 0x55
 146 000c 17       		.uleb128 0x17
 147 000d 11       		.uleb128 0x11
 148 000e 01       		.uleb128 0x1
 149 000f 10       		.uleb128 0x10
 150 0010 17       		.uleb128 0x17
 151 0011 00       		.byte	0
 152 0012 00       		.byte	0
 153 0013 02       		.uleb128 0x2
 154 0014 24       		.uleb128 0x24
 155 0015 00       		.byte	0
 156 0016 0B       		.uleb128 0xb
 157 0017 0B       		.uleb128 0xb
 158 0018 3E       		.uleb128 0x3e
 159 0019 0B       		.uleb128 0xb
 160 001a 03       		.uleb128 0x3
 161 001b 0E       		.uleb128 0xe
 162 001c 00       		.byte	0
 163 001d 00       		.byte	0
 164 001e 03       		.uleb128 0x3
 165 001f 24       		.uleb128 0x24
 166 0020 00       		.byte	0
ARM GAS  C:\Users\taips\AppData\Local\Temp\ccqXDLaB.s 			page 4


 167 0021 0B       		.uleb128 0xb
 168 0022 0B       		.uleb128 0xb
 169 0023 3E       		.uleb128 0x3e
 170 0024 0B       		.uleb128 0xb
 171 0025 03       		.uleb128 0x3
 172 0026 08       		.uleb128 0x8
 173 0027 00       		.byte	0
 174 0028 00       		.byte	0
 175 0029 04       		.uleb128 0x4
 176 002a 2E       		.uleb128 0x2e
 177 002b 00       		.byte	0
 178 002c 3F       		.uleb128 0x3f
 179 002d 19       		.uleb128 0x19
 180 002e 03       		.uleb128 0x3
 181 002f 0E       		.uleb128 0xe
 182 0030 3A       		.uleb128 0x3a
 183 0031 0B       		.uleb128 0xb
 184 0032 3B       		.uleb128 0x3b
 185 0033 0B       		.uleb128 0xb
 186 0034 27       		.uleb128 0x27
 187 0035 19       		.uleb128 0x19
 188 0036 49       		.uleb128 0x49
 189 0037 13       		.uleb128 0x13
 190 0038 8701     		.uleb128 0x87
 191 003a 19       		.uleb128 0x19
 192 003b 11       		.uleb128 0x11
 193 003c 01       		.uleb128 0x1
 194 003d 12       		.uleb128 0x12
 195 003e 06       		.uleb128 0x6
 196 003f 40       		.uleb128 0x40
 197 0040 18       		.uleb128 0x18
 198 0041 9742     		.uleb128 0x2117
 199 0043 19       		.uleb128 0x19
 200 0044 00       		.byte	0
 201 0045 00       		.byte	0
 202 0046 00       		.byte	0
 203              		.section	.debug_aranges,"",%progbits
 204 0000 1C000000 		.4byte	0x1c
 205 0004 0200     		.2byte	0x2
 206 0006 00000000 		.4byte	.Ldebug_info0
 207 000a 04       		.byte	0x4
 208 000b 00       		.byte	0
 209 000c 0000     		.2byte	0
 210 000e 0000     		.2byte	0
 211 0010 00000000 		.4byte	.LFB32
 212 0014 04000000 		.4byte	.LFE32-.LFB32
 213 0018 00000000 		.4byte	0
 214 001c 00000000 		.4byte	0
 215              		.section	.debug_ranges,"",%progbits
 216              	.Ldebug_ranges0:
 217 0000 00000000 		.4byte	.LFB32
 218 0004 04000000 		.4byte	.LFE32
 219 0008 00000000 		.4byte	0
 220 000c 00000000 		.4byte	0
 221              		.section	.debug_line,"",%progbits
 222              	.Ldebug_line0:
 223 0000 31000000 		.section	.debug_str,"MS",%progbits,1
ARM GAS  C:\Users\taips\AppData\Local\Temp\ccqXDLaB.s 			page 5


 223      02001D00 
 223      00000201 
 223      FB0E0D00 
 223      01010101 
 224              	.LASF6:
 225 0000 6C6F6E67 		.ascii	"long long int\000"
 225      206C6F6E 
 225      6720696E 
 225      7400
 226              	.LASF8:
 227 000e 756E7369 		.ascii	"unsigned int\000"
 227      676E6564 
 227      20696E74 
 227      00
 228              	.LASF16:
 229 001b 433A5C70 		.ascii	"C:\\projects\\lab1.cydsn\000"
 229      726F6A65 
 229      6374735C 
 229      6C616231 
 229      2E637964 
 230              	.LASF15:
 231 0032 6D61696E 		.ascii	"main.c\000"
 231      2E6300
 232              	.LASF17:
 233 0039 6D61696E 		.ascii	"main\000"
 233      00
 234              	.LASF5:
 235 003e 6C6F6E67 		.ascii	"long unsigned int\000"
 235      20756E73 
 235      69676E65 
 235      6420696E 
 235      7400
 236              	.LASF7:
 237 0050 6C6F6E67 		.ascii	"long long unsigned int\000"
 237      206C6F6E 
 237      6720756E 
 237      7369676E 
 237      65642069 
 238              	.LASF9:
 239 0067 666C6F61 		.ascii	"float\000"
 239      7400
 240              	.LASF1:
 241 006d 756E7369 		.ascii	"unsigned char\000"
 241      676E6564 
 241      20636861 
 241      7200
 242              	.LASF11:
 243 007b 63686172 		.ascii	"char\000"
 243      00
 244              	.LASF4:
 245 0080 6C6F6E67 		.ascii	"long int\000"
 245      20696E74 
 245      00
 246              	.LASF10:
 247 0089 646F7562 		.ascii	"double\000"
 247      6C6500
 248              	.LASF14:
ARM GAS  C:\Users\taips\AppData\Local\Temp\ccqXDLaB.s 			page 6


 249 0090 474E5520 		.ascii	"GNU C11 5.4.1 20160609 (release) [ARM/embedded-5-br"
 249      43313120 
 249      352E342E 
 249      31203230 
 249      31363036 
 250 00c3 616E6368 		.ascii	"anch revision 237715] -mcpu=cortex-m0 -mthumb -g -O"
 250      20726576 
 250      6973696F 
 250      6E203233 
 250      37373135 
 251 00f6 67202D66 		.ascii	"g -ffunction-sections -ffat-lto-objects\000"
 251      66756E63 
 251      74696F6E 
 251      2D736563 
 251      74696F6E 
 252              	.LASF3:
 253 011e 73686F72 		.ascii	"short unsigned int\000"
 253      7420756E 
 253      7369676E 
 253      65642069 
 253      6E7400
 254              	.LASF0:
 255 0131 7369676E 		.ascii	"signed char\000"
 255      65642063 
 255      68617200 
 256              	.LASF13:
 257 013d 6C6F6E67 		.ascii	"long double\000"
 257      20646F75 
 257      626C6500 
 258              	.LASF2:
 259 0149 73686F72 		.ascii	"short int\000"
 259      7420696E 
 259      7400
 260              	.LASF12:
 261 0153 73697A65 		.ascii	"sizetype\000"
 261      74797065 
 261      00
 262              		.ident	"GCC: (GNU Tools for ARM Embedded Processors) 5.4.1 20160609 (release) [ARM/embedded-5-bran
