ARM GAS  C:\Users\taips\AppData\Local\Temp\ccUuNhQb.s 			page 1


   1              		.syntax unified
   2              		.cpu cortex-m0
   3              		.fpu softvfp
   4              		.eabi_attribute 20, 1
   5              		.eabi_attribute 21, 1
   6              		.eabi_attribute 23, 3
   7              		.eabi_attribute 24, 1
   8              		.eabi_attribute 25, 1
   9              		.eabi_attribute 26, 1
  10              		.eabi_attribute 30, 1
  11              		.eabi_attribute 34, 0
  12              		.eabi_attribute 18, 4
  13              		.thumb
  14              		.syntax unified
  15              		.file	"cyfitter_cfg.c"
  16              		.text
  17              	.Ltext0:
  18              		.cfi_sections	.debug_frame
  19              		.section	.text.CYMEMZERO,"ax",%progbits
  20              		.align	2
  21              		.code	16
  22              		.thumb_func
  23              		.type	CYMEMZERO, %function
  24              	CYMEMZERO:
  25              	.LFB0:
  26              		.file 1 "C:\\Program Files (x86)\\Cypress\\PSoC Creator\\4.4\\PSoC Creator\\1\\LWO2.cydsn\\Generat
   1:C:\Program Files (x86)\Cypress\PSoC Creator\4.4\PSoC Creator\1\LWO2.cydsn\Generated_Source\PSoC4\cyfitter_cfg.c **** 
   2:C:\Program Files (x86)\Cypress\PSoC Creator\4.4\PSoC Creator\1\LWO2.cydsn\Generated_Source\PSoC4\cyfitter_cfg.c **** /*******************************************************************************
   3:C:\Program Files (x86)\Cypress\PSoC Creator\4.4\PSoC Creator\1\LWO2.cydsn\Generated_Source\PSoC4\cyfitter_cfg.c **** * File Name: cyfitter_cfg.c
   4:C:\Program Files (x86)\Cypress\PSoC Creator\4.4\PSoC Creator\1\LWO2.cydsn\Generated_Source\PSoC4\cyfitter_cfg.c **** * 
   5:C:\Program Files (x86)\Cypress\PSoC Creator\4.4\PSoC Creator\1\LWO2.cydsn\Generated_Source\PSoC4\cyfitter_cfg.c **** * PSoC Creator  4.4
   6:C:\Program Files (x86)\Cypress\PSoC Creator\4.4\PSoC Creator\1\LWO2.cydsn\Generated_Source\PSoC4\cyfitter_cfg.c **** *
   7:C:\Program Files (x86)\Cypress\PSoC Creator\4.4\PSoC Creator\1\LWO2.cydsn\Generated_Source\PSoC4\cyfitter_cfg.c **** * Description:
   8:C:\Program Files (x86)\Cypress\PSoC Creator\4.4\PSoC Creator\1\LWO2.cydsn\Generated_Source\PSoC4\cyfitter_cfg.c **** * This file contains device initialization code.
   9:C:\Program Files (x86)\Cypress\PSoC Creator\4.4\PSoC Creator\1\LWO2.cydsn\Generated_Source\PSoC4\cyfitter_cfg.c **** * Except for the user defined sections in CyClockStartupError(), this file should not be modified.
  10:C:\Program Files (x86)\Cypress\PSoC Creator\4.4\PSoC Creator\1\LWO2.cydsn\Generated_Source\PSoC4\cyfitter_cfg.c **** * This file is automatically generated by PSoC Creator.
  11:C:\Program Files (x86)\Cypress\PSoC Creator\4.4\PSoC Creator\1\LWO2.cydsn\Generated_Source\PSoC4\cyfitter_cfg.c **** *
  12:C:\Program Files (x86)\Cypress\PSoC Creator\4.4\PSoC Creator\1\LWO2.cydsn\Generated_Source\PSoC4\cyfitter_cfg.c **** ********************************************************************************
  13:C:\Program Files (x86)\Cypress\PSoC Creator\4.4\PSoC Creator\1\LWO2.cydsn\Generated_Source\PSoC4\cyfitter_cfg.c **** * Copyright (c) 2007-2020 Cypress Semiconductor.  All rights reserved.
  14:C:\Program Files (x86)\Cypress\PSoC Creator\4.4\PSoC Creator\1\LWO2.cydsn\Generated_Source\PSoC4\cyfitter_cfg.c **** * You may use this file only in accordance with the license, terms, conditions, 
  15:C:\Program Files (x86)\Cypress\PSoC Creator\4.4\PSoC Creator\1\LWO2.cydsn\Generated_Source\PSoC4\cyfitter_cfg.c **** * disclaimers, and limitations in the end user license agreement accompanying 
  16:C:\Program Files (x86)\Cypress\PSoC Creator\4.4\PSoC Creator\1\LWO2.cydsn\Generated_Source\PSoC4\cyfitter_cfg.c **** * the software package with which this file was provided.
  17:C:\Program Files (x86)\Cypress\PSoC Creator\4.4\PSoC Creator\1\LWO2.cydsn\Generated_Source\PSoC4\cyfitter_cfg.c **** ********************************************************************************/
  18:C:\Program Files (x86)\Cypress\PSoC Creator\4.4\PSoC Creator\1\LWO2.cydsn\Generated_Source\PSoC4\cyfitter_cfg.c **** 
  19:C:\Program Files (x86)\Cypress\PSoC Creator\4.4\PSoC Creator\1\LWO2.cydsn\Generated_Source\PSoC4\cyfitter_cfg.c **** #include <string.h>
  20:C:\Program Files (x86)\Cypress\PSoC Creator\4.4\PSoC Creator\1\LWO2.cydsn\Generated_Source\PSoC4\cyfitter_cfg.c **** #include "cytypes.h"
  21:C:\Program Files (x86)\Cypress\PSoC Creator\4.4\PSoC Creator\1\LWO2.cydsn\Generated_Source\PSoC4\cyfitter_cfg.c **** #include "cydevice_trm.h"
  22:C:\Program Files (x86)\Cypress\PSoC Creator\4.4\PSoC Creator\1\LWO2.cydsn\Generated_Source\PSoC4\cyfitter_cfg.c **** #include "cyfitter.h"
  23:C:\Program Files (x86)\Cypress\PSoC Creator\4.4\PSoC Creator\1\LWO2.cydsn\Generated_Source\PSoC4\cyfitter_cfg.c **** #include "CyLib.h"
  24:C:\Program Files (x86)\Cypress\PSoC Creator\4.4\PSoC Creator\1\LWO2.cydsn\Generated_Source\PSoC4\cyfitter_cfg.c **** #include "CyLFClk.h"
  25:C:\Program Files (x86)\Cypress\PSoC Creator\4.4\PSoC Creator\1\LWO2.cydsn\Generated_Source\PSoC4\cyfitter_cfg.c **** #include "cyfitter_cfg.h"
  26:C:\Program Files (x86)\Cypress\PSoC Creator\4.4\PSoC Creator\1\LWO2.cydsn\Generated_Source\PSoC4\cyfitter_cfg.c **** #include "cyapicallbacks.h"
  27:C:\Program Files (x86)\Cypress\PSoC Creator\4.4\PSoC Creator\1\LWO2.cydsn\Generated_Source\PSoC4\cyfitter_cfg.c **** 
  28:C:\Program Files (x86)\Cypress\PSoC Creator\4.4\PSoC Creator\1\LWO2.cydsn\Generated_Source\PSoC4\cyfitter_cfg.c **** 
  29:C:\Program Files (x86)\Cypress\PSoC Creator\4.4\PSoC Creator\1\LWO2.cydsn\Generated_Source\PSoC4\cyfitter_cfg.c **** #if defined(__GNUC__) || defined(__ARMCC_VERSION)
  30:C:\Program Files (x86)\Cypress\PSoC Creator\4.4\PSoC Creator\1\LWO2.cydsn\Generated_Source\PSoC4\cyfitter_cfg.c ****     #define CYPACKED 
  31:C:\Program Files (x86)\Cypress\PSoC Creator\4.4\PSoC Creator\1\LWO2.cydsn\Generated_Source\PSoC4\cyfitter_cfg.c ****     #define CYPACKED_ATTR __attribute__ ((packed))
ARM GAS  C:\Users\taips\AppData\Local\Temp\ccUuNhQb.s 			page 2


  32:C:\Program Files (x86)\Cypress\PSoC Creator\4.4\PSoC Creator\1\LWO2.cydsn\Generated_Source\PSoC4\cyfitter_cfg.c ****     #define CYALIGNED __attribute__ ((aligned))
  33:C:\Program Files (x86)\Cypress\PSoC Creator\4.4\PSoC Creator\1\LWO2.cydsn\Generated_Source\PSoC4\cyfitter_cfg.c ****     #define CY_CFG_UNUSED __attribute__ ((unused))
  34:C:\Program Files (x86)\Cypress\PSoC Creator\4.4\PSoC Creator\1\LWO2.cydsn\Generated_Source\PSoC4\cyfitter_cfg.c ****     #ifndef CY_CFG_SECTION
  35:C:\Program Files (x86)\Cypress\PSoC Creator\4.4\PSoC Creator\1\LWO2.cydsn\Generated_Source\PSoC4\cyfitter_cfg.c ****         #define CY_CFG_SECTION __attribute__ ((section(".psocinit")))
  36:C:\Program Files (x86)\Cypress\PSoC Creator\4.4\PSoC Creator\1\LWO2.cydsn\Generated_Source\PSoC4\cyfitter_cfg.c ****     #endif
  37:C:\Program Files (x86)\Cypress\PSoC Creator\4.4\PSoC Creator\1\LWO2.cydsn\Generated_Source\PSoC4\cyfitter_cfg.c ****     
  38:C:\Program Files (x86)\Cypress\PSoC Creator\4.4\PSoC Creator\1\LWO2.cydsn\Generated_Source\PSoC4\cyfitter_cfg.c ****     #if defined(__ARMCC_VERSION)
  39:C:\Program Files (x86)\Cypress\PSoC Creator\4.4\PSoC Creator\1\LWO2.cydsn\Generated_Source\PSoC4\cyfitter_cfg.c ****         #define CY_CFG_MEMORY_BARRIER() __memory_changed()
  40:C:\Program Files (x86)\Cypress\PSoC Creator\4.4\PSoC Creator\1\LWO2.cydsn\Generated_Source\PSoC4\cyfitter_cfg.c ****     #else
  41:C:\Program Files (x86)\Cypress\PSoC Creator\4.4\PSoC Creator\1\LWO2.cydsn\Generated_Source\PSoC4\cyfitter_cfg.c ****         #define CY_CFG_MEMORY_BARRIER() __sync_synchronize()
  42:C:\Program Files (x86)\Cypress\PSoC Creator\4.4\PSoC Creator\1\LWO2.cydsn\Generated_Source\PSoC4\cyfitter_cfg.c ****     #endif
  43:C:\Program Files (x86)\Cypress\PSoC Creator\4.4\PSoC Creator\1\LWO2.cydsn\Generated_Source\PSoC4\cyfitter_cfg.c ****     
  44:C:\Program Files (x86)\Cypress\PSoC Creator\4.4\PSoC Creator\1\LWO2.cydsn\Generated_Source\PSoC4\cyfitter_cfg.c **** #elif defined(__ICCARM__)
  45:C:\Program Files (x86)\Cypress\PSoC Creator\4.4\PSoC Creator\1\LWO2.cydsn\Generated_Source\PSoC4\cyfitter_cfg.c ****     #include <intrinsics.h>
  46:C:\Program Files (x86)\Cypress\PSoC Creator\4.4\PSoC Creator\1\LWO2.cydsn\Generated_Source\PSoC4\cyfitter_cfg.c **** 
  47:C:\Program Files (x86)\Cypress\PSoC Creator\4.4\PSoC Creator\1\LWO2.cydsn\Generated_Source\PSoC4\cyfitter_cfg.c ****     #define CYPACKED __packed
  48:C:\Program Files (x86)\Cypress\PSoC Creator\4.4\PSoC Creator\1\LWO2.cydsn\Generated_Source\PSoC4\cyfitter_cfg.c ****     #define CYPACKED_ATTR 
  49:C:\Program Files (x86)\Cypress\PSoC Creator\4.4\PSoC Creator\1\LWO2.cydsn\Generated_Source\PSoC4\cyfitter_cfg.c ****     #define CYALIGNED _Pragma("data_alignment=4")
  50:C:\Program Files (x86)\Cypress\PSoC Creator\4.4\PSoC Creator\1\LWO2.cydsn\Generated_Source\PSoC4\cyfitter_cfg.c ****     #define CY_CFG_UNUSED _Pragma("diag_suppress=Pe177")
  51:C:\Program Files (x86)\Cypress\PSoC Creator\4.4\PSoC Creator\1\LWO2.cydsn\Generated_Source\PSoC4\cyfitter_cfg.c ****     #define CY_CFG_SECTION _Pragma("location=\".psocinit\"")
  52:C:\Program Files (x86)\Cypress\PSoC Creator\4.4\PSoC Creator\1\LWO2.cydsn\Generated_Source\PSoC4\cyfitter_cfg.c ****     
  53:C:\Program Files (x86)\Cypress\PSoC Creator\4.4\PSoC Creator\1\LWO2.cydsn\Generated_Source\PSoC4\cyfitter_cfg.c ****     #define CY_CFG_MEMORY_BARRIER() __DMB()
  54:C:\Program Files (x86)\Cypress\PSoC Creator\4.4\PSoC Creator\1\LWO2.cydsn\Generated_Source\PSoC4\cyfitter_cfg.c ****     
  55:C:\Program Files (x86)\Cypress\PSoC Creator\4.4\PSoC Creator\1\LWO2.cydsn\Generated_Source\PSoC4\cyfitter_cfg.c **** #else
  56:C:\Program Files (x86)\Cypress\PSoC Creator\4.4\PSoC Creator\1\LWO2.cydsn\Generated_Source\PSoC4\cyfitter_cfg.c ****     #error Unsupported toolchain
  57:C:\Program Files (x86)\Cypress\PSoC Creator\4.4\PSoC Creator\1\LWO2.cydsn\Generated_Source\PSoC4\cyfitter_cfg.c **** #endif
  58:C:\Program Files (x86)\Cypress\PSoC Creator\4.4\PSoC Creator\1\LWO2.cydsn\Generated_Source\PSoC4\cyfitter_cfg.c **** 
  59:C:\Program Files (x86)\Cypress\PSoC Creator\4.4\PSoC Creator\1\LWO2.cydsn\Generated_Source\PSoC4\cyfitter_cfg.c **** #ifndef CYCODE
  60:C:\Program Files (x86)\Cypress\PSoC Creator\4.4\PSoC Creator\1\LWO2.cydsn\Generated_Source\PSoC4\cyfitter_cfg.c ****     #define CYCODE
  61:C:\Program Files (x86)\Cypress\PSoC Creator\4.4\PSoC Creator\1\LWO2.cydsn\Generated_Source\PSoC4\cyfitter_cfg.c **** #endif
  62:C:\Program Files (x86)\Cypress\PSoC Creator\4.4\PSoC Creator\1\LWO2.cydsn\Generated_Source\PSoC4\cyfitter_cfg.c **** #ifndef CYDATA
  63:C:\Program Files (x86)\Cypress\PSoC Creator\4.4\PSoC Creator\1\LWO2.cydsn\Generated_Source\PSoC4\cyfitter_cfg.c ****     #define CYDATA
  64:C:\Program Files (x86)\Cypress\PSoC Creator\4.4\PSoC Creator\1\LWO2.cydsn\Generated_Source\PSoC4\cyfitter_cfg.c **** #endif
  65:C:\Program Files (x86)\Cypress\PSoC Creator\4.4\PSoC Creator\1\LWO2.cydsn\Generated_Source\PSoC4\cyfitter_cfg.c **** #ifndef CYFAR
  66:C:\Program Files (x86)\Cypress\PSoC Creator\4.4\PSoC Creator\1\LWO2.cydsn\Generated_Source\PSoC4\cyfitter_cfg.c ****     #define CYFAR
  67:C:\Program Files (x86)\Cypress\PSoC Creator\4.4\PSoC Creator\1\LWO2.cydsn\Generated_Source\PSoC4\cyfitter_cfg.c **** #endif
  68:C:\Program Files (x86)\Cypress\PSoC Creator\4.4\PSoC Creator\1\LWO2.cydsn\Generated_Source\PSoC4\cyfitter_cfg.c **** #ifndef CYXDATA
  69:C:\Program Files (x86)\Cypress\PSoC Creator\4.4\PSoC Creator\1\LWO2.cydsn\Generated_Source\PSoC4\cyfitter_cfg.c ****     #define CYXDATA
  70:C:\Program Files (x86)\Cypress\PSoC Creator\4.4\PSoC Creator\1\LWO2.cydsn\Generated_Source\PSoC4\cyfitter_cfg.c **** #endif
  71:C:\Program Files (x86)\Cypress\PSoC Creator\4.4\PSoC Creator\1\LWO2.cydsn\Generated_Source\PSoC4\cyfitter_cfg.c **** 
  72:C:\Program Files (x86)\Cypress\PSoC Creator\4.4\PSoC Creator\1\LWO2.cydsn\Generated_Source\PSoC4\cyfitter_cfg.c **** 
  73:C:\Program Files (x86)\Cypress\PSoC Creator\4.4\PSoC Creator\1\LWO2.cydsn\Generated_Source\PSoC4\cyfitter_cfg.c **** CY_CFG_UNUSED
  74:C:\Program Files (x86)\Cypress\PSoC Creator\4.4\PSoC Creator\1\LWO2.cydsn\Generated_Source\PSoC4\cyfitter_cfg.c **** static void CYMEMZERO(void *s, size_t n);
  75:C:\Program Files (x86)\Cypress\PSoC Creator\4.4\PSoC Creator\1\LWO2.cydsn\Generated_Source\PSoC4\cyfitter_cfg.c **** CY_CFG_UNUSED
  76:C:\Program Files (x86)\Cypress\PSoC Creator\4.4\PSoC Creator\1\LWO2.cydsn\Generated_Source\PSoC4\cyfitter_cfg.c **** static void CYMEMZERO(void *s, size_t n)
  77:C:\Program Files (x86)\Cypress\PSoC Creator\4.4\PSoC Creator\1\LWO2.cydsn\Generated_Source\PSoC4\cyfitter_cfg.c **** {
  27              		.loc 1 77 0
  28              		.cfi_startproc
  29              		@ args = 0, pretend = 0, frame = 0
  30              		@ frame_needed = 0, uses_anonymous_args = 0
  31              	.LVL0:
  32 0000 10B5     		push	{r4, lr}
  33              		.cfi_def_cfa_offset 8
  34              		.cfi_offset 4, -8
  35              		.cfi_offset 14, -4
  36 0002 0A00     		movs	r2, r1
  78:C:\Program Files (x86)\Cypress\PSoC Creator\4.4\PSoC Creator\1\LWO2.cydsn\Generated_Source\PSoC4\cyfitter_cfg.c **** 	(void)memset(s, 0, n);
ARM GAS  C:\Users\taips\AppData\Local\Temp\ccUuNhQb.s 			page 3


  37              		.loc 1 78 0
  38 0004 0021     		movs	r1, #0
  39              	.LVL1:
  40 0006 FFF7FEFF 		bl	memset
  41              	.LVL2:
  79:C:\Program Files (x86)\Cypress\PSoC Creator\4.4\PSoC Creator\1\LWO2.cydsn\Generated_Source\PSoC4\cyfitter_cfg.c **** }
  42              		.loc 1 79 0
  43              		@ sp needed
  44 000a 10BD     		pop	{r4, pc}
  45              		.cfi_endproc
  46              	.LFE0:
  47              		.size	CYMEMZERO, .-CYMEMZERO
  48              		.section	.psocinit,"ax",%progbits
  49              		.align	2
  50              		.code	16
  51              		.thumb_func
  52              		.type	ClockSetup, %function
  53              	ClockSetup:
  54              	.LFB3:
  80:C:\Program Files (x86)\Cypress\PSoC Creator\4.4\PSoC Creator\1\LWO2.cydsn\Generated_Source\PSoC4\cyfitter_cfg.c **** CY_CFG_UNUSED
  81:C:\Program Files (x86)\Cypress\PSoC Creator\4.4\PSoC Creator\1\LWO2.cydsn\Generated_Source\PSoC4\cyfitter_cfg.c **** static void CYCONFIGCPY(void *dest, const void *src, size_t n);
  82:C:\Program Files (x86)\Cypress\PSoC Creator\4.4\PSoC Creator\1\LWO2.cydsn\Generated_Source\PSoC4\cyfitter_cfg.c **** CY_CFG_UNUSED
  83:C:\Program Files (x86)\Cypress\PSoC Creator\4.4\PSoC Creator\1\LWO2.cydsn\Generated_Source\PSoC4\cyfitter_cfg.c **** static void CYCONFIGCPY(void *dest, const void *src, size_t n)
  84:C:\Program Files (x86)\Cypress\PSoC Creator\4.4\PSoC Creator\1\LWO2.cydsn\Generated_Source\PSoC4\cyfitter_cfg.c **** {
  85:C:\Program Files (x86)\Cypress\PSoC Creator\4.4\PSoC Creator\1\LWO2.cydsn\Generated_Source\PSoC4\cyfitter_cfg.c **** 	(void)memcpy(dest, src, n);
  86:C:\Program Files (x86)\Cypress\PSoC Creator\4.4\PSoC Creator\1\LWO2.cydsn\Generated_Source\PSoC4\cyfitter_cfg.c **** }
  87:C:\Program Files (x86)\Cypress\PSoC Creator\4.4\PSoC Creator\1\LWO2.cydsn\Generated_Source\PSoC4\cyfitter_cfg.c **** CY_CFG_UNUSED
  88:C:\Program Files (x86)\Cypress\PSoC Creator\4.4\PSoC Creator\1\LWO2.cydsn\Generated_Source\PSoC4\cyfitter_cfg.c **** static void CYCONFIGCPYCODE(void *dest, const void *src, size_t n);
  89:C:\Program Files (x86)\Cypress\PSoC Creator\4.4\PSoC Creator\1\LWO2.cydsn\Generated_Source\PSoC4\cyfitter_cfg.c **** CY_CFG_UNUSED
  90:C:\Program Files (x86)\Cypress\PSoC Creator\4.4\PSoC Creator\1\LWO2.cydsn\Generated_Source\PSoC4\cyfitter_cfg.c **** static void CYCONFIGCPYCODE(void *dest, const void *src, size_t n)
  91:C:\Program Files (x86)\Cypress\PSoC Creator\4.4\PSoC Creator\1\LWO2.cydsn\Generated_Source\PSoC4\cyfitter_cfg.c **** {
  92:C:\Program Files (x86)\Cypress\PSoC Creator\4.4\PSoC Creator\1\LWO2.cydsn\Generated_Source\PSoC4\cyfitter_cfg.c **** 	(void)memcpy(dest, src, n);
  93:C:\Program Files (x86)\Cypress\PSoC Creator\4.4\PSoC Creator\1\LWO2.cydsn\Generated_Source\PSoC4\cyfitter_cfg.c **** }
  94:C:\Program Files (x86)\Cypress\PSoC Creator\4.4\PSoC Creator\1\LWO2.cydsn\Generated_Source\PSoC4\cyfitter_cfg.c **** 
  95:C:\Program Files (x86)\Cypress\PSoC Creator\4.4\PSoC Creator\1\LWO2.cydsn\Generated_Source\PSoC4\cyfitter_cfg.c **** 
  96:C:\Program Files (x86)\Cypress\PSoC Creator\4.4\PSoC Creator\1\LWO2.cydsn\Generated_Source\PSoC4\cyfitter_cfg.c **** 
  97:C:\Program Files (x86)\Cypress\PSoC Creator\4.4\PSoC Creator\1\LWO2.cydsn\Generated_Source\PSoC4\cyfitter_cfg.c **** 
  98:C:\Program Files (x86)\Cypress\PSoC Creator\4.4\PSoC Creator\1\LWO2.cydsn\Generated_Source\PSoC4\cyfitter_cfg.c **** /* Clock startup error codes                                                   */
  99:C:\Program Files (x86)\Cypress\PSoC Creator\4.4\PSoC Creator\1\LWO2.cydsn\Generated_Source\PSoC4\cyfitter_cfg.c **** #define CYCLOCKSTART_NO_ERROR    0u
 100:C:\Program Files (x86)\Cypress\PSoC Creator\4.4\PSoC Creator\1\LWO2.cydsn\Generated_Source\PSoC4\cyfitter_cfg.c **** #define CYCLOCKSTART_XTAL_ERROR  1u
 101:C:\Program Files (x86)\Cypress\PSoC Creator\4.4\PSoC Creator\1\LWO2.cydsn\Generated_Source\PSoC4\cyfitter_cfg.c **** #define CYCLOCKSTART_32KHZ_ERROR 2u
 102:C:\Program Files (x86)\Cypress\PSoC Creator\4.4\PSoC Creator\1\LWO2.cydsn\Generated_Source\PSoC4\cyfitter_cfg.c **** #define CYCLOCKSTART_PLL_ERROR   3u
 103:C:\Program Files (x86)\Cypress\PSoC Creator\4.4\PSoC Creator\1\LWO2.cydsn\Generated_Source\PSoC4\cyfitter_cfg.c **** #define CYCLOCKSTART_FLL_ERROR   4u
 104:C:\Program Files (x86)\Cypress\PSoC Creator\4.4\PSoC Creator\1\LWO2.cydsn\Generated_Source\PSoC4\cyfitter_cfg.c **** #define CYCLOCKSTART_WCO_ERROR   5u
 105:C:\Program Files (x86)\Cypress\PSoC Creator\4.4\PSoC Creator\1\LWO2.cydsn\Generated_Source\PSoC4\cyfitter_cfg.c **** 
 106:C:\Program Files (x86)\Cypress\PSoC Creator\4.4\PSoC Creator\1\LWO2.cydsn\Generated_Source\PSoC4\cyfitter_cfg.c **** 
 107:C:\Program Files (x86)\Cypress\PSoC Creator\4.4\PSoC Creator\1\LWO2.cydsn\Generated_Source\PSoC4\cyfitter_cfg.c **** #ifdef CY_NEED_CYCLOCKSTARTUPERROR
 108:C:\Program Files (x86)\Cypress\PSoC Creator\4.4\PSoC Creator\1\LWO2.cydsn\Generated_Source\PSoC4\cyfitter_cfg.c **** /*******************************************************************************
 109:C:\Program Files (x86)\Cypress\PSoC Creator\4.4\PSoC Creator\1\LWO2.cydsn\Generated_Source\PSoC4\cyfitter_cfg.c **** * Function Name: CyClockStartupError
 110:C:\Program Files (x86)\Cypress\PSoC Creator\4.4\PSoC Creator\1\LWO2.cydsn\Generated_Source\PSoC4\cyfitter_cfg.c **** ********************************************************************************
 111:C:\Program Files (x86)\Cypress\PSoC Creator\4.4\PSoC Creator\1\LWO2.cydsn\Generated_Source\PSoC4\cyfitter_cfg.c **** * Summary:
 112:C:\Program Files (x86)\Cypress\PSoC Creator\4.4\PSoC Creator\1\LWO2.cydsn\Generated_Source\PSoC4\cyfitter_cfg.c **** *  If an error is encountered during clock configuration (crystal startup error,
 113:C:\Program Files (x86)\Cypress\PSoC Creator\4.4\PSoC Creator\1\LWO2.cydsn\Generated_Source\PSoC4\cyfitter_cfg.c **** *  PLL lock error, etc.), the system will end up here.  Unless reimplemented by
 114:C:\Program Files (x86)\Cypress\PSoC Creator\4.4\PSoC Creator\1\LWO2.cydsn\Generated_Source\PSoC4\cyfitter_cfg.c **** *  the customer, this function will stop in an infinite loop.
 115:C:\Program Files (x86)\Cypress\PSoC Creator\4.4\PSoC Creator\1\LWO2.cydsn\Generated_Source\PSoC4\cyfitter_cfg.c **** *
 116:C:\Program Files (x86)\Cypress\PSoC Creator\4.4\PSoC Creator\1\LWO2.cydsn\Generated_Source\PSoC4\cyfitter_cfg.c **** * Parameters:
 117:C:\Program Files (x86)\Cypress\PSoC Creator\4.4\PSoC Creator\1\LWO2.cydsn\Generated_Source\PSoC4\cyfitter_cfg.c **** *   void
ARM GAS  C:\Users\taips\AppData\Local\Temp\ccUuNhQb.s 			page 4


 118:C:\Program Files (x86)\Cypress\PSoC Creator\4.4\PSoC Creator\1\LWO2.cydsn\Generated_Source\PSoC4\cyfitter_cfg.c **** *
 119:C:\Program Files (x86)\Cypress\PSoC Creator\4.4\PSoC Creator\1\LWO2.cydsn\Generated_Source\PSoC4\cyfitter_cfg.c **** * Return:
 120:C:\Program Files (x86)\Cypress\PSoC Creator\4.4\PSoC Creator\1\LWO2.cydsn\Generated_Source\PSoC4\cyfitter_cfg.c **** *   void
 121:C:\Program Files (x86)\Cypress\PSoC Creator\4.4\PSoC Creator\1\LWO2.cydsn\Generated_Source\PSoC4\cyfitter_cfg.c **** *
 122:C:\Program Files (x86)\Cypress\PSoC Creator\4.4\PSoC Creator\1\LWO2.cydsn\Generated_Source\PSoC4\cyfitter_cfg.c **** *******************************************************************************/
 123:C:\Program Files (x86)\Cypress\PSoC Creator\4.4\PSoC Creator\1\LWO2.cydsn\Generated_Source\PSoC4\cyfitter_cfg.c **** CY_CFG_UNUSED
 124:C:\Program Files (x86)\Cypress\PSoC Creator\4.4\PSoC Creator\1\LWO2.cydsn\Generated_Source\PSoC4\cyfitter_cfg.c **** static void CyClockStartupError(uint8 errorCode);
 125:C:\Program Files (x86)\Cypress\PSoC Creator\4.4\PSoC Creator\1\LWO2.cydsn\Generated_Source\PSoC4\cyfitter_cfg.c **** CY_CFG_UNUSED
 126:C:\Program Files (x86)\Cypress\PSoC Creator\4.4\PSoC Creator\1\LWO2.cydsn\Generated_Source\PSoC4\cyfitter_cfg.c **** static void CyClockStartupError(uint8 errorCode)
 127:C:\Program Files (x86)\Cypress\PSoC Creator\4.4\PSoC Creator\1\LWO2.cydsn\Generated_Source\PSoC4\cyfitter_cfg.c **** {
 128:C:\Program Files (x86)\Cypress\PSoC Creator\4.4\PSoC Creator\1\LWO2.cydsn\Generated_Source\PSoC4\cyfitter_cfg.c ****     /* To remove the compiler warning if errorCode not used.                */
 129:C:\Program Files (x86)\Cypress\PSoC Creator\4.4\PSoC Creator\1\LWO2.cydsn\Generated_Source\PSoC4\cyfitter_cfg.c ****     errorCode = errorCode;
 130:C:\Program Files (x86)\Cypress\PSoC Creator\4.4\PSoC Creator\1\LWO2.cydsn\Generated_Source\PSoC4\cyfitter_cfg.c **** 
 131:C:\Program Files (x86)\Cypress\PSoC Creator\4.4\PSoC Creator\1\LWO2.cydsn\Generated_Source\PSoC4\cyfitter_cfg.c ****     /* If we have a clock startup error (bad MHz crystal, PLL lock, etc.),  */
 132:C:\Program Files (x86)\Cypress\PSoC Creator\4.4\PSoC Creator\1\LWO2.cydsn\Generated_Source\PSoC4\cyfitter_cfg.c ****     /* we will end up here to allow the customer to implement something to  */
 133:C:\Program Files (x86)\Cypress\PSoC Creator\4.4\PSoC Creator\1\LWO2.cydsn\Generated_Source\PSoC4\cyfitter_cfg.c ****     /* deal with the clock condition.                                       */
 134:C:\Program Files (x86)\Cypress\PSoC Creator\4.4\PSoC Creator\1\LWO2.cydsn\Generated_Source\PSoC4\cyfitter_cfg.c **** 
 135:C:\Program Files (x86)\Cypress\PSoC Creator\4.4\PSoC Creator\1\LWO2.cydsn\Generated_Source\PSoC4\cyfitter_cfg.c **** #ifdef CY_CFG_CLOCK_STARTUP_ERROR_CALLBACK
 136:C:\Program Files (x86)\Cypress\PSoC Creator\4.4\PSoC Creator\1\LWO2.cydsn\Generated_Source\PSoC4\cyfitter_cfg.c ****     CY_CFG_Clock_Startup_ErrorCallback();
 137:C:\Program Files (x86)\Cypress\PSoC Creator\4.4\PSoC Creator\1\LWO2.cydsn\Generated_Source\PSoC4\cyfitter_cfg.c **** #else
 138:C:\Program Files (x86)\Cypress\PSoC Creator\4.4\PSoC Creator\1\LWO2.cydsn\Generated_Source\PSoC4\cyfitter_cfg.c ****     /*  If not using CY_CFG_CLOCK_STARTUP_ERROR_CALLBACK, place your clock startup code here. */
 139:C:\Program Files (x86)\Cypress\PSoC Creator\4.4\PSoC Creator\1\LWO2.cydsn\Generated_Source\PSoC4\cyfitter_cfg.c ****     /* `#START CyClockStartupError` */
 140:C:\Program Files (x86)\Cypress\PSoC Creator\4.4\PSoC Creator\1\LWO2.cydsn\Generated_Source\PSoC4\cyfitter_cfg.c **** 
 141:C:\Program Files (x86)\Cypress\PSoC Creator\4.4\PSoC Creator\1\LWO2.cydsn\Generated_Source\PSoC4\cyfitter_cfg.c **** 
 142:C:\Program Files (x86)\Cypress\PSoC Creator\4.4\PSoC Creator\1\LWO2.cydsn\Generated_Source\PSoC4\cyfitter_cfg.c **** 
 143:C:\Program Files (x86)\Cypress\PSoC Creator\4.4\PSoC Creator\1\LWO2.cydsn\Generated_Source\PSoC4\cyfitter_cfg.c ****     /* `#END` */
 144:C:\Program Files (x86)\Cypress\PSoC Creator\4.4\PSoC Creator\1\LWO2.cydsn\Generated_Source\PSoC4\cyfitter_cfg.c **** 
 145:C:\Program Files (x86)\Cypress\PSoC Creator\4.4\PSoC Creator\1\LWO2.cydsn\Generated_Source\PSoC4\cyfitter_cfg.c ****     while(1) {}
 146:C:\Program Files (x86)\Cypress\PSoC Creator\4.4\PSoC Creator\1\LWO2.cydsn\Generated_Source\PSoC4\cyfitter_cfg.c **** #endif /* CY_CFG_CLOCK_STARTUP_ERROR_CALLBACK */
 147:C:\Program Files (x86)\Cypress\PSoC Creator\4.4\PSoC Creator\1\LWO2.cydsn\Generated_Source\PSoC4\cyfitter_cfg.c **** }
 148:C:\Program Files (x86)\Cypress\PSoC Creator\4.4\PSoC Creator\1\LWO2.cydsn\Generated_Source\PSoC4\cyfitter_cfg.c **** #endif
 149:C:\Program Files (x86)\Cypress\PSoC Creator\4.4\PSoC Creator\1\LWO2.cydsn\Generated_Source\PSoC4\cyfitter_cfg.c **** 
 150:C:\Program Files (x86)\Cypress\PSoC Creator\4.4\PSoC Creator\1\LWO2.cydsn\Generated_Source\PSoC4\cyfitter_cfg.c **** 
 151:C:\Program Files (x86)\Cypress\PSoC Creator\4.4\PSoC Creator\1\LWO2.cydsn\Generated_Source\PSoC4\cyfitter_cfg.c **** 
 152:C:\Program Files (x86)\Cypress\PSoC Creator\4.4\PSoC Creator\1\LWO2.cydsn\Generated_Source\PSoC4\cyfitter_cfg.c **** /*******************************************************************************
 153:C:\Program Files (x86)\Cypress\PSoC Creator\4.4\PSoC Creator\1\LWO2.cydsn\Generated_Source\PSoC4\cyfitter_cfg.c **** * Function Name: ClockSetup
 154:C:\Program Files (x86)\Cypress\PSoC Creator\4.4\PSoC Creator\1\LWO2.cydsn\Generated_Source\PSoC4\cyfitter_cfg.c **** ********************************************************************************
 155:C:\Program Files (x86)\Cypress\PSoC Creator\4.4\PSoC Creator\1\LWO2.cydsn\Generated_Source\PSoC4\cyfitter_cfg.c **** *
 156:C:\Program Files (x86)\Cypress\PSoC Creator\4.4\PSoC Creator\1\LWO2.cydsn\Generated_Source\PSoC4\cyfitter_cfg.c **** * Summary:
 157:C:\Program Files (x86)\Cypress\PSoC Creator\4.4\PSoC Creator\1\LWO2.cydsn\Generated_Source\PSoC4\cyfitter_cfg.c **** *   Performs the initialization of all of the clocks in the device based on the
 158:C:\Program Files (x86)\Cypress\PSoC Creator\4.4\PSoC Creator\1\LWO2.cydsn\Generated_Source\PSoC4\cyfitter_cfg.c **** *   settings in the Clock tab of the DWR.  This includes enabling the requested
 159:C:\Program Files (x86)\Cypress\PSoC Creator\4.4\PSoC Creator\1\LWO2.cydsn\Generated_Source\PSoC4\cyfitter_cfg.c **** *   clocks and setting the necessary dividers to produce the desired frequency. 
 160:C:\Program Files (x86)\Cypress\PSoC Creator\4.4\PSoC Creator\1\LWO2.cydsn\Generated_Source\PSoC4\cyfitter_cfg.c **** *
 161:C:\Program Files (x86)\Cypress\PSoC Creator\4.4\PSoC Creator\1\LWO2.cydsn\Generated_Source\PSoC4\cyfitter_cfg.c **** * Parameters:
 162:C:\Program Files (x86)\Cypress\PSoC Creator\4.4\PSoC Creator\1\LWO2.cydsn\Generated_Source\PSoC4\cyfitter_cfg.c **** *   void
 163:C:\Program Files (x86)\Cypress\PSoC Creator\4.4\PSoC Creator\1\LWO2.cydsn\Generated_Source\PSoC4\cyfitter_cfg.c **** *
 164:C:\Program Files (x86)\Cypress\PSoC Creator\4.4\PSoC Creator\1\LWO2.cydsn\Generated_Source\PSoC4\cyfitter_cfg.c **** * Return:
 165:C:\Program Files (x86)\Cypress\PSoC Creator\4.4\PSoC Creator\1\LWO2.cydsn\Generated_Source\PSoC4\cyfitter_cfg.c **** *   void
 166:C:\Program Files (x86)\Cypress\PSoC Creator\4.4\PSoC Creator\1\LWO2.cydsn\Generated_Source\PSoC4\cyfitter_cfg.c **** *
 167:C:\Program Files (x86)\Cypress\PSoC Creator\4.4\PSoC Creator\1\LWO2.cydsn\Generated_Source\PSoC4\cyfitter_cfg.c **** *******************************************************************************/
 168:C:\Program Files (x86)\Cypress\PSoC Creator\4.4\PSoC Creator\1\LWO2.cydsn\Generated_Source\PSoC4\cyfitter_cfg.c **** static void ClockSetup(void);
 169:C:\Program Files (x86)\Cypress\PSoC Creator\4.4\PSoC Creator\1\LWO2.cydsn\Generated_Source\PSoC4\cyfitter_cfg.c **** CY_CFG_SECTION
 170:C:\Program Files (x86)\Cypress\PSoC Creator\4.4\PSoC Creator\1\LWO2.cydsn\Generated_Source\PSoC4\cyfitter_cfg.c **** static void ClockSetup(void)
 171:C:\Program Files (x86)\Cypress\PSoC Creator\4.4\PSoC Creator\1\LWO2.cydsn\Generated_Source\PSoC4\cyfitter_cfg.c **** {
  55              		.loc 1 171 0
  56              		.cfi_startproc
  57              		@ args = 0, pretend = 0, frame = 0
ARM GAS  C:\Users\taips\AppData\Local\Temp\ccUuNhQb.s 			page 5


  58              		@ frame_needed = 0, uses_anonymous_args = 0
  59 0000 70B5     		push	{r4, r5, r6, lr}
  60              		.cfi_def_cfa_offset 16
  61              		.cfi_offset 4, -16
  62              		.cfi_offset 5, -12
  63              		.cfi_offset 6, -8
  64              		.cfi_offset 14, -4
 172:C:\Program Files (x86)\Cypress\PSoC Creator\4.4\PSoC Creator\1\LWO2.cydsn\Generated_Source\PSoC4\cyfitter_cfg.c **** 	/* Enable HALF_EN before trimming for the flash accelerator. */
 173:C:\Program Files (x86)\Cypress\PSoC Creator\4.4\PSoC Creator\1\LWO2.cydsn\Generated_Source\PSoC4\cyfitter_cfg.c **** 	CY_SET_REG32((void CYXDATA *)(CYREG_CLK_SELECT), (CY_GET_REG32((void *)CYREG_CLK_SELECT) | 0x00040
  65              		.loc 1 173 0
  66 0002 0F4C     		ldr	r4, .L3
  67 0004 2368     		ldr	r3, [r4]
  68 0006 8022     		movs	r2, #128
  69 0008 D202     		lsls	r2, r2, #11
  70 000a 1343     		orrs	r3, r2
  71 000c 2360     		str	r3, [r4]
 174:C:\Program Files (x86)\Cypress\PSoC Creator\4.4\PSoC Creator\1\LWO2.cydsn\Generated_Source\PSoC4\cyfitter_cfg.c **** 
 175:C:\Program Files (x86)\Cypress\PSoC Creator\4.4\PSoC Creator\1\LWO2.cydsn\Generated_Source\PSoC4\cyfitter_cfg.c **** 	/* Setup and trim IMO based on desired frequency. */
 176:C:\Program Files (x86)\Cypress\PSoC Creator\4.4\PSoC Creator\1\LWO2.cydsn\Generated_Source\PSoC4\cyfitter_cfg.c **** 	CySysClkWriteImoFreq(24u);
  72              		.loc 1 176 0
  73 000e 1820     		movs	r0, #24
  74 0010 FFF7FEFF 		bl	CySysClkWriteImoFreq
  75              	.LVL3:
 177:C:\Program Files (x86)\Cypress\PSoC Creator\4.4\PSoC Creator\1\LWO2.cydsn\Generated_Source\PSoC4\cyfitter_cfg.c **** 
 178:C:\Program Files (x86)\Cypress\PSoC Creator\4.4\PSoC Creator\1\LWO2.cydsn\Generated_Source\PSoC4\cyfitter_cfg.c **** 	/* Disable HALF_EN since it is not required at this IMO frequency. */
 179:C:\Program Files (x86)\Cypress\PSoC Creator\4.4\PSoC Creator\1\LWO2.cydsn\Generated_Source\PSoC4\cyfitter_cfg.c **** 	CY_SET_REG32((void CYXDATA *)(CYREG_CLK_SELECT), (CY_GET_REG32((void *)CYREG_CLK_SELECT) & 0xFFFBF
  76              		.loc 1 179 0
  77 0014 2268     		ldr	r2, [r4]
  78 0016 0B4B     		ldr	r3, .L3+4
  79 0018 1340     		ands	r3, r2
  80 001a 2360     		str	r3, [r4]
 180:C:\Program Files (x86)\Cypress\PSoC Creator\4.4\PSoC Creator\1\LWO2.cydsn\Generated_Source\PSoC4\cyfitter_cfg.c **** 	/* CYDEV_CLK_ILO_CONFIG Starting address: CYDEV_CLK_ILO_CONFIG */
 181:C:\Program Files (x86)\Cypress\PSoC Creator\4.4\PSoC Creator\1\LWO2.cydsn\Generated_Source\PSoC4\cyfitter_cfg.c **** 	CY_SET_REG32((void *)(CYREG_CLK_ILO_CONFIG), 0x80000006u);
  81              		.loc 1 181 0
  82 001c 0A4A     		ldr	r2, .L3+8
  83 001e 0B4B     		ldr	r3, .L3+12
  84 0020 1A60     		str	r2, [r3]
 182:C:\Program Files (x86)\Cypress\PSoC Creator\4.4\PSoC Creator\1\LWO2.cydsn\Generated_Source\PSoC4\cyfitter_cfg.c **** 
 183:C:\Program Files (x86)\Cypress\PSoC Creator\4.4\PSoC Creator\1\LWO2.cydsn\Generated_Source\PSoC4\cyfitter_cfg.c **** 
 184:C:\Program Files (x86)\Cypress\PSoC Creator\4.4\PSoC Creator\1\LWO2.cydsn\Generated_Source\PSoC4\cyfitter_cfg.c **** 	/* CYDEV_CLK_IMO_CONFIG Starting address: CYDEV_CLK_IMO_CONFIG */
 185:C:\Program Files (x86)\Cypress\PSoC Creator\4.4\PSoC Creator\1\LWO2.cydsn\Generated_Source\PSoC4\cyfitter_cfg.c **** 	CY_SET_REG32((void *)(CYREG_CLK_IMO_CONFIG), 0x80000000u);
  85              		.loc 1 185 0
  86 0022 063A     		subs	r2, r2, #6
  87 0024 0A4B     		ldr	r3, .L3+16
  88 0026 1A60     		str	r2, [r3]
 186:C:\Program Files (x86)\Cypress\PSoC Creator\4.4\PSoC Creator\1\LWO2.cydsn\Generated_Source\PSoC4\cyfitter_cfg.c **** 
 187:C:\Program Files (x86)\Cypress\PSoC Creator\4.4\PSoC Creator\1\LWO2.cydsn\Generated_Source\PSoC4\cyfitter_cfg.c **** 	/* CYDEV_CLK_SELECT Starting address: CYDEV_CLK_SELECT */
 188:C:\Program Files (x86)\Cypress\PSoC Creator\4.4\PSoC Creator\1\LWO2.cydsn\Generated_Source\PSoC4\cyfitter_cfg.c **** 	CY_SET_REG32((void *)(CYREG_CLK_SELECT), 0x00000000u);
  89              		.loc 1 188 0
  90 0028 0025     		movs	r5, #0
  91 002a 2560     		str	r5, [r4]
 189:C:\Program Files (x86)\Cypress\PSoC Creator\4.4\PSoC Creator\1\LWO2.cydsn\Generated_Source\PSoC4\cyfitter_cfg.c **** 
 190:C:\Program Files (x86)\Cypress\PSoC Creator\4.4\PSoC Creator\1\LWO2.cydsn\Generated_Source\PSoC4\cyfitter_cfg.c **** 	(void)CyIntSetVector(9u, &CySysWdtIsr);
  92              		.loc 1 190 0
  93 002c 0949     		ldr	r1, .L3+20
  94 002e 0920     		movs	r0, #9
  95 0030 FFF7FEFF 		bl	CyIntSetVector
ARM GAS  C:\Users\taips\AppData\Local\Temp\ccUuNhQb.s 			page 6


  96              	.LVL4:
 191:C:\Program Files (x86)\Cypress\PSoC Creator\4.4\PSoC Creator\1\LWO2.cydsn\Generated_Source\PSoC4\cyfitter_cfg.c **** 	CyIntEnable(9u);
  97              		.loc 1 191 0
  98 0034 0920     		movs	r0, #9
  99 0036 FFF7FEFF 		bl	CyIntEnable
 100              	.LVL5:
 192:C:\Program Files (x86)\Cypress\PSoC Creator\4.4\PSoC Creator\1\LWO2.cydsn\Generated_Source\PSoC4\cyfitter_cfg.c **** 	CY_SET_REG32((void *)(CYREG_WDT_CONFIG), 0x00000000u);
 101              		.loc 1 192 0
 102 003a 074B     		ldr	r3, .L3+24
 103 003c 1D60     		str	r5, [r3]
 193:C:\Program Files (x86)\Cypress\PSoC Creator\4.4\PSoC Creator\1\LWO2.cydsn\Generated_Source\PSoC4\cyfitter_cfg.c **** }
 104              		.loc 1 193 0
 105              		@ sp needed
 106 003e 70BD     		pop	{r4, r5, r6, pc}
 107              	.L4:
 108              		.align	2
 109              	.L3:
 110 0040 00010B40 		.word	1074462976
 111 0044 FFFFFBFF 		.word	-262145
 112 0048 06000080 		.word	-2147483642
 113 004c 04010B40 		.word	1074462980
 114 0050 08010B40 		.word	1074462984
 115 0054 00000000 		.word	CySysWdtIsr
 116 0058 0C020B40 		.word	1074463244
 117              		.cfi_endproc
 118              	.LFE3:
 119              		.size	ClockSetup, .-ClockSetup
 120              		.align	2
 121              		.global	cyfitter_cfg
 122              		.code	16
 123              		.thumb_func
 124              		.type	cyfitter_cfg, %function
 125              	cyfitter_cfg:
 126              	.LFB5:
 194:C:\Program Files (x86)\Cypress\PSoC Creator\4.4\PSoC Creator\1\LWO2.cydsn\Generated_Source\PSoC4\cyfitter_cfg.c **** 
 195:C:\Program Files (x86)\Cypress\PSoC Creator\4.4\PSoC Creator\1\LWO2.cydsn\Generated_Source\PSoC4\cyfitter_cfg.c **** 
 196:C:\Program Files (x86)\Cypress\PSoC Creator\4.4\PSoC Creator\1\LWO2.cydsn\Generated_Source\PSoC4\cyfitter_cfg.c **** /* Analog API Functions */
 197:C:\Program Files (x86)\Cypress\PSoC Creator\4.4\PSoC Creator\1\LWO2.cydsn\Generated_Source\PSoC4\cyfitter_cfg.c **** 
 198:C:\Program Files (x86)\Cypress\PSoC Creator\4.4\PSoC Creator\1\LWO2.cydsn\Generated_Source\PSoC4\cyfitter_cfg.c **** 
 199:C:\Program Files (x86)\Cypress\PSoC Creator\4.4\PSoC Creator\1\LWO2.cydsn\Generated_Source\PSoC4\cyfitter_cfg.c **** /*******************************************************************************
 200:C:\Program Files (x86)\Cypress\PSoC Creator\4.4\PSoC Creator\1\LWO2.cydsn\Generated_Source\PSoC4\cyfitter_cfg.c **** * Function Name: AnalogSetDefault
 201:C:\Program Files (x86)\Cypress\PSoC Creator\4.4\PSoC Creator\1\LWO2.cydsn\Generated_Source\PSoC4\cyfitter_cfg.c **** ********************************************************************************
 202:C:\Program Files (x86)\Cypress\PSoC Creator\4.4\PSoC Creator\1\LWO2.cydsn\Generated_Source\PSoC4\cyfitter_cfg.c **** *
 203:C:\Program Files (x86)\Cypress\PSoC Creator\4.4\PSoC Creator\1\LWO2.cydsn\Generated_Source\PSoC4\cyfitter_cfg.c **** * Summary:
 204:C:\Program Files (x86)\Cypress\PSoC Creator\4.4\PSoC Creator\1\LWO2.cydsn\Generated_Source\PSoC4\cyfitter_cfg.c **** *  Sets up the analog portions of the chip to default values based on chip
 205:C:\Program Files (x86)\Cypress\PSoC Creator\4.4\PSoC Creator\1\LWO2.cydsn\Generated_Source\PSoC4\cyfitter_cfg.c **** *  configuration options from the project.
 206:C:\Program Files (x86)\Cypress\PSoC Creator\4.4\PSoC Creator\1\LWO2.cydsn\Generated_Source\PSoC4\cyfitter_cfg.c **** *
 207:C:\Program Files (x86)\Cypress\PSoC Creator\4.4\PSoC Creator\1\LWO2.cydsn\Generated_Source\PSoC4\cyfitter_cfg.c **** * Parameters:
 208:C:\Program Files (x86)\Cypress\PSoC Creator\4.4\PSoC Creator\1\LWO2.cydsn\Generated_Source\PSoC4\cyfitter_cfg.c **** *  void
 209:C:\Program Files (x86)\Cypress\PSoC Creator\4.4\PSoC Creator\1\LWO2.cydsn\Generated_Source\PSoC4\cyfitter_cfg.c **** *
 210:C:\Program Files (x86)\Cypress\PSoC Creator\4.4\PSoC Creator\1\LWO2.cydsn\Generated_Source\PSoC4\cyfitter_cfg.c **** * Return:
 211:C:\Program Files (x86)\Cypress\PSoC Creator\4.4\PSoC Creator\1\LWO2.cydsn\Generated_Source\PSoC4\cyfitter_cfg.c **** *  void
 212:C:\Program Files (x86)\Cypress\PSoC Creator\4.4\PSoC Creator\1\LWO2.cydsn\Generated_Source\PSoC4\cyfitter_cfg.c **** *
 213:C:\Program Files (x86)\Cypress\PSoC Creator\4.4\PSoC Creator\1\LWO2.cydsn\Generated_Source\PSoC4\cyfitter_cfg.c **** *******************************************************************************/
 214:C:\Program Files (x86)\Cypress\PSoC Creator\4.4\PSoC Creator\1\LWO2.cydsn\Generated_Source\PSoC4\cyfitter_cfg.c **** static void AnalogSetDefault(void);
 215:C:\Program Files (x86)\Cypress\PSoC Creator\4.4\PSoC Creator\1\LWO2.cydsn\Generated_Source\PSoC4\cyfitter_cfg.c **** static void AnalogSetDefault(void)
 216:C:\Program Files (x86)\Cypress\PSoC Creator\4.4\PSoC Creator\1\LWO2.cydsn\Generated_Source\PSoC4\cyfitter_cfg.c **** {
ARM GAS  C:\Users\taips\AppData\Local\Temp\ccUuNhQb.s 			page 7


 217:C:\Program Files (x86)\Cypress\PSoC Creator\4.4\PSoC Creator\1\LWO2.cydsn\Generated_Source\PSoC4\cyfitter_cfg.c **** }
 218:C:\Program Files (x86)\Cypress\PSoC Creator\4.4\PSoC Creator\1\LWO2.cydsn\Generated_Source\PSoC4\cyfitter_cfg.c **** 
 219:C:\Program Files (x86)\Cypress\PSoC Creator\4.4\PSoC Creator\1\LWO2.cydsn\Generated_Source\PSoC4\cyfitter_cfg.c **** 
 220:C:\Program Files (x86)\Cypress\PSoC Creator\4.4\PSoC Creator\1\LWO2.cydsn\Generated_Source\PSoC4\cyfitter_cfg.c **** 
 221:C:\Program Files (x86)\Cypress\PSoC Creator\4.4\PSoC Creator\1\LWO2.cydsn\Generated_Source\PSoC4\cyfitter_cfg.c **** 
 222:C:\Program Files (x86)\Cypress\PSoC Creator\4.4\PSoC Creator\1\LWO2.cydsn\Generated_Source\PSoC4\cyfitter_cfg.c **** /*******************************************************************************
 223:C:\Program Files (x86)\Cypress\PSoC Creator\4.4\PSoC Creator\1\LWO2.cydsn\Generated_Source\PSoC4\cyfitter_cfg.c **** * Function Name: cyfitter_cfg
 224:C:\Program Files (x86)\Cypress\PSoC Creator\4.4\PSoC Creator\1\LWO2.cydsn\Generated_Source\PSoC4\cyfitter_cfg.c **** ********************************************************************************
 225:C:\Program Files (x86)\Cypress\PSoC Creator\4.4\PSoC Creator\1\LWO2.cydsn\Generated_Source\PSoC4\cyfitter_cfg.c **** * Summary:
 226:C:\Program Files (x86)\Cypress\PSoC Creator\4.4\PSoC Creator\1\LWO2.cydsn\Generated_Source\PSoC4\cyfitter_cfg.c **** *  This function is called by the start-up code for the selected device. It
 227:C:\Program Files (x86)\Cypress\PSoC Creator\4.4\PSoC Creator\1\LWO2.cydsn\Generated_Source\PSoC4\cyfitter_cfg.c **** *  performs all of the necessary device configuration based on the design
 228:C:\Program Files (x86)\Cypress\PSoC Creator\4.4\PSoC Creator\1\LWO2.cydsn\Generated_Source\PSoC4\cyfitter_cfg.c **** *  settings.  This includes settings from the Design Wide Resources (DWR) such
 229:C:\Program Files (x86)\Cypress\PSoC Creator\4.4\PSoC Creator\1\LWO2.cydsn\Generated_Source\PSoC4\cyfitter_cfg.c **** *  as Clocks and Pins as well as any component configuration that is necessary.
 230:C:\Program Files (x86)\Cypress\PSoC Creator\4.4\PSoC Creator\1\LWO2.cydsn\Generated_Source\PSoC4\cyfitter_cfg.c **** *
 231:C:\Program Files (x86)\Cypress\PSoC Creator\4.4\PSoC Creator\1\LWO2.cydsn\Generated_Source\PSoC4\cyfitter_cfg.c **** * Parameters:
 232:C:\Program Files (x86)\Cypress\PSoC Creator\4.4\PSoC Creator\1\LWO2.cydsn\Generated_Source\PSoC4\cyfitter_cfg.c **** *   void
 233:C:\Program Files (x86)\Cypress\PSoC Creator\4.4\PSoC Creator\1\LWO2.cydsn\Generated_Source\PSoC4\cyfitter_cfg.c **** *
 234:C:\Program Files (x86)\Cypress\PSoC Creator\4.4\PSoC Creator\1\LWO2.cydsn\Generated_Source\PSoC4\cyfitter_cfg.c **** * Return:
 235:C:\Program Files (x86)\Cypress\PSoC Creator\4.4\PSoC Creator\1\LWO2.cydsn\Generated_Source\PSoC4\cyfitter_cfg.c **** *   void
 236:C:\Program Files (x86)\Cypress\PSoC Creator\4.4\PSoC Creator\1\LWO2.cydsn\Generated_Source\PSoC4\cyfitter_cfg.c **** *
 237:C:\Program Files (x86)\Cypress\PSoC Creator\4.4\PSoC Creator\1\LWO2.cydsn\Generated_Source\PSoC4\cyfitter_cfg.c **** *******************************************************************************/
 238:C:\Program Files (x86)\Cypress\PSoC Creator\4.4\PSoC Creator\1\LWO2.cydsn\Generated_Source\PSoC4\cyfitter_cfg.c **** CY_CFG_SECTION
 239:C:\Program Files (x86)\Cypress\PSoC Creator\4.4\PSoC Creator\1\LWO2.cydsn\Generated_Source\PSoC4\cyfitter_cfg.c **** void cyfitter_cfg(void)
 240:C:\Program Files (x86)\Cypress\PSoC Creator\4.4\PSoC Creator\1\LWO2.cydsn\Generated_Source\PSoC4\cyfitter_cfg.c **** {
 127              		.loc 1 240 0
 128              		.cfi_startproc
 129              		@ args = 0, pretend = 0, frame = 0
 130              		@ frame_needed = 0, uses_anonymous_args = 0
 131 005c 10B5     		push	{r4, lr}
 132              		.cfi_def_cfa_offset 8
 133              		.cfi_offset 4, -8
 134              		.cfi_offset 14, -4
 241:C:\Program Files (x86)\Cypress\PSoC Creator\4.4\PSoC Creator\1\LWO2.cydsn\Generated_Source\PSoC4\cyfitter_cfg.c **** 	/* Disable interrupts by default. Let user enable if/when they want. */
 242:C:\Program Files (x86)\Cypress\PSoC Creator\4.4\PSoC Creator\1\LWO2.cydsn\Generated_Source\PSoC4\cyfitter_cfg.c **** 	CyGlobalIntDisable;
 135              		.loc 1 242 0
 136              		.syntax divided
 137              	@ 242 "C:\Program Files (x86)\Cypress\PSoC Creator\4.4\PSoC Creator\1\LWO2.cydsn\Generated_Source\P
 138 005e 72B6     		CPSID   i
 139              	@ 0 "" 2
 140              	.LVL6:
 141              		.thumb
 142              		.syntax unified
 143              	.LBB2:
 243:C:\Program Files (x86)\Cypress\PSoC Creator\4.4\PSoC Creator\1\LWO2.cydsn\Generated_Source\PSoC4\cyfitter_cfg.c **** 
 244:C:\Program Files (x86)\Cypress\PSoC Creator\4.4\PSoC Creator\1\LWO2.cydsn\Generated_Source\PSoC4\cyfitter_cfg.c **** 	{
 245:C:\Program Files (x86)\Cypress\PSoC Creator\4.4\PSoC Creator\1\LWO2.cydsn\Generated_Source\PSoC4\cyfitter_cfg.c **** 
 246:C:\Program Files (x86)\Cypress\PSoC Creator\4.4\PSoC Creator\1\LWO2.cydsn\Generated_Source\PSoC4\cyfitter_cfg.c **** 		CYPACKED typedef struct {
 247:C:\Program Files (x86)\Cypress\PSoC Creator\4.4\PSoC Creator\1\LWO2.cydsn\Generated_Source\PSoC4\cyfitter_cfg.c **** 			void CYFAR *address;
 248:C:\Program Files (x86)\Cypress\PSoC Creator\4.4\PSoC Creator\1\LWO2.cydsn\Generated_Source\PSoC4\cyfitter_cfg.c **** 			uint16 size;
 249:C:\Program Files (x86)\Cypress\PSoC Creator\4.4\PSoC Creator\1\LWO2.cydsn\Generated_Source\PSoC4\cyfitter_cfg.c **** 		} CYPACKED_ATTR cfg_memset_t;
 250:C:\Program Files (x86)\Cypress\PSoC Creator\4.4\PSoC Creator\1\LWO2.cydsn\Generated_Source\PSoC4\cyfitter_cfg.c **** 
 251:C:\Program Files (x86)\Cypress\PSoC Creator\4.4\PSoC Creator\1\LWO2.cydsn\Generated_Source\PSoC4\cyfitter_cfg.c **** 		static const cfg_memset_t CYCODE cfg_memset_list[] = {
 252:C:\Program Files (x86)\Cypress\PSoC Creator\4.4\PSoC Creator\1\LWO2.cydsn\Generated_Source\PSoC4\cyfitter_cfg.c **** 			/* address, size */
 253:C:\Program Files (x86)\Cypress\PSoC Creator\4.4\PSoC Creator\1\LWO2.cydsn\Generated_Source\PSoC4\cyfitter_cfg.c **** 			{(void CYFAR *)(CYDEV_UDB_P0_U0_BASE), 1024u},
 254:C:\Program Files (x86)\Cypress\PSoC Creator\4.4\PSoC Creator\1\LWO2.cydsn\Generated_Source\PSoC4\cyfitter_cfg.c **** 			{(void CYFAR *)(CYDEV_UDB_DSI0_BASE), 1024u},
 255:C:\Program Files (x86)\Cypress\PSoC Creator\4.4\PSoC Creator\1\LWO2.cydsn\Generated_Source\PSoC4\cyfitter_cfg.c **** 		};
 256:C:\Program Files (x86)\Cypress\PSoC Creator\4.4\PSoC Creator\1\LWO2.cydsn\Generated_Source\PSoC4\cyfitter_cfg.c **** 
ARM GAS  C:\Users\taips\AppData\Local\Temp\ccUuNhQb.s 			page 8


 257:C:\Program Files (x86)\Cypress\PSoC Creator\4.4\PSoC Creator\1\LWO2.cydsn\Generated_Source\PSoC4\cyfitter_cfg.c **** 		uint8 CYDATA i;
 258:C:\Program Files (x86)\Cypress\PSoC Creator\4.4\PSoC Creator\1\LWO2.cydsn\Generated_Source\PSoC4\cyfitter_cfg.c **** 
 259:C:\Program Files (x86)\Cypress\PSoC Creator\4.4\PSoC Creator\1\LWO2.cydsn\Generated_Source\PSoC4\cyfitter_cfg.c **** 		/* Zero out critical memory blocks before beginning configuration */
 260:C:\Program Files (x86)\Cypress\PSoC Creator\4.4\PSoC Creator\1\LWO2.cydsn\Generated_Source\PSoC4\cyfitter_cfg.c **** 		for (i = 0u; i < (sizeof(cfg_memset_list)/sizeof(cfg_memset_list[0])); i++)
 144              		.loc 1 260 0
 145 0060 0024     		movs	r4, #0
 146 0062 0FE0     		b	.L6
 147              	.LVL7:
 148              	.L7:
 149              	.LBB3:
 261:C:\Program Files (x86)\Cypress\PSoC Creator\4.4\PSoC Creator\1\LWO2.cydsn\Generated_Source\PSoC4\cyfitter_cfg.c **** 		{
 262:C:\Program Files (x86)\Cypress\PSoC Creator\4.4\PSoC Creator\1\LWO2.cydsn\Generated_Source\PSoC4\cyfitter_cfg.c **** 			const cfg_memset_t CYCODE * CYDATA ms = &cfg_memset_list[i];
 263:C:\Program Files (x86)\Cypress\PSoC Creator\4.4\PSoC Creator\1\LWO2.cydsn\Generated_Source\PSoC4\cyfitter_cfg.c **** 			CYMEMZERO(ms->address, (size_t)(uint32)(ms->size));
 150              		.loc 1 263 0 discriminator 3
 151 0064 1E48     		ldr	r0, .L8
 152 0066 6200     		lsls	r2, r4, #1
 153 0068 1319     		adds	r3, r2, r4
 154 006a 5900     		lsls	r1, r3, #1
 155 006c 0B00     		movs	r3, r1
 156 006e 4118     		adds	r1, r0, r1
 157 0070 8988     		ldrh	r1, [r1, #4]
 158 0072 1A5A     		ldrh	r2, [r3, r0]
 159 0074 C318     		adds	r3, r0, r3
 160 0076 5888     		ldrh	r0, [r3, #2]
 161 0078 0004     		lsls	r0, r0, #16
 162 007a 1043     		orrs	r0, r2
 163 007c FFF7FEFF 		bl	CYMEMZERO
 164              	.LVL8:
 165              	.LBE3:
 260:C:\Program Files (x86)\Cypress\PSoC Creator\4.4\PSoC Creator\1\LWO2.cydsn\Generated_Source\PSoC4\cyfitter_cfg.c **** 		{
 166              		.loc 1 260 0 discriminator 3
 167 0080 0134     		adds	r4, r4, #1
 168              	.LVL9:
 169 0082 E4B2     		uxtb	r4, r4
 170              	.LVL10:
 171              	.L6:
 260:C:\Program Files (x86)\Cypress\PSoC Creator\4.4\PSoC Creator\1\LWO2.cydsn\Generated_Source\PSoC4\cyfitter_cfg.c **** 		{
 172              		.loc 1 260 0 is_stmt 0 discriminator 1
 173 0084 012C     		cmp	r4, #1
 174 0086 EDD9     		bls	.L7
 264:C:\Program Files (x86)\Cypress\PSoC Creator\4.4\PSoC Creator\1\LWO2.cydsn\Generated_Source\PSoC4\cyfitter_cfg.c **** 		}
 265:C:\Program Files (x86)\Cypress\PSoC Creator\4.4\PSoC Creator\1\LWO2.cydsn\Generated_Source\PSoC4\cyfitter_cfg.c **** 
 266:C:\Program Files (x86)\Cypress\PSoC Creator\4.4\PSoC Creator\1\LWO2.cydsn\Generated_Source\PSoC4\cyfitter_cfg.c **** 		/* HSIOM Starting address: CYDEV_HSIOM_BASE */
 267:C:\Program Files (x86)\Cypress\PSoC Creator\4.4\PSoC Creator\1\LWO2.cydsn\Generated_Source\PSoC4\cyfitter_cfg.c **** 		CY_SET_REG32((void *)(CYREG_HSIOM_PORT_SEL3), 0x0000EE00u);
 175              		.loc 1 267 0 is_stmt 1
 176 0088 EE22     		movs	r2, #238
 177 008a 1202     		lsls	r2, r2, #8
 178 008c 154B     		ldr	r3, .L8+4
 179 008e 1A60     		str	r2, [r3]
 268:C:\Program Files (x86)\Cypress\PSoC Creator\4.4\PSoC Creator\1\LWO2.cydsn\Generated_Source\PSoC4\cyfitter_cfg.c **** 
 269:C:\Program Files (x86)\Cypress\PSoC Creator\4.4\PSoC Creator\1\LWO2.cydsn\Generated_Source\PSoC4\cyfitter_cfg.c **** 		/* UDB_PA_0 Starting address: CYDEV_UDB_PA0_BASE */
 270:C:\Program Files (x86)\Cypress\PSoC Creator\4.4\PSoC Creator\1\LWO2.cydsn\Generated_Source\PSoC4\cyfitter_cfg.c **** 		CY_SET_REG32((void *)(CYDEV_UDB_PA0_BASE), 0x00990000u);
 180              		.loc 1 270 0
 181 0090 9923     		movs	r3, #153
 182 0092 1B04     		lsls	r3, r3, #16
 183 0094 144A     		ldr	r2, .L8+8
 184 0096 1360     		str	r3, [r2]
ARM GAS  C:\Users\taips\AppData\Local\Temp\ccUuNhQb.s 			page 9


 271:C:\Program Files (x86)\Cypress\PSoC Creator\4.4\PSoC Creator\1\LWO2.cydsn\Generated_Source\PSoC4\cyfitter_cfg.c **** 
 272:C:\Program Files (x86)\Cypress\PSoC Creator\4.4\PSoC Creator\1\LWO2.cydsn\Generated_Source\PSoC4\cyfitter_cfg.c **** 		/* UDB_PA_1 Starting address: CYDEV_UDB_PA1_BASE */
 273:C:\Program Files (x86)\Cypress\PSoC Creator\4.4\PSoC Creator\1\LWO2.cydsn\Generated_Source\PSoC4\cyfitter_cfg.c **** 		CY_SET_REG32((void *)(CYDEV_UDB_PA1_BASE), 0x00990000u);
 185              		.loc 1 273 0
 186 0098 144A     		ldr	r2, .L8+12
 187 009a 1360     		str	r3, [r2]
 274:C:\Program Files (x86)\Cypress\PSoC Creator\4.4\PSoC Creator\1\LWO2.cydsn\Generated_Source\PSoC4\cyfitter_cfg.c **** 
 275:C:\Program Files (x86)\Cypress\PSoC Creator\4.4\PSoC Creator\1\LWO2.cydsn\Generated_Source\PSoC4\cyfitter_cfg.c **** 		/* UDB_PA_2 Starting address: CYDEV_UDB_PA2_BASE */
 276:C:\Program Files (x86)\Cypress\PSoC Creator\4.4\PSoC Creator\1\LWO2.cydsn\Generated_Source\PSoC4\cyfitter_cfg.c **** 		CY_SET_REG32((void *)(CYDEV_UDB_PA2_BASE), 0x00990000u);
 188              		.loc 1 276 0
 189 009c 144A     		ldr	r2, .L8+16
 190 009e 1360     		str	r3, [r2]
 277:C:\Program Files (x86)\Cypress\PSoC Creator\4.4\PSoC Creator\1\LWO2.cydsn\Generated_Source\PSoC4\cyfitter_cfg.c **** 
 278:C:\Program Files (x86)\Cypress\PSoC Creator\4.4\PSoC Creator\1\LWO2.cydsn\Generated_Source\PSoC4\cyfitter_cfg.c **** 		/* UDB_PA_3 Starting address: CYDEV_UDB_PA3_BASE */
 279:C:\Program Files (x86)\Cypress\PSoC Creator\4.4\PSoC Creator\1\LWO2.cydsn\Generated_Source\PSoC4\cyfitter_cfg.c **** 		CY_SET_REG32((void *)(CYDEV_UDB_PA3_BASE), 0x00990000u);
 191              		.loc 1 279 0
 192 00a0 144A     		ldr	r2, .L8+20
 193 00a2 1360     		str	r3, [r2]
 280:C:\Program Files (x86)\Cypress\PSoC Creator\4.4\PSoC Creator\1\LWO2.cydsn\Generated_Source\PSoC4\cyfitter_cfg.c **** 
 281:C:\Program Files (x86)\Cypress\PSoC Creator\4.4\PSoC Creator\1\LWO2.cydsn\Generated_Source\PSoC4\cyfitter_cfg.c **** 		/* Enable digital routing */
 282:C:\Program Files (x86)\Cypress\PSoC Creator\4.4\PSoC Creator\1\LWO2.cydsn\Generated_Source\PSoC4\cyfitter_cfg.c **** 		CY_SET_XTND_REG8((void *)CYREG_UDB_UDBIF_BANK_CTL, (uint8)(CY_GET_XTND_REG8((void *)CYREG_UDB_UDB
 194              		.loc 1 282 0
 195 00a4 144A     		ldr	r2, .L8+24
 196 00a6 1178     		ldrb	r1, [r2]
 197 00a8 0623     		movs	r3, #6
 198 00aa 0B43     		orrs	r3, r1
 199 00ac DBB2     		uxtb	r3, r3
 200 00ae 1370     		strb	r3, [r2]
 201              	.LBE2:
 283:C:\Program Files (x86)\Cypress\PSoC Creator\4.4\PSoC Creator\1\LWO2.cydsn\Generated_Source\PSoC4\cyfitter_cfg.c **** 	}
 284:C:\Program Files (x86)\Cypress\PSoC Creator\4.4\PSoC Creator\1\LWO2.cydsn\Generated_Source\PSoC4\cyfitter_cfg.c **** 
 285:C:\Program Files (x86)\Cypress\PSoC Creator\4.4\PSoC Creator\1\LWO2.cydsn\Generated_Source\PSoC4\cyfitter_cfg.c **** 	/* Perform second pass device configuration. These items must be configured in specific order afte
 286:C:\Program Files (x86)\Cypress\PSoC Creator\4.4\PSoC Creator\1\LWO2.cydsn\Generated_Source\PSoC4\cyfitter_cfg.c **** 	/* IOPINS0_0 Starting address: CYDEV_PRT0_BASE */
 287:C:\Program Files (x86)\Cypress\PSoC Creator\4.4\PSoC Creator\1\LWO2.cydsn\Generated_Source\PSoC4\cyfitter_cfg.c **** 	CY_SET_REG32((void *)(CYDEV_PRT0_BASE), 0x00000080u);
 202              		.loc 1 287 0
 203 00b0 8023     		movs	r3, #128
 204 00b2 124A     		ldr	r2, .L8+28
 205 00b4 1360     		str	r3, [r2]
 288:C:\Program Files (x86)\Cypress\PSoC Creator\4.4\PSoC Creator\1\LWO2.cydsn\Generated_Source\PSoC4\cyfitter_cfg.c **** 	CY_SET_REG32((void *)(CYREG_PRT0_PC), 0x00400D80u);
 206              		.loc 1 288 0
 207 00b6 1249     		ldr	r1, .L8+32
 208 00b8 124A     		ldr	r2, .L8+36
 209 00ba 1160     		str	r1, [r2]
 289:C:\Program Files (x86)\Cypress\PSoC Creator\4.4\PSoC Creator\1\LWO2.cydsn\Generated_Source\PSoC4\cyfitter_cfg.c **** 
 290:C:\Program Files (x86)\Cypress\PSoC Creator\4.4\PSoC Creator\1\LWO2.cydsn\Generated_Source\PSoC4\cyfitter_cfg.c **** 	/* IOPINS0_1 Starting address: CYDEV_PRT1_BASE */
 291:C:\Program Files (x86)\Cypress\PSoC Creator\4.4\PSoC Creator\1\LWO2.cydsn\Generated_Source\PSoC4\cyfitter_cfg.c **** 	CY_SET_REG32((void *)(CYREG_PRT1_PC), 0x00180000u);
 210              		.loc 1 291 0
 211 00bc C021     		movs	r1, #192
 212 00be 4903     		lsls	r1, r1, #13
 213 00c0 114A     		ldr	r2, .L8+40
 214 00c2 1160     		str	r1, [r2]
 292:C:\Program Files (x86)\Cypress\PSoC Creator\4.4\PSoC Creator\1\LWO2.cydsn\Generated_Source\PSoC4\cyfitter_cfg.c **** 
 293:C:\Program Files (x86)\Cypress\PSoC Creator\4.4\PSoC Creator\1\LWO2.cydsn\Generated_Source\PSoC4\cyfitter_cfg.c **** 	/* IOPINS0_2 Starting address: CYDEV_PRT2_BASE */
 294:C:\Program Files (x86)\Cypress\PSoC Creator\4.4\PSoC Creator\1\LWO2.cydsn\Generated_Source\PSoC4\cyfitter_cfg.c **** 	CY_SET_REG32((void *)(CYDEV_PRT2_BASE), 0x00000080u);
 215              		.loc 1 294 0
 216 00c4 114A     		ldr	r2, .L8+44
 217 00c6 1360     		str	r3, [r2]
ARM GAS  C:\Users\taips\AppData\Local\Temp\ccUuNhQb.s 			page 10


 295:C:\Program Files (x86)\Cypress\PSoC Creator\4.4\PSoC Creator\1\LWO2.cydsn\Generated_Source\PSoC4\cyfitter_cfg.c **** 	CY_SET_REG32((void *)(CYREG_PRT2_PC), 0x00C00000u);
 218              		.loc 1 295 0
 219 00c8 C022     		movs	r2, #192
 220 00ca 1204     		lsls	r2, r2, #16
 221 00cc 104B     		ldr	r3, .L8+48
 222 00ce 1A60     		str	r2, [r3]
 296:C:\Program Files (x86)\Cypress\PSoC Creator\4.4\PSoC Creator\1\LWO2.cydsn\Generated_Source\PSoC4\cyfitter_cfg.c **** 
 297:C:\Program Files (x86)\Cypress\PSoC Creator\4.4\PSoC Creator\1\LWO2.cydsn\Generated_Source\PSoC4\cyfitter_cfg.c **** 	/* IOPINS0_3 Starting address: CYDEV_PRT3_BASE */
 298:C:\Program Files (x86)\Cypress\PSoC Creator\4.4\PSoC Creator\1\LWO2.cydsn\Generated_Source\PSoC4\cyfitter_cfg.c **** 	CY_SET_REG32((void *)(CYREG_PRT3_PC), 0x00000D80u);
 223              		.loc 1 298 0
 224 00d0 D822     		movs	r2, #216
 225 00d2 1201     		lsls	r2, r2, #4
 226 00d4 0F4B     		ldr	r3, .L8+52
 227 00d6 1A60     		str	r2, [r3]
 299:C:\Program Files (x86)\Cypress\PSoC Creator\4.4\PSoC Creator\1\LWO2.cydsn\Generated_Source\PSoC4\cyfitter_cfg.c **** 
 300:C:\Program Files (x86)\Cypress\PSoC Creator\4.4\PSoC Creator\1\LWO2.cydsn\Generated_Source\PSoC4\cyfitter_cfg.c **** 
 301:C:\Program Files (x86)\Cypress\PSoC Creator\4.4\PSoC Creator\1\LWO2.cydsn\Generated_Source\PSoC4\cyfitter_cfg.c **** 	/* Setup clocks based on selections from Clock DWR */
 302:C:\Program Files (x86)\Cypress\PSoC Creator\4.4\PSoC Creator\1\LWO2.cydsn\Generated_Source\PSoC4\cyfitter_cfg.c **** 	ClockSetup();
 228              		.loc 1 302 0
 229 00d8 FFF792FF 		bl	ClockSetup
 230              	.LVL11:
 303:C:\Program Files (x86)\Cypress\PSoC Creator\4.4\PSoC Creator\1\LWO2.cydsn\Generated_Source\PSoC4\cyfitter_cfg.c **** 
 304:C:\Program Files (x86)\Cypress\PSoC Creator\4.4\PSoC Creator\1\LWO2.cydsn\Generated_Source\PSoC4\cyfitter_cfg.c **** 	/* Perform basic analog initialization to defaults */
 305:C:\Program Files (x86)\Cypress\PSoC Creator\4.4\PSoC Creator\1\LWO2.cydsn\Generated_Source\PSoC4\cyfitter_cfg.c **** 	AnalogSetDefault();
 306:C:\Program Files (x86)\Cypress\PSoC Creator\4.4\PSoC Creator\1\LWO2.cydsn\Generated_Source\PSoC4\cyfitter_cfg.c **** 
 307:C:\Program Files (x86)\Cypress\PSoC Creator\4.4\PSoC Creator\1\LWO2.cydsn\Generated_Source\PSoC4\cyfitter_cfg.c **** }
 231              		.loc 1 307 0
 232              		@ sp needed
 233              	.LVL12:
 234 00dc 10BD     		pop	{r4, pc}
 235              	.L9:
 236 00de C046     		.align	2
 237              	.L8:
 238 00e0 00000000 		.word	.LANCHOR0
 239 00e4 0C000140 		.word	1073807372
 240 00e8 00500F40 		.word	1074745344
 241 00ec 10500F40 		.word	1074745360
 242 00f0 20500F40 		.word	1074745376
 243 00f4 30500F40 		.word	1074745392
 244 00f8 00700F40 		.word	1074753536
 245 00fc 00000440 		.word	1074003968
 246 0100 800D4000 		.word	4197760
 247 0104 08000440 		.word	1074003976
 248 0108 08010440 		.word	1074004232
 249 010c 00020440 		.word	1074004480
 250 0110 08020440 		.word	1074004488
 251 0114 08030440 		.word	1074004744
 252              		.cfi_endproc
 253              	.LFE5:
 254              		.size	cyfitter_cfg, .-cyfitter_cfg
 255              		.section	.rodata
 256              		.align	2
 257              		.set	.LANCHOR0,. + 0
 258              		.type	cfg_memset_list.4847, %object
 259              		.size	cfg_memset_list.4847, 12
 260              	cfg_memset_list.4847:
 261 0000 00300F40 		.word	1074737152
ARM GAS  C:\Users\taips\AppData\Local\Temp\ccUuNhQb.s 			page 11


 262 0004 0004     		.short	1024
 263 0006 00400F40 		.4byte	1074741248
 264 000a 0004     		.short	1024
 265              		.text
 266              	.Letext0:
 267              		.file 2 "c:\\program files (x86)\\cypress\\psoc creator\\4.4\\psoc creator\\import\\gnu\\arm\\5.4.
 268              		.file 3 "C:\\Program Files (x86)\\Cypress\\PSoC Creator\\4.4\\PSoC Creator\\1\\LWO2.cydsn\\Generat
 269              		.file 4 "C:\\Program Files (x86)\\Cypress\\PSoC Creator\\4.4\\PSoC Creator\\1\\LWO2.cydsn\\Generat
 270              		.section	.debug_info,"",%progbits
 271              	.Ldebug_info0:
 272 0000 70020000 		.4byte	0x270
 273 0004 0400     		.2byte	0x4
 274 0006 00000000 		.4byte	.Ldebug_abbrev0
 275 000a 04       		.byte	0x4
 276 000b 01       		.uleb128 0x1
 277 000c 5B010000 		.4byte	.LASF29
 278 0010 0C       		.byte	0xc
 279 0011 50000000 		.4byte	.LASF30
 280 0015 00000000 		.4byte	.Ldebug_ranges0+0
 281 0019 00000000 		.4byte	0
 282 001d 00000000 		.4byte	.Ldebug_line0
 283 0021 02       		.uleb128 0x2
 284 0022 04       		.byte	0x4
 285 0023 05       		.byte	0x5
 286 0024 696E7400 		.ascii	"int\000"
 287 0028 03       		.uleb128 0x3
 288 0029 06000000 		.4byte	.LASF12
 289 002d 02       		.byte	0x2
 290 002e D8       		.byte	0xd8
 291 002f 33000000 		.4byte	0x33
 292 0033 04       		.uleb128 0x4
 293 0034 04       		.byte	0x4
 294 0035 07       		.byte	0x7
 295 0036 22010000 		.4byte	.LASF0
 296 003a 04       		.uleb128 0x4
 297 003b 08       		.byte	0x8
 298 003c 05       		.byte	0x5
 299 003d FF010000 		.4byte	.LASF1
 300 0041 04       		.uleb128 0x4
 301 0042 08       		.byte	0x8
 302 0043 04       		.byte	0x4
 303 0044 3A020000 		.4byte	.LASF2
 304 0048 04       		.uleb128 0x4
 305 0049 01       		.byte	0x1
 306 004a 06       		.byte	0x6
 307 004b 46020000 		.4byte	.LASF3
 308 004f 04       		.uleb128 0x4
 309 0050 01       		.byte	0x1
 310 0051 08       		.byte	0x8
 311 0052 EC000000 		.4byte	.LASF4
 312 0056 04       		.uleb128 0x4
 313 0057 02       		.byte	0x2
 314 0058 05       		.byte	0x5
 315 0059 12020000 		.4byte	.LASF5
 316 005d 04       		.uleb128 0x4
 317 005e 02       		.byte	0x2
 318 005f 07       		.byte	0x7
ARM GAS  C:\Users\taips\AppData\Local\Temp\ccUuNhQb.s 			page 12


 319 0060 37000000 		.4byte	.LASF6
 320 0064 04       		.uleb128 0x4
 321 0065 04       		.byte	0x4
 322 0066 05       		.byte	0x5
 323 0067 31020000 		.4byte	.LASF7
 324 006b 04       		.uleb128 0x4
 325 006c 04       		.byte	0x4
 326 006d 07       		.byte	0x7
 327 006e CA000000 		.4byte	.LASF8
 328 0072 04       		.uleb128 0x4
 329 0073 08       		.byte	0x8
 330 0074 07       		.byte	0x7
 331 0075 44010000 		.4byte	.LASF9
 332 0079 04       		.uleb128 0x4
 333 007a 04       		.byte	0x4
 334 007b 07       		.byte	0x7
 335 007c F6010000 		.4byte	.LASF10
 336 0080 05       		.uleb128 0x5
 337 0081 04       		.byte	0x4
 338 0082 04       		.uleb128 0x4
 339 0083 01       		.byte	0x1
 340 0084 08       		.byte	0x8
 341 0085 0D020000 		.4byte	.LASF11
 342 0089 06       		.uleb128 0x6
 343 008a DC000000 		.4byte	.LASF13
 344 008e 03       		.byte	0x3
 345 008f FB01     		.2byte	0x1fb
 346 0091 4F000000 		.4byte	0x4f
 347 0095 06       		.uleb128 0x6
 348 0096 14010000 		.4byte	.LASF14
 349 009a 03       		.byte	0x3
 350 009b FC01     		.2byte	0x1fc
 351 009d 5D000000 		.4byte	0x5d
 352 00a1 06       		.uleb128 0x6
 353 00a2 1B010000 		.4byte	.LASF15
 354 00a6 03       		.byte	0x3
 355 00a7 FD01     		.2byte	0x1fd
 356 00a9 6B000000 		.4byte	0x6b
 357 00ad 04       		.uleb128 0x4
 358 00ae 04       		.byte	0x4
 359 00af 04       		.byte	0x4
 360 00b0 4A000000 		.4byte	.LASF16
 361 00b4 04       		.uleb128 0x4
 362 00b5 08       		.byte	0x8
 363 00b6 04       		.byte	0x4
 364 00b7 01010000 		.4byte	.LASF17
 365 00bb 06       		.uleb128 0x6
 366 00bc C5000000 		.4byte	.LASF18
 367 00c0 03       		.byte	0x3
 368 00c1 A502     		.2byte	0x2a5
 369 00c3 C7000000 		.4byte	0xc7
 370 00c7 07       		.uleb128 0x7
 371 00c8 89000000 		.4byte	0x89
 372 00cc 06       		.uleb128 0x6
 373 00cd 00000000 		.4byte	.LASF19
 374 00d1 03       		.byte	0x3
 375 00d2 A702     		.2byte	0x2a7
ARM GAS  C:\Users\taips\AppData\Local\Temp\ccUuNhQb.s 			page 13


 376 00d4 D8000000 		.4byte	0xd8
 377 00d8 07       		.uleb128 0x7
 378 00d9 A1000000 		.4byte	0xa1
 379 00dd 08       		.uleb128 0x8
 380 00de E2000000 		.4byte	.LASF20
 381 00e2 01       		.byte	0x1
 382 00e3 4C       		.byte	0x4c
 383 00e4 00000000 		.4byte	.LFB0
 384 00e8 0C000000 		.4byte	.LFE0-.LFB0
 385 00ec 01       		.uleb128 0x1
 386 00ed 9C       		.byte	0x9c
 387 00ee 2A010000 		.4byte	0x12a
 388 00f2 09       		.uleb128 0x9
 389 00f3 7300     		.ascii	"s\000"
 390 00f5 01       		.byte	0x1
 391 00f6 4C       		.byte	0x4c
 392 00f7 80000000 		.4byte	0x80
 393 00fb 00000000 		.4byte	.LLST0
 394 00ff 09       		.uleb128 0x9
 395 0100 6E00     		.ascii	"n\000"
 396 0102 01       		.byte	0x1
 397 0103 4C       		.byte	0x4c
 398 0104 28000000 		.4byte	0x28
 399 0108 21000000 		.4byte	.LLST1
 400 010c 0A       		.uleb128 0xa
 401 010d 0A000000 		.4byte	.LVL2
 402 0111 49020000 		.4byte	0x249
 403 0115 0B       		.uleb128 0xb
 404 0116 01       		.uleb128 0x1
 405 0117 50       		.byte	0x50
 406 0118 03       		.uleb128 0x3
 407 0119 F3       		.byte	0xf3
 408 011a 01       		.uleb128 0x1
 409 011b 50       		.byte	0x50
 410 011c 0B       		.uleb128 0xb
 411 011d 01       		.uleb128 0x1
 412 011e 51       		.byte	0x51
 413 011f 01       		.uleb128 0x1
 414 0120 30       		.byte	0x30
 415 0121 0B       		.uleb128 0xb
 416 0122 01       		.uleb128 0x1
 417 0123 52       		.byte	0x52
 418 0124 03       		.uleb128 0x3
 419 0125 F3       		.byte	0xf3
 420 0126 01       		.uleb128 0x1
 421 0127 51       		.byte	0x51
 422 0128 00       		.byte	0
 423 0129 00       		.byte	0
 424 012a 08       		.uleb128 0x8
 425 012b 2C000000 		.4byte	.LASF21
 426 012f 01       		.byte	0x1
 427 0130 AA       		.byte	0xaa
 428 0131 00000000 		.4byte	.LFB3
 429 0135 5C000000 		.4byte	.LFE3-.LFB3
 430 0139 01       		.uleb128 0x1
 431 013a 9C       		.byte	0x9c
 432 013b 75010000 		.4byte	0x175
ARM GAS  C:\Users\taips\AppData\Local\Temp\ccUuNhQb.s 			page 14


 433 013f 0C       		.uleb128 0xc
 434 0140 14000000 		.4byte	.LVL3
 435 0144 52020000 		.4byte	0x252
 436 0148 52010000 		.4byte	0x152
 437 014c 0B       		.uleb128 0xb
 438 014d 01       		.uleb128 0x1
 439 014e 50       		.byte	0x50
 440 014f 01       		.uleb128 0x1
 441 0150 48       		.byte	0x48
 442 0151 00       		.byte	0
 443 0152 0C       		.uleb128 0xc
 444 0153 34000000 		.4byte	.LVL4
 445 0157 5D020000 		.4byte	0x25d
 446 015b 65010000 		.4byte	0x165
 447 015f 0B       		.uleb128 0xb
 448 0160 01       		.uleb128 0x1
 449 0161 50       		.byte	0x50
 450 0162 01       		.uleb128 0x1
 451 0163 39       		.byte	0x39
 452 0164 00       		.byte	0
 453 0165 0A       		.uleb128 0xa
 454 0166 3A000000 		.4byte	.LVL5
 455 016a 68020000 		.4byte	0x268
 456 016e 0B       		.uleb128 0xb
 457 016f 01       		.uleb128 0x1
 458 0170 50       		.byte	0x50
 459 0171 01       		.uleb128 0x1
 460 0172 39       		.byte	0x39
 461 0173 00       		.byte	0
 462 0174 00       		.byte	0
 463 0175 0D       		.uleb128 0xd
 464 0176 2F010000 		.4byte	.LASF31
 465 017a 01       		.byte	0x1
 466 017b EF       		.byte	0xef
 467 017c 5C000000 		.4byte	.LFB5
 468 0180 BC000000 		.4byte	.LFE5-.LFB5
 469 0184 01       		.uleb128 0x1
 470 0185 9C       		.byte	0x9c
 471 0186 49020000 		.4byte	0x249
 472 018a 0E       		.uleb128 0xe
 473 018b 60000000 		.4byte	.LBB2
 474 018f 50000000 		.4byte	.LBE2-.LBB2
 475 0193 3F020000 		.4byte	0x23f
 476 0197 0F       		.uleb128 0xf
 477 0198 06       		.byte	0x6
 478 0199 01       		.byte	0x1
 479 019a F6       		.byte	0xf6
 480 019b B8010000 		.4byte	0x1b8
 481 019f 10       		.uleb128 0x10
 482 01a0 3C010000 		.4byte	.LASF22
 483 01a4 01       		.byte	0x1
 484 01a5 F7       		.byte	0xf7
 485 01a6 80000000 		.4byte	0x80
 486 01aa 00       		.byte	0
 487 01ab 10       		.uleb128 0x10
 488 01ac C0000000 		.4byte	.LASF23
 489 01b0 01       		.byte	0x1
ARM GAS  C:\Users\taips\AppData\Local\Temp\ccUuNhQb.s 			page 15


 490 01b1 F8       		.byte	0xf8
 491 01b2 95000000 		.4byte	0x95
 492 01b6 04       		.byte	0x4
 493 01b7 00       		.byte	0
 494 01b8 03       		.uleb128 0x3
 495 01b9 E9010000 		.4byte	.LASF24
 496 01bd 01       		.byte	0x1
 497 01be F9       		.byte	0xf9
 498 01bf 97010000 		.4byte	0x197
 499 01c3 11       		.uleb128 0x11
 500 01c4 D3010000 		.4byte	0x1d3
 501 01c8 D3010000 		.4byte	0x1d3
 502 01cc 12       		.uleb128 0x12
 503 01cd 79000000 		.4byte	0x79
 504 01d1 01       		.byte	0x1
 505 01d2 00       		.byte	0
 506 01d3 13       		.uleb128 0x13
 507 01d4 B8010000 		.4byte	0x1b8
 508 01d8 14       		.uleb128 0x14
 509 01d9 1C000000 		.4byte	.LASF25
 510 01dd 01       		.byte	0x1
 511 01de FB       		.byte	0xfb
 512 01df E9010000 		.4byte	0x1e9
 513 01e3 05       		.uleb128 0x5
 514 01e4 03       		.byte	0x3
 515 01e5 00000000 		.4byte	cfg_memset_list.4847
 516 01e9 13       		.uleb128 0x13
 517 01ea C3010000 		.4byte	0x1c3
 518 01ee 15       		.uleb128 0x15
 519 01ef 6900     		.ascii	"i\000"
 520 01f1 01       		.byte	0x1
 521 01f2 0101     		.2byte	0x101
 522 01f4 89000000 		.4byte	0x89
 523 01f8 4D000000 		.4byte	.LLST2
 524 01fc 16       		.uleb128 0x16
 525 01fd 64000000 		.4byte	.LBB3
 526 0201 1C000000 		.4byte	.LBE3-.LBB3
 527 0205 15       		.uleb128 0x15
 528 0206 6D7300   		.ascii	"ms\000"
 529 0209 01       		.byte	0x1
 530 020a 0601     		.2byte	0x106
 531 020c 14020000 		.4byte	0x214
 532 0210 77000000 		.4byte	.LLST3
 533 0214 17       		.uleb128 0x17
 534 0215 04       		.byte	0x4
 535 0216 D3010000 		.4byte	0x1d3
 536 021a 0A       		.uleb128 0xa
 537 021b 80000000 		.4byte	.LVL8
 538 021f DD000000 		.4byte	0xdd
 539 0223 0B       		.uleb128 0xb
 540 0224 01       		.uleb128 0x1
 541 0225 51       		.byte	0x51
 542 0226 15       		.uleb128 0x15
 543 0227 74       		.byte	0x74
 544 0228 00       		.sleb128 0
 545 0229 31       		.byte	0x31
 546 022a 24       		.byte	0x24
ARM GAS  C:\Users\taips\AppData\Local\Temp\ccUuNhQb.s 			page 16


 547 022b 74       		.byte	0x74
 548 022c 00       		.sleb128 0
 549 022d 22       		.byte	0x22
 550 022e 31       		.byte	0x31
 551 022f 24       		.byte	0x24
 552 0230 03       		.byte	0x3
 553 0231 04000000 		.4byte	.LANCHOR0+4
 554 0235 22       		.byte	0x22
 555 0236 94       		.byte	0x94
 556 0237 02       		.byte	0x2
 557 0238 0A       		.byte	0xa
 558 0239 FFFF     		.2byte	0xffff
 559 023b 1A       		.byte	0x1a
 560 023c 00       		.byte	0
 561 023d 00       		.byte	0
 562 023e 00       		.byte	0
 563 023f 18       		.uleb128 0x18
 564 0240 DC000000 		.4byte	.LVL11
 565 0244 2A010000 		.4byte	0x12a
 566 0248 00       		.byte	0
 567 0249 19       		.uleb128 0x19
 568 024a FA000000 		.4byte	.LASF32
 569 024e FA000000 		.4byte	.LASF32
 570 0252 1A       		.uleb128 0x1a
 571 0253 1C020000 		.4byte	.LASF26
 572 0257 1C020000 		.4byte	.LASF26
 573 025b 04       		.byte	0x4
 574 025c 6C       		.byte	0x6c
 575 025d 1A       		.uleb128 0x1a
 576 025e 0D000000 		.4byte	.LASF27
 577 0262 0D000000 		.4byte	.LASF27
 578 0266 04       		.byte	0x4
 579 0267 D0       		.byte	0xd0
 580 0268 1A       		.uleb128 0x1a
 581 0269 08010000 		.4byte	.LASF28
 582 026d 08010000 		.4byte	.LASF28
 583 0271 04       		.byte	0x4
 584 0272 D6       		.byte	0xd6
 585 0273 00       		.byte	0
 586              		.section	.debug_abbrev,"",%progbits
 587              	.Ldebug_abbrev0:
 588 0000 01       		.uleb128 0x1
 589 0001 11       		.uleb128 0x11
 590 0002 01       		.byte	0x1
 591 0003 25       		.uleb128 0x25
 592 0004 0E       		.uleb128 0xe
 593 0005 13       		.uleb128 0x13
 594 0006 0B       		.uleb128 0xb
 595 0007 03       		.uleb128 0x3
 596 0008 0E       		.uleb128 0xe
 597 0009 55       		.uleb128 0x55
 598 000a 17       		.uleb128 0x17
 599 000b 11       		.uleb128 0x11
 600 000c 01       		.uleb128 0x1
 601 000d 10       		.uleb128 0x10
 602 000e 17       		.uleb128 0x17
 603 000f 00       		.byte	0
ARM GAS  C:\Users\taips\AppData\Local\Temp\ccUuNhQb.s 			page 17


 604 0010 00       		.byte	0
 605 0011 02       		.uleb128 0x2
 606 0012 24       		.uleb128 0x24
 607 0013 00       		.byte	0
 608 0014 0B       		.uleb128 0xb
 609 0015 0B       		.uleb128 0xb
 610 0016 3E       		.uleb128 0x3e
 611 0017 0B       		.uleb128 0xb
 612 0018 03       		.uleb128 0x3
 613 0019 08       		.uleb128 0x8
 614 001a 00       		.byte	0
 615 001b 00       		.byte	0
 616 001c 03       		.uleb128 0x3
 617 001d 16       		.uleb128 0x16
 618 001e 00       		.byte	0
 619 001f 03       		.uleb128 0x3
 620 0020 0E       		.uleb128 0xe
 621 0021 3A       		.uleb128 0x3a
 622 0022 0B       		.uleb128 0xb
 623 0023 3B       		.uleb128 0x3b
 624 0024 0B       		.uleb128 0xb
 625 0025 49       		.uleb128 0x49
 626 0026 13       		.uleb128 0x13
 627 0027 00       		.byte	0
 628 0028 00       		.byte	0
 629 0029 04       		.uleb128 0x4
 630 002a 24       		.uleb128 0x24
 631 002b 00       		.byte	0
 632 002c 0B       		.uleb128 0xb
 633 002d 0B       		.uleb128 0xb
 634 002e 3E       		.uleb128 0x3e
 635 002f 0B       		.uleb128 0xb
 636 0030 03       		.uleb128 0x3
 637 0031 0E       		.uleb128 0xe
 638 0032 00       		.byte	0
 639 0033 00       		.byte	0
 640 0034 05       		.uleb128 0x5
 641 0035 0F       		.uleb128 0xf
 642 0036 00       		.byte	0
 643 0037 0B       		.uleb128 0xb
 644 0038 0B       		.uleb128 0xb
 645 0039 00       		.byte	0
 646 003a 00       		.byte	0
 647 003b 06       		.uleb128 0x6
 648 003c 16       		.uleb128 0x16
 649 003d 00       		.byte	0
 650 003e 03       		.uleb128 0x3
 651 003f 0E       		.uleb128 0xe
 652 0040 3A       		.uleb128 0x3a
 653 0041 0B       		.uleb128 0xb
 654 0042 3B       		.uleb128 0x3b
 655 0043 05       		.uleb128 0x5
 656 0044 49       		.uleb128 0x49
 657 0045 13       		.uleb128 0x13
 658 0046 00       		.byte	0
 659 0047 00       		.byte	0
 660 0048 07       		.uleb128 0x7
ARM GAS  C:\Users\taips\AppData\Local\Temp\ccUuNhQb.s 			page 18


 661 0049 35       		.uleb128 0x35
 662 004a 00       		.byte	0
 663 004b 49       		.uleb128 0x49
 664 004c 13       		.uleb128 0x13
 665 004d 00       		.byte	0
 666 004e 00       		.byte	0
 667 004f 08       		.uleb128 0x8
 668 0050 2E       		.uleb128 0x2e
 669 0051 01       		.byte	0x1
 670 0052 03       		.uleb128 0x3
 671 0053 0E       		.uleb128 0xe
 672 0054 3A       		.uleb128 0x3a
 673 0055 0B       		.uleb128 0xb
 674 0056 3B       		.uleb128 0x3b
 675 0057 0B       		.uleb128 0xb
 676 0058 27       		.uleb128 0x27
 677 0059 19       		.uleb128 0x19
 678 005a 11       		.uleb128 0x11
 679 005b 01       		.uleb128 0x1
 680 005c 12       		.uleb128 0x12
 681 005d 06       		.uleb128 0x6
 682 005e 40       		.uleb128 0x40
 683 005f 18       		.uleb128 0x18
 684 0060 9742     		.uleb128 0x2117
 685 0062 19       		.uleb128 0x19
 686 0063 01       		.uleb128 0x1
 687 0064 13       		.uleb128 0x13
 688 0065 00       		.byte	0
 689 0066 00       		.byte	0
 690 0067 09       		.uleb128 0x9
 691 0068 05       		.uleb128 0x5
 692 0069 00       		.byte	0
 693 006a 03       		.uleb128 0x3
 694 006b 08       		.uleb128 0x8
 695 006c 3A       		.uleb128 0x3a
 696 006d 0B       		.uleb128 0xb
 697 006e 3B       		.uleb128 0x3b
 698 006f 0B       		.uleb128 0xb
 699 0070 49       		.uleb128 0x49
 700 0071 13       		.uleb128 0x13
 701 0072 02       		.uleb128 0x2
 702 0073 17       		.uleb128 0x17
 703 0074 00       		.byte	0
 704 0075 00       		.byte	0
 705 0076 0A       		.uleb128 0xa
 706 0077 898201   		.uleb128 0x4109
 707 007a 01       		.byte	0x1
 708 007b 11       		.uleb128 0x11
 709 007c 01       		.uleb128 0x1
 710 007d 31       		.uleb128 0x31
 711 007e 13       		.uleb128 0x13
 712 007f 00       		.byte	0
 713 0080 00       		.byte	0
 714 0081 0B       		.uleb128 0xb
 715 0082 8A8201   		.uleb128 0x410a
 716 0085 00       		.byte	0
 717 0086 02       		.uleb128 0x2
ARM GAS  C:\Users\taips\AppData\Local\Temp\ccUuNhQb.s 			page 19


 718 0087 18       		.uleb128 0x18
 719 0088 9142     		.uleb128 0x2111
 720 008a 18       		.uleb128 0x18
 721 008b 00       		.byte	0
 722 008c 00       		.byte	0
 723 008d 0C       		.uleb128 0xc
 724 008e 898201   		.uleb128 0x4109
 725 0091 01       		.byte	0x1
 726 0092 11       		.uleb128 0x11
 727 0093 01       		.uleb128 0x1
 728 0094 31       		.uleb128 0x31
 729 0095 13       		.uleb128 0x13
 730 0096 01       		.uleb128 0x1
 731 0097 13       		.uleb128 0x13
 732 0098 00       		.byte	0
 733 0099 00       		.byte	0
 734 009a 0D       		.uleb128 0xd
 735 009b 2E       		.uleb128 0x2e
 736 009c 01       		.byte	0x1
 737 009d 3F       		.uleb128 0x3f
 738 009e 19       		.uleb128 0x19
 739 009f 03       		.uleb128 0x3
 740 00a0 0E       		.uleb128 0xe
 741 00a1 3A       		.uleb128 0x3a
 742 00a2 0B       		.uleb128 0xb
 743 00a3 3B       		.uleb128 0x3b
 744 00a4 0B       		.uleb128 0xb
 745 00a5 27       		.uleb128 0x27
 746 00a6 19       		.uleb128 0x19
 747 00a7 11       		.uleb128 0x11
 748 00a8 01       		.uleb128 0x1
 749 00a9 12       		.uleb128 0x12
 750 00aa 06       		.uleb128 0x6
 751 00ab 40       		.uleb128 0x40
 752 00ac 18       		.uleb128 0x18
 753 00ad 9742     		.uleb128 0x2117
 754 00af 19       		.uleb128 0x19
 755 00b0 01       		.uleb128 0x1
 756 00b1 13       		.uleb128 0x13
 757 00b2 00       		.byte	0
 758 00b3 00       		.byte	0
 759 00b4 0E       		.uleb128 0xe
 760 00b5 0B       		.uleb128 0xb
 761 00b6 01       		.byte	0x1
 762 00b7 11       		.uleb128 0x11
 763 00b8 01       		.uleb128 0x1
 764 00b9 12       		.uleb128 0x12
 765 00ba 06       		.uleb128 0x6
 766 00bb 01       		.uleb128 0x1
 767 00bc 13       		.uleb128 0x13
 768 00bd 00       		.byte	0
 769 00be 00       		.byte	0
 770 00bf 0F       		.uleb128 0xf
 771 00c0 13       		.uleb128 0x13
 772 00c1 01       		.byte	0x1
 773 00c2 0B       		.uleb128 0xb
 774 00c3 0B       		.uleb128 0xb
ARM GAS  C:\Users\taips\AppData\Local\Temp\ccUuNhQb.s 			page 20


 775 00c4 3A       		.uleb128 0x3a
 776 00c5 0B       		.uleb128 0xb
 777 00c6 3B       		.uleb128 0x3b
 778 00c7 0B       		.uleb128 0xb
 779 00c8 01       		.uleb128 0x1
 780 00c9 13       		.uleb128 0x13
 781 00ca 00       		.byte	0
 782 00cb 00       		.byte	0
 783 00cc 10       		.uleb128 0x10
 784 00cd 0D       		.uleb128 0xd
 785 00ce 00       		.byte	0
 786 00cf 03       		.uleb128 0x3
 787 00d0 0E       		.uleb128 0xe
 788 00d1 3A       		.uleb128 0x3a
 789 00d2 0B       		.uleb128 0xb
 790 00d3 3B       		.uleb128 0x3b
 791 00d4 0B       		.uleb128 0xb
 792 00d5 49       		.uleb128 0x49
 793 00d6 13       		.uleb128 0x13
 794 00d7 38       		.uleb128 0x38
 795 00d8 0B       		.uleb128 0xb
 796 00d9 00       		.byte	0
 797 00da 00       		.byte	0
 798 00db 11       		.uleb128 0x11
 799 00dc 01       		.uleb128 0x1
 800 00dd 01       		.byte	0x1
 801 00de 49       		.uleb128 0x49
 802 00df 13       		.uleb128 0x13
 803 00e0 01       		.uleb128 0x1
 804 00e1 13       		.uleb128 0x13
 805 00e2 00       		.byte	0
 806 00e3 00       		.byte	0
 807 00e4 12       		.uleb128 0x12
 808 00e5 21       		.uleb128 0x21
 809 00e6 00       		.byte	0
 810 00e7 49       		.uleb128 0x49
 811 00e8 13       		.uleb128 0x13
 812 00e9 2F       		.uleb128 0x2f
 813 00ea 0B       		.uleb128 0xb
 814 00eb 00       		.byte	0
 815 00ec 00       		.byte	0
 816 00ed 13       		.uleb128 0x13
 817 00ee 26       		.uleb128 0x26
 818 00ef 00       		.byte	0
 819 00f0 49       		.uleb128 0x49
 820 00f1 13       		.uleb128 0x13
 821 00f2 00       		.byte	0
 822 00f3 00       		.byte	0
 823 00f4 14       		.uleb128 0x14
 824 00f5 34       		.uleb128 0x34
 825 00f6 00       		.byte	0
 826 00f7 03       		.uleb128 0x3
 827 00f8 0E       		.uleb128 0xe
 828 00f9 3A       		.uleb128 0x3a
 829 00fa 0B       		.uleb128 0xb
 830 00fb 3B       		.uleb128 0x3b
 831 00fc 0B       		.uleb128 0xb
ARM GAS  C:\Users\taips\AppData\Local\Temp\ccUuNhQb.s 			page 21


 832 00fd 49       		.uleb128 0x49
 833 00fe 13       		.uleb128 0x13
 834 00ff 02       		.uleb128 0x2
 835 0100 18       		.uleb128 0x18
 836 0101 00       		.byte	0
 837 0102 00       		.byte	0
 838 0103 15       		.uleb128 0x15
 839 0104 34       		.uleb128 0x34
 840 0105 00       		.byte	0
 841 0106 03       		.uleb128 0x3
 842 0107 08       		.uleb128 0x8
 843 0108 3A       		.uleb128 0x3a
 844 0109 0B       		.uleb128 0xb
 845 010a 3B       		.uleb128 0x3b
 846 010b 05       		.uleb128 0x5
 847 010c 49       		.uleb128 0x49
 848 010d 13       		.uleb128 0x13
 849 010e 02       		.uleb128 0x2
 850 010f 17       		.uleb128 0x17
 851 0110 00       		.byte	0
 852 0111 00       		.byte	0
 853 0112 16       		.uleb128 0x16
 854 0113 0B       		.uleb128 0xb
 855 0114 01       		.byte	0x1
 856 0115 11       		.uleb128 0x11
 857 0116 01       		.uleb128 0x1
 858 0117 12       		.uleb128 0x12
 859 0118 06       		.uleb128 0x6
 860 0119 00       		.byte	0
 861 011a 00       		.byte	0
 862 011b 17       		.uleb128 0x17
 863 011c 0F       		.uleb128 0xf
 864 011d 00       		.byte	0
 865 011e 0B       		.uleb128 0xb
 866 011f 0B       		.uleb128 0xb
 867 0120 49       		.uleb128 0x49
 868 0121 13       		.uleb128 0x13
 869 0122 00       		.byte	0
 870 0123 00       		.byte	0
 871 0124 18       		.uleb128 0x18
 872 0125 898201   		.uleb128 0x4109
 873 0128 00       		.byte	0
 874 0129 11       		.uleb128 0x11
 875 012a 01       		.uleb128 0x1
 876 012b 31       		.uleb128 0x31
 877 012c 13       		.uleb128 0x13
 878 012d 00       		.byte	0
 879 012e 00       		.byte	0
 880 012f 19       		.uleb128 0x19
 881 0130 2E       		.uleb128 0x2e
 882 0131 00       		.byte	0
 883 0132 3F       		.uleb128 0x3f
 884 0133 19       		.uleb128 0x19
 885 0134 3C       		.uleb128 0x3c
 886 0135 19       		.uleb128 0x19
 887 0136 6E       		.uleb128 0x6e
 888 0137 0E       		.uleb128 0xe
ARM GAS  C:\Users\taips\AppData\Local\Temp\ccUuNhQb.s 			page 22


 889 0138 03       		.uleb128 0x3
 890 0139 0E       		.uleb128 0xe
 891 013a 00       		.byte	0
 892 013b 00       		.byte	0
 893 013c 1A       		.uleb128 0x1a
 894 013d 2E       		.uleb128 0x2e
 895 013e 00       		.byte	0
 896 013f 3F       		.uleb128 0x3f
 897 0140 19       		.uleb128 0x19
 898 0141 3C       		.uleb128 0x3c
 899 0142 19       		.uleb128 0x19
 900 0143 6E       		.uleb128 0x6e
 901 0144 0E       		.uleb128 0xe
 902 0145 03       		.uleb128 0x3
 903 0146 0E       		.uleb128 0xe
 904 0147 3A       		.uleb128 0x3a
 905 0148 0B       		.uleb128 0xb
 906 0149 3B       		.uleb128 0x3b
 907 014a 0B       		.uleb128 0xb
 908 014b 00       		.byte	0
 909 014c 00       		.byte	0
 910 014d 00       		.byte	0
 911              		.section	.debug_loc,"",%progbits
 912              	.Ldebug_loc0:
 913              	.LLST0:
 914 0000 00000000 		.4byte	.LVL0
 915 0004 09000000 		.4byte	.LVL2-1
 916 0008 0100     		.2byte	0x1
 917 000a 50       		.byte	0x50
 918 000b 09000000 		.4byte	.LVL2-1
 919 000f 0C000000 		.4byte	.LFE0
 920 0013 0400     		.2byte	0x4
 921 0015 F3       		.byte	0xf3
 922 0016 01       		.uleb128 0x1
 923 0017 50       		.byte	0x50
 924 0018 9F       		.byte	0x9f
 925 0019 00000000 		.4byte	0
 926 001d 00000000 		.4byte	0
 927              	.LLST1:
 928 0021 00000000 		.4byte	.LVL0
 929 0025 06000000 		.4byte	.LVL1
 930 0029 0100     		.2byte	0x1
 931 002b 51       		.byte	0x51
 932 002c 06000000 		.4byte	.LVL1
 933 0030 09000000 		.4byte	.LVL2-1
 934 0034 0100     		.2byte	0x1
 935 0036 52       		.byte	0x52
 936 0037 09000000 		.4byte	.LVL2-1
 937 003b 0C000000 		.4byte	.LFE0
 938 003f 0400     		.2byte	0x4
 939 0041 F3       		.byte	0xf3
 940 0042 01       		.uleb128 0x1
 941 0043 51       		.byte	0x51
 942 0044 9F       		.byte	0x9f
 943 0045 00000000 		.4byte	0
 944 0049 00000000 		.4byte	0
 945              	.LLST2:
ARM GAS  C:\Users\taips\AppData\Local\Temp\ccUuNhQb.s 			page 23


 946 004d 60000000 		.4byte	.LVL6
 947 0051 64000000 		.4byte	.LVL7
 948 0055 0200     		.2byte	0x2
 949 0057 30       		.byte	0x30
 950 0058 9F       		.byte	0x9f
 951 0059 64000000 		.4byte	.LVL7
 952 005d 82000000 		.4byte	.LVL9
 953 0061 0100     		.2byte	0x1
 954 0063 54       		.byte	0x54
 955 0064 84000000 		.4byte	.LVL10
 956 0068 DC000000 		.4byte	.LVL12
 957 006c 0100     		.2byte	0x1
 958 006e 54       		.byte	0x54
 959 006f 00000000 		.4byte	0
 960 0073 00000000 		.4byte	0
 961              	.LLST3:
 962 0077 64000000 		.4byte	.LVL7
 963 007b 82000000 		.4byte	.LVL9
 964 007f 0B00     		.2byte	0xb
 965 0081 74       		.byte	0x74
 966 0082 00       		.sleb128 0
 967 0083 36       		.byte	0x36
 968 0084 1E       		.byte	0x1e
 969 0085 03       		.byte	0x3
 970 0086 00000000 		.4byte	cfg_memset_list.4847
 971 008a 22       		.byte	0x22
 972 008b 9F       		.byte	0x9f
 973 008c 82000000 		.4byte	.LVL9
 974 0090 84000000 		.4byte	.LVL10
 975 0094 0B00     		.2byte	0xb
 976 0096 74       		.byte	0x74
 977 0097 7F       		.sleb128 -1
 978 0098 36       		.byte	0x36
 979 0099 1E       		.byte	0x1e
 980 009a 03       		.byte	0x3
 981 009b 00000000 		.4byte	cfg_memset_list.4847
 982 009f 22       		.byte	0x22
 983 00a0 9F       		.byte	0x9f
 984 00a1 00000000 		.4byte	0
 985 00a5 00000000 		.4byte	0
 986              		.section	.debug_aranges,"",%progbits
 987 0000 2C000000 		.4byte	0x2c
 988 0004 0200     		.2byte	0x2
 989 0006 00000000 		.4byte	.Ldebug_info0
 990 000a 04       		.byte	0x4
 991 000b 00       		.byte	0
 992 000c 0000     		.2byte	0
 993 000e 0000     		.2byte	0
 994 0010 00000000 		.4byte	.LFB0
 995 0014 0C000000 		.4byte	.LFE0-.LFB0
 996 0018 00000000 		.4byte	.LFB3
 997 001c 5C000000 		.4byte	.LFE3-.LFB3
 998 0020 5C000000 		.4byte	.LFB5
 999 0024 BC000000 		.4byte	.LFE5-.LFB5
 1000 0028 00000000 		.4byte	0
 1001 002c 00000000 		.4byte	0
 1002              		.section	.debug_ranges,"",%progbits
ARM GAS  C:\Users\taips\AppData\Local\Temp\ccUuNhQb.s 			page 24


 1003              	.Ldebug_ranges0:
 1004 0000 00000000 		.4byte	.LFB0
 1005 0004 0C000000 		.4byte	.LFE0
 1006 0008 00000000 		.4byte	.LFB3
 1007 000c 5C000000 		.4byte	.LFE3
 1008 0010 5C000000 		.4byte	.LFB5
 1009 0014 18010000 		.4byte	.LFE5
 1010 0018 00000000 		.4byte	0
 1011 001c 00000000 		.4byte	0
 1012              		.section	.debug_line,"",%progbits
 1013              	.Ldebug_line0:
 1014 0000 78010000 		.section	.debug_str,"MS",%progbits,1
 1014      02002001 
 1014      00000201 
 1014      FB0E0D00 
 1014      01010101 
 1015              	.LASF19:
 1016 0000 72656733 		.ascii	"reg32\000"
 1016      3200
 1017              	.LASF12:
 1018 0006 73697A65 		.ascii	"size_t\000"
 1018      5F7400
 1019              	.LASF27:
 1020 000d 4379496E 		.ascii	"CyIntSetVector\000"
 1020      74536574 
 1020      56656374 
 1020      6F7200
 1021              	.LASF25:
 1022 001c 6366675F 		.ascii	"cfg_memset_list\000"
 1022      6D656D73 
 1022      65745F6C 
 1022      69737400 
 1023              	.LASF21:
 1024 002c 436C6F63 		.ascii	"ClockSetup\000"
 1024      6B536574 
 1024      757000
 1025              	.LASF6:
 1026 0037 73686F72 		.ascii	"short unsigned int\000"
 1026      7420756E 
 1026      7369676E 
 1026      65642069 
 1026      6E7400
 1027              	.LASF16:
 1028 004a 666C6F61 		.ascii	"float\000"
 1028      7400
 1029              	.LASF30:
 1030 0050 433A5C50 		.ascii	"C:\\Program Files (x86)\\Cypress\\PSoC Creator\\4.4"
 1030      726F6772 
 1030      616D2046 
 1030      696C6573 
 1030      20287838 
 1031 007f 5C50536F 		.ascii	"\\PSoC Creator\\1\\LWO2.cydsn\\Generated_Source\\PS"
 1031      43204372 
 1031      6561746F 
 1031      725C315C 
 1031      4C574F32 
 1032 00ad 6F43345C 		.ascii	"oC4\\cyfitter_cfg.c\000"
ARM GAS  C:\Users\taips\AppData\Local\Temp\ccUuNhQb.s 			page 25


 1032      63796669 
 1032      74746572 
 1032      5F636667 
 1032      2E6300
 1033              	.LASF23:
 1034 00c0 73697A65 		.ascii	"size\000"
 1034      00
 1035              	.LASF18:
 1036 00c5 72656738 		.ascii	"reg8\000"
 1036      00
 1037              	.LASF8:
 1038 00ca 6C6F6E67 		.ascii	"long unsigned int\000"
 1038      20756E73 
 1038      69676E65 
 1038      6420696E 
 1038      7400
 1039              	.LASF13:
 1040 00dc 75696E74 		.ascii	"uint8\000"
 1040      3800
 1041              	.LASF20:
 1042 00e2 43594D45 		.ascii	"CYMEMZERO\000"
 1042      4D5A4552 
 1042      4F00
 1043              	.LASF4:
 1044 00ec 756E7369 		.ascii	"unsigned char\000"
 1044      676E6564 
 1044      20636861 
 1044      7200
 1045              	.LASF32:
 1046 00fa 6D656D73 		.ascii	"memset\000"
 1046      657400
 1047              	.LASF17:
 1048 0101 646F7562 		.ascii	"double\000"
 1048      6C6500
 1049              	.LASF28:
 1050 0108 4379496E 		.ascii	"CyIntEnable\000"
 1050      74456E61 
 1050      626C6500 
 1051              	.LASF14:
 1052 0114 75696E74 		.ascii	"uint16\000"
 1052      313600
 1053              	.LASF15:
 1054 011b 75696E74 		.ascii	"uint32\000"
 1054      333200
 1055              	.LASF0:
 1056 0122 756E7369 		.ascii	"unsigned int\000"
 1056      676E6564 
 1056      20696E74 
 1056      00
 1057              	.LASF31:
 1058 012f 63796669 		.ascii	"cyfitter_cfg\000"
 1058      74746572 
 1058      5F636667 
 1058      00
 1059              	.LASF22:
 1060 013c 61646472 		.ascii	"address\000"
 1060      65737300 
ARM GAS  C:\Users\taips\AppData\Local\Temp\ccUuNhQb.s 			page 26


 1061              	.LASF9:
 1062 0144 6C6F6E67 		.ascii	"long long unsigned int\000"
 1062      206C6F6E 
 1062      6720756E 
 1062      7369676E 
 1062      65642069 
 1063              	.LASF29:
 1064 015b 474E5520 		.ascii	"GNU C11 5.4.1 20160609 (release) [ARM/embedded-5-br"
 1064      43313120 
 1064      352E342E 
 1064      31203230 
 1064      31363036 
 1065 018e 616E6368 		.ascii	"anch revision 237715] -mcpu=cortex-m0 -mthumb -g -O"
 1065      20726576 
 1065      6973696F 
 1065      6E203233 
 1065      37373135 
 1066 01c1 67202D66 		.ascii	"g -ffunction-sections -ffat-lto-objects\000"
 1066      66756E63 
 1066      74696F6E 
 1066      2D736563 
 1066      74696F6E 
 1067              	.LASF24:
 1068 01e9 6366675F 		.ascii	"cfg_memset_t\000"
 1068      6D656D73 
 1068      65745F74 
 1068      00
 1069              	.LASF10:
 1070 01f6 73697A65 		.ascii	"sizetype\000"
 1070      74797065 
 1070      00
 1071              	.LASF1:
 1072 01ff 6C6F6E67 		.ascii	"long long int\000"
 1072      206C6F6E 
 1072      6720696E 
 1072      7400
 1073              	.LASF11:
 1074 020d 63686172 		.ascii	"char\000"
 1074      00
 1075              	.LASF5:
 1076 0212 73686F72 		.ascii	"short int\000"
 1076      7420696E 
 1076      7400
 1077              	.LASF26:
 1078 021c 43795379 		.ascii	"CySysClkWriteImoFreq\000"
 1078      73436C6B 
 1078      57726974 
 1078      65496D6F 
 1078      46726571 
 1079              	.LASF7:
 1080 0231 6C6F6E67 		.ascii	"long int\000"
 1080      20696E74 
 1080      00
 1081              	.LASF2:
 1082 023a 6C6F6E67 		.ascii	"long double\000"
 1082      20646F75 
 1082      626C6500 
ARM GAS  C:\Users\taips\AppData\Local\Temp\ccUuNhQb.s 			page 27


 1083              	.LASF3:
 1084 0246 7369676E 		.ascii	"signed char\000"
 1084      65642063 
 1084      68617200 
 1085              		.ident	"GCC: (GNU Tools for ARM Embedded Processors) 5.4.1 20160609 (release) [ARM/embedded-5-bran
