ARM GAS  C:\Users\taips\AppData\Local\Temp\cc63Dxea.s 			page 1


   1              		.syntax unified
   2              		.cpu cortex-m0
   3              		.fpu softvfp
   4              		.eabi_attribute 20, 1
   5              		.eabi_attribute 21, 1
   6              		.eabi_attribute 23, 3
   7              		.eabi_attribute 24, 1
   8              		.eabi_attribute 25, 1
   9              		.eabi_attribute 26, 1
  10              		.eabi_attribute 30, 1
  11              		.eabi_attribute 34, 0
  12              		.eabi_attribute 18, 4
  13              		.thumb
  14              		.syntax unified
  15              		.file	"LED_G.c"
  16              		.text
  17              	.Ltext0:
  18              		.cfi_sections	.debug_frame
  19              		.section	.text.LED_G_SetDriveMode,"ax",%progbits
  20              		.align	2
  21              		.global	LED_G_SetDriveMode
  22              		.code	16
  23              		.thumb_func
  24              		.type	LED_G_SetDriveMode, %function
  25              	LED_G_SetDriveMode:
  26              	.LFB0:
  27              		.file 1 "C:\\Program Files (x86)\\Cypress\\PSoC Creator\\4.4\\PSoC Creator\\1\\LWO2.cydsn\\Generat
   1:C:\Program Files (x86)\Cypress\PSoC Creator\4.4\PSoC Creator\1\LWO2.cydsn\Generated_Source\PSoC4\LED_G.c **** /*******************************************************************************
   2:C:\Program Files (x86)\Cypress\PSoC Creator\4.4\PSoC Creator\1\LWO2.cydsn\Generated_Source\PSoC4\LED_G.c **** * File Name: LED_G.c  
   3:C:\Program Files (x86)\Cypress\PSoC Creator\4.4\PSoC Creator\1\LWO2.cydsn\Generated_Source\PSoC4\LED_G.c **** * Version 2.20
   4:C:\Program Files (x86)\Cypress\PSoC Creator\4.4\PSoC Creator\1\LWO2.cydsn\Generated_Source\PSoC4\LED_G.c **** *
   5:C:\Program Files (x86)\Cypress\PSoC Creator\4.4\PSoC Creator\1\LWO2.cydsn\Generated_Source\PSoC4\LED_G.c **** * Description:
   6:C:\Program Files (x86)\Cypress\PSoC Creator\4.4\PSoC Creator\1\LWO2.cydsn\Generated_Source\PSoC4\LED_G.c **** *  This file contains API to enable firmware control of a Pins component.
   7:C:\Program Files (x86)\Cypress\PSoC Creator\4.4\PSoC Creator\1\LWO2.cydsn\Generated_Source\PSoC4\LED_G.c **** *
   8:C:\Program Files (x86)\Cypress\PSoC Creator\4.4\PSoC Creator\1\LWO2.cydsn\Generated_Source\PSoC4\LED_G.c **** ********************************************************************************
   9:C:\Program Files (x86)\Cypress\PSoC Creator\4.4\PSoC Creator\1\LWO2.cydsn\Generated_Source\PSoC4\LED_G.c **** * Copyright 2008-2015, Cypress Semiconductor Corporation.  All rights reserved.
  10:C:\Program Files (x86)\Cypress\PSoC Creator\4.4\PSoC Creator\1\LWO2.cydsn\Generated_Source\PSoC4\LED_G.c **** * You may use this file only in accordance with the license, terms, conditions, 
  11:C:\Program Files (x86)\Cypress\PSoC Creator\4.4\PSoC Creator\1\LWO2.cydsn\Generated_Source\PSoC4\LED_G.c **** * disclaimers, and limitations in the end user license agreement accompanying 
  12:C:\Program Files (x86)\Cypress\PSoC Creator\4.4\PSoC Creator\1\LWO2.cydsn\Generated_Source\PSoC4\LED_G.c **** * the software package with which this file was provided.
  13:C:\Program Files (x86)\Cypress\PSoC Creator\4.4\PSoC Creator\1\LWO2.cydsn\Generated_Source\PSoC4\LED_G.c **** *******************************************************************************/
  14:C:\Program Files (x86)\Cypress\PSoC Creator\4.4\PSoC Creator\1\LWO2.cydsn\Generated_Source\PSoC4\LED_G.c **** 
  15:C:\Program Files (x86)\Cypress\PSoC Creator\4.4\PSoC Creator\1\LWO2.cydsn\Generated_Source\PSoC4\LED_G.c **** #include "cytypes.h"
  16:C:\Program Files (x86)\Cypress\PSoC Creator\4.4\PSoC Creator\1\LWO2.cydsn\Generated_Source\PSoC4\LED_G.c **** #include "LED_G.h"
  17:C:\Program Files (x86)\Cypress\PSoC Creator\4.4\PSoC Creator\1\LWO2.cydsn\Generated_Source\PSoC4\LED_G.c **** 
  18:C:\Program Files (x86)\Cypress\PSoC Creator\4.4\PSoC Creator\1\LWO2.cydsn\Generated_Source\PSoC4\LED_G.c **** 
  19:C:\Program Files (x86)\Cypress\PSoC Creator\4.4\PSoC Creator\1\LWO2.cydsn\Generated_Source\PSoC4\LED_G.c **** #if defined(LED_G__PC)
  20:C:\Program Files (x86)\Cypress\PSoC Creator\4.4\PSoC Creator\1\LWO2.cydsn\Generated_Source\PSoC4\LED_G.c ****     #define LED_G_SetP4PinDriveMode(shift, mode)  \
  21:C:\Program Files (x86)\Cypress\PSoC Creator\4.4\PSoC Creator\1\LWO2.cydsn\Generated_Source\PSoC4\LED_G.c ****     do { \
  22:C:\Program Files (x86)\Cypress\PSoC Creator\4.4\PSoC Creator\1\LWO2.cydsn\Generated_Source\PSoC4\LED_G.c ****         LED_G_PC =   (LED_G_PC & \
  23:C:\Program Files (x86)\Cypress\PSoC Creator\4.4\PSoC Creator\1\LWO2.cydsn\Generated_Source\PSoC4\LED_G.c ****                                 (uint32)(~(uint32)(LED_G_DRIVE_MODE_IND_MASK << \
  24:C:\Program Files (x86)\Cypress\PSoC Creator\4.4\PSoC Creator\1\LWO2.cydsn\Generated_Source\PSoC4\LED_G.c ****                                 (LED_G_DRIVE_MODE_BITS * (shift))))) | \
  25:C:\Program Files (x86)\Cypress\PSoC Creator\4.4\PSoC Creator\1\LWO2.cydsn\Generated_Source\PSoC4\LED_G.c ****                                 (uint32)((uint32)(mode) << \
  26:C:\Program Files (x86)\Cypress\PSoC Creator\4.4\PSoC Creator\1\LWO2.cydsn\Generated_Source\PSoC4\LED_G.c ****                                 (LED_G_DRIVE_MODE_BITS * (shift))); \
  27:C:\Program Files (x86)\Cypress\PSoC Creator\4.4\PSoC Creator\1\LWO2.cydsn\Generated_Source\PSoC4\LED_G.c ****     } while (0)
  28:C:\Program Files (x86)\Cypress\PSoC Creator\4.4\PSoC Creator\1\LWO2.cydsn\Generated_Source\PSoC4\LED_G.c **** #else
  29:C:\Program Files (x86)\Cypress\PSoC Creator\4.4\PSoC Creator\1\LWO2.cydsn\Generated_Source\PSoC4\LED_G.c ****     #if (CY_PSOC4_4200L)
  30:C:\Program Files (x86)\Cypress\PSoC Creator\4.4\PSoC Creator\1\LWO2.cydsn\Generated_Source\PSoC4\LED_G.c ****         #define LED_G_SetP4PinDriveMode(shift, mode)  \
ARM GAS  C:\Users\taips\AppData\Local\Temp\cc63Dxea.s 			page 2


  31:C:\Program Files (x86)\Cypress\PSoC Creator\4.4\PSoC Creator\1\LWO2.cydsn\Generated_Source\PSoC4\LED_G.c ****         do { \
  32:C:\Program Files (x86)\Cypress\PSoC Creator\4.4\PSoC Creator\1\LWO2.cydsn\Generated_Source\PSoC4\LED_G.c ****             LED_G_USBIO_CTRL_REG = (LED_G_USBIO_CTRL_REG & \
  33:C:\Program Files (x86)\Cypress\PSoC Creator\4.4\PSoC Creator\1\LWO2.cydsn\Generated_Source\PSoC4\LED_G.c ****                                     (uint32)(~(uint32)(LED_G_DRIVE_MODE_IND_MASK << \
  34:C:\Program Files (x86)\Cypress\PSoC Creator\4.4\PSoC Creator\1\LWO2.cydsn\Generated_Source\PSoC4\LED_G.c ****                                     (LED_G_DRIVE_MODE_BITS * (shift))))) | \
  35:C:\Program Files (x86)\Cypress\PSoC Creator\4.4\PSoC Creator\1\LWO2.cydsn\Generated_Source\PSoC4\LED_G.c ****                                     (uint32)((uint32)(mode) << \
  36:C:\Program Files (x86)\Cypress\PSoC Creator\4.4\PSoC Creator\1\LWO2.cydsn\Generated_Source\PSoC4\LED_G.c ****                                     (LED_G_DRIVE_MODE_BITS * (shift))); \
  37:C:\Program Files (x86)\Cypress\PSoC Creator\4.4\PSoC Creator\1\LWO2.cydsn\Generated_Source\PSoC4\LED_G.c ****         } while (0)
  38:C:\Program Files (x86)\Cypress\PSoC Creator\4.4\PSoC Creator\1\LWO2.cydsn\Generated_Source\PSoC4\LED_G.c ****     #endif
  39:C:\Program Files (x86)\Cypress\PSoC Creator\4.4\PSoC Creator\1\LWO2.cydsn\Generated_Source\PSoC4\LED_G.c **** #endif
  40:C:\Program Files (x86)\Cypress\PSoC Creator\4.4\PSoC Creator\1\LWO2.cydsn\Generated_Source\PSoC4\LED_G.c ****   
  41:C:\Program Files (x86)\Cypress\PSoC Creator\4.4\PSoC Creator\1\LWO2.cydsn\Generated_Source\PSoC4\LED_G.c **** 
  42:C:\Program Files (x86)\Cypress\PSoC Creator\4.4\PSoC Creator\1\LWO2.cydsn\Generated_Source\PSoC4\LED_G.c **** #if defined(LED_G__PC) || (CY_PSOC4_4200L) 
  43:C:\Program Files (x86)\Cypress\PSoC Creator\4.4\PSoC Creator\1\LWO2.cydsn\Generated_Source\PSoC4\LED_G.c ****     /*******************************************************************************
  44:C:\Program Files (x86)\Cypress\PSoC Creator\4.4\PSoC Creator\1\LWO2.cydsn\Generated_Source\PSoC4\LED_G.c ****     * Function Name: LED_G_SetDriveMode
  45:C:\Program Files (x86)\Cypress\PSoC Creator\4.4\PSoC Creator\1\LWO2.cydsn\Generated_Source\PSoC4\LED_G.c ****     ****************************************************************************//**
  46:C:\Program Files (x86)\Cypress\PSoC Creator\4.4\PSoC Creator\1\LWO2.cydsn\Generated_Source\PSoC4\LED_G.c ****     *
  47:C:\Program Files (x86)\Cypress\PSoC Creator\4.4\PSoC Creator\1\LWO2.cydsn\Generated_Source\PSoC4\LED_G.c ****     * \brief Sets the drive mode for each of the Pins component's pins.
  48:C:\Program Files (x86)\Cypress\PSoC Creator\4.4\PSoC Creator\1\LWO2.cydsn\Generated_Source\PSoC4\LED_G.c ****     * 
  49:C:\Program Files (x86)\Cypress\PSoC Creator\4.4\PSoC Creator\1\LWO2.cydsn\Generated_Source\PSoC4\LED_G.c ****     * <b>Note</b> This affects all pins in the Pins component instance. Use the
  50:C:\Program Files (x86)\Cypress\PSoC Creator\4.4\PSoC Creator\1\LWO2.cydsn\Generated_Source\PSoC4\LED_G.c ****     * Per-Pin APIs if you wish to control individual pin's drive modes.
  51:C:\Program Files (x86)\Cypress\PSoC Creator\4.4\PSoC Creator\1\LWO2.cydsn\Generated_Source\PSoC4\LED_G.c ****     *
  52:C:\Program Files (x86)\Cypress\PSoC Creator\4.4\PSoC Creator\1\LWO2.cydsn\Generated_Source\PSoC4\LED_G.c ****     * <b>Note</b> USBIOs have limited drive functionality. Refer to the Drive Mode
  53:C:\Program Files (x86)\Cypress\PSoC Creator\4.4\PSoC Creator\1\LWO2.cydsn\Generated_Source\PSoC4\LED_G.c ****     * parameter for more information.
  54:C:\Program Files (x86)\Cypress\PSoC Creator\4.4\PSoC Creator\1\LWO2.cydsn\Generated_Source\PSoC4\LED_G.c ****     *
  55:C:\Program Files (x86)\Cypress\PSoC Creator\4.4\PSoC Creator\1\LWO2.cydsn\Generated_Source\PSoC4\LED_G.c ****     * \param mode
  56:C:\Program Files (x86)\Cypress\PSoC Creator\4.4\PSoC Creator\1\LWO2.cydsn\Generated_Source\PSoC4\LED_G.c ****     *  Mode for the selected signals. Valid options are documented in 
  57:C:\Program Files (x86)\Cypress\PSoC Creator\4.4\PSoC Creator\1\LWO2.cydsn\Generated_Source\PSoC4\LED_G.c ****     *  \ref driveMode.
  58:C:\Program Files (x86)\Cypress\PSoC Creator\4.4\PSoC Creator\1\LWO2.cydsn\Generated_Source\PSoC4\LED_G.c ****     *
  59:C:\Program Files (x86)\Cypress\PSoC Creator\4.4\PSoC Creator\1\LWO2.cydsn\Generated_Source\PSoC4\LED_G.c ****     * \return
  60:C:\Program Files (x86)\Cypress\PSoC Creator\4.4\PSoC Creator\1\LWO2.cydsn\Generated_Source\PSoC4\LED_G.c ****     *  None
  61:C:\Program Files (x86)\Cypress\PSoC Creator\4.4\PSoC Creator\1\LWO2.cydsn\Generated_Source\PSoC4\LED_G.c ****     *
  62:C:\Program Files (x86)\Cypress\PSoC Creator\4.4\PSoC Creator\1\LWO2.cydsn\Generated_Source\PSoC4\LED_G.c ****     * \sideeffect
  63:C:\Program Files (x86)\Cypress\PSoC Creator\4.4\PSoC Creator\1\LWO2.cydsn\Generated_Source\PSoC4\LED_G.c ****     *  If you use read-modify-write operations that are not atomic, the ISR can
  64:C:\Program Files (x86)\Cypress\PSoC Creator\4.4\PSoC Creator\1\LWO2.cydsn\Generated_Source\PSoC4\LED_G.c ****     *  cause corruption of this function. An ISR that interrupts this function 
  65:C:\Program Files (x86)\Cypress\PSoC Creator\4.4\PSoC Creator\1\LWO2.cydsn\Generated_Source\PSoC4\LED_G.c ****     *  and performs writes to the Pins component Drive Mode registers can cause 
  66:C:\Program Files (x86)\Cypress\PSoC Creator\4.4\PSoC Creator\1\LWO2.cydsn\Generated_Source\PSoC4\LED_G.c ****     *  corrupted port data. To avoid this issue, you should either use the Per-Pin
  67:C:\Program Files (x86)\Cypress\PSoC Creator\4.4\PSoC Creator\1\LWO2.cydsn\Generated_Source\PSoC4\LED_G.c ****     *  APIs (primary method) or disable interrupts around this function.
  68:C:\Program Files (x86)\Cypress\PSoC Creator\4.4\PSoC Creator\1\LWO2.cydsn\Generated_Source\PSoC4\LED_G.c ****     *
  69:C:\Program Files (x86)\Cypress\PSoC Creator\4.4\PSoC Creator\1\LWO2.cydsn\Generated_Source\PSoC4\LED_G.c ****     * \funcusage
  70:C:\Program Files (x86)\Cypress\PSoC Creator\4.4\PSoC Creator\1\LWO2.cydsn\Generated_Source\PSoC4\LED_G.c ****     *  \snippet LED_G_SUT.c usage_LED_G_SetDriveMode
  71:C:\Program Files (x86)\Cypress\PSoC Creator\4.4\PSoC Creator\1\LWO2.cydsn\Generated_Source\PSoC4\LED_G.c ****     *******************************************************************************/
  72:C:\Program Files (x86)\Cypress\PSoC Creator\4.4\PSoC Creator\1\LWO2.cydsn\Generated_Source\PSoC4\LED_G.c ****     void LED_G_SetDriveMode(uint8 mode)
  73:C:\Program Files (x86)\Cypress\PSoC Creator\4.4\PSoC Creator\1\LWO2.cydsn\Generated_Source\PSoC4\LED_G.c ****     {
  28              		.loc 1 73 0
  29              		.cfi_startproc
  30              		@ args = 0, pretend = 0, frame = 0
  31              		@ frame_needed = 0, uses_anonymous_args = 0
  32              		@ link register save eliminated.
  33              	.LVL0:
  74:C:\Program Files (x86)\Cypress\PSoC Creator\4.4\PSoC Creator\1\LWO2.cydsn\Generated_Source\PSoC4\LED_G.c **** 		LED_G_SetP4PinDriveMode(LED_G__0__SHIFT, mode);
  34              		.loc 1 74 0
  35 0000 034A     		ldr	r2, .L2
  36 0002 1168     		ldr	r1, [r2]
  37 0004 034B     		ldr	r3, .L2+4
  38 0006 0B40     		ands	r3, r1
  39 0008 8001     		lsls	r0, r0, #6
  40              	.LVL1:
ARM GAS  C:\Users\taips\AppData\Local\Temp\cc63Dxea.s 			page 3


  41 000a 1843     		orrs	r0, r3
  42 000c 1060     		str	r0, [r2]
  75:C:\Program Files (x86)\Cypress\PSoC Creator\4.4\PSoC Creator\1\LWO2.cydsn\Generated_Source\PSoC4\LED_G.c ****     }
  43              		.loc 1 75 0
  44              		@ sp needed
  45 000e 7047     		bx	lr
  46              	.L3:
  47              		.align	2
  48              	.L2:
  49 0010 08000440 		.word	1074003976
  50 0014 3FFEFFFF 		.word	-449
  51              		.cfi_endproc
  52              	.LFE0:
  53              		.size	LED_G_SetDriveMode, .-LED_G_SetDriveMode
  54              		.section	.text.LED_G_Write,"ax",%progbits
  55              		.align	2
  56              		.global	LED_G_Write
  57              		.code	16
  58              		.thumb_func
  59              		.type	LED_G_Write, %function
  60              	LED_G_Write:
  61              	.LFB1:
  76:C:\Program Files (x86)\Cypress\PSoC Creator\4.4\PSoC Creator\1\LWO2.cydsn\Generated_Source\PSoC4\LED_G.c **** #endif
  77:C:\Program Files (x86)\Cypress\PSoC Creator\4.4\PSoC Creator\1\LWO2.cydsn\Generated_Source\PSoC4\LED_G.c **** 
  78:C:\Program Files (x86)\Cypress\PSoC Creator\4.4\PSoC Creator\1\LWO2.cydsn\Generated_Source\PSoC4\LED_G.c **** 
  79:C:\Program Files (x86)\Cypress\PSoC Creator\4.4\PSoC Creator\1\LWO2.cydsn\Generated_Source\PSoC4\LED_G.c **** /*******************************************************************************
  80:C:\Program Files (x86)\Cypress\PSoC Creator\4.4\PSoC Creator\1\LWO2.cydsn\Generated_Source\PSoC4\LED_G.c **** * Function Name: LED_G_Write
  81:C:\Program Files (x86)\Cypress\PSoC Creator\4.4\PSoC Creator\1\LWO2.cydsn\Generated_Source\PSoC4\LED_G.c **** ****************************************************************************//**
  82:C:\Program Files (x86)\Cypress\PSoC Creator\4.4\PSoC Creator\1\LWO2.cydsn\Generated_Source\PSoC4\LED_G.c **** *
  83:C:\Program Files (x86)\Cypress\PSoC Creator\4.4\PSoC Creator\1\LWO2.cydsn\Generated_Source\PSoC4\LED_G.c **** * \brief Writes the value to the physical port (data output register), masking
  84:C:\Program Files (x86)\Cypress\PSoC Creator\4.4\PSoC Creator\1\LWO2.cydsn\Generated_Source\PSoC4\LED_G.c **** *  and shifting the bits appropriately. 
  85:C:\Program Files (x86)\Cypress\PSoC Creator\4.4\PSoC Creator\1\LWO2.cydsn\Generated_Source\PSoC4\LED_G.c **** *
  86:C:\Program Files (x86)\Cypress\PSoC Creator\4.4\PSoC Creator\1\LWO2.cydsn\Generated_Source\PSoC4\LED_G.c **** * The data output register controls the signal applied to the physical pin in 
  87:C:\Program Files (x86)\Cypress\PSoC Creator\4.4\PSoC Creator\1\LWO2.cydsn\Generated_Source\PSoC4\LED_G.c **** * conjunction with the drive mode parameter. This function avoids changing 
  88:C:\Program Files (x86)\Cypress\PSoC Creator\4.4\PSoC Creator\1\LWO2.cydsn\Generated_Source\PSoC4\LED_G.c **** * other bits in the port by using the appropriate method (read-modify-write or
  89:C:\Program Files (x86)\Cypress\PSoC Creator\4.4\PSoC Creator\1\LWO2.cydsn\Generated_Source\PSoC4\LED_G.c **** * bit banding).
  90:C:\Program Files (x86)\Cypress\PSoC Creator\4.4\PSoC Creator\1\LWO2.cydsn\Generated_Source\PSoC4\LED_G.c **** *
  91:C:\Program Files (x86)\Cypress\PSoC Creator\4.4\PSoC Creator\1\LWO2.cydsn\Generated_Source\PSoC4\LED_G.c **** * <b>Note</b> This function should not be used on a hardware digital output pin 
  92:C:\Program Files (x86)\Cypress\PSoC Creator\4.4\PSoC Creator\1\LWO2.cydsn\Generated_Source\PSoC4\LED_G.c **** * as it is driven by the hardware signal attached to it.
  93:C:\Program Files (x86)\Cypress\PSoC Creator\4.4\PSoC Creator\1\LWO2.cydsn\Generated_Source\PSoC4\LED_G.c **** *
  94:C:\Program Files (x86)\Cypress\PSoC Creator\4.4\PSoC Creator\1\LWO2.cydsn\Generated_Source\PSoC4\LED_G.c **** * \param value
  95:C:\Program Files (x86)\Cypress\PSoC Creator\4.4\PSoC Creator\1\LWO2.cydsn\Generated_Source\PSoC4\LED_G.c **** *  Value to write to the component instance.
  96:C:\Program Files (x86)\Cypress\PSoC Creator\4.4\PSoC Creator\1\LWO2.cydsn\Generated_Source\PSoC4\LED_G.c **** *
  97:C:\Program Files (x86)\Cypress\PSoC Creator\4.4\PSoC Creator\1\LWO2.cydsn\Generated_Source\PSoC4\LED_G.c **** * \return 
  98:C:\Program Files (x86)\Cypress\PSoC Creator\4.4\PSoC Creator\1\LWO2.cydsn\Generated_Source\PSoC4\LED_G.c **** *  None 
  99:C:\Program Files (x86)\Cypress\PSoC Creator\4.4\PSoC Creator\1\LWO2.cydsn\Generated_Source\PSoC4\LED_G.c **** *
 100:C:\Program Files (x86)\Cypress\PSoC Creator\4.4\PSoC Creator\1\LWO2.cydsn\Generated_Source\PSoC4\LED_G.c **** * \sideeffect
 101:C:\Program Files (x86)\Cypress\PSoC Creator\4.4\PSoC Creator\1\LWO2.cydsn\Generated_Source\PSoC4\LED_G.c **** *  If you use read-modify-write operations that are not atomic; the Interrupt 
 102:C:\Program Files (x86)\Cypress\PSoC Creator\4.4\PSoC Creator\1\LWO2.cydsn\Generated_Source\PSoC4\LED_G.c **** *  Service Routines (ISR) can cause corruption of this function. An ISR that 
 103:C:\Program Files (x86)\Cypress\PSoC Creator\4.4\PSoC Creator\1\LWO2.cydsn\Generated_Source\PSoC4\LED_G.c **** *  interrupts this function and performs writes to the Pins component data 
 104:C:\Program Files (x86)\Cypress\PSoC Creator\4.4\PSoC Creator\1\LWO2.cydsn\Generated_Source\PSoC4\LED_G.c **** *  register can cause corrupted port data. To avoid this issue, you should 
 105:C:\Program Files (x86)\Cypress\PSoC Creator\4.4\PSoC Creator\1\LWO2.cydsn\Generated_Source\PSoC4\LED_G.c **** *  either use the Per-Pin APIs (primary method) or disable interrupts around 
 106:C:\Program Files (x86)\Cypress\PSoC Creator\4.4\PSoC Creator\1\LWO2.cydsn\Generated_Source\PSoC4\LED_G.c **** *  this function.
 107:C:\Program Files (x86)\Cypress\PSoC Creator\4.4\PSoC Creator\1\LWO2.cydsn\Generated_Source\PSoC4\LED_G.c **** *
 108:C:\Program Files (x86)\Cypress\PSoC Creator\4.4\PSoC Creator\1\LWO2.cydsn\Generated_Source\PSoC4\LED_G.c **** * \funcusage
 109:C:\Program Files (x86)\Cypress\PSoC Creator\4.4\PSoC Creator\1\LWO2.cydsn\Generated_Source\PSoC4\LED_G.c **** *  \snippet LED_G_SUT.c usage_LED_G_Write
 110:C:\Program Files (x86)\Cypress\PSoC Creator\4.4\PSoC Creator\1\LWO2.cydsn\Generated_Source\PSoC4\LED_G.c **** *******************************************************************************/
ARM GAS  C:\Users\taips\AppData\Local\Temp\cc63Dxea.s 			page 4


 111:C:\Program Files (x86)\Cypress\PSoC Creator\4.4\PSoC Creator\1\LWO2.cydsn\Generated_Source\PSoC4\LED_G.c **** void LED_G_Write(uint8 value)
 112:C:\Program Files (x86)\Cypress\PSoC Creator\4.4\PSoC Creator\1\LWO2.cydsn\Generated_Source\PSoC4\LED_G.c **** {
  62              		.loc 1 112 0
  63              		.cfi_startproc
  64              		@ args = 0, pretend = 0, frame = 0
  65              		@ frame_needed = 0, uses_anonymous_args = 0
  66              		@ link register save eliminated.
  67              	.LVL2:
 113:C:\Program Files (x86)\Cypress\PSoC Creator\4.4\PSoC Creator\1\LWO2.cydsn\Generated_Source\PSoC4\LED_G.c ****     uint8 drVal = (uint8)(LED_G_DR & (uint8)(~LED_G_MASK));
  68              		.loc 1 113 0
  69 0000 0449     		ldr	r1, .L5
  70 0002 0A68     		ldr	r2, [r1]
  71 0004 D2B2     		uxtb	r2, r2
  72 0006 0423     		movs	r3, #4
  73 0008 9A43     		bics	r2, r3
  74              	.LVL3:
 114:C:\Program Files (x86)\Cypress\PSoC Creator\4.4\PSoC Creator\1\LWO2.cydsn\Generated_Source\PSoC4\LED_G.c ****     drVal = (drVal | ((uint8)(value << LED_G_SHIFT) & LED_G_MASK));
  75              		.loc 1 114 0
  76 000a 8000     		lsls	r0, r0, #2
  77              	.LVL4:
  78 000c 1840     		ands	r0, r3
  79 000e 1043     		orrs	r0, r2
  80              	.LVL5:
 115:C:\Program Files (x86)\Cypress\PSoC Creator\4.4\PSoC Creator\1\LWO2.cydsn\Generated_Source\PSoC4\LED_G.c ****     LED_G_DR = (uint32)drVal;
  81              		.loc 1 115 0
  82 0010 0860     		str	r0, [r1]
 116:C:\Program Files (x86)\Cypress\PSoC Creator\4.4\PSoC Creator\1\LWO2.cydsn\Generated_Source\PSoC4\LED_G.c **** }
  83              		.loc 1 116 0
  84              		@ sp needed
  85 0012 7047     		bx	lr
  86              	.L6:
  87              		.align	2
  88              	.L5:
  89 0014 00000440 		.word	1074003968
  90              		.cfi_endproc
  91              	.LFE1:
  92              		.size	LED_G_Write, .-LED_G_Write
  93              		.section	.text.LED_G_Read,"ax",%progbits
  94              		.align	2
  95              		.global	LED_G_Read
  96              		.code	16
  97              		.thumb_func
  98              		.type	LED_G_Read, %function
  99              	LED_G_Read:
 100              	.LFB2:
 117:C:\Program Files (x86)\Cypress\PSoC Creator\4.4\PSoC Creator\1\LWO2.cydsn\Generated_Source\PSoC4\LED_G.c **** 
 118:C:\Program Files (x86)\Cypress\PSoC Creator\4.4\PSoC Creator\1\LWO2.cydsn\Generated_Source\PSoC4\LED_G.c **** 
 119:C:\Program Files (x86)\Cypress\PSoC Creator\4.4\PSoC Creator\1\LWO2.cydsn\Generated_Source\PSoC4\LED_G.c **** /*******************************************************************************
 120:C:\Program Files (x86)\Cypress\PSoC Creator\4.4\PSoC Creator\1\LWO2.cydsn\Generated_Source\PSoC4\LED_G.c **** * Function Name: LED_G_Read
 121:C:\Program Files (x86)\Cypress\PSoC Creator\4.4\PSoC Creator\1\LWO2.cydsn\Generated_Source\PSoC4\LED_G.c **** ****************************************************************************//**
 122:C:\Program Files (x86)\Cypress\PSoC Creator\4.4\PSoC Creator\1\LWO2.cydsn\Generated_Source\PSoC4\LED_G.c **** *
 123:C:\Program Files (x86)\Cypress\PSoC Creator\4.4\PSoC Creator\1\LWO2.cydsn\Generated_Source\PSoC4\LED_G.c **** * \brief Reads the associated physical port (pin status register) and masks 
 124:C:\Program Files (x86)\Cypress\PSoC Creator\4.4\PSoC Creator\1\LWO2.cydsn\Generated_Source\PSoC4\LED_G.c **** *  the required bits according to the width and bit position of the component
 125:C:\Program Files (x86)\Cypress\PSoC Creator\4.4\PSoC Creator\1\LWO2.cydsn\Generated_Source\PSoC4\LED_G.c **** *  instance. 
 126:C:\Program Files (x86)\Cypress\PSoC Creator\4.4\PSoC Creator\1\LWO2.cydsn\Generated_Source\PSoC4\LED_G.c **** *
 127:C:\Program Files (x86)\Cypress\PSoC Creator\4.4\PSoC Creator\1\LWO2.cydsn\Generated_Source\PSoC4\LED_G.c **** * The pin's status register returns the current logic level present on the 
 128:C:\Program Files (x86)\Cypress\PSoC Creator\4.4\PSoC Creator\1\LWO2.cydsn\Generated_Source\PSoC4\LED_G.c **** * physical pin.
ARM GAS  C:\Users\taips\AppData\Local\Temp\cc63Dxea.s 			page 5


 129:C:\Program Files (x86)\Cypress\PSoC Creator\4.4\PSoC Creator\1\LWO2.cydsn\Generated_Source\PSoC4\LED_G.c **** *
 130:C:\Program Files (x86)\Cypress\PSoC Creator\4.4\PSoC Creator\1\LWO2.cydsn\Generated_Source\PSoC4\LED_G.c **** * \return 
 131:C:\Program Files (x86)\Cypress\PSoC Creator\4.4\PSoC Creator\1\LWO2.cydsn\Generated_Source\PSoC4\LED_G.c **** *  The current value for the pins in the component as a right justified number.
 132:C:\Program Files (x86)\Cypress\PSoC Creator\4.4\PSoC Creator\1\LWO2.cydsn\Generated_Source\PSoC4\LED_G.c **** *
 133:C:\Program Files (x86)\Cypress\PSoC Creator\4.4\PSoC Creator\1\LWO2.cydsn\Generated_Source\PSoC4\LED_G.c **** * \funcusage
 134:C:\Program Files (x86)\Cypress\PSoC Creator\4.4\PSoC Creator\1\LWO2.cydsn\Generated_Source\PSoC4\LED_G.c **** *  \snippet LED_G_SUT.c usage_LED_G_Read  
 135:C:\Program Files (x86)\Cypress\PSoC Creator\4.4\PSoC Creator\1\LWO2.cydsn\Generated_Source\PSoC4\LED_G.c **** *******************************************************************************/
 136:C:\Program Files (x86)\Cypress\PSoC Creator\4.4\PSoC Creator\1\LWO2.cydsn\Generated_Source\PSoC4\LED_G.c **** uint8 LED_G_Read(void)
 137:C:\Program Files (x86)\Cypress\PSoC Creator\4.4\PSoC Creator\1\LWO2.cydsn\Generated_Source\PSoC4\LED_G.c **** {
 101              		.loc 1 137 0
 102              		.cfi_startproc
 103              		@ args = 0, pretend = 0, frame = 0
 104              		@ frame_needed = 0, uses_anonymous_args = 0
 105              		@ link register save eliminated.
 138:C:\Program Files (x86)\Cypress\PSoC Creator\4.4\PSoC Creator\1\LWO2.cydsn\Generated_Source\PSoC4\LED_G.c ****     return (uint8)((LED_G_PS & LED_G_MASK) >> LED_G_SHIFT);
 106              		.loc 1 138 0
 107 0000 024B     		ldr	r3, .L8
 108 0002 1868     		ldr	r0, [r3]
 109 0004 8008     		lsrs	r0, r0, #2
 110 0006 0123     		movs	r3, #1
 111 0008 1840     		ands	r0, r3
 139:C:\Program Files (x86)\Cypress\PSoC Creator\4.4\PSoC Creator\1\LWO2.cydsn\Generated_Source\PSoC4\LED_G.c **** }
 112              		.loc 1 139 0
 113              		@ sp needed
 114 000a 7047     		bx	lr
 115              	.L9:
 116              		.align	2
 117              	.L8:
 118 000c 04000440 		.word	1074003972
 119              		.cfi_endproc
 120              	.LFE2:
 121              		.size	LED_G_Read, .-LED_G_Read
 122              		.section	.text.LED_G_ReadDataReg,"ax",%progbits
 123              		.align	2
 124              		.global	LED_G_ReadDataReg
 125              		.code	16
 126              		.thumb_func
 127              		.type	LED_G_ReadDataReg, %function
 128              	LED_G_ReadDataReg:
 129              	.LFB3:
 140:C:\Program Files (x86)\Cypress\PSoC Creator\4.4\PSoC Creator\1\LWO2.cydsn\Generated_Source\PSoC4\LED_G.c **** 
 141:C:\Program Files (x86)\Cypress\PSoC Creator\4.4\PSoC Creator\1\LWO2.cydsn\Generated_Source\PSoC4\LED_G.c **** 
 142:C:\Program Files (x86)\Cypress\PSoC Creator\4.4\PSoC Creator\1\LWO2.cydsn\Generated_Source\PSoC4\LED_G.c **** /*******************************************************************************
 143:C:\Program Files (x86)\Cypress\PSoC Creator\4.4\PSoC Creator\1\LWO2.cydsn\Generated_Source\PSoC4\LED_G.c **** * Function Name: LED_G_ReadDataReg
 144:C:\Program Files (x86)\Cypress\PSoC Creator\4.4\PSoC Creator\1\LWO2.cydsn\Generated_Source\PSoC4\LED_G.c **** ****************************************************************************//**
 145:C:\Program Files (x86)\Cypress\PSoC Creator\4.4\PSoC Creator\1\LWO2.cydsn\Generated_Source\PSoC4\LED_G.c **** *
 146:C:\Program Files (x86)\Cypress\PSoC Creator\4.4\PSoC Creator\1\LWO2.cydsn\Generated_Source\PSoC4\LED_G.c **** * \brief Reads the associated physical port's data output register and masks 
 147:C:\Program Files (x86)\Cypress\PSoC Creator\4.4\PSoC Creator\1\LWO2.cydsn\Generated_Source\PSoC4\LED_G.c **** *  the correct bits according to the width and bit position of the component 
 148:C:\Program Files (x86)\Cypress\PSoC Creator\4.4\PSoC Creator\1\LWO2.cydsn\Generated_Source\PSoC4\LED_G.c **** *  instance. 
 149:C:\Program Files (x86)\Cypress\PSoC Creator\4.4\PSoC Creator\1\LWO2.cydsn\Generated_Source\PSoC4\LED_G.c **** *
 150:C:\Program Files (x86)\Cypress\PSoC Creator\4.4\PSoC Creator\1\LWO2.cydsn\Generated_Source\PSoC4\LED_G.c **** * The data output register controls the signal applied to the physical pin in 
 151:C:\Program Files (x86)\Cypress\PSoC Creator\4.4\PSoC Creator\1\LWO2.cydsn\Generated_Source\PSoC4\LED_G.c **** * conjunction with the drive mode parameter. This is not the same as the 
 152:C:\Program Files (x86)\Cypress\PSoC Creator\4.4\PSoC Creator\1\LWO2.cydsn\Generated_Source\PSoC4\LED_G.c **** * preferred LED_G_Read() API because the 
 153:C:\Program Files (x86)\Cypress\PSoC Creator\4.4\PSoC Creator\1\LWO2.cydsn\Generated_Source\PSoC4\LED_G.c **** * LED_G_ReadDataReg() reads the data register instead of the status 
 154:C:\Program Files (x86)\Cypress\PSoC Creator\4.4\PSoC Creator\1\LWO2.cydsn\Generated_Source\PSoC4\LED_G.c **** * register. For output pins this is a useful function to determine the value 
 155:C:\Program Files (x86)\Cypress\PSoC Creator\4.4\PSoC Creator\1\LWO2.cydsn\Generated_Source\PSoC4\LED_G.c **** * just written to the pin.
 156:C:\Program Files (x86)\Cypress\PSoC Creator\4.4\PSoC Creator\1\LWO2.cydsn\Generated_Source\PSoC4\LED_G.c **** *
ARM GAS  C:\Users\taips\AppData\Local\Temp\cc63Dxea.s 			page 6


 157:C:\Program Files (x86)\Cypress\PSoC Creator\4.4\PSoC Creator\1\LWO2.cydsn\Generated_Source\PSoC4\LED_G.c **** * \return 
 158:C:\Program Files (x86)\Cypress\PSoC Creator\4.4\PSoC Creator\1\LWO2.cydsn\Generated_Source\PSoC4\LED_G.c **** *  The current value of the data register masked and shifted into a right 
 159:C:\Program Files (x86)\Cypress\PSoC Creator\4.4\PSoC Creator\1\LWO2.cydsn\Generated_Source\PSoC4\LED_G.c **** *  justified number for the component instance.
 160:C:\Program Files (x86)\Cypress\PSoC Creator\4.4\PSoC Creator\1\LWO2.cydsn\Generated_Source\PSoC4\LED_G.c **** *
 161:C:\Program Files (x86)\Cypress\PSoC Creator\4.4\PSoC Creator\1\LWO2.cydsn\Generated_Source\PSoC4\LED_G.c **** * \funcusage
 162:C:\Program Files (x86)\Cypress\PSoC Creator\4.4\PSoC Creator\1\LWO2.cydsn\Generated_Source\PSoC4\LED_G.c **** *  \snippet LED_G_SUT.c usage_LED_G_ReadDataReg 
 163:C:\Program Files (x86)\Cypress\PSoC Creator\4.4\PSoC Creator\1\LWO2.cydsn\Generated_Source\PSoC4\LED_G.c **** *******************************************************************************/
 164:C:\Program Files (x86)\Cypress\PSoC Creator\4.4\PSoC Creator\1\LWO2.cydsn\Generated_Source\PSoC4\LED_G.c **** uint8 LED_G_ReadDataReg(void)
 165:C:\Program Files (x86)\Cypress\PSoC Creator\4.4\PSoC Creator\1\LWO2.cydsn\Generated_Source\PSoC4\LED_G.c **** {
 130              		.loc 1 165 0
 131              		.cfi_startproc
 132              		@ args = 0, pretend = 0, frame = 0
 133              		@ frame_needed = 0, uses_anonymous_args = 0
 134              		@ link register save eliminated.
 166:C:\Program Files (x86)\Cypress\PSoC Creator\4.4\PSoC Creator\1\LWO2.cydsn\Generated_Source\PSoC4\LED_G.c ****     return (uint8)((LED_G_DR & LED_G_MASK) >> LED_G_SHIFT);
 135              		.loc 1 166 0
 136 0000 024B     		ldr	r3, .L11
 137 0002 1868     		ldr	r0, [r3]
 138 0004 8008     		lsrs	r0, r0, #2
 139 0006 0123     		movs	r3, #1
 140 0008 1840     		ands	r0, r3
 167:C:\Program Files (x86)\Cypress\PSoC Creator\4.4\PSoC Creator\1\LWO2.cydsn\Generated_Source\PSoC4\LED_G.c **** }
 141              		.loc 1 167 0
 142              		@ sp needed
 143 000a 7047     		bx	lr
 144              	.L12:
 145              		.align	2
 146              	.L11:
 147 000c 00000440 		.word	1074003968
 148              		.cfi_endproc
 149              	.LFE3:
 150              		.size	LED_G_ReadDataReg, .-LED_G_ReadDataReg
 151              		.section	.text.LED_G_SetInterruptMode,"ax",%progbits
 152              		.align	2
 153              		.global	LED_G_SetInterruptMode
 154              		.code	16
 155              		.thumb_func
 156              		.type	LED_G_SetInterruptMode, %function
 157              	LED_G_SetInterruptMode:
 158              	.LFB4:
 168:C:\Program Files (x86)\Cypress\PSoC Creator\4.4\PSoC Creator\1\LWO2.cydsn\Generated_Source\PSoC4\LED_G.c **** 
 169:C:\Program Files (x86)\Cypress\PSoC Creator\4.4\PSoC Creator\1\LWO2.cydsn\Generated_Source\PSoC4\LED_G.c **** 
 170:C:\Program Files (x86)\Cypress\PSoC Creator\4.4\PSoC Creator\1\LWO2.cydsn\Generated_Source\PSoC4\LED_G.c **** /*******************************************************************************
 171:C:\Program Files (x86)\Cypress\PSoC Creator\4.4\PSoC Creator\1\LWO2.cydsn\Generated_Source\PSoC4\LED_G.c **** * Function Name: LED_G_SetInterruptMode
 172:C:\Program Files (x86)\Cypress\PSoC Creator\4.4\PSoC Creator\1\LWO2.cydsn\Generated_Source\PSoC4\LED_G.c **** ****************************************************************************//**
 173:C:\Program Files (x86)\Cypress\PSoC Creator\4.4\PSoC Creator\1\LWO2.cydsn\Generated_Source\PSoC4\LED_G.c **** *
 174:C:\Program Files (x86)\Cypress\PSoC Creator\4.4\PSoC Creator\1\LWO2.cydsn\Generated_Source\PSoC4\LED_G.c **** * \brief Configures the interrupt mode for each of the Pins component's
 175:C:\Program Files (x86)\Cypress\PSoC Creator\4.4\PSoC Creator\1\LWO2.cydsn\Generated_Source\PSoC4\LED_G.c **** *  pins. Alternatively you may set the interrupt mode for all the pins
 176:C:\Program Files (x86)\Cypress\PSoC Creator\4.4\PSoC Creator\1\LWO2.cydsn\Generated_Source\PSoC4\LED_G.c **** *  specified in the Pins component.
 177:C:\Program Files (x86)\Cypress\PSoC Creator\4.4\PSoC Creator\1\LWO2.cydsn\Generated_Source\PSoC4\LED_G.c **** *
 178:C:\Program Files (x86)\Cypress\PSoC Creator\4.4\PSoC Creator\1\LWO2.cydsn\Generated_Source\PSoC4\LED_G.c **** *  <b>Note</b> The interrupt is port-wide and therefore any enabled pin
 179:C:\Program Files (x86)\Cypress\PSoC Creator\4.4\PSoC Creator\1\LWO2.cydsn\Generated_Source\PSoC4\LED_G.c **** *  interrupt may trigger it.
 180:C:\Program Files (x86)\Cypress\PSoC Creator\4.4\PSoC Creator\1\LWO2.cydsn\Generated_Source\PSoC4\LED_G.c **** *
 181:C:\Program Files (x86)\Cypress\PSoC Creator\4.4\PSoC Creator\1\LWO2.cydsn\Generated_Source\PSoC4\LED_G.c **** * \param position
 182:C:\Program Files (x86)\Cypress\PSoC Creator\4.4\PSoC Creator\1\LWO2.cydsn\Generated_Source\PSoC4\LED_G.c **** *  The pin position as listed in the Pins component. You may OR these to be 
 183:C:\Program Files (x86)\Cypress\PSoC Creator\4.4\PSoC Creator\1\LWO2.cydsn\Generated_Source\PSoC4\LED_G.c **** *  able to configure the interrupt mode of multiple pins within a Pins 
 184:C:\Program Files (x86)\Cypress\PSoC Creator\4.4\PSoC Creator\1\LWO2.cydsn\Generated_Source\PSoC4\LED_G.c **** *  component. Or you may use LED_G_INTR_ALL to configure the
ARM GAS  C:\Users\taips\AppData\Local\Temp\cc63Dxea.s 			page 7


 185:C:\Program Files (x86)\Cypress\PSoC Creator\4.4\PSoC Creator\1\LWO2.cydsn\Generated_Source\PSoC4\LED_G.c **** *  interrupt mode of all the pins in the Pins component.       
 186:C:\Program Files (x86)\Cypress\PSoC Creator\4.4\PSoC Creator\1\LWO2.cydsn\Generated_Source\PSoC4\LED_G.c **** *  - LED_G_0_INTR       (First pin in the list)
 187:C:\Program Files (x86)\Cypress\PSoC Creator\4.4\PSoC Creator\1\LWO2.cydsn\Generated_Source\PSoC4\LED_G.c **** *  - LED_G_1_INTR       (Second pin in the list)
 188:C:\Program Files (x86)\Cypress\PSoC Creator\4.4\PSoC Creator\1\LWO2.cydsn\Generated_Source\PSoC4\LED_G.c **** *  - ...
 189:C:\Program Files (x86)\Cypress\PSoC Creator\4.4\PSoC Creator\1\LWO2.cydsn\Generated_Source\PSoC4\LED_G.c **** *  - LED_G_INTR_ALL     (All pins in Pins component)
 190:C:\Program Files (x86)\Cypress\PSoC Creator\4.4\PSoC Creator\1\LWO2.cydsn\Generated_Source\PSoC4\LED_G.c **** *
 191:C:\Program Files (x86)\Cypress\PSoC Creator\4.4\PSoC Creator\1\LWO2.cydsn\Generated_Source\PSoC4\LED_G.c **** * \param mode
 192:C:\Program Files (x86)\Cypress\PSoC Creator\4.4\PSoC Creator\1\LWO2.cydsn\Generated_Source\PSoC4\LED_G.c **** *  Interrupt mode for the selected pins. Valid options are documented in
 193:C:\Program Files (x86)\Cypress\PSoC Creator\4.4\PSoC Creator\1\LWO2.cydsn\Generated_Source\PSoC4\LED_G.c **** *  \ref intrMode.
 194:C:\Program Files (x86)\Cypress\PSoC Creator\4.4\PSoC Creator\1\LWO2.cydsn\Generated_Source\PSoC4\LED_G.c **** *
 195:C:\Program Files (x86)\Cypress\PSoC Creator\4.4\PSoC Creator\1\LWO2.cydsn\Generated_Source\PSoC4\LED_G.c **** * \return 
 196:C:\Program Files (x86)\Cypress\PSoC Creator\4.4\PSoC Creator\1\LWO2.cydsn\Generated_Source\PSoC4\LED_G.c **** *  None
 197:C:\Program Files (x86)\Cypress\PSoC Creator\4.4\PSoC Creator\1\LWO2.cydsn\Generated_Source\PSoC4\LED_G.c **** *  
 198:C:\Program Files (x86)\Cypress\PSoC Creator\4.4\PSoC Creator\1\LWO2.cydsn\Generated_Source\PSoC4\LED_G.c **** * \sideeffect
 199:C:\Program Files (x86)\Cypress\PSoC Creator\4.4\PSoC Creator\1\LWO2.cydsn\Generated_Source\PSoC4\LED_G.c **** *  It is recommended that the interrupt be disabled before calling this 
 200:C:\Program Files (x86)\Cypress\PSoC Creator\4.4\PSoC Creator\1\LWO2.cydsn\Generated_Source\PSoC4\LED_G.c **** *  function to avoid unintended interrupt requests. Note that the interrupt
 201:C:\Program Files (x86)\Cypress\PSoC Creator\4.4\PSoC Creator\1\LWO2.cydsn\Generated_Source\PSoC4\LED_G.c **** *  type is port wide, and therefore will trigger for any enabled pin on the 
 202:C:\Program Files (x86)\Cypress\PSoC Creator\4.4\PSoC Creator\1\LWO2.cydsn\Generated_Source\PSoC4\LED_G.c **** *  port.
 203:C:\Program Files (x86)\Cypress\PSoC Creator\4.4\PSoC Creator\1\LWO2.cydsn\Generated_Source\PSoC4\LED_G.c **** *
 204:C:\Program Files (x86)\Cypress\PSoC Creator\4.4\PSoC Creator\1\LWO2.cydsn\Generated_Source\PSoC4\LED_G.c **** * \funcusage
 205:C:\Program Files (x86)\Cypress\PSoC Creator\4.4\PSoC Creator\1\LWO2.cydsn\Generated_Source\PSoC4\LED_G.c **** *  \snippet LED_G_SUT.c usage_LED_G_SetInterruptMode
 206:C:\Program Files (x86)\Cypress\PSoC Creator\4.4\PSoC Creator\1\LWO2.cydsn\Generated_Source\PSoC4\LED_G.c **** *******************************************************************************/
 207:C:\Program Files (x86)\Cypress\PSoC Creator\4.4\PSoC Creator\1\LWO2.cydsn\Generated_Source\PSoC4\LED_G.c **** void LED_G_SetInterruptMode(uint16 position, uint16 mode)
 208:C:\Program Files (x86)\Cypress\PSoC Creator\4.4\PSoC Creator\1\LWO2.cydsn\Generated_Source\PSoC4\LED_G.c **** {
 159              		.loc 1 208 0
 160              		.cfi_startproc
 161              		@ args = 0, pretend = 0, frame = 0
 162              		@ frame_needed = 0, uses_anonymous_args = 0
 163              		@ link register save eliminated.
 164              	.LVL6:
 209:C:\Program Files (x86)\Cypress\PSoC Creator\4.4\PSoC Creator\1\LWO2.cydsn\Generated_Source\PSoC4\LED_G.c ****     uint32 intrCfg;
 210:C:\Program Files (x86)\Cypress\PSoC Creator\4.4\PSoC Creator\1\LWO2.cydsn\Generated_Source\PSoC4\LED_G.c ****     
 211:C:\Program Files (x86)\Cypress\PSoC Creator\4.4\PSoC Creator\1\LWO2.cydsn\Generated_Source\PSoC4\LED_G.c ****     intrCfg =  LED_G_INTCFG & (uint32)(~(uint32)position);
 165              		.loc 1 211 0
 166 0000 034A     		ldr	r2, .L14
 167 0002 1368     		ldr	r3, [r2]
 168 0004 8343     		bics	r3, r0
 169              	.LVL7:
 212:C:\Program Files (x86)\Cypress\PSoC Creator\4.4\PSoC Creator\1\LWO2.cydsn\Generated_Source\PSoC4\LED_G.c ****     LED_G_INTCFG = intrCfg | ((uint32)position & (uint32)mode);
 170              		.loc 1 212 0
 171 0006 0840     		ands	r0, r1
 172              	.LVL8:
 173 0008 1843     		orrs	r0, r3
 174 000a 1060     		str	r0, [r2]
 213:C:\Program Files (x86)\Cypress\PSoC Creator\4.4\PSoC Creator\1\LWO2.cydsn\Generated_Source\PSoC4\LED_G.c **** }
 175              		.loc 1 213 0
 176              		@ sp needed
 177 000c 7047     		bx	lr
 178              	.L15:
 179 000e C046     		.align	2
 180              	.L14:
 181 0010 0C000440 		.word	1074003980
 182              		.cfi_endproc
 183              	.LFE4:
 184              		.size	LED_G_SetInterruptMode, .-LED_G_SetInterruptMode
 185              		.section	.text.LED_G_ClearInterrupt,"ax",%progbits
 186              		.align	2
ARM GAS  C:\Users\taips\AppData\Local\Temp\cc63Dxea.s 			page 8


 187              		.global	LED_G_ClearInterrupt
 188              		.code	16
 189              		.thumb_func
 190              		.type	LED_G_ClearInterrupt, %function
 191              	LED_G_ClearInterrupt:
 192              	.LFB5:
 214:C:\Program Files (x86)\Cypress\PSoC Creator\4.4\PSoC Creator\1\LWO2.cydsn\Generated_Source\PSoC4\LED_G.c **** 
 215:C:\Program Files (x86)\Cypress\PSoC Creator\4.4\PSoC Creator\1\LWO2.cydsn\Generated_Source\PSoC4\LED_G.c **** 
 216:C:\Program Files (x86)\Cypress\PSoC Creator\4.4\PSoC Creator\1\LWO2.cydsn\Generated_Source\PSoC4\LED_G.c **** /*******************************************************************************
 217:C:\Program Files (x86)\Cypress\PSoC Creator\4.4\PSoC Creator\1\LWO2.cydsn\Generated_Source\PSoC4\LED_G.c **** * Function Name: LED_G_ClearInterrupt
 218:C:\Program Files (x86)\Cypress\PSoC Creator\4.4\PSoC Creator\1\LWO2.cydsn\Generated_Source\PSoC4\LED_G.c **** ****************************************************************************//**
 219:C:\Program Files (x86)\Cypress\PSoC Creator\4.4\PSoC Creator\1\LWO2.cydsn\Generated_Source\PSoC4\LED_G.c **** *
 220:C:\Program Files (x86)\Cypress\PSoC Creator\4.4\PSoC Creator\1\LWO2.cydsn\Generated_Source\PSoC4\LED_G.c **** * \brief Clears any active interrupts attached with the component and returns 
 221:C:\Program Files (x86)\Cypress\PSoC Creator\4.4\PSoC Creator\1\LWO2.cydsn\Generated_Source\PSoC4\LED_G.c **** *  the value of the interrupt status register allowing determination of which
 222:C:\Program Files (x86)\Cypress\PSoC Creator\4.4\PSoC Creator\1\LWO2.cydsn\Generated_Source\PSoC4\LED_G.c **** *  pins generated an interrupt event.
 223:C:\Program Files (x86)\Cypress\PSoC Creator\4.4\PSoC Creator\1\LWO2.cydsn\Generated_Source\PSoC4\LED_G.c **** *
 224:C:\Program Files (x86)\Cypress\PSoC Creator\4.4\PSoC Creator\1\LWO2.cydsn\Generated_Source\PSoC4\LED_G.c **** * \return 
 225:C:\Program Files (x86)\Cypress\PSoC Creator\4.4\PSoC Creator\1\LWO2.cydsn\Generated_Source\PSoC4\LED_G.c **** *  The right-shifted current value of the interrupt status register. Each pin 
 226:C:\Program Files (x86)\Cypress\PSoC Creator\4.4\PSoC Creator\1\LWO2.cydsn\Generated_Source\PSoC4\LED_G.c **** *  has one bit set if it generated an interrupt event. For example, bit 0 is 
 227:C:\Program Files (x86)\Cypress\PSoC Creator\4.4\PSoC Creator\1\LWO2.cydsn\Generated_Source\PSoC4\LED_G.c **** *  for pin 0 and bit 1 is for pin 1 of the Pins component.
 228:C:\Program Files (x86)\Cypress\PSoC Creator\4.4\PSoC Creator\1\LWO2.cydsn\Generated_Source\PSoC4\LED_G.c **** *  
 229:C:\Program Files (x86)\Cypress\PSoC Creator\4.4\PSoC Creator\1\LWO2.cydsn\Generated_Source\PSoC4\LED_G.c **** * \sideeffect
 230:C:\Program Files (x86)\Cypress\PSoC Creator\4.4\PSoC Creator\1\LWO2.cydsn\Generated_Source\PSoC4\LED_G.c **** *  Clears all bits of the physical port's interrupt status register, not just
 231:C:\Program Files (x86)\Cypress\PSoC Creator\4.4\PSoC Creator\1\LWO2.cydsn\Generated_Source\PSoC4\LED_G.c **** *  those associated with the Pins component.
 232:C:\Program Files (x86)\Cypress\PSoC Creator\4.4\PSoC Creator\1\LWO2.cydsn\Generated_Source\PSoC4\LED_G.c **** *
 233:C:\Program Files (x86)\Cypress\PSoC Creator\4.4\PSoC Creator\1\LWO2.cydsn\Generated_Source\PSoC4\LED_G.c **** * \funcusage
 234:C:\Program Files (x86)\Cypress\PSoC Creator\4.4\PSoC Creator\1\LWO2.cydsn\Generated_Source\PSoC4\LED_G.c **** *  \snippet LED_G_SUT.c usage_LED_G_ClearInterrupt
 235:C:\Program Files (x86)\Cypress\PSoC Creator\4.4\PSoC Creator\1\LWO2.cydsn\Generated_Source\PSoC4\LED_G.c **** *******************************************************************************/
 236:C:\Program Files (x86)\Cypress\PSoC Creator\4.4\PSoC Creator\1\LWO2.cydsn\Generated_Source\PSoC4\LED_G.c **** uint8 LED_G_ClearInterrupt(void)
 237:C:\Program Files (x86)\Cypress\PSoC Creator\4.4\PSoC Creator\1\LWO2.cydsn\Generated_Source\PSoC4\LED_G.c **** {
 193              		.loc 1 237 0
 194              		.cfi_startproc
 195              		@ args = 0, pretend = 0, frame = 0
 196              		@ frame_needed = 0, uses_anonymous_args = 0
 197              		@ link register save eliminated.
 238:C:\Program Files (x86)\Cypress\PSoC Creator\4.4\PSoC Creator\1\LWO2.cydsn\Generated_Source\PSoC4\LED_G.c **** 	uint8 maskedStatus = (uint8)(LED_G_INTSTAT & LED_G_MASK);
 198              		.loc 1 238 0
 199 0000 034A     		ldr	r2, .L17
 200 0002 1068     		ldr	r0, [r2]
 201 0004 0423     		movs	r3, #4
 202 0006 1840     		ands	r0, r3
 203              	.LVL9:
 239:C:\Program Files (x86)\Cypress\PSoC Creator\4.4\PSoC Creator\1\LWO2.cydsn\Generated_Source\PSoC4\LED_G.c **** 	LED_G_INTSTAT = maskedStatus;
 204              		.loc 1 239 0
 205 0008 1060     		str	r0, [r2]
 240:C:\Program Files (x86)\Cypress\PSoC Creator\4.4\PSoC Creator\1\LWO2.cydsn\Generated_Source\PSoC4\LED_G.c ****     return maskedStatus >> LED_G_SHIFT;
 206              		.loc 1 240 0
 207 000a 8008     		lsrs	r0, r0, #2
 208              	.LVL10:
 209 000c C0B2     		uxtb	r0, r0
 241:C:\Program Files (x86)\Cypress\PSoC Creator\4.4\PSoC Creator\1\LWO2.cydsn\Generated_Source\PSoC4\LED_G.c **** }
 210              		.loc 1 241 0
 211              		@ sp needed
 212 000e 7047     		bx	lr
 213              	.L18:
 214              		.align	2
 215              	.L17:
ARM GAS  C:\Users\taips\AppData\Local\Temp\cc63Dxea.s 			page 9


 216 0010 10000440 		.word	1074003984
 217              		.cfi_endproc
 218              	.LFE5:
 219              		.size	LED_G_ClearInterrupt, .-LED_G_ClearInterrupt
 220              		.text
 221              	.Letext0:
 222              		.file 2 "C:\\Program Files (x86)\\Cypress\\PSoC Creator\\4.4\\PSoC Creator\\1\\LWO2.cydsn\\Generat
 223              		.section	.debug_info,"",%progbits
 224              	.Ldebug_info0:
 225 0000 95010000 		.4byte	0x195
 226 0004 0400     		.2byte	0x4
 227 0006 00000000 		.4byte	.Ldebug_abbrev0
 228 000a 04       		.byte	0x4
 229 000b 01       		.uleb128 0x1
 230 000c 4D010000 		.4byte	.LASF28
 231 0010 0C       		.byte	0xc
 232 0011 06000000 		.4byte	.LASF29
 233 0015 00000000 		.4byte	.Ldebug_ranges0+0
 234 0019 00000000 		.4byte	0
 235 001d 00000000 		.4byte	.Ldebug_line0
 236 0021 02       		.uleb128 0x2
 237 0022 01       		.byte	0x1
 238 0023 06       		.byte	0x6
 239 0024 32020000 		.4byte	.LASF0
 240 0028 02       		.uleb128 0x2
 241 0029 01       		.byte	0x1
 242 002a 08       		.byte	0x8
 243 002b A8000000 		.4byte	.LASF1
 244 002f 02       		.uleb128 0x2
 245 0030 02       		.byte	0x2
 246 0031 05       		.byte	0x5
 247 0032 FA010000 		.4byte	.LASF2
 248 0036 02       		.uleb128 0x2
 249 0037 02       		.byte	0x2
 250 0038 07       		.byte	0x7
 251 0039 CE000000 		.4byte	.LASF3
 252 003d 02       		.uleb128 0x2
 253 003e 04       		.byte	0x4
 254 003f 05       		.byte	0x5
 255 0040 12020000 		.4byte	.LASF4
 256 0044 02       		.uleb128 0x2
 257 0045 04       		.byte	0x4
 258 0046 07       		.byte	0x7
 259 0047 BC000000 		.4byte	.LASF5
 260 004b 02       		.uleb128 0x2
 261 004c 08       		.byte	0x8
 262 004d 05       		.byte	0x5
 263 004e DB010000 		.4byte	.LASF6
 264 0052 02       		.uleb128 0x2
 265 0053 08       		.byte	0x8
 266 0054 07       		.byte	0x7
 267 0055 31010000 		.4byte	.LASF7
 268 0059 03       		.uleb128 0x3
 269 005a 04       		.byte	0x4
 270 005b 05       		.byte	0x5
 271 005c 696E7400 		.ascii	"int\000"
 272 0060 02       		.uleb128 0x2
ARM GAS  C:\Users\taips\AppData\Local\Temp\cc63Dxea.s 			page 10


 273 0061 04       		.byte	0x4
 274 0062 07       		.byte	0x7
 275 0063 24010000 		.4byte	.LASF8
 276 0067 04       		.uleb128 0x4
 277 0068 0C020000 		.4byte	.LASF9
 278 006c 02       		.byte	0x2
 279 006d FB01     		.2byte	0x1fb
 280 006f 28000000 		.4byte	0x28
 281 0073 04       		.uleb128 0x4
 282 0074 FB000000 		.4byte	.LASF10
 283 0078 02       		.byte	0x2
 284 0079 FC01     		.2byte	0x1fc
 285 007b 36000000 		.4byte	0x36
 286 007f 04       		.uleb128 0x4
 287 0080 0B010000 		.4byte	.LASF11
 288 0084 02       		.byte	0x2
 289 0085 FD01     		.2byte	0x1fd
 290 0087 44000000 		.4byte	0x44
 291 008b 02       		.uleb128 0x2
 292 008c 04       		.byte	0x4
 293 008d 04       		.byte	0x4
 294 008e A2000000 		.4byte	.LASF12
 295 0092 02       		.uleb128 0x2
 296 0093 08       		.byte	0x8
 297 0094 04       		.byte	0x4
 298 0095 F4000000 		.4byte	.LASF13
 299 0099 02       		.uleb128 0x2
 300 009a 01       		.byte	0x1
 301 009b 08       		.byte	0x8
 302 009c F5010000 		.4byte	.LASF14
 303 00a0 04       		.uleb128 0x4
 304 00a1 00000000 		.4byte	.LASF15
 305 00a5 02       		.byte	0x2
 306 00a6 A702     		.2byte	0x2a7
 307 00a8 AC000000 		.4byte	0xac
 308 00ac 05       		.uleb128 0x5
 309 00ad 7F000000 		.4byte	0x7f
 310 00b1 06       		.uleb128 0x6
 311 00b2 E1000000 		.4byte	.LASF16
 312 00b6 01       		.byte	0x1
 313 00b7 48       		.byte	0x48
 314 00b8 00000000 		.4byte	.LFB0
 315 00bc 18000000 		.4byte	.LFE0-.LFB0
 316 00c0 01       		.uleb128 0x1
 317 00c1 9C       		.byte	0x9c
 318 00c2 D6000000 		.4byte	0xd6
 319 00c6 07       		.uleb128 0x7
 320 00c7 48010000 		.4byte	.LASF18
 321 00cb 01       		.byte	0x1
 322 00cc 48       		.byte	0x48
 323 00cd 67000000 		.4byte	0x67
 324 00d1 00000000 		.4byte	.LLST0
 325 00d5 00       		.byte	0
 326 00d6 06       		.uleb128 0x6
 327 00d7 E9010000 		.4byte	.LASF17
 328 00db 01       		.byte	0x1
 329 00dc 6F       		.byte	0x6f
ARM GAS  C:\Users\taips\AppData\Local\Temp\cc63Dxea.s 			page 11


 330 00dd 00000000 		.4byte	.LFB1
 331 00e1 18000000 		.4byte	.LFE1-.LFB1
 332 00e5 01       		.uleb128 0x1
 333 00e6 9C       		.byte	0x9c
 334 00e7 0A010000 		.4byte	0x10a
 335 00eb 07       		.uleb128 0x7
 336 00ec 7C000000 		.4byte	.LASF19
 337 00f0 01       		.byte	0x1
 338 00f1 6F       		.byte	0x6f
 339 00f2 67000000 		.4byte	0x67
 340 00f6 21000000 		.4byte	.LLST1
 341 00fa 08       		.uleb128 0x8
 342 00fb B6000000 		.4byte	.LASF24
 343 00ff 01       		.byte	0x1
 344 0100 71       		.byte	0x71
 345 0101 67000000 		.4byte	0x67
 346 0105 42000000 		.4byte	.LLST2
 347 0109 00       		.byte	0
 348 010a 09       		.uleb128 0x9
 349 010b 97000000 		.4byte	.LASF20
 350 010f 01       		.byte	0x1
 351 0110 88       		.byte	0x88
 352 0111 67000000 		.4byte	0x67
 353 0115 00000000 		.4byte	.LFB2
 354 0119 10000000 		.4byte	.LFE2-.LFB2
 355 011d 01       		.uleb128 0x1
 356 011e 9C       		.byte	0x9c
 357 011f 09       		.uleb128 0x9
 358 0120 12010000 		.4byte	.LASF21
 359 0124 01       		.byte	0x1
 360 0125 A4       		.byte	0xa4
 361 0126 67000000 		.4byte	0x67
 362 012a 00000000 		.4byte	.LFB3
 363 012e 10000000 		.4byte	.LFE3-.LFB3
 364 0132 01       		.uleb128 0x1
 365 0133 9C       		.byte	0x9c
 366 0134 06       		.uleb128 0x6
 367 0135 1B020000 		.4byte	.LASF22
 368 0139 01       		.byte	0x1
 369 013a CF       		.byte	0xcf
 370 013b 00000000 		.4byte	.LFB4
 371 013f 14000000 		.4byte	.LFE4-.LFB4
 372 0143 01       		.uleb128 0x1
 373 0144 9C       		.byte	0x9c
 374 0145 73010000 		.4byte	0x173
 375 0149 07       		.uleb128 0x7
 376 014a 02010000 		.4byte	.LASF23
 377 014e 01       		.byte	0x1
 378 014f CF       		.byte	0xcf
 379 0150 73000000 		.4byte	0x73
 380 0154 60000000 		.4byte	.LLST3
 381 0158 0A       		.uleb128 0xa
 382 0159 48010000 		.4byte	.LASF18
 383 015d 01       		.byte	0x1
 384 015e CF       		.byte	0xcf
 385 015f 73000000 		.4byte	0x73
 386 0163 01       		.uleb128 0x1
ARM GAS  C:\Users\taips\AppData\Local\Temp\cc63Dxea.s 			page 12


 387 0164 51       		.byte	0x51
 388 0165 0B       		.uleb128 0xb
 389 0166 04020000 		.4byte	.LASF25
 390 016a 01       		.byte	0x1
 391 016b D1       		.byte	0xd1
 392 016c 7F000000 		.4byte	0x7f
 393 0170 01       		.uleb128 0x1
 394 0171 53       		.byte	0x53
 395 0172 00       		.byte	0
 396 0173 0C       		.uleb128 0xc
 397 0174 82000000 		.4byte	.LASF26
 398 0178 01       		.byte	0x1
 399 0179 EC       		.byte	0xec
 400 017a 67000000 		.4byte	0x67
 401 017e 00000000 		.4byte	.LFB5
 402 0182 14000000 		.4byte	.LFE5-.LFB5
 403 0186 01       		.uleb128 0x1
 404 0187 9C       		.byte	0x9c
 405 0188 08       		.uleb128 0x8
 406 0189 6F000000 		.4byte	.LASF27
 407 018d 01       		.byte	0x1
 408 018e EE       		.byte	0xee
 409 018f 67000000 		.4byte	0x67
 410 0193 81000000 		.4byte	.LLST4
 411 0197 00       		.byte	0
 412 0198 00       		.byte	0
 413              		.section	.debug_abbrev,"",%progbits
 414              	.Ldebug_abbrev0:
 415 0000 01       		.uleb128 0x1
 416 0001 11       		.uleb128 0x11
 417 0002 01       		.byte	0x1
 418 0003 25       		.uleb128 0x25
 419 0004 0E       		.uleb128 0xe
 420 0005 13       		.uleb128 0x13
 421 0006 0B       		.uleb128 0xb
 422 0007 03       		.uleb128 0x3
 423 0008 0E       		.uleb128 0xe
 424 0009 55       		.uleb128 0x55
 425 000a 17       		.uleb128 0x17
 426 000b 11       		.uleb128 0x11
 427 000c 01       		.uleb128 0x1
 428 000d 10       		.uleb128 0x10
 429 000e 17       		.uleb128 0x17
 430 000f 00       		.byte	0
 431 0010 00       		.byte	0
 432 0011 02       		.uleb128 0x2
 433 0012 24       		.uleb128 0x24
 434 0013 00       		.byte	0
 435 0014 0B       		.uleb128 0xb
 436 0015 0B       		.uleb128 0xb
 437 0016 3E       		.uleb128 0x3e
 438 0017 0B       		.uleb128 0xb
 439 0018 03       		.uleb128 0x3
 440 0019 0E       		.uleb128 0xe
 441 001a 00       		.byte	0
 442 001b 00       		.byte	0
 443 001c 03       		.uleb128 0x3
ARM GAS  C:\Users\taips\AppData\Local\Temp\cc63Dxea.s 			page 13


 444 001d 24       		.uleb128 0x24
 445 001e 00       		.byte	0
 446 001f 0B       		.uleb128 0xb
 447 0020 0B       		.uleb128 0xb
 448 0021 3E       		.uleb128 0x3e
 449 0022 0B       		.uleb128 0xb
 450 0023 03       		.uleb128 0x3
 451 0024 08       		.uleb128 0x8
 452 0025 00       		.byte	0
 453 0026 00       		.byte	0
 454 0027 04       		.uleb128 0x4
 455 0028 16       		.uleb128 0x16
 456 0029 00       		.byte	0
 457 002a 03       		.uleb128 0x3
 458 002b 0E       		.uleb128 0xe
 459 002c 3A       		.uleb128 0x3a
 460 002d 0B       		.uleb128 0xb
 461 002e 3B       		.uleb128 0x3b
 462 002f 05       		.uleb128 0x5
 463 0030 49       		.uleb128 0x49
 464 0031 13       		.uleb128 0x13
 465 0032 00       		.byte	0
 466 0033 00       		.byte	0
 467 0034 05       		.uleb128 0x5
 468 0035 35       		.uleb128 0x35
 469 0036 00       		.byte	0
 470 0037 49       		.uleb128 0x49
 471 0038 13       		.uleb128 0x13
 472 0039 00       		.byte	0
 473 003a 00       		.byte	0
 474 003b 06       		.uleb128 0x6
 475 003c 2E       		.uleb128 0x2e
 476 003d 01       		.byte	0x1
 477 003e 3F       		.uleb128 0x3f
 478 003f 19       		.uleb128 0x19
 479 0040 03       		.uleb128 0x3
 480 0041 0E       		.uleb128 0xe
 481 0042 3A       		.uleb128 0x3a
 482 0043 0B       		.uleb128 0xb
 483 0044 3B       		.uleb128 0x3b
 484 0045 0B       		.uleb128 0xb
 485 0046 27       		.uleb128 0x27
 486 0047 19       		.uleb128 0x19
 487 0048 11       		.uleb128 0x11
 488 0049 01       		.uleb128 0x1
 489 004a 12       		.uleb128 0x12
 490 004b 06       		.uleb128 0x6
 491 004c 40       		.uleb128 0x40
 492 004d 18       		.uleb128 0x18
 493 004e 9742     		.uleb128 0x2117
 494 0050 19       		.uleb128 0x19
 495 0051 01       		.uleb128 0x1
 496 0052 13       		.uleb128 0x13
 497 0053 00       		.byte	0
 498 0054 00       		.byte	0
 499 0055 07       		.uleb128 0x7
 500 0056 05       		.uleb128 0x5
ARM GAS  C:\Users\taips\AppData\Local\Temp\cc63Dxea.s 			page 14


 501 0057 00       		.byte	0
 502 0058 03       		.uleb128 0x3
 503 0059 0E       		.uleb128 0xe
 504 005a 3A       		.uleb128 0x3a
 505 005b 0B       		.uleb128 0xb
 506 005c 3B       		.uleb128 0x3b
 507 005d 0B       		.uleb128 0xb
 508 005e 49       		.uleb128 0x49
 509 005f 13       		.uleb128 0x13
 510 0060 02       		.uleb128 0x2
 511 0061 17       		.uleb128 0x17
 512 0062 00       		.byte	0
 513 0063 00       		.byte	0
 514 0064 08       		.uleb128 0x8
 515 0065 34       		.uleb128 0x34
 516 0066 00       		.byte	0
 517 0067 03       		.uleb128 0x3
 518 0068 0E       		.uleb128 0xe
 519 0069 3A       		.uleb128 0x3a
 520 006a 0B       		.uleb128 0xb
 521 006b 3B       		.uleb128 0x3b
 522 006c 0B       		.uleb128 0xb
 523 006d 49       		.uleb128 0x49
 524 006e 13       		.uleb128 0x13
 525 006f 02       		.uleb128 0x2
 526 0070 17       		.uleb128 0x17
 527 0071 00       		.byte	0
 528 0072 00       		.byte	0
 529 0073 09       		.uleb128 0x9
 530 0074 2E       		.uleb128 0x2e
 531 0075 00       		.byte	0
 532 0076 3F       		.uleb128 0x3f
 533 0077 19       		.uleb128 0x19
 534 0078 03       		.uleb128 0x3
 535 0079 0E       		.uleb128 0xe
 536 007a 3A       		.uleb128 0x3a
 537 007b 0B       		.uleb128 0xb
 538 007c 3B       		.uleb128 0x3b
 539 007d 0B       		.uleb128 0xb
 540 007e 27       		.uleb128 0x27
 541 007f 19       		.uleb128 0x19
 542 0080 49       		.uleb128 0x49
 543 0081 13       		.uleb128 0x13
 544 0082 11       		.uleb128 0x11
 545 0083 01       		.uleb128 0x1
 546 0084 12       		.uleb128 0x12
 547 0085 06       		.uleb128 0x6
 548 0086 40       		.uleb128 0x40
 549 0087 18       		.uleb128 0x18
 550 0088 9742     		.uleb128 0x2117
 551 008a 19       		.uleb128 0x19
 552 008b 00       		.byte	0
 553 008c 00       		.byte	0
 554 008d 0A       		.uleb128 0xa
 555 008e 05       		.uleb128 0x5
 556 008f 00       		.byte	0
 557 0090 03       		.uleb128 0x3
ARM GAS  C:\Users\taips\AppData\Local\Temp\cc63Dxea.s 			page 15


 558 0091 0E       		.uleb128 0xe
 559 0092 3A       		.uleb128 0x3a
 560 0093 0B       		.uleb128 0xb
 561 0094 3B       		.uleb128 0x3b
 562 0095 0B       		.uleb128 0xb
 563 0096 49       		.uleb128 0x49
 564 0097 13       		.uleb128 0x13
 565 0098 02       		.uleb128 0x2
 566 0099 18       		.uleb128 0x18
 567 009a 00       		.byte	0
 568 009b 00       		.byte	0
 569 009c 0B       		.uleb128 0xb
 570 009d 34       		.uleb128 0x34
 571 009e 00       		.byte	0
 572 009f 03       		.uleb128 0x3
 573 00a0 0E       		.uleb128 0xe
 574 00a1 3A       		.uleb128 0x3a
 575 00a2 0B       		.uleb128 0xb
 576 00a3 3B       		.uleb128 0x3b
 577 00a4 0B       		.uleb128 0xb
 578 00a5 49       		.uleb128 0x49
 579 00a6 13       		.uleb128 0x13
 580 00a7 02       		.uleb128 0x2
 581 00a8 18       		.uleb128 0x18
 582 00a9 00       		.byte	0
 583 00aa 00       		.byte	0
 584 00ab 0C       		.uleb128 0xc
 585 00ac 2E       		.uleb128 0x2e
 586 00ad 01       		.byte	0x1
 587 00ae 3F       		.uleb128 0x3f
 588 00af 19       		.uleb128 0x19
 589 00b0 03       		.uleb128 0x3
 590 00b1 0E       		.uleb128 0xe
 591 00b2 3A       		.uleb128 0x3a
 592 00b3 0B       		.uleb128 0xb
 593 00b4 3B       		.uleb128 0x3b
 594 00b5 0B       		.uleb128 0xb
 595 00b6 27       		.uleb128 0x27
 596 00b7 19       		.uleb128 0x19
 597 00b8 49       		.uleb128 0x49
 598 00b9 13       		.uleb128 0x13
 599 00ba 11       		.uleb128 0x11
 600 00bb 01       		.uleb128 0x1
 601 00bc 12       		.uleb128 0x12
 602 00bd 06       		.uleb128 0x6
 603 00be 40       		.uleb128 0x40
 604 00bf 18       		.uleb128 0x18
 605 00c0 9742     		.uleb128 0x2117
 606 00c2 19       		.uleb128 0x19
 607 00c3 00       		.byte	0
 608 00c4 00       		.byte	0
 609 00c5 00       		.byte	0
 610              		.section	.debug_loc,"",%progbits
 611              	.Ldebug_loc0:
 612              	.LLST0:
 613 0000 00000000 		.4byte	.LVL0
 614 0004 0A000000 		.4byte	.LVL1
ARM GAS  C:\Users\taips\AppData\Local\Temp\cc63Dxea.s 			page 16


 615 0008 0100     		.2byte	0x1
 616 000a 50       		.byte	0x50
 617 000b 0A000000 		.4byte	.LVL1
 618 000f 18000000 		.4byte	.LFE0
 619 0013 0400     		.2byte	0x4
 620 0015 F3       		.byte	0xf3
 621 0016 01       		.uleb128 0x1
 622 0017 50       		.byte	0x50
 623 0018 9F       		.byte	0x9f
 624 0019 00000000 		.4byte	0
 625 001d 00000000 		.4byte	0
 626              	.LLST1:
 627 0021 00000000 		.4byte	.LVL2
 628 0025 0C000000 		.4byte	.LVL4
 629 0029 0100     		.2byte	0x1
 630 002b 50       		.byte	0x50
 631 002c 0C000000 		.4byte	.LVL4
 632 0030 18000000 		.4byte	.LFE1
 633 0034 0400     		.2byte	0x4
 634 0036 F3       		.byte	0xf3
 635 0037 01       		.uleb128 0x1
 636 0038 50       		.byte	0x50
 637 0039 9F       		.byte	0x9f
 638 003a 00000000 		.4byte	0
 639 003e 00000000 		.4byte	0
 640              	.LLST2:
 641 0042 0A000000 		.4byte	.LVL3
 642 0046 10000000 		.4byte	.LVL5
 643 004a 0100     		.2byte	0x1
 644 004c 52       		.byte	0x52
 645 004d 10000000 		.4byte	.LVL5
 646 0051 18000000 		.4byte	.LFE1
 647 0055 0100     		.2byte	0x1
 648 0057 50       		.byte	0x50
 649 0058 00000000 		.4byte	0
 650 005c 00000000 		.4byte	0
 651              	.LLST3:
 652 0060 00000000 		.4byte	.LVL6
 653 0064 08000000 		.4byte	.LVL8
 654 0068 0100     		.2byte	0x1
 655 006a 50       		.byte	0x50
 656 006b 08000000 		.4byte	.LVL8
 657 006f 14000000 		.4byte	.LFE4
 658 0073 0400     		.2byte	0x4
 659 0075 F3       		.byte	0xf3
 660 0076 01       		.uleb128 0x1
 661 0077 50       		.byte	0x50
 662 0078 9F       		.byte	0x9f
 663 0079 00000000 		.4byte	0
 664 007d 00000000 		.4byte	0
 665              	.LLST4:
 666 0081 08000000 		.4byte	.LVL9
 667 0085 0C000000 		.4byte	.LVL10
 668 0089 0100     		.2byte	0x1
 669 008b 50       		.byte	0x50
 670 008c 0C000000 		.4byte	.LVL10
 671 0090 14000000 		.4byte	.LFE5
ARM GAS  C:\Users\taips\AppData\Local\Temp\cc63Dxea.s 			page 17


 672 0094 0400     		.2byte	0x4
 673 0096 72       		.byte	0x72
 674 0097 00       		.sleb128 0
 675 0098 06       		.byte	0x6
 676 0099 9F       		.byte	0x9f
 677 009a 00000000 		.4byte	0
 678 009e 00000000 		.4byte	0
 679              		.section	.debug_aranges,"",%progbits
 680 0000 44000000 		.4byte	0x44
 681 0004 0200     		.2byte	0x2
 682 0006 00000000 		.4byte	.Ldebug_info0
 683 000a 04       		.byte	0x4
 684 000b 00       		.byte	0
 685 000c 0000     		.2byte	0
 686 000e 0000     		.2byte	0
 687 0010 00000000 		.4byte	.LFB0
 688 0014 18000000 		.4byte	.LFE0-.LFB0
 689 0018 00000000 		.4byte	.LFB1
 690 001c 18000000 		.4byte	.LFE1-.LFB1
 691 0020 00000000 		.4byte	.LFB2
 692 0024 10000000 		.4byte	.LFE2-.LFB2
 693 0028 00000000 		.4byte	.LFB3
 694 002c 10000000 		.4byte	.LFE3-.LFB3
 695 0030 00000000 		.4byte	.LFB4
 696 0034 14000000 		.4byte	.LFE4-.LFB4
 697 0038 00000000 		.4byte	.LFB5
 698 003c 14000000 		.4byte	.LFE5-.LFB5
 699 0040 00000000 		.4byte	0
 700 0044 00000000 		.4byte	0
 701              		.section	.debug_ranges,"",%progbits
 702              	.Ldebug_ranges0:
 703 0000 00000000 		.4byte	.LFB0
 704 0004 18000000 		.4byte	.LFE0
 705 0008 00000000 		.4byte	.LFB1
 706 000c 18000000 		.4byte	.LFE1
 707 0010 00000000 		.4byte	.LFB2
 708 0014 10000000 		.4byte	.LFE2
 709 0018 00000000 		.4byte	.LFB3
 710 001c 10000000 		.4byte	.LFE3
 711 0020 00000000 		.4byte	.LFB4
 712 0024 14000000 		.4byte	.LFE4
 713 0028 00000000 		.4byte	.LFB5
 714 002c 14000000 		.4byte	.LFE5
 715 0030 00000000 		.4byte	0
 716 0034 00000000 		.4byte	0
 717              		.section	.debug_line,"",%progbits
 718              	.Ldebug_line0:
 719 0000 03010000 		.section	.debug_str,"MS",%progbits,1
 719      02008C00 
 719      00000201 
 719      FB0E0D00 
 719      01010101 
 720              	.LASF15:
 721 0000 72656733 		.ascii	"reg32\000"
 721      3200
 722              	.LASF29:
 723 0006 433A5C50 		.ascii	"C:\\Program Files (x86)\\Cypress\\PSoC Creator\\4.4"
ARM GAS  C:\Users\taips\AppData\Local\Temp\cc63Dxea.s 			page 18


 723      726F6772 
 723      616D2046 
 723      696C6573 
 723      20287838 
 724 0035 5C50536F 		.ascii	"\\PSoC Creator\\1\\LWO2.cydsn\\Generated_Source\\PS"
 724      43204372 
 724      6561746F 
 724      725C315C 
 724      4C574F32 
 725 0063 6F43345C 		.ascii	"oC4\\LED_G.c\000"
 725      4C45445F 
 725      472E6300 
 726              	.LASF27:
 727 006f 6D61736B 		.ascii	"maskedStatus\000"
 727      65645374 
 727      61747573 
 727      00
 728              	.LASF19:
 729 007c 76616C75 		.ascii	"value\000"
 729      6500
 730              	.LASF26:
 731 0082 4C45445F 		.ascii	"LED_G_ClearInterrupt\000"
 731      475F436C 
 731      65617249 
 731      6E746572 
 731      72757074 
 732              	.LASF20:
 733 0097 4C45445F 		.ascii	"LED_G_Read\000"
 733      475F5265 
 733      616400
 734              	.LASF12:
 735 00a2 666C6F61 		.ascii	"float\000"
 735      7400
 736              	.LASF1:
 737 00a8 756E7369 		.ascii	"unsigned char\000"
 737      676E6564 
 737      20636861 
 737      7200
 738              	.LASF24:
 739 00b6 64725661 		.ascii	"drVal\000"
 739      6C00
 740              	.LASF5:
 741 00bc 6C6F6E67 		.ascii	"long unsigned int\000"
 741      20756E73 
 741      69676E65 
 741      6420696E 
 741      7400
 742              	.LASF3:
 743 00ce 73686F72 		.ascii	"short unsigned int\000"
 743      7420756E 
 743      7369676E 
 743      65642069 
 743      6E7400
 744              	.LASF16:
 745 00e1 4C45445F 		.ascii	"LED_G_SetDriveMode\000"
 745      475F5365 
 745      74447269 
ARM GAS  C:\Users\taips\AppData\Local\Temp\cc63Dxea.s 			page 19


 745      76654D6F 
 745      646500
 746              	.LASF13:
 747 00f4 646F7562 		.ascii	"double\000"
 747      6C6500
 748              	.LASF10:
 749 00fb 75696E74 		.ascii	"uint16\000"
 749      313600
 750              	.LASF23:
 751 0102 706F7369 		.ascii	"position\000"
 751      74696F6E 
 751      00
 752              	.LASF11:
 753 010b 75696E74 		.ascii	"uint32\000"
 753      333200
 754              	.LASF21:
 755 0112 4C45445F 		.ascii	"LED_G_ReadDataReg\000"
 755      475F5265 
 755      61644461 
 755      74615265 
 755      6700
 756              	.LASF8:
 757 0124 756E7369 		.ascii	"unsigned int\000"
 757      676E6564 
 757      20696E74 
 757      00
 758              	.LASF7:
 759 0131 6C6F6E67 		.ascii	"long long unsigned int\000"
 759      206C6F6E 
 759      6720756E 
 759      7369676E 
 759      65642069 
 760              	.LASF18:
 761 0148 6D6F6465 		.ascii	"mode\000"
 761      00
 762              	.LASF28:
 763 014d 474E5520 		.ascii	"GNU C11 5.4.1 20160609 (release) [ARM/embedded-5-br"
 763      43313120 
 763      352E342E 
 763      31203230 
 763      31363036 
 764 0180 616E6368 		.ascii	"anch revision 237715] -mcpu=cortex-m0 -mthumb -g -O"
 764      20726576 
 764      6973696F 
 764      6E203233 
 764      37373135 
 765 01b3 67202D66 		.ascii	"g -ffunction-sections -ffat-lto-objects\000"
 765      66756E63 
 765      74696F6E 
 765      2D736563 
 765      74696F6E 
 766              	.LASF6:
 767 01db 6C6F6E67 		.ascii	"long long int\000"
 767      206C6F6E 
 767      6720696E 
 767      7400
 768              	.LASF17:
ARM GAS  C:\Users\taips\AppData\Local\Temp\cc63Dxea.s 			page 20


 769 01e9 4C45445F 		.ascii	"LED_G_Write\000"
 769      475F5772 
 769      69746500 
 770              	.LASF14:
 771 01f5 63686172 		.ascii	"char\000"
 771      00
 772              	.LASF2:
 773 01fa 73686F72 		.ascii	"short int\000"
 773      7420696E 
 773      7400
 774              	.LASF25:
 775 0204 696E7472 		.ascii	"intrCfg\000"
 775      43666700 
 776              	.LASF9:
 777 020c 75696E74 		.ascii	"uint8\000"
 777      3800
 778              	.LASF4:
 779 0212 6C6F6E67 		.ascii	"long int\000"
 779      20696E74 
 779      00
 780              	.LASF22:
 781 021b 4C45445F 		.ascii	"LED_G_SetInterruptMode\000"
 781      475F5365 
 781      74496E74 
 781      65727275 
 781      70744D6F 
 782              	.LASF0:
 783 0232 7369676E 		.ascii	"signed char\000"
 783      65642063 
 783      68617200 
 784              		.ident	"GCC: (GNU Tools for ARM Embedded Processors) 5.4.1 20160609 (release) [ARM/embedded-5-bran
