ARM GAS  C:\Users\taips\AppData\Local\Temp\ccwHjGLk.s 			page 1


   1              		.syntax unified
   2              		.cpu cortex-m0
   3              		.fpu softvfp
   4              		.eabi_attribute 20, 1
   5              		.eabi_attribute 21, 1
   6              		.eabi_attribute 23, 3
   7              		.eabi_attribute 24, 1
   8              		.eabi_attribute 25, 1
   9              		.eabi_attribute 26, 1
  10              		.eabi_attribute 30, 1
  11              		.eabi_attribute 34, 0
  12              		.eabi_attribute 18, 4
  13              		.thumb
  14              		.syntax unified
  15              		.file	"COLUMN_0.c"
  16              		.text
  17              	.Ltext0:
  18              		.cfi_sections	.debug_frame
  19              		.section	.text.COLUMN_0_SetDriveMode,"ax",%progbits
  20              		.align	2
  21              		.global	COLUMN_0_SetDriveMode
  22              		.code	16
  23              		.thumb_func
  24              		.type	COLUMN_0_SetDriveMode, %function
  25              	COLUMN_0_SetDriveMode:
  26              	.LFB0:
  27              		.file 1 "C:\\Program Files (x86)\\Cypress\\PSoC Creator\\4.4\\PSoC Creator\\1\\LWO3.cydsn\\Generat
   1:C:\Program Files (x86)\Cypress\PSoC Creator\4.4\PSoC Creator\1\LWO3.cydsn\Generated_Source\PSoC4\COLUMN_0.c **** /*******************************************************************************
   2:C:\Program Files (x86)\Cypress\PSoC Creator\4.4\PSoC Creator\1\LWO3.cydsn\Generated_Source\PSoC4\COLUMN_0.c **** * File Name: COLUMN_0.c  
   3:C:\Program Files (x86)\Cypress\PSoC Creator\4.4\PSoC Creator\1\LWO3.cydsn\Generated_Source\PSoC4\COLUMN_0.c **** * Version 2.20
   4:C:\Program Files (x86)\Cypress\PSoC Creator\4.4\PSoC Creator\1\LWO3.cydsn\Generated_Source\PSoC4\COLUMN_0.c **** *
   5:C:\Program Files (x86)\Cypress\PSoC Creator\4.4\PSoC Creator\1\LWO3.cydsn\Generated_Source\PSoC4\COLUMN_0.c **** * Description:
   6:C:\Program Files (x86)\Cypress\PSoC Creator\4.4\PSoC Creator\1\LWO3.cydsn\Generated_Source\PSoC4\COLUMN_0.c **** *  This file contains API to enable firmware control of a Pins component.
   7:C:\Program Files (x86)\Cypress\PSoC Creator\4.4\PSoC Creator\1\LWO3.cydsn\Generated_Source\PSoC4\COLUMN_0.c **** *
   8:C:\Program Files (x86)\Cypress\PSoC Creator\4.4\PSoC Creator\1\LWO3.cydsn\Generated_Source\PSoC4\COLUMN_0.c **** ********************************************************************************
   9:C:\Program Files (x86)\Cypress\PSoC Creator\4.4\PSoC Creator\1\LWO3.cydsn\Generated_Source\PSoC4\COLUMN_0.c **** * Copyright 2008-2015, Cypress Semiconductor Corporation.  All rights reserved.
  10:C:\Program Files (x86)\Cypress\PSoC Creator\4.4\PSoC Creator\1\LWO3.cydsn\Generated_Source\PSoC4\COLUMN_0.c **** * You may use this file only in accordance with the license, terms, conditions, 
  11:C:\Program Files (x86)\Cypress\PSoC Creator\4.4\PSoC Creator\1\LWO3.cydsn\Generated_Source\PSoC4\COLUMN_0.c **** * disclaimers, and limitations in the end user license agreement accompanying 
  12:C:\Program Files (x86)\Cypress\PSoC Creator\4.4\PSoC Creator\1\LWO3.cydsn\Generated_Source\PSoC4\COLUMN_0.c **** * the software package with which this file was provided.
  13:C:\Program Files (x86)\Cypress\PSoC Creator\4.4\PSoC Creator\1\LWO3.cydsn\Generated_Source\PSoC4\COLUMN_0.c **** *******************************************************************************/
  14:C:\Program Files (x86)\Cypress\PSoC Creator\4.4\PSoC Creator\1\LWO3.cydsn\Generated_Source\PSoC4\COLUMN_0.c **** 
  15:C:\Program Files (x86)\Cypress\PSoC Creator\4.4\PSoC Creator\1\LWO3.cydsn\Generated_Source\PSoC4\COLUMN_0.c **** #include "cytypes.h"
  16:C:\Program Files (x86)\Cypress\PSoC Creator\4.4\PSoC Creator\1\LWO3.cydsn\Generated_Source\PSoC4\COLUMN_0.c **** #include "COLUMN_0.h"
  17:C:\Program Files (x86)\Cypress\PSoC Creator\4.4\PSoC Creator\1\LWO3.cydsn\Generated_Source\PSoC4\COLUMN_0.c **** 
  18:C:\Program Files (x86)\Cypress\PSoC Creator\4.4\PSoC Creator\1\LWO3.cydsn\Generated_Source\PSoC4\COLUMN_0.c **** 
  19:C:\Program Files (x86)\Cypress\PSoC Creator\4.4\PSoC Creator\1\LWO3.cydsn\Generated_Source\PSoC4\COLUMN_0.c **** #if defined(COLUMN_0__PC)
  20:C:\Program Files (x86)\Cypress\PSoC Creator\4.4\PSoC Creator\1\LWO3.cydsn\Generated_Source\PSoC4\COLUMN_0.c ****     #define COLUMN_0_SetP4PinDriveMode(shift, mode)  \
  21:C:\Program Files (x86)\Cypress\PSoC Creator\4.4\PSoC Creator\1\LWO3.cydsn\Generated_Source\PSoC4\COLUMN_0.c ****     do { \
  22:C:\Program Files (x86)\Cypress\PSoC Creator\4.4\PSoC Creator\1\LWO3.cydsn\Generated_Source\PSoC4\COLUMN_0.c ****         COLUMN_0_PC =   (COLUMN_0_PC & \
  23:C:\Program Files (x86)\Cypress\PSoC Creator\4.4\PSoC Creator\1\LWO3.cydsn\Generated_Source\PSoC4\COLUMN_0.c ****                                 (uint32)(~(uint32)(COLUMN_0_DRIVE_MODE_IND_MASK << \
  24:C:\Program Files (x86)\Cypress\PSoC Creator\4.4\PSoC Creator\1\LWO3.cydsn\Generated_Source\PSoC4\COLUMN_0.c ****                                 (COLUMN_0_DRIVE_MODE_BITS * (shift))))) | \
  25:C:\Program Files (x86)\Cypress\PSoC Creator\4.4\PSoC Creator\1\LWO3.cydsn\Generated_Source\PSoC4\COLUMN_0.c ****                                 (uint32)((uint32)(mode) << \
  26:C:\Program Files (x86)\Cypress\PSoC Creator\4.4\PSoC Creator\1\LWO3.cydsn\Generated_Source\PSoC4\COLUMN_0.c ****                                 (COLUMN_0_DRIVE_MODE_BITS * (shift))); \
  27:C:\Program Files (x86)\Cypress\PSoC Creator\4.4\PSoC Creator\1\LWO3.cydsn\Generated_Source\PSoC4\COLUMN_0.c ****     } while (0)
  28:C:\Program Files (x86)\Cypress\PSoC Creator\4.4\PSoC Creator\1\LWO3.cydsn\Generated_Source\PSoC4\COLUMN_0.c **** #else
  29:C:\Program Files (x86)\Cypress\PSoC Creator\4.4\PSoC Creator\1\LWO3.cydsn\Generated_Source\PSoC4\COLUMN_0.c ****     #if (CY_PSOC4_4200L)
  30:C:\Program Files (x86)\Cypress\PSoC Creator\4.4\PSoC Creator\1\LWO3.cydsn\Generated_Source\PSoC4\COLUMN_0.c ****         #define COLUMN_0_SetP4PinDriveMode(shift, mode)  \
ARM GAS  C:\Users\taips\AppData\Local\Temp\ccwHjGLk.s 			page 2


  31:C:\Program Files (x86)\Cypress\PSoC Creator\4.4\PSoC Creator\1\LWO3.cydsn\Generated_Source\PSoC4\COLUMN_0.c ****         do { \
  32:C:\Program Files (x86)\Cypress\PSoC Creator\4.4\PSoC Creator\1\LWO3.cydsn\Generated_Source\PSoC4\COLUMN_0.c ****             COLUMN_0_USBIO_CTRL_REG = (COLUMN_0_USBIO_CTRL_REG & \
  33:C:\Program Files (x86)\Cypress\PSoC Creator\4.4\PSoC Creator\1\LWO3.cydsn\Generated_Source\PSoC4\COLUMN_0.c ****                                     (uint32)(~(uint32)(COLUMN_0_DRIVE_MODE_IND_MASK << \
  34:C:\Program Files (x86)\Cypress\PSoC Creator\4.4\PSoC Creator\1\LWO3.cydsn\Generated_Source\PSoC4\COLUMN_0.c ****                                     (COLUMN_0_DRIVE_MODE_BITS * (shift))))) | \
  35:C:\Program Files (x86)\Cypress\PSoC Creator\4.4\PSoC Creator\1\LWO3.cydsn\Generated_Source\PSoC4\COLUMN_0.c ****                                     (uint32)((uint32)(mode) << \
  36:C:\Program Files (x86)\Cypress\PSoC Creator\4.4\PSoC Creator\1\LWO3.cydsn\Generated_Source\PSoC4\COLUMN_0.c ****                                     (COLUMN_0_DRIVE_MODE_BITS * (shift))); \
  37:C:\Program Files (x86)\Cypress\PSoC Creator\4.4\PSoC Creator\1\LWO3.cydsn\Generated_Source\PSoC4\COLUMN_0.c ****         } while (0)
  38:C:\Program Files (x86)\Cypress\PSoC Creator\4.4\PSoC Creator\1\LWO3.cydsn\Generated_Source\PSoC4\COLUMN_0.c ****     #endif
  39:C:\Program Files (x86)\Cypress\PSoC Creator\4.4\PSoC Creator\1\LWO3.cydsn\Generated_Source\PSoC4\COLUMN_0.c **** #endif
  40:C:\Program Files (x86)\Cypress\PSoC Creator\4.4\PSoC Creator\1\LWO3.cydsn\Generated_Source\PSoC4\COLUMN_0.c ****   
  41:C:\Program Files (x86)\Cypress\PSoC Creator\4.4\PSoC Creator\1\LWO3.cydsn\Generated_Source\PSoC4\COLUMN_0.c **** 
  42:C:\Program Files (x86)\Cypress\PSoC Creator\4.4\PSoC Creator\1\LWO3.cydsn\Generated_Source\PSoC4\COLUMN_0.c **** #if defined(COLUMN_0__PC) || (CY_PSOC4_4200L) 
  43:C:\Program Files (x86)\Cypress\PSoC Creator\4.4\PSoC Creator\1\LWO3.cydsn\Generated_Source\PSoC4\COLUMN_0.c ****     /*******************************************************************************
  44:C:\Program Files (x86)\Cypress\PSoC Creator\4.4\PSoC Creator\1\LWO3.cydsn\Generated_Source\PSoC4\COLUMN_0.c ****     * Function Name: COLUMN_0_SetDriveMode
  45:C:\Program Files (x86)\Cypress\PSoC Creator\4.4\PSoC Creator\1\LWO3.cydsn\Generated_Source\PSoC4\COLUMN_0.c ****     ****************************************************************************//**
  46:C:\Program Files (x86)\Cypress\PSoC Creator\4.4\PSoC Creator\1\LWO3.cydsn\Generated_Source\PSoC4\COLUMN_0.c ****     *
  47:C:\Program Files (x86)\Cypress\PSoC Creator\4.4\PSoC Creator\1\LWO3.cydsn\Generated_Source\PSoC4\COLUMN_0.c ****     * \brief Sets the drive mode for each of the Pins component's pins.
  48:C:\Program Files (x86)\Cypress\PSoC Creator\4.4\PSoC Creator\1\LWO3.cydsn\Generated_Source\PSoC4\COLUMN_0.c ****     * 
  49:C:\Program Files (x86)\Cypress\PSoC Creator\4.4\PSoC Creator\1\LWO3.cydsn\Generated_Source\PSoC4\COLUMN_0.c ****     * <b>Note</b> This affects all pins in the Pins component instance. Use the
  50:C:\Program Files (x86)\Cypress\PSoC Creator\4.4\PSoC Creator\1\LWO3.cydsn\Generated_Source\PSoC4\COLUMN_0.c ****     * Per-Pin APIs if you wish to control individual pin's drive modes.
  51:C:\Program Files (x86)\Cypress\PSoC Creator\4.4\PSoC Creator\1\LWO3.cydsn\Generated_Source\PSoC4\COLUMN_0.c ****     *
  52:C:\Program Files (x86)\Cypress\PSoC Creator\4.4\PSoC Creator\1\LWO3.cydsn\Generated_Source\PSoC4\COLUMN_0.c ****     * <b>Note</b> USBIOs have limited drive functionality. Refer to the Drive Mode
  53:C:\Program Files (x86)\Cypress\PSoC Creator\4.4\PSoC Creator\1\LWO3.cydsn\Generated_Source\PSoC4\COLUMN_0.c ****     * parameter for more information.
  54:C:\Program Files (x86)\Cypress\PSoC Creator\4.4\PSoC Creator\1\LWO3.cydsn\Generated_Source\PSoC4\COLUMN_0.c ****     *
  55:C:\Program Files (x86)\Cypress\PSoC Creator\4.4\PSoC Creator\1\LWO3.cydsn\Generated_Source\PSoC4\COLUMN_0.c ****     * \param mode
  56:C:\Program Files (x86)\Cypress\PSoC Creator\4.4\PSoC Creator\1\LWO3.cydsn\Generated_Source\PSoC4\COLUMN_0.c ****     *  Mode for the selected signals. Valid options are documented in 
  57:C:\Program Files (x86)\Cypress\PSoC Creator\4.4\PSoC Creator\1\LWO3.cydsn\Generated_Source\PSoC4\COLUMN_0.c ****     *  \ref driveMode.
  58:C:\Program Files (x86)\Cypress\PSoC Creator\4.4\PSoC Creator\1\LWO3.cydsn\Generated_Source\PSoC4\COLUMN_0.c ****     *
  59:C:\Program Files (x86)\Cypress\PSoC Creator\4.4\PSoC Creator\1\LWO3.cydsn\Generated_Source\PSoC4\COLUMN_0.c ****     * \return
  60:C:\Program Files (x86)\Cypress\PSoC Creator\4.4\PSoC Creator\1\LWO3.cydsn\Generated_Source\PSoC4\COLUMN_0.c ****     *  None
  61:C:\Program Files (x86)\Cypress\PSoC Creator\4.4\PSoC Creator\1\LWO3.cydsn\Generated_Source\PSoC4\COLUMN_0.c ****     *
  62:C:\Program Files (x86)\Cypress\PSoC Creator\4.4\PSoC Creator\1\LWO3.cydsn\Generated_Source\PSoC4\COLUMN_0.c ****     * \sideeffect
  63:C:\Program Files (x86)\Cypress\PSoC Creator\4.4\PSoC Creator\1\LWO3.cydsn\Generated_Source\PSoC4\COLUMN_0.c ****     *  If you use read-modify-write operations that are not atomic, the ISR can
  64:C:\Program Files (x86)\Cypress\PSoC Creator\4.4\PSoC Creator\1\LWO3.cydsn\Generated_Source\PSoC4\COLUMN_0.c ****     *  cause corruption of this function. An ISR that interrupts this function 
  65:C:\Program Files (x86)\Cypress\PSoC Creator\4.4\PSoC Creator\1\LWO3.cydsn\Generated_Source\PSoC4\COLUMN_0.c ****     *  and performs writes to the Pins component Drive Mode registers can cause 
  66:C:\Program Files (x86)\Cypress\PSoC Creator\4.4\PSoC Creator\1\LWO3.cydsn\Generated_Source\PSoC4\COLUMN_0.c ****     *  corrupted port data. To avoid this issue, you should either use the Per-Pin
  67:C:\Program Files (x86)\Cypress\PSoC Creator\4.4\PSoC Creator\1\LWO3.cydsn\Generated_Source\PSoC4\COLUMN_0.c ****     *  APIs (primary method) or disable interrupts around this function.
  68:C:\Program Files (x86)\Cypress\PSoC Creator\4.4\PSoC Creator\1\LWO3.cydsn\Generated_Source\PSoC4\COLUMN_0.c ****     *
  69:C:\Program Files (x86)\Cypress\PSoC Creator\4.4\PSoC Creator\1\LWO3.cydsn\Generated_Source\PSoC4\COLUMN_0.c ****     * \funcusage
  70:C:\Program Files (x86)\Cypress\PSoC Creator\4.4\PSoC Creator\1\LWO3.cydsn\Generated_Source\PSoC4\COLUMN_0.c ****     *  \snippet COLUMN_0_SUT.c usage_COLUMN_0_SetDriveMode
  71:C:\Program Files (x86)\Cypress\PSoC Creator\4.4\PSoC Creator\1\LWO3.cydsn\Generated_Source\PSoC4\COLUMN_0.c ****     *******************************************************************************/
  72:C:\Program Files (x86)\Cypress\PSoC Creator\4.4\PSoC Creator\1\LWO3.cydsn\Generated_Source\PSoC4\COLUMN_0.c ****     void COLUMN_0_SetDriveMode(uint8 mode)
  73:C:\Program Files (x86)\Cypress\PSoC Creator\4.4\PSoC Creator\1\LWO3.cydsn\Generated_Source\PSoC4\COLUMN_0.c ****     {
  28              		.loc 1 73 0
  29              		.cfi_startproc
  30              		@ args = 0, pretend = 0, frame = 0
  31              		@ frame_needed = 0, uses_anonymous_args = 0
  32              		@ link register save eliminated.
  33              	.LVL0:
  74:C:\Program Files (x86)\Cypress\PSoC Creator\4.4\PSoC Creator\1\LWO3.cydsn\Generated_Source\PSoC4\COLUMN_0.c **** 		COLUMN_0_SetP4PinDriveMode(COLUMN_0__0__SHIFT, mode);
  34              		.loc 1 74 0
  35 0000 034A     		ldr	r2, .L2
  36 0002 1368     		ldr	r3, [r2]
  37 0004 0721     		movs	r1, #7
  38 0006 8B43     		bics	r3, r1
  39 0008 1843     		orrs	r0, r3
  40              	.LVL1:
ARM GAS  C:\Users\taips\AppData\Local\Temp\ccwHjGLk.s 			page 3


  41 000a 1060     		str	r0, [r2]
  75:C:\Program Files (x86)\Cypress\PSoC Creator\4.4\PSoC Creator\1\LWO3.cydsn\Generated_Source\PSoC4\COLUMN_0.c ****     }
  42              		.loc 1 75 0
  43              		@ sp needed
  44 000c 7047     		bx	lr
  45              	.L3:
  46 000e C046     		.align	2
  47              	.L2:
  48 0010 08000440 		.word	1074003976
  49              		.cfi_endproc
  50              	.LFE0:
  51              		.size	COLUMN_0_SetDriveMode, .-COLUMN_0_SetDriveMode
  52              		.section	.text.COLUMN_0_Write,"ax",%progbits
  53              		.align	2
  54              		.global	COLUMN_0_Write
  55              		.code	16
  56              		.thumb_func
  57              		.type	COLUMN_0_Write, %function
  58              	COLUMN_0_Write:
  59              	.LFB1:
  76:C:\Program Files (x86)\Cypress\PSoC Creator\4.4\PSoC Creator\1\LWO3.cydsn\Generated_Source\PSoC4\COLUMN_0.c **** #endif
  77:C:\Program Files (x86)\Cypress\PSoC Creator\4.4\PSoC Creator\1\LWO3.cydsn\Generated_Source\PSoC4\COLUMN_0.c **** 
  78:C:\Program Files (x86)\Cypress\PSoC Creator\4.4\PSoC Creator\1\LWO3.cydsn\Generated_Source\PSoC4\COLUMN_0.c **** 
  79:C:\Program Files (x86)\Cypress\PSoC Creator\4.4\PSoC Creator\1\LWO3.cydsn\Generated_Source\PSoC4\COLUMN_0.c **** /*******************************************************************************
  80:C:\Program Files (x86)\Cypress\PSoC Creator\4.4\PSoC Creator\1\LWO3.cydsn\Generated_Source\PSoC4\COLUMN_0.c **** * Function Name: COLUMN_0_Write
  81:C:\Program Files (x86)\Cypress\PSoC Creator\4.4\PSoC Creator\1\LWO3.cydsn\Generated_Source\PSoC4\COLUMN_0.c **** ****************************************************************************//**
  82:C:\Program Files (x86)\Cypress\PSoC Creator\4.4\PSoC Creator\1\LWO3.cydsn\Generated_Source\PSoC4\COLUMN_0.c **** *
  83:C:\Program Files (x86)\Cypress\PSoC Creator\4.4\PSoC Creator\1\LWO3.cydsn\Generated_Source\PSoC4\COLUMN_0.c **** * \brief Writes the value to the physical port (data output register), masking
  84:C:\Program Files (x86)\Cypress\PSoC Creator\4.4\PSoC Creator\1\LWO3.cydsn\Generated_Source\PSoC4\COLUMN_0.c **** *  and shifting the bits appropriately. 
  85:C:\Program Files (x86)\Cypress\PSoC Creator\4.4\PSoC Creator\1\LWO3.cydsn\Generated_Source\PSoC4\COLUMN_0.c **** *
  86:C:\Program Files (x86)\Cypress\PSoC Creator\4.4\PSoC Creator\1\LWO3.cydsn\Generated_Source\PSoC4\COLUMN_0.c **** * The data output register controls the signal applied to the physical pin in 
  87:C:\Program Files (x86)\Cypress\PSoC Creator\4.4\PSoC Creator\1\LWO3.cydsn\Generated_Source\PSoC4\COLUMN_0.c **** * conjunction with the drive mode parameter. This function avoids changing 
  88:C:\Program Files (x86)\Cypress\PSoC Creator\4.4\PSoC Creator\1\LWO3.cydsn\Generated_Source\PSoC4\COLUMN_0.c **** * other bits in the port by using the appropriate method (read-modify-write or
  89:C:\Program Files (x86)\Cypress\PSoC Creator\4.4\PSoC Creator\1\LWO3.cydsn\Generated_Source\PSoC4\COLUMN_0.c **** * bit banding).
  90:C:\Program Files (x86)\Cypress\PSoC Creator\4.4\PSoC Creator\1\LWO3.cydsn\Generated_Source\PSoC4\COLUMN_0.c **** *
  91:C:\Program Files (x86)\Cypress\PSoC Creator\4.4\PSoC Creator\1\LWO3.cydsn\Generated_Source\PSoC4\COLUMN_0.c **** * <b>Note</b> This function should not be used on a hardware digital output pin 
  92:C:\Program Files (x86)\Cypress\PSoC Creator\4.4\PSoC Creator\1\LWO3.cydsn\Generated_Source\PSoC4\COLUMN_0.c **** * as it is driven by the hardware signal attached to it.
  93:C:\Program Files (x86)\Cypress\PSoC Creator\4.4\PSoC Creator\1\LWO3.cydsn\Generated_Source\PSoC4\COLUMN_0.c **** *
  94:C:\Program Files (x86)\Cypress\PSoC Creator\4.4\PSoC Creator\1\LWO3.cydsn\Generated_Source\PSoC4\COLUMN_0.c **** * \param value
  95:C:\Program Files (x86)\Cypress\PSoC Creator\4.4\PSoC Creator\1\LWO3.cydsn\Generated_Source\PSoC4\COLUMN_0.c **** *  Value to write to the component instance.
  96:C:\Program Files (x86)\Cypress\PSoC Creator\4.4\PSoC Creator\1\LWO3.cydsn\Generated_Source\PSoC4\COLUMN_0.c **** *
  97:C:\Program Files (x86)\Cypress\PSoC Creator\4.4\PSoC Creator\1\LWO3.cydsn\Generated_Source\PSoC4\COLUMN_0.c **** * \return 
  98:C:\Program Files (x86)\Cypress\PSoC Creator\4.4\PSoC Creator\1\LWO3.cydsn\Generated_Source\PSoC4\COLUMN_0.c **** *  None 
  99:C:\Program Files (x86)\Cypress\PSoC Creator\4.4\PSoC Creator\1\LWO3.cydsn\Generated_Source\PSoC4\COLUMN_0.c **** *
 100:C:\Program Files (x86)\Cypress\PSoC Creator\4.4\PSoC Creator\1\LWO3.cydsn\Generated_Source\PSoC4\COLUMN_0.c **** * \sideeffect
 101:C:\Program Files (x86)\Cypress\PSoC Creator\4.4\PSoC Creator\1\LWO3.cydsn\Generated_Source\PSoC4\COLUMN_0.c **** *  If you use read-modify-write operations that are not atomic; the Interrupt 
 102:C:\Program Files (x86)\Cypress\PSoC Creator\4.4\PSoC Creator\1\LWO3.cydsn\Generated_Source\PSoC4\COLUMN_0.c **** *  Service Routines (ISR) can cause corruption of this function. An ISR that 
 103:C:\Program Files (x86)\Cypress\PSoC Creator\4.4\PSoC Creator\1\LWO3.cydsn\Generated_Source\PSoC4\COLUMN_0.c **** *  interrupts this function and performs writes to the Pins component data 
 104:C:\Program Files (x86)\Cypress\PSoC Creator\4.4\PSoC Creator\1\LWO3.cydsn\Generated_Source\PSoC4\COLUMN_0.c **** *  register can cause corrupted port data. To avoid this issue, you should 
 105:C:\Program Files (x86)\Cypress\PSoC Creator\4.4\PSoC Creator\1\LWO3.cydsn\Generated_Source\PSoC4\COLUMN_0.c **** *  either use the Per-Pin APIs (primary method) or disable interrupts around 
 106:C:\Program Files (x86)\Cypress\PSoC Creator\4.4\PSoC Creator\1\LWO3.cydsn\Generated_Source\PSoC4\COLUMN_0.c **** *  this function.
 107:C:\Program Files (x86)\Cypress\PSoC Creator\4.4\PSoC Creator\1\LWO3.cydsn\Generated_Source\PSoC4\COLUMN_0.c **** *
 108:C:\Program Files (x86)\Cypress\PSoC Creator\4.4\PSoC Creator\1\LWO3.cydsn\Generated_Source\PSoC4\COLUMN_0.c **** * \funcusage
 109:C:\Program Files (x86)\Cypress\PSoC Creator\4.4\PSoC Creator\1\LWO3.cydsn\Generated_Source\PSoC4\COLUMN_0.c **** *  \snippet COLUMN_0_SUT.c usage_COLUMN_0_Write
 110:C:\Program Files (x86)\Cypress\PSoC Creator\4.4\PSoC Creator\1\LWO3.cydsn\Generated_Source\PSoC4\COLUMN_0.c **** *******************************************************************************/
 111:C:\Program Files (x86)\Cypress\PSoC Creator\4.4\PSoC Creator\1\LWO3.cydsn\Generated_Source\PSoC4\COLUMN_0.c **** void COLUMN_0_Write(uint8 value)
 112:C:\Program Files (x86)\Cypress\PSoC Creator\4.4\PSoC Creator\1\LWO3.cydsn\Generated_Source\PSoC4\COLUMN_0.c **** {
ARM GAS  C:\Users\taips\AppData\Local\Temp\ccwHjGLk.s 			page 4


  60              		.loc 1 112 0
  61              		.cfi_startproc
  62              		@ args = 0, pretend = 0, frame = 0
  63              		@ frame_needed = 0, uses_anonymous_args = 0
  64              		@ link register save eliminated.
  65              	.LVL2:
 113:C:\Program Files (x86)\Cypress\PSoC Creator\4.4\PSoC Creator\1\LWO3.cydsn\Generated_Source\PSoC4\COLUMN_0.c ****     uint8 drVal = (uint8)(COLUMN_0_DR & (uint8)(~COLUMN_0_MASK));
  66              		.loc 1 113 0
  67 0000 044A     		ldr	r2, .L5
  68 0002 1368     		ldr	r3, [r2]
  69 0004 DBB2     		uxtb	r3, r3
  70 0006 0121     		movs	r1, #1
  71 0008 8B43     		bics	r3, r1
  72              	.LVL3:
 114:C:\Program Files (x86)\Cypress\PSoC Creator\4.4\PSoC Creator\1\LWO3.cydsn\Generated_Source\PSoC4\COLUMN_0.c ****     drVal = (drVal | ((uint8)(value << COLUMN_0_SHIFT) & COLUMN_0_MASK));
  73              		.loc 1 114 0
  74 000a 0840     		ands	r0, r1
  75              	.LVL4:
  76 000c 1843     		orrs	r0, r3
  77              	.LVL5:
 115:C:\Program Files (x86)\Cypress\PSoC Creator\4.4\PSoC Creator\1\LWO3.cydsn\Generated_Source\PSoC4\COLUMN_0.c ****     COLUMN_0_DR = (uint32)drVal;
  78              		.loc 1 115 0
  79 000e 1060     		str	r0, [r2]
 116:C:\Program Files (x86)\Cypress\PSoC Creator\4.4\PSoC Creator\1\LWO3.cydsn\Generated_Source\PSoC4\COLUMN_0.c **** }
  80              		.loc 1 116 0
  81              		@ sp needed
  82 0010 7047     		bx	lr
  83              	.L6:
  84 0012 C046     		.align	2
  85              	.L5:
  86 0014 00000440 		.word	1074003968
  87              		.cfi_endproc
  88              	.LFE1:
  89              		.size	COLUMN_0_Write, .-COLUMN_0_Write
  90              		.section	.text.COLUMN_0_Read,"ax",%progbits
  91              		.align	2
  92              		.global	COLUMN_0_Read
  93              		.code	16
  94              		.thumb_func
  95              		.type	COLUMN_0_Read, %function
  96              	COLUMN_0_Read:
  97              	.LFB2:
 117:C:\Program Files (x86)\Cypress\PSoC Creator\4.4\PSoC Creator\1\LWO3.cydsn\Generated_Source\PSoC4\COLUMN_0.c **** 
 118:C:\Program Files (x86)\Cypress\PSoC Creator\4.4\PSoC Creator\1\LWO3.cydsn\Generated_Source\PSoC4\COLUMN_0.c **** 
 119:C:\Program Files (x86)\Cypress\PSoC Creator\4.4\PSoC Creator\1\LWO3.cydsn\Generated_Source\PSoC4\COLUMN_0.c **** /*******************************************************************************
 120:C:\Program Files (x86)\Cypress\PSoC Creator\4.4\PSoC Creator\1\LWO3.cydsn\Generated_Source\PSoC4\COLUMN_0.c **** * Function Name: COLUMN_0_Read
 121:C:\Program Files (x86)\Cypress\PSoC Creator\4.4\PSoC Creator\1\LWO3.cydsn\Generated_Source\PSoC4\COLUMN_0.c **** ****************************************************************************//**
 122:C:\Program Files (x86)\Cypress\PSoC Creator\4.4\PSoC Creator\1\LWO3.cydsn\Generated_Source\PSoC4\COLUMN_0.c **** *
 123:C:\Program Files (x86)\Cypress\PSoC Creator\4.4\PSoC Creator\1\LWO3.cydsn\Generated_Source\PSoC4\COLUMN_0.c **** * \brief Reads the associated physical port (pin status register) and masks 
 124:C:\Program Files (x86)\Cypress\PSoC Creator\4.4\PSoC Creator\1\LWO3.cydsn\Generated_Source\PSoC4\COLUMN_0.c **** *  the required bits according to the width and bit position of the component
 125:C:\Program Files (x86)\Cypress\PSoC Creator\4.4\PSoC Creator\1\LWO3.cydsn\Generated_Source\PSoC4\COLUMN_0.c **** *  instance. 
 126:C:\Program Files (x86)\Cypress\PSoC Creator\4.4\PSoC Creator\1\LWO3.cydsn\Generated_Source\PSoC4\COLUMN_0.c **** *
 127:C:\Program Files (x86)\Cypress\PSoC Creator\4.4\PSoC Creator\1\LWO3.cydsn\Generated_Source\PSoC4\COLUMN_0.c **** * The pin's status register returns the current logic level present on the 
 128:C:\Program Files (x86)\Cypress\PSoC Creator\4.4\PSoC Creator\1\LWO3.cydsn\Generated_Source\PSoC4\COLUMN_0.c **** * physical pin.
 129:C:\Program Files (x86)\Cypress\PSoC Creator\4.4\PSoC Creator\1\LWO3.cydsn\Generated_Source\PSoC4\COLUMN_0.c **** *
 130:C:\Program Files (x86)\Cypress\PSoC Creator\4.4\PSoC Creator\1\LWO3.cydsn\Generated_Source\PSoC4\COLUMN_0.c **** * \return 
 131:C:\Program Files (x86)\Cypress\PSoC Creator\4.4\PSoC Creator\1\LWO3.cydsn\Generated_Source\PSoC4\COLUMN_0.c **** *  The current value for the pins in the component as a right justified number.
ARM GAS  C:\Users\taips\AppData\Local\Temp\ccwHjGLk.s 			page 5


 132:C:\Program Files (x86)\Cypress\PSoC Creator\4.4\PSoC Creator\1\LWO3.cydsn\Generated_Source\PSoC4\COLUMN_0.c **** *
 133:C:\Program Files (x86)\Cypress\PSoC Creator\4.4\PSoC Creator\1\LWO3.cydsn\Generated_Source\PSoC4\COLUMN_0.c **** * \funcusage
 134:C:\Program Files (x86)\Cypress\PSoC Creator\4.4\PSoC Creator\1\LWO3.cydsn\Generated_Source\PSoC4\COLUMN_0.c **** *  \snippet COLUMN_0_SUT.c usage_COLUMN_0_Read  
 135:C:\Program Files (x86)\Cypress\PSoC Creator\4.4\PSoC Creator\1\LWO3.cydsn\Generated_Source\PSoC4\COLUMN_0.c **** *******************************************************************************/
 136:C:\Program Files (x86)\Cypress\PSoC Creator\4.4\PSoC Creator\1\LWO3.cydsn\Generated_Source\PSoC4\COLUMN_0.c **** uint8 COLUMN_0_Read(void)
 137:C:\Program Files (x86)\Cypress\PSoC Creator\4.4\PSoC Creator\1\LWO3.cydsn\Generated_Source\PSoC4\COLUMN_0.c **** {
  98              		.loc 1 137 0
  99              		.cfi_startproc
 100              		@ args = 0, pretend = 0, frame = 0
 101              		@ frame_needed = 0, uses_anonymous_args = 0
 102              		@ link register save eliminated.
 138:C:\Program Files (x86)\Cypress\PSoC Creator\4.4\PSoC Creator\1\LWO3.cydsn\Generated_Source\PSoC4\COLUMN_0.c ****     return (uint8)((COLUMN_0_PS & COLUMN_0_MASK) >> COLUMN_0_SHIFT);
 103              		.loc 1 138 0
 104 0000 024B     		ldr	r3, .L8
 105 0002 1B68     		ldr	r3, [r3]
 106 0004 0120     		movs	r0, #1
 107 0006 1840     		ands	r0, r3
 139:C:\Program Files (x86)\Cypress\PSoC Creator\4.4\PSoC Creator\1\LWO3.cydsn\Generated_Source\PSoC4\COLUMN_0.c **** }
 108              		.loc 1 139 0
 109              		@ sp needed
 110 0008 7047     		bx	lr
 111              	.L9:
 112 000a C046     		.align	2
 113              	.L8:
 114 000c 04000440 		.word	1074003972
 115              		.cfi_endproc
 116              	.LFE2:
 117              		.size	COLUMN_0_Read, .-COLUMN_0_Read
 118              		.section	.text.COLUMN_0_ReadDataReg,"ax",%progbits
 119              		.align	2
 120              		.global	COLUMN_0_ReadDataReg
 121              		.code	16
 122              		.thumb_func
 123              		.type	COLUMN_0_ReadDataReg, %function
 124              	COLUMN_0_ReadDataReg:
 125              	.LFB3:
 140:C:\Program Files (x86)\Cypress\PSoC Creator\4.4\PSoC Creator\1\LWO3.cydsn\Generated_Source\PSoC4\COLUMN_0.c **** 
 141:C:\Program Files (x86)\Cypress\PSoC Creator\4.4\PSoC Creator\1\LWO3.cydsn\Generated_Source\PSoC4\COLUMN_0.c **** 
 142:C:\Program Files (x86)\Cypress\PSoC Creator\4.4\PSoC Creator\1\LWO3.cydsn\Generated_Source\PSoC4\COLUMN_0.c **** /*******************************************************************************
 143:C:\Program Files (x86)\Cypress\PSoC Creator\4.4\PSoC Creator\1\LWO3.cydsn\Generated_Source\PSoC4\COLUMN_0.c **** * Function Name: COLUMN_0_ReadDataReg
 144:C:\Program Files (x86)\Cypress\PSoC Creator\4.4\PSoC Creator\1\LWO3.cydsn\Generated_Source\PSoC4\COLUMN_0.c **** ****************************************************************************//**
 145:C:\Program Files (x86)\Cypress\PSoC Creator\4.4\PSoC Creator\1\LWO3.cydsn\Generated_Source\PSoC4\COLUMN_0.c **** *
 146:C:\Program Files (x86)\Cypress\PSoC Creator\4.4\PSoC Creator\1\LWO3.cydsn\Generated_Source\PSoC4\COLUMN_0.c **** * \brief Reads the associated physical port's data output register and masks 
 147:C:\Program Files (x86)\Cypress\PSoC Creator\4.4\PSoC Creator\1\LWO3.cydsn\Generated_Source\PSoC4\COLUMN_0.c **** *  the correct bits according to the width and bit position of the component 
 148:C:\Program Files (x86)\Cypress\PSoC Creator\4.4\PSoC Creator\1\LWO3.cydsn\Generated_Source\PSoC4\COLUMN_0.c **** *  instance. 
 149:C:\Program Files (x86)\Cypress\PSoC Creator\4.4\PSoC Creator\1\LWO3.cydsn\Generated_Source\PSoC4\COLUMN_0.c **** *
 150:C:\Program Files (x86)\Cypress\PSoC Creator\4.4\PSoC Creator\1\LWO3.cydsn\Generated_Source\PSoC4\COLUMN_0.c **** * The data output register controls the signal applied to the physical pin in 
 151:C:\Program Files (x86)\Cypress\PSoC Creator\4.4\PSoC Creator\1\LWO3.cydsn\Generated_Source\PSoC4\COLUMN_0.c **** * conjunction with the drive mode parameter. This is not the same as the 
 152:C:\Program Files (x86)\Cypress\PSoC Creator\4.4\PSoC Creator\1\LWO3.cydsn\Generated_Source\PSoC4\COLUMN_0.c **** * preferred COLUMN_0_Read() API because the 
 153:C:\Program Files (x86)\Cypress\PSoC Creator\4.4\PSoC Creator\1\LWO3.cydsn\Generated_Source\PSoC4\COLUMN_0.c **** * COLUMN_0_ReadDataReg() reads the data register instead of the status 
 154:C:\Program Files (x86)\Cypress\PSoC Creator\4.4\PSoC Creator\1\LWO3.cydsn\Generated_Source\PSoC4\COLUMN_0.c **** * register. For output pins this is a useful function to determine the value 
 155:C:\Program Files (x86)\Cypress\PSoC Creator\4.4\PSoC Creator\1\LWO3.cydsn\Generated_Source\PSoC4\COLUMN_0.c **** * just written to the pin.
 156:C:\Program Files (x86)\Cypress\PSoC Creator\4.4\PSoC Creator\1\LWO3.cydsn\Generated_Source\PSoC4\COLUMN_0.c **** *
 157:C:\Program Files (x86)\Cypress\PSoC Creator\4.4\PSoC Creator\1\LWO3.cydsn\Generated_Source\PSoC4\COLUMN_0.c **** * \return 
 158:C:\Program Files (x86)\Cypress\PSoC Creator\4.4\PSoC Creator\1\LWO3.cydsn\Generated_Source\PSoC4\COLUMN_0.c **** *  The current value of the data register masked and shifted into a right 
 159:C:\Program Files (x86)\Cypress\PSoC Creator\4.4\PSoC Creator\1\LWO3.cydsn\Generated_Source\PSoC4\COLUMN_0.c **** *  justified number for the component instance.
 160:C:\Program Files (x86)\Cypress\PSoC Creator\4.4\PSoC Creator\1\LWO3.cydsn\Generated_Source\PSoC4\COLUMN_0.c **** *
ARM GAS  C:\Users\taips\AppData\Local\Temp\ccwHjGLk.s 			page 6


 161:C:\Program Files (x86)\Cypress\PSoC Creator\4.4\PSoC Creator\1\LWO3.cydsn\Generated_Source\PSoC4\COLUMN_0.c **** * \funcusage
 162:C:\Program Files (x86)\Cypress\PSoC Creator\4.4\PSoC Creator\1\LWO3.cydsn\Generated_Source\PSoC4\COLUMN_0.c **** *  \snippet COLUMN_0_SUT.c usage_COLUMN_0_ReadDataReg 
 163:C:\Program Files (x86)\Cypress\PSoC Creator\4.4\PSoC Creator\1\LWO3.cydsn\Generated_Source\PSoC4\COLUMN_0.c **** *******************************************************************************/
 164:C:\Program Files (x86)\Cypress\PSoC Creator\4.4\PSoC Creator\1\LWO3.cydsn\Generated_Source\PSoC4\COLUMN_0.c **** uint8 COLUMN_0_ReadDataReg(void)
 165:C:\Program Files (x86)\Cypress\PSoC Creator\4.4\PSoC Creator\1\LWO3.cydsn\Generated_Source\PSoC4\COLUMN_0.c **** {
 126              		.loc 1 165 0
 127              		.cfi_startproc
 128              		@ args = 0, pretend = 0, frame = 0
 129              		@ frame_needed = 0, uses_anonymous_args = 0
 130              		@ link register save eliminated.
 166:C:\Program Files (x86)\Cypress\PSoC Creator\4.4\PSoC Creator\1\LWO3.cydsn\Generated_Source\PSoC4\COLUMN_0.c ****     return (uint8)((COLUMN_0_DR & COLUMN_0_MASK) >> COLUMN_0_SHIFT);
 131              		.loc 1 166 0
 132 0000 024B     		ldr	r3, .L11
 133 0002 1B68     		ldr	r3, [r3]
 134 0004 0120     		movs	r0, #1
 135 0006 1840     		ands	r0, r3
 167:C:\Program Files (x86)\Cypress\PSoC Creator\4.4\PSoC Creator\1\LWO3.cydsn\Generated_Source\PSoC4\COLUMN_0.c **** }
 136              		.loc 1 167 0
 137              		@ sp needed
 138 0008 7047     		bx	lr
 139              	.L12:
 140 000a C046     		.align	2
 141              	.L11:
 142 000c 00000440 		.word	1074003968
 143              		.cfi_endproc
 144              	.LFE3:
 145              		.size	COLUMN_0_ReadDataReg, .-COLUMN_0_ReadDataReg
 146              		.section	.text.COLUMN_0_SetInterruptMode,"ax",%progbits
 147              		.align	2
 148              		.global	COLUMN_0_SetInterruptMode
 149              		.code	16
 150              		.thumb_func
 151              		.type	COLUMN_0_SetInterruptMode, %function
 152              	COLUMN_0_SetInterruptMode:
 153              	.LFB4:
 168:C:\Program Files (x86)\Cypress\PSoC Creator\4.4\PSoC Creator\1\LWO3.cydsn\Generated_Source\PSoC4\COLUMN_0.c **** 
 169:C:\Program Files (x86)\Cypress\PSoC Creator\4.4\PSoC Creator\1\LWO3.cydsn\Generated_Source\PSoC4\COLUMN_0.c **** 
 170:C:\Program Files (x86)\Cypress\PSoC Creator\4.4\PSoC Creator\1\LWO3.cydsn\Generated_Source\PSoC4\COLUMN_0.c **** /*******************************************************************************
 171:C:\Program Files (x86)\Cypress\PSoC Creator\4.4\PSoC Creator\1\LWO3.cydsn\Generated_Source\PSoC4\COLUMN_0.c **** * Function Name: COLUMN_0_SetInterruptMode
 172:C:\Program Files (x86)\Cypress\PSoC Creator\4.4\PSoC Creator\1\LWO3.cydsn\Generated_Source\PSoC4\COLUMN_0.c **** ****************************************************************************//**
 173:C:\Program Files (x86)\Cypress\PSoC Creator\4.4\PSoC Creator\1\LWO3.cydsn\Generated_Source\PSoC4\COLUMN_0.c **** *
 174:C:\Program Files (x86)\Cypress\PSoC Creator\4.4\PSoC Creator\1\LWO3.cydsn\Generated_Source\PSoC4\COLUMN_0.c **** * \brief Configures the interrupt mode for each of the Pins component's
 175:C:\Program Files (x86)\Cypress\PSoC Creator\4.4\PSoC Creator\1\LWO3.cydsn\Generated_Source\PSoC4\COLUMN_0.c **** *  pins. Alternatively you may set the interrupt mode for all the pins
 176:C:\Program Files (x86)\Cypress\PSoC Creator\4.4\PSoC Creator\1\LWO3.cydsn\Generated_Source\PSoC4\COLUMN_0.c **** *  specified in the Pins component.
 177:C:\Program Files (x86)\Cypress\PSoC Creator\4.4\PSoC Creator\1\LWO3.cydsn\Generated_Source\PSoC4\COLUMN_0.c **** *
 178:C:\Program Files (x86)\Cypress\PSoC Creator\4.4\PSoC Creator\1\LWO3.cydsn\Generated_Source\PSoC4\COLUMN_0.c **** *  <b>Note</b> The interrupt is port-wide and therefore any enabled pin
 179:C:\Program Files (x86)\Cypress\PSoC Creator\4.4\PSoC Creator\1\LWO3.cydsn\Generated_Source\PSoC4\COLUMN_0.c **** *  interrupt may trigger it.
 180:C:\Program Files (x86)\Cypress\PSoC Creator\4.4\PSoC Creator\1\LWO3.cydsn\Generated_Source\PSoC4\COLUMN_0.c **** *
 181:C:\Program Files (x86)\Cypress\PSoC Creator\4.4\PSoC Creator\1\LWO3.cydsn\Generated_Source\PSoC4\COLUMN_0.c **** * \param position
 182:C:\Program Files (x86)\Cypress\PSoC Creator\4.4\PSoC Creator\1\LWO3.cydsn\Generated_Source\PSoC4\COLUMN_0.c **** *  The pin position as listed in the Pins component. You may OR these to be 
 183:C:\Program Files (x86)\Cypress\PSoC Creator\4.4\PSoC Creator\1\LWO3.cydsn\Generated_Source\PSoC4\COLUMN_0.c **** *  able to configure the interrupt mode of multiple pins within a Pins 
 184:C:\Program Files (x86)\Cypress\PSoC Creator\4.4\PSoC Creator\1\LWO3.cydsn\Generated_Source\PSoC4\COLUMN_0.c **** *  component. Or you may use COLUMN_0_INTR_ALL to configure the
 185:C:\Program Files (x86)\Cypress\PSoC Creator\4.4\PSoC Creator\1\LWO3.cydsn\Generated_Source\PSoC4\COLUMN_0.c **** *  interrupt mode of all the pins in the Pins component.       
 186:C:\Program Files (x86)\Cypress\PSoC Creator\4.4\PSoC Creator\1\LWO3.cydsn\Generated_Source\PSoC4\COLUMN_0.c **** *  - COLUMN_0_0_INTR       (First pin in the list)
 187:C:\Program Files (x86)\Cypress\PSoC Creator\4.4\PSoC Creator\1\LWO3.cydsn\Generated_Source\PSoC4\COLUMN_0.c **** *  - COLUMN_0_1_INTR       (Second pin in the list)
 188:C:\Program Files (x86)\Cypress\PSoC Creator\4.4\PSoC Creator\1\LWO3.cydsn\Generated_Source\PSoC4\COLUMN_0.c **** *  - ...
 189:C:\Program Files (x86)\Cypress\PSoC Creator\4.4\PSoC Creator\1\LWO3.cydsn\Generated_Source\PSoC4\COLUMN_0.c **** *  - COLUMN_0_INTR_ALL     (All pins in Pins component)
ARM GAS  C:\Users\taips\AppData\Local\Temp\ccwHjGLk.s 			page 7


 190:C:\Program Files (x86)\Cypress\PSoC Creator\4.4\PSoC Creator\1\LWO3.cydsn\Generated_Source\PSoC4\COLUMN_0.c **** *
 191:C:\Program Files (x86)\Cypress\PSoC Creator\4.4\PSoC Creator\1\LWO3.cydsn\Generated_Source\PSoC4\COLUMN_0.c **** * \param mode
 192:C:\Program Files (x86)\Cypress\PSoC Creator\4.4\PSoC Creator\1\LWO3.cydsn\Generated_Source\PSoC4\COLUMN_0.c **** *  Interrupt mode for the selected pins. Valid options are documented in
 193:C:\Program Files (x86)\Cypress\PSoC Creator\4.4\PSoC Creator\1\LWO3.cydsn\Generated_Source\PSoC4\COLUMN_0.c **** *  \ref intrMode.
 194:C:\Program Files (x86)\Cypress\PSoC Creator\4.4\PSoC Creator\1\LWO3.cydsn\Generated_Source\PSoC4\COLUMN_0.c **** *
 195:C:\Program Files (x86)\Cypress\PSoC Creator\4.4\PSoC Creator\1\LWO3.cydsn\Generated_Source\PSoC4\COLUMN_0.c **** * \return 
 196:C:\Program Files (x86)\Cypress\PSoC Creator\4.4\PSoC Creator\1\LWO3.cydsn\Generated_Source\PSoC4\COLUMN_0.c **** *  None
 197:C:\Program Files (x86)\Cypress\PSoC Creator\4.4\PSoC Creator\1\LWO3.cydsn\Generated_Source\PSoC4\COLUMN_0.c **** *  
 198:C:\Program Files (x86)\Cypress\PSoC Creator\4.4\PSoC Creator\1\LWO3.cydsn\Generated_Source\PSoC4\COLUMN_0.c **** * \sideeffect
 199:C:\Program Files (x86)\Cypress\PSoC Creator\4.4\PSoC Creator\1\LWO3.cydsn\Generated_Source\PSoC4\COLUMN_0.c **** *  It is recommended that the interrupt be disabled before calling this 
 200:C:\Program Files (x86)\Cypress\PSoC Creator\4.4\PSoC Creator\1\LWO3.cydsn\Generated_Source\PSoC4\COLUMN_0.c **** *  function to avoid unintended interrupt requests. Note that the interrupt
 201:C:\Program Files (x86)\Cypress\PSoC Creator\4.4\PSoC Creator\1\LWO3.cydsn\Generated_Source\PSoC4\COLUMN_0.c **** *  type is port wide, and therefore will trigger for any enabled pin on the 
 202:C:\Program Files (x86)\Cypress\PSoC Creator\4.4\PSoC Creator\1\LWO3.cydsn\Generated_Source\PSoC4\COLUMN_0.c **** *  port.
 203:C:\Program Files (x86)\Cypress\PSoC Creator\4.4\PSoC Creator\1\LWO3.cydsn\Generated_Source\PSoC4\COLUMN_0.c **** *
 204:C:\Program Files (x86)\Cypress\PSoC Creator\4.4\PSoC Creator\1\LWO3.cydsn\Generated_Source\PSoC4\COLUMN_0.c **** * \funcusage
 205:C:\Program Files (x86)\Cypress\PSoC Creator\4.4\PSoC Creator\1\LWO3.cydsn\Generated_Source\PSoC4\COLUMN_0.c **** *  \snippet COLUMN_0_SUT.c usage_COLUMN_0_SetInterruptMode
 206:C:\Program Files (x86)\Cypress\PSoC Creator\4.4\PSoC Creator\1\LWO3.cydsn\Generated_Source\PSoC4\COLUMN_0.c **** *******************************************************************************/
 207:C:\Program Files (x86)\Cypress\PSoC Creator\4.4\PSoC Creator\1\LWO3.cydsn\Generated_Source\PSoC4\COLUMN_0.c **** void COLUMN_0_SetInterruptMode(uint16 position, uint16 mode)
 208:C:\Program Files (x86)\Cypress\PSoC Creator\4.4\PSoC Creator\1\LWO3.cydsn\Generated_Source\PSoC4\COLUMN_0.c **** {
 154              		.loc 1 208 0
 155              		.cfi_startproc
 156              		@ args = 0, pretend = 0, frame = 0
 157              		@ frame_needed = 0, uses_anonymous_args = 0
 158              		@ link register save eliminated.
 159              	.LVL6:
 209:C:\Program Files (x86)\Cypress\PSoC Creator\4.4\PSoC Creator\1\LWO3.cydsn\Generated_Source\PSoC4\COLUMN_0.c ****     uint32 intrCfg;
 210:C:\Program Files (x86)\Cypress\PSoC Creator\4.4\PSoC Creator\1\LWO3.cydsn\Generated_Source\PSoC4\COLUMN_0.c ****     
 211:C:\Program Files (x86)\Cypress\PSoC Creator\4.4\PSoC Creator\1\LWO3.cydsn\Generated_Source\PSoC4\COLUMN_0.c ****     intrCfg =  COLUMN_0_INTCFG & (uint32)(~(uint32)position);
 160              		.loc 1 211 0
 161 0000 034A     		ldr	r2, .L14
 162 0002 1368     		ldr	r3, [r2]
 163 0004 8343     		bics	r3, r0
 164              	.LVL7:
 212:C:\Program Files (x86)\Cypress\PSoC Creator\4.4\PSoC Creator\1\LWO3.cydsn\Generated_Source\PSoC4\COLUMN_0.c ****     COLUMN_0_INTCFG = intrCfg | ((uint32)position & (uint32)mode);
 165              		.loc 1 212 0
 166 0006 0840     		ands	r0, r1
 167              	.LVL8:
 168 0008 1843     		orrs	r0, r3
 169 000a 1060     		str	r0, [r2]
 213:C:\Program Files (x86)\Cypress\PSoC Creator\4.4\PSoC Creator\1\LWO3.cydsn\Generated_Source\PSoC4\COLUMN_0.c **** }
 170              		.loc 1 213 0
 171              		@ sp needed
 172 000c 7047     		bx	lr
 173              	.L15:
 174 000e C046     		.align	2
 175              	.L14:
 176 0010 0C000440 		.word	1074003980
 177              		.cfi_endproc
 178              	.LFE4:
 179              		.size	COLUMN_0_SetInterruptMode, .-COLUMN_0_SetInterruptMode
 180              		.section	.text.COLUMN_0_ClearInterrupt,"ax",%progbits
 181              		.align	2
 182              		.global	COLUMN_0_ClearInterrupt
 183              		.code	16
 184              		.thumb_func
 185              		.type	COLUMN_0_ClearInterrupt, %function
 186              	COLUMN_0_ClearInterrupt:
ARM GAS  C:\Users\taips\AppData\Local\Temp\ccwHjGLk.s 			page 8


 187              	.LFB5:
 214:C:\Program Files (x86)\Cypress\PSoC Creator\4.4\PSoC Creator\1\LWO3.cydsn\Generated_Source\PSoC4\COLUMN_0.c **** 
 215:C:\Program Files (x86)\Cypress\PSoC Creator\4.4\PSoC Creator\1\LWO3.cydsn\Generated_Source\PSoC4\COLUMN_0.c **** 
 216:C:\Program Files (x86)\Cypress\PSoC Creator\4.4\PSoC Creator\1\LWO3.cydsn\Generated_Source\PSoC4\COLUMN_0.c **** /*******************************************************************************
 217:C:\Program Files (x86)\Cypress\PSoC Creator\4.4\PSoC Creator\1\LWO3.cydsn\Generated_Source\PSoC4\COLUMN_0.c **** * Function Name: COLUMN_0_ClearInterrupt
 218:C:\Program Files (x86)\Cypress\PSoC Creator\4.4\PSoC Creator\1\LWO3.cydsn\Generated_Source\PSoC4\COLUMN_0.c **** ****************************************************************************//**
 219:C:\Program Files (x86)\Cypress\PSoC Creator\4.4\PSoC Creator\1\LWO3.cydsn\Generated_Source\PSoC4\COLUMN_0.c **** *
 220:C:\Program Files (x86)\Cypress\PSoC Creator\4.4\PSoC Creator\1\LWO3.cydsn\Generated_Source\PSoC4\COLUMN_0.c **** * \brief Clears any active interrupts attached with the component and returns 
 221:C:\Program Files (x86)\Cypress\PSoC Creator\4.4\PSoC Creator\1\LWO3.cydsn\Generated_Source\PSoC4\COLUMN_0.c **** *  the value of the interrupt status register allowing determination of which
 222:C:\Program Files (x86)\Cypress\PSoC Creator\4.4\PSoC Creator\1\LWO3.cydsn\Generated_Source\PSoC4\COLUMN_0.c **** *  pins generated an interrupt event.
 223:C:\Program Files (x86)\Cypress\PSoC Creator\4.4\PSoC Creator\1\LWO3.cydsn\Generated_Source\PSoC4\COLUMN_0.c **** *
 224:C:\Program Files (x86)\Cypress\PSoC Creator\4.4\PSoC Creator\1\LWO3.cydsn\Generated_Source\PSoC4\COLUMN_0.c **** * \return 
 225:C:\Program Files (x86)\Cypress\PSoC Creator\4.4\PSoC Creator\1\LWO3.cydsn\Generated_Source\PSoC4\COLUMN_0.c **** *  The right-shifted current value of the interrupt status register. Each pin 
 226:C:\Program Files (x86)\Cypress\PSoC Creator\4.4\PSoC Creator\1\LWO3.cydsn\Generated_Source\PSoC4\COLUMN_0.c **** *  has one bit set if it generated an interrupt event. For example, bit 0 is 
 227:C:\Program Files (x86)\Cypress\PSoC Creator\4.4\PSoC Creator\1\LWO3.cydsn\Generated_Source\PSoC4\COLUMN_0.c **** *  for pin 0 and bit 1 is for pin 1 of the Pins component.
 228:C:\Program Files (x86)\Cypress\PSoC Creator\4.4\PSoC Creator\1\LWO3.cydsn\Generated_Source\PSoC4\COLUMN_0.c **** *  
 229:C:\Program Files (x86)\Cypress\PSoC Creator\4.4\PSoC Creator\1\LWO3.cydsn\Generated_Source\PSoC4\COLUMN_0.c **** * \sideeffect
 230:C:\Program Files (x86)\Cypress\PSoC Creator\4.4\PSoC Creator\1\LWO3.cydsn\Generated_Source\PSoC4\COLUMN_0.c **** *  Clears all bits of the physical port's interrupt status register, not just
 231:C:\Program Files (x86)\Cypress\PSoC Creator\4.4\PSoC Creator\1\LWO3.cydsn\Generated_Source\PSoC4\COLUMN_0.c **** *  those associated with the Pins component.
 232:C:\Program Files (x86)\Cypress\PSoC Creator\4.4\PSoC Creator\1\LWO3.cydsn\Generated_Source\PSoC4\COLUMN_0.c **** *
 233:C:\Program Files (x86)\Cypress\PSoC Creator\4.4\PSoC Creator\1\LWO3.cydsn\Generated_Source\PSoC4\COLUMN_0.c **** * \funcusage
 234:C:\Program Files (x86)\Cypress\PSoC Creator\4.4\PSoC Creator\1\LWO3.cydsn\Generated_Source\PSoC4\COLUMN_0.c **** *  \snippet COLUMN_0_SUT.c usage_COLUMN_0_ClearInterrupt
 235:C:\Program Files (x86)\Cypress\PSoC Creator\4.4\PSoC Creator\1\LWO3.cydsn\Generated_Source\PSoC4\COLUMN_0.c **** *******************************************************************************/
 236:C:\Program Files (x86)\Cypress\PSoC Creator\4.4\PSoC Creator\1\LWO3.cydsn\Generated_Source\PSoC4\COLUMN_0.c **** uint8 COLUMN_0_ClearInterrupt(void)
 237:C:\Program Files (x86)\Cypress\PSoC Creator\4.4\PSoC Creator\1\LWO3.cydsn\Generated_Source\PSoC4\COLUMN_0.c **** {
 188              		.loc 1 237 0
 189              		.cfi_startproc
 190              		@ args = 0, pretend = 0, frame = 0
 191              		@ frame_needed = 0, uses_anonymous_args = 0
 192              		@ link register save eliminated.
 238:C:\Program Files (x86)\Cypress\PSoC Creator\4.4\PSoC Creator\1\LWO3.cydsn\Generated_Source\PSoC4\COLUMN_0.c **** 	uint8 maskedStatus = (uint8)(COLUMN_0_INTSTAT & COLUMN_0_MASK);
 193              		.loc 1 238 0
 194 0000 024A     		ldr	r2, .L17
 195 0002 1068     		ldr	r0, [r2]
 196 0004 0123     		movs	r3, #1
 197 0006 1840     		ands	r0, r3
 198              	.LVL9:
 239:C:\Program Files (x86)\Cypress\PSoC Creator\4.4\PSoC Creator\1\LWO3.cydsn\Generated_Source\PSoC4\COLUMN_0.c **** 	COLUMN_0_INTSTAT = maskedStatus;
 199              		.loc 1 239 0
 200 0008 1060     		str	r0, [r2]
 240:C:\Program Files (x86)\Cypress\PSoC Creator\4.4\PSoC Creator\1\LWO3.cydsn\Generated_Source\PSoC4\COLUMN_0.c ****     return maskedStatus >> COLUMN_0_SHIFT;
 241:C:\Program Files (x86)\Cypress\PSoC Creator\4.4\PSoC Creator\1\LWO3.cydsn\Generated_Source\PSoC4\COLUMN_0.c **** }
 201              		.loc 1 241 0
 202              		@ sp needed
 203 000a 7047     		bx	lr
 204              	.L18:
 205              		.align	2
 206              	.L17:
 207 000c 10000440 		.word	1074003984
 208              		.cfi_endproc
 209              	.LFE5:
 210              		.size	COLUMN_0_ClearInterrupt, .-COLUMN_0_ClearInterrupt
 211              		.text
 212              	.Letext0:
 213              		.file 2 "C:\\Program Files (x86)\\Cypress\\PSoC Creator\\4.4\\PSoC Creator\\1\\LWO3.cydsn\\Generat
 214              		.section	.debug_info,"",%progbits
 215              	.Ldebug_info0:
ARM GAS  C:\Users\taips\AppData\Local\Temp\ccwHjGLk.s 			page 9


 216 0000 93010000 		.4byte	0x193
 217 0004 0400     		.2byte	0x4
 218 0006 00000000 		.4byte	.Ldebug_abbrev0
 219 000a 04       		.byte	0x4
 220 000b 01       		.uleb128 0x1
 221 000c 6A010000 		.4byte	.LASF28
 222 0010 0C       		.byte	0xc
 223 0011 1A000000 		.4byte	.LASF29
 224 0015 00000000 		.4byte	.Ldebug_ranges0+0
 225 0019 00000000 		.4byte	0
 226 001d 00000000 		.4byte	.Ldebug_line0
 227 0021 02       		.uleb128 0x2
 228 0022 01       		.byte	0x1
 229 0023 06       		.byte	0x6
 230 0024 47020000 		.4byte	.LASF0
 231 0028 02       		.uleb128 0x2
 232 0029 01       		.byte	0x1
 233 002a 08       		.byte	0x8
 234 002b BB000000 		.4byte	.LASF1
 235 002f 02       		.uleb128 0x2
 236 0030 02       		.byte	0x2
 237 0031 05       		.byte	0x5
 238 0032 2E020000 		.4byte	.LASF2
 239 0036 02       		.uleb128 0x2
 240 0037 02       		.byte	0x2
 241 0038 07       		.byte	0x7
 242 0039 E1000000 		.4byte	.LASF3
 243 003d 02       		.uleb128 0x2
 244 003e 04       		.byte	0x4
 245 003f 05       		.byte	0x5
 246 0040 3E020000 		.4byte	.LASF4
 247 0044 02       		.uleb128 0x2
 248 0045 04       		.byte	0x4
 249 0046 07       		.byte	0x7
 250 0047 CF000000 		.4byte	.LASF5
 251 004b 02       		.uleb128 0x2
 252 004c 08       		.byte	0x8
 253 004d 05       		.byte	0x5
 254 004e F8010000 		.4byte	.LASF6
 255 0052 02       		.uleb128 0x2
 256 0053 08       		.byte	0x8
 257 0054 07       		.byte	0x7
 258 0055 4E010000 		.4byte	.LASF7
 259 0059 03       		.uleb128 0x3
 260 005a 04       		.byte	0x4
 261 005b 05       		.byte	0x5
 262 005c 696E7400 		.ascii	"int\000"
 263 0060 02       		.uleb128 0x2
 264 0061 04       		.byte	0x4
 265 0062 07       		.byte	0x7
 266 0063 32010000 		.4byte	.LASF8
 267 0067 04       		.uleb128 0x4
 268 0068 38020000 		.4byte	.LASF9
 269 006c 02       		.byte	0x2
 270 006d FB01     		.2byte	0x1fb
 271 006f 28000000 		.4byte	0x28
 272 0073 04       		.uleb128 0x4
ARM GAS  C:\Users\taips\AppData\Local\Temp\ccwHjGLk.s 			page 10


 273 0074 13010000 		.4byte	.LASF10
 274 0078 02       		.byte	0x2
 275 0079 FC01     		.2byte	0x1fc
 276 007b 36000000 		.4byte	0x36
 277 007f 04       		.uleb128 0x4
 278 0080 23010000 		.4byte	.LASF11
 279 0084 02       		.byte	0x2
 280 0085 FD01     		.2byte	0x1fd
 281 0087 44000000 		.4byte	0x44
 282 008b 02       		.uleb128 0x2
 283 008c 04       		.byte	0x4
 284 008d 04       		.byte	0x4
 285 008e B5000000 		.4byte	.LASF12
 286 0092 02       		.uleb128 0x2
 287 0093 08       		.byte	0x8
 288 0094 04       		.byte	0x4
 289 0095 0C010000 		.4byte	.LASF13
 290 0099 02       		.uleb128 0x2
 291 009a 01       		.byte	0x1
 292 009b 08       		.byte	0x8
 293 009c 13020000 		.4byte	.LASF14
 294 00a0 04       		.uleb128 0x4
 295 00a1 0E000000 		.4byte	.LASF15
 296 00a5 02       		.byte	0x2
 297 00a6 A702     		.2byte	0x2a7
 298 00a8 AC000000 		.4byte	0xac
 299 00ac 05       		.uleb128 0x5
 300 00ad 7F000000 		.4byte	0x7f
 301 00b1 06       		.uleb128 0x6
 302 00b2 18020000 		.4byte	.LASF16
 303 00b6 01       		.byte	0x1
 304 00b7 48       		.byte	0x48
 305 00b8 00000000 		.4byte	.LFB0
 306 00bc 14000000 		.4byte	.LFE0-.LFB0
 307 00c0 01       		.uleb128 0x1
 308 00c1 9C       		.byte	0x9c
 309 00c2 D6000000 		.4byte	0xd6
 310 00c6 07       		.uleb128 0x7
 311 00c7 65010000 		.4byte	.LASF18
 312 00cb 01       		.byte	0x1
 313 00cc 48       		.byte	0x48
 314 00cd 67000000 		.4byte	0x67
 315 00d1 00000000 		.4byte	.LLST0
 316 00d5 00       		.byte	0
 317 00d6 06       		.uleb128 0x6
 318 00d7 3F010000 		.4byte	.LASF17
 319 00db 01       		.byte	0x1
 320 00dc 6F       		.byte	0x6f
 321 00dd 00000000 		.4byte	.LFB1
 322 00e1 18000000 		.4byte	.LFE1-.LFB1
 323 00e5 01       		.uleb128 0x1
 324 00e6 9C       		.byte	0x9c
 325 00e7 0A010000 		.4byte	0x10a
 326 00eb 07       		.uleb128 0x7
 327 00ec 14000000 		.4byte	.LASF19
 328 00f0 01       		.byte	0x1
 329 00f1 6F       		.byte	0x6f
ARM GAS  C:\Users\taips\AppData\Local\Temp\ccwHjGLk.s 			page 11


 330 00f2 67000000 		.4byte	0x67
 331 00f6 21000000 		.4byte	.LLST1
 332 00fa 08       		.uleb128 0x8
 333 00fb C9000000 		.4byte	.LASF24
 334 00ff 01       		.byte	0x1
 335 0100 71       		.byte	0x71
 336 0101 67000000 		.4byte	0x67
 337 0105 42000000 		.4byte	.LLST2
 338 0109 00       		.byte	0
 339 010a 09       		.uleb128 0x9
 340 010b 00000000 		.4byte	.LASF20
 341 010f 01       		.byte	0x1
 342 0110 88       		.byte	0x88
 343 0111 67000000 		.4byte	0x67
 344 0115 00000000 		.4byte	.LFB2
 345 0119 10000000 		.4byte	.LFE2-.LFB2
 346 011d 01       		.uleb128 0x1
 347 011e 9C       		.byte	0x9c
 348 011f 09       		.uleb128 0x9
 349 0120 86000000 		.4byte	.LASF21
 350 0124 01       		.byte	0x1
 351 0125 A4       		.byte	0xa4
 352 0126 67000000 		.4byte	0x67
 353 012a 00000000 		.4byte	.LFB3
 354 012e 10000000 		.4byte	.LFE3-.LFB3
 355 0132 01       		.uleb128 0x1
 356 0133 9C       		.byte	0x9c
 357 0134 06       		.uleb128 0x6
 358 0135 9B000000 		.4byte	.LASF22
 359 0139 01       		.byte	0x1
 360 013a CF       		.byte	0xcf
 361 013b 00000000 		.4byte	.LFB4
 362 013f 14000000 		.4byte	.LFE4-.LFB4
 363 0143 01       		.uleb128 0x1
 364 0144 9C       		.byte	0x9c
 365 0145 73010000 		.4byte	0x173
 366 0149 07       		.uleb128 0x7
 367 014a 1A010000 		.4byte	.LASF23
 368 014e 01       		.byte	0x1
 369 014f CF       		.byte	0xcf
 370 0150 73000000 		.4byte	0x73
 371 0154 60000000 		.4byte	.LLST3
 372 0158 0A       		.uleb128 0xa
 373 0159 65010000 		.4byte	.LASF18
 374 015d 01       		.byte	0x1
 375 015e CF       		.byte	0xcf
 376 015f 73000000 		.4byte	0x73
 377 0163 01       		.uleb128 0x1
 378 0164 51       		.byte	0x51
 379 0165 0B       		.uleb128 0xb
 380 0166 2A010000 		.4byte	.LASF25
 381 016a 01       		.byte	0x1
 382 016b D1       		.byte	0xd1
 383 016c 7F000000 		.4byte	0x7f
 384 0170 01       		.uleb128 0x1
 385 0171 53       		.byte	0x53
 386 0172 00       		.byte	0
ARM GAS  C:\Users\taips\AppData\Local\Temp\ccwHjGLk.s 			page 12


 387 0173 0C       		.uleb128 0xc
 388 0174 F4000000 		.4byte	.LASF26
 389 0178 01       		.byte	0x1
 390 0179 EC       		.byte	0xec
 391 017a 67000000 		.4byte	0x67
 392 017e 00000000 		.4byte	.LFB5
 393 0182 10000000 		.4byte	.LFE5-.LFB5
 394 0186 01       		.uleb128 0x1
 395 0187 9C       		.byte	0x9c
 396 0188 0B       		.uleb128 0xb
 397 0189 06020000 		.4byte	.LASF27
 398 018d 01       		.byte	0x1
 399 018e EE       		.byte	0xee
 400 018f 67000000 		.4byte	0x67
 401 0193 01       		.uleb128 0x1
 402 0194 50       		.byte	0x50
 403 0195 00       		.byte	0
 404 0196 00       		.byte	0
 405              		.section	.debug_abbrev,"",%progbits
 406              	.Ldebug_abbrev0:
 407 0000 01       		.uleb128 0x1
 408 0001 11       		.uleb128 0x11
 409 0002 01       		.byte	0x1
 410 0003 25       		.uleb128 0x25
 411 0004 0E       		.uleb128 0xe
 412 0005 13       		.uleb128 0x13
 413 0006 0B       		.uleb128 0xb
 414 0007 03       		.uleb128 0x3
 415 0008 0E       		.uleb128 0xe
 416 0009 55       		.uleb128 0x55
 417 000a 17       		.uleb128 0x17
 418 000b 11       		.uleb128 0x11
 419 000c 01       		.uleb128 0x1
 420 000d 10       		.uleb128 0x10
 421 000e 17       		.uleb128 0x17
 422 000f 00       		.byte	0
 423 0010 00       		.byte	0
 424 0011 02       		.uleb128 0x2
 425 0012 24       		.uleb128 0x24
 426 0013 00       		.byte	0
 427 0014 0B       		.uleb128 0xb
 428 0015 0B       		.uleb128 0xb
 429 0016 3E       		.uleb128 0x3e
 430 0017 0B       		.uleb128 0xb
 431 0018 03       		.uleb128 0x3
 432 0019 0E       		.uleb128 0xe
 433 001a 00       		.byte	0
 434 001b 00       		.byte	0
 435 001c 03       		.uleb128 0x3
 436 001d 24       		.uleb128 0x24
 437 001e 00       		.byte	0
 438 001f 0B       		.uleb128 0xb
 439 0020 0B       		.uleb128 0xb
 440 0021 3E       		.uleb128 0x3e
 441 0022 0B       		.uleb128 0xb
 442 0023 03       		.uleb128 0x3
 443 0024 08       		.uleb128 0x8
ARM GAS  C:\Users\taips\AppData\Local\Temp\ccwHjGLk.s 			page 13


 444 0025 00       		.byte	0
 445 0026 00       		.byte	0
 446 0027 04       		.uleb128 0x4
 447 0028 16       		.uleb128 0x16
 448 0029 00       		.byte	0
 449 002a 03       		.uleb128 0x3
 450 002b 0E       		.uleb128 0xe
 451 002c 3A       		.uleb128 0x3a
 452 002d 0B       		.uleb128 0xb
 453 002e 3B       		.uleb128 0x3b
 454 002f 05       		.uleb128 0x5
 455 0030 49       		.uleb128 0x49
 456 0031 13       		.uleb128 0x13
 457 0032 00       		.byte	0
 458 0033 00       		.byte	0
 459 0034 05       		.uleb128 0x5
 460 0035 35       		.uleb128 0x35
 461 0036 00       		.byte	0
 462 0037 49       		.uleb128 0x49
 463 0038 13       		.uleb128 0x13
 464 0039 00       		.byte	0
 465 003a 00       		.byte	0
 466 003b 06       		.uleb128 0x6
 467 003c 2E       		.uleb128 0x2e
 468 003d 01       		.byte	0x1
 469 003e 3F       		.uleb128 0x3f
 470 003f 19       		.uleb128 0x19
 471 0040 03       		.uleb128 0x3
 472 0041 0E       		.uleb128 0xe
 473 0042 3A       		.uleb128 0x3a
 474 0043 0B       		.uleb128 0xb
 475 0044 3B       		.uleb128 0x3b
 476 0045 0B       		.uleb128 0xb
 477 0046 27       		.uleb128 0x27
 478 0047 19       		.uleb128 0x19
 479 0048 11       		.uleb128 0x11
 480 0049 01       		.uleb128 0x1
 481 004a 12       		.uleb128 0x12
 482 004b 06       		.uleb128 0x6
 483 004c 40       		.uleb128 0x40
 484 004d 18       		.uleb128 0x18
 485 004e 9742     		.uleb128 0x2117
 486 0050 19       		.uleb128 0x19
 487 0051 01       		.uleb128 0x1
 488 0052 13       		.uleb128 0x13
 489 0053 00       		.byte	0
 490 0054 00       		.byte	0
 491 0055 07       		.uleb128 0x7
 492 0056 05       		.uleb128 0x5
 493 0057 00       		.byte	0
 494 0058 03       		.uleb128 0x3
 495 0059 0E       		.uleb128 0xe
 496 005a 3A       		.uleb128 0x3a
 497 005b 0B       		.uleb128 0xb
 498 005c 3B       		.uleb128 0x3b
 499 005d 0B       		.uleb128 0xb
 500 005e 49       		.uleb128 0x49
ARM GAS  C:\Users\taips\AppData\Local\Temp\ccwHjGLk.s 			page 14


 501 005f 13       		.uleb128 0x13
 502 0060 02       		.uleb128 0x2
 503 0061 17       		.uleb128 0x17
 504 0062 00       		.byte	0
 505 0063 00       		.byte	0
 506 0064 08       		.uleb128 0x8
 507 0065 34       		.uleb128 0x34
 508 0066 00       		.byte	0
 509 0067 03       		.uleb128 0x3
 510 0068 0E       		.uleb128 0xe
 511 0069 3A       		.uleb128 0x3a
 512 006a 0B       		.uleb128 0xb
 513 006b 3B       		.uleb128 0x3b
 514 006c 0B       		.uleb128 0xb
 515 006d 49       		.uleb128 0x49
 516 006e 13       		.uleb128 0x13
 517 006f 02       		.uleb128 0x2
 518 0070 17       		.uleb128 0x17
 519 0071 00       		.byte	0
 520 0072 00       		.byte	0
 521 0073 09       		.uleb128 0x9
 522 0074 2E       		.uleb128 0x2e
 523 0075 00       		.byte	0
 524 0076 3F       		.uleb128 0x3f
 525 0077 19       		.uleb128 0x19
 526 0078 03       		.uleb128 0x3
 527 0079 0E       		.uleb128 0xe
 528 007a 3A       		.uleb128 0x3a
 529 007b 0B       		.uleb128 0xb
 530 007c 3B       		.uleb128 0x3b
 531 007d 0B       		.uleb128 0xb
 532 007e 27       		.uleb128 0x27
 533 007f 19       		.uleb128 0x19
 534 0080 49       		.uleb128 0x49
 535 0081 13       		.uleb128 0x13
 536 0082 11       		.uleb128 0x11
 537 0083 01       		.uleb128 0x1
 538 0084 12       		.uleb128 0x12
 539 0085 06       		.uleb128 0x6
 540 0086 40       		.uleb128 0x40
 541 0087 18       		.uleb128 0x18
 542 0088 9742     		.uleb128 0x2117
 543 008a 19       		.uleb128 0x19
 544 008b 00       		.byte	0
 545 008c 00       		.byte	0
 546 008d 0A       		.uleb128 0xa
 547 008e 05       		.uleb128 0x5
 548 008f 00       		.byte	0
 549 0090 03       		.uleb128 0x3
 550 0091 0E       		.uleb128 0xe
 551 0092 3A       		.uleb128 0x3a
 552 0093 0B       		.uleb128 0xb
 553 0094 3B       		.uleb128 0x3b
 554 0095 0B       		.uleb128 0xb
 555 0096 49       		.uleb128 0x49
 556 0097 13       		.uleb128 0x13
 557 0098 02       		.uleb128 0x2
ARM GAS  C:\Users\taips\AppData\Local\Temp\ccwHjGLk.s 			page 15


 558 0099 18       		.uleb128 0x18
 559 009a 00       		.byte	0
 560 009b 00       		.byte	0
 561 009c 0B       		.uleb128 0xb
 562 009d 34       		.uleb128 0x34
 563 009e 00       		.byte	0
 564 009f 03       		.uleb128 0x3
 565 00a0 0E       		.uleb128 0xe
 566 00a1 3A       		.uleb128 0x3a
 567 00a2 0B       		.uleb128 0xb
 568 00a3 3B       		.uleb128 0x3b
 569 00a4 0B       		.uleb128 0xb
 570 00a5 49       		.uleb128 0x49
 571 00a6 13       		.uleb128 0x13
 572 00a7 02       		.uleb128 0x2
 573 00a8 18       		.uleb128 0x18
 574 00a9 00       		.byte	0
 575 00aa 00       		.byte	0
 576 00ab 0C       		.uleb128 0xc
 577 00ac 2E       		.uleb128 0x2e
 578 00ad 01       		.byte	0x1
 579 00ae 3F       		.uleb128 0x3f
 580 00af 19       		.uleb128 0x19
 581 00b0 03       		.uleb128 0x3
 582 00b1 0E       		.uleb128 0xe
 583 00b2 3A       		.uleb128 0x3a
 584 00b3 0B       		.uleb128 0xb
 585 00b4 3B       		.uleb128 0x3b
 586 00b5 0B       		.uleb128 0xb
 587 00b6 27       		.uleb128 0x27
 588 00b7 19       		.uleb128 0x19
 589 00b8 49       		.uleb128 0x49
 590 00b9 13       		.uleb128 0x13
 591 00ba 11       		.uleb128 0x11
 592 00bb 01       		.uleb128 0x1
 593 00bc 12       		.uleb128 0x12
 594 00bd 06       		.uleb128 0x6
 595 00be 40       		.uleb128 0x40
 596 00bf 18       		.uleb128 0x18
 597 00c0 9742     		.uleb128 0x2117
 598 00c2 19       		.uleb128 0x19
 599 00c3 00       		.byte	0
 600 00c4 00       		.byte	0
 601 00c5 00       		.byte	0
 602              		.section	.debug_loc,"",%progbits
 603              	.Ldebug_loc0:
 604              	.LLST0:
 605 0000 00000000 		.4byte	.LVL0
 606 0004 0A000000 		.4byte	.LVL1
 607 0008 0100     		.2byte	0x1
 608 000a 50       		.byte	0x50
 609 000b 0A000000 		.4byte	.LVL1
 610 000f 14000000 		.4byte	.LFE0
 611 0013 0400     		.2byte	0x4
 612 0015 F3       		.byte	0xf3
 613 0016 01       		.uleb128 0x1
 614 0017 50       		.byte	0x50
ARM GAS  C:\Users\taips\AppData\Local\Temp\ccwHjGLk.s 			page 16


 615 0018 9F       		.byte	0x9f
 616 0019 00000000 		.4byte	0
 617 001d 00000000 		.4byte	0
 618              	.LLST1:
 619 0021 00000000 		.4byte	.LVL2
 620 0025 0C000000 		.4byte	.LVL4
 621 0029 0100     		.2byte	0x1
 622 002b 50       		.byte	0x50
 623 002c 0C000000 		.4byte	.LVL4
 624 0030 18000000 		.4byte	.LFE1
 625 0034 0400     		.2byte	0x4
 626 0036 F3       		.byte	0xf3
 627 0037 01       		.uleb128 0x1
 628 0038 50       		.byte	0x50
 629 0039 9F       		.byte	0x9f
 630 003a 00000000 		.4byte	0
 631 003e 00000000 		.4byte	0
 632              	.LLST2:
 633 0042 0A000000 		.4byte	.LVL3
 634 0046 0E000000 		.4byte	.LVL5
 635 004a 0100     		.2byte	0x1
 636 004c 53       		.byte	0x53
 637 004d 0E000000 		.4byte	.LVL5
 638 0051 18000000 		.4byte	.LFE1
 639 0055 0100     		.2byte	0x1
 640 0057 50       		.byte	0x50
 641 0058 00000000 		.4byte	0
 642 005c 00000000 		.4byte	0
 643              	.LLST3:
 644 0060 00000000 		.4byte	.LVL6
 645 0064 08000000 		.4byte	.LVL8
 646 0068 0100     		.2byte	0x1
 647 006a 50       		.byte	0x50
 648 006b 08000000 		.4byte	.LVL8
 649 006f 14000000 		.4byte	.LFE4
 650 0073 0400     		.2byte	0x4
 651 0075 F3       		.byte	0xf3
 652 0076 01       		.uleb128 0x1
 653 0077 50       		.byte	0x50
 654 0078 9F       		.byte	0x9f
 655 0079 00000000 		.4byte	0
 656 007d 00000000 		.4byte	0
 657              		.section	.debug_aranges,"",%progbits
 658 0000 44000000 		.4byte	0x44
 659 0004 0200     		.2byte	0x2
 660 0006 00000000 		.4byte	.Ldebug_info0
 661 000a 04       		.byte	0x4
 662 000b 00       		.byte	0
 663 000c 0000     		.2byte	0
 664 000e 0000     		.2byte	0
 665 0010 00000000 		.4byte	.LFB0
 666 0014 14000000 		.4byte	.LFE0-.LFB0
 667 0018 00000000 		.4byte	.LFB1
 668 001c 18000000 		.4byte	.LFE1-.LFB1
 669 0020 00000000 		.4byte	.LFB2
 670 0024 10000000 		.4byte	.LFE2-.LFB2
 671 0028 00000000 		.4byte	.LFB3
ARM GAS  C:\Users\taips\AppData\Local\Temp\ccwHjGLk.s 			page 17


 672 002c 10000000 		.4byte	.LFE3-.LFB3
 673 0030 00000000 		.4byte	.LFB4
 674 0034 14000000 		.4byte	.LFE4-.LFB4
 675 0038 00000000 		.4byte	.LFB5
 676 003c 10000000 		.4byte	.LFE5-.LFB5
 677 0040 00000000 		.4byte	0
 678 0044 00000000 		.4byte	0
 679              		.section	.debug_ranges,"",%progbits
 680              	.Ldebug_ranges0:
 681 0000 00000000 		.4byte	.LFB0
 682 0004 14000000 		.4byte	.LFE0
 683 0008 00000000 		.4byte	.LFB1
 684 000c 18000000 		.4byte	.LFE1
 685 0010 00000000 		.4byte	.LFB2
 686 0014 10000000 		.4byte	.LFE2
 687 0018 00000000 		.4byte	.LFB3
 688 001c 10000000 		.4byte	.LFE3
 689 0020 00000000 		.4byte	.LFB4
 690 0024 14000000 		.4byte	.LFE4
 691 0028 00000000 		.4byte	.LFB5
 692 002c 10000000 		.4byte	.LFE5
 693 0030 00000000 		.4byte	0
 694 0034 00000000 		.4byte	0
 695              		.section	.debug_line,"",%progbits
 696              	.Ldebug_line0:
 697 0000 05010000 		.section	.debug_str,"MS",%progbits,1
 697      02008F00 
 697      00000201 
 697      FB0E0D00 
 697      01010101 
 698              	.LASF20:
 699 0000 434F4C55 		.ascii	"COLUMN_0_Read\000"
 699      4D4E5F30 
 699      5F526561 
 699      6400
 700              	.LASF15:
 701 000e 72656733 		.ascii	"reg32\000"
 701      3200
 702              	.LASF19:
 703 0014 76616C75 		.ascii	"value\000"
 703      6500
 704              	.LASF29:
 705 001a 433A5C50 		.ascii	"C:\\Program Files (x86)\\Cypress\\PSoC Creator\\4.4"
 705      726F6772 
 705      616D2046 
 705      696C6573 
 705      20287838 
 706 0049 5C50536F 		.ascii	"\\PSoC Creator\\1\\LWO3.cydsn\\Generated_Source\\PS"
 706      43204372 
 706      6561746F 
 706      725C315C 
 706      4C574F33 
 707 0077 6F43345C 		.ascii	"oC4\\COLUMN_0.c\000"
 707      434F4C55 
 707      4D4E5F30 
 707      2E6300
 708              	.LASF21:
ARM GAS  C:\Users\taips\AppData\Local\Temp\ccwHjGLk.s 			page 18


 709 0086 434F4C55 		.ascii	"COLUMN_0_ReadDataReg\000"
 709      4D4E5F30 
 709      5F526561 
 709      64446174 
 709      61526567 
 710              	.LASF22:
 711 009b 434F4C55 		.ascii	"COLUMN_0_SetInterruptMode\000"
 711      4D4E5F30 
 711      5F536574 
 711      496E7465 
 711      72727570 
 712              	.LASF12:
 713 00b5 666C6F61 		.ascii	"float\000"
 713      7400
 714              	.LASF1:
 715 00bb 756E7369 		.ascii	"unsigned char\000"
 715      676E6564 
 715      20636861 
 715      7200
 716              	.LASF24:
 717 00c9 64725661 		.ascii	"drVal\000"
 717      6C00
 718              	.LASF5:
 719 00cf 6C6F6E67 		.ascii	"long unsigned int\000"
 719      20756E73 
 719      69676E65 
 719      6420696E 
 719      7400
 720              	.LASF3:
 721 00e1 73686F72 		.ascii	"short unsigned int\000"
 721      7420756E 
 721      7369676E 
 721      65642069 
 721      6E7400
 722              	.LASF26:
 723 00f4 434F4C55 		.ascii	"COLUMN_0_ClearInterrupt\000"
 723      4D4E5F30 
 723      5F436C65 
 723      6172496E 
 723      74657272 
 724              	.LASF13:
 725 010c 646F7562 		.ascii	"double\000"
 725      6C6500
 726              	.LASF10:
 727 0113 75696E74 		.ascii	"uint16\000"
 727      313600
 728              	.LASF23:
 729 011a 706F7369 		.ascii	"position\000"
 729      74696F6E 
 729      00
 730              	.LASF11:
 731 0123 75696E74 		.ascii	"uint32\000"
 731      333200
 732              	.LASF25:
 733 012a 696E7472 		.ascii	"intrCfg\000"
 733      43666700 
 734              	.LASF8:
ARM GAS  C:\Users\taips\AppData\Local\Temp\ccwHjGLk.s 			page 19


 735 0132 756E7369 		.ascii	"unsigned int\000"
 735      676E6564 
 735      20696E74 
 735      00
 736              	.LASF17:
 737 013f 434F4C55 		.ascii	"COLUMN_0_Write\000"
 737      4D4E5F30 
 737      5F577269 
 737      746500
 738              	.LASF7:
 739 014e 6C6F6E67 		.ascii	"long long unsigned int\000"
 739      206C6F6E 
 739      6720756E 
 739      7369676E 
 739      65642069 
 740              	.LASF18:
 741 0165 6D6F6465 		.ascii	"mode\000"
 741      00
 742              	.LASF28:
 743 016a 474E5520 		.ascii	"GNU C11 5.4.1 20160609 (release) [ARM/embedded-5-br"
 743      43313120 
 743      352E342E 
 743      31203230 
 743      31363036 
 744 019d 616E6368 		.ascii	"anch revision 237715] -mcpu=cortex-m0 -mthumb -g -O"
 744      20726576 
 744      6973696F 
 744      6E203233 
 744      37373135 
 745 01d0 67202D66 		.ascii	"g -ffunction-sections -ffat-lto-objects\000"
 745      66756E63 
 745      74696F6E 
 745      2D736563 
 745      74696F6E 
 746              	.LASF6:
 747 01f8 6C6F6E67 		.ascii	"long long int\000"
 747      206C6F6E 
 747      6720696E 
 747      7400
 748              	.LASF27:
 749 0206 6D61736B 		.ascii	"maskedStatus\000"
 749      65645374 
 749      61747573 
 749      00
 750              	.LASF14:
 751 0213 63686172 		.ascii	"char\000"
 751      00
 752              	.LASF16:
 753 0218 434F4C55 		.ascii	"COLUMN_0_SetDriveMode\000"
 753      4D4E5F30 
 753      5F536574 
 753      44726976 
 753      654D6F64 
 754              	.LASF2:
 755 022e 73686F72 		.ascii	"short int\000"
 755      7420696E 
 755      7400
ARM GAS  C:\Users\taips\AppData\Local\Temp\ccwHjGLk.s 			page 20


 756              	.LASF9:
 757 0238 75696E74 		.ascii	"uint8\000"
 757      3800
 758              	.LASF4:
 759 023e 6C6F6E67 		.ascii	"long int\000"
 759      20696E74 
 759      00
 760              	.LASF0:
 761 0247 7369676E 		.ascii	"signed char\000"
 761      65642063 
 761      68617200 
 762              		.ident	"GCC: (GNU Tools for ARM Embedded Processors) 5.4.1 20160609 (release) [ARM/embedded-5-bran
