ARM GAS  C:\Users\taips\AppData\Local\Temp\cc8ZJtBM.s 			page 1


   1              		.syntax unified
   2              		.cpu cortex-m0
   3              		.fpu softvfp
   4              		.eabi_attribute 20, 1
   5              		.eabi_attribute 21, 1
   6              		.eabi_attribute 23, 3
   7              		.eabi_attribute 24, 1
   8              		.eabi_attribute 25, 1
   9              		.eabi_attribute 26, 1
  10              		.eabi_attribute 30, 1
  11              		.eabi_attribute 34, 0
  12              		.eabi_attribute 18, 4
  13              		.thumb
  14              		.syntax unified
  15              		.file	"cyfitter_cfg.c"
  16              		.text
  17              	.Ltext0:
  18              		.cfi_sections	.debug_frame
  19              		.section	.text.CYMEMZERO,"ax",%progbits
  20              		.align	2
  21              		.code	16
  22              		.thumb_func
  23              		.type	CYMEMZERO, %function
  24              	CYMEMZERO:
  25              	.LFB0:
  26              		.file 1 "C:\\Program Files (x86)\\Cypress\\PSoC Creator\\4.4\\PSoC Creator\\1\\LWO3.cydsn\\Generat
   1:C:\Program Files (x86)\Cypress\PSoC Creator\4.4\PSoC Creator\1\LWO3.cydsn\Generated_Source\PSoC4\cyfitter_cfg.c **** 
   2:C:\Program Files (x86)\Cypress\PSoC Creator\4.4\PSoC Creator\1\LWO3.cydsn\Generated_Source\PSoC4\cyfitter_cfg.c **** /*******************************************************************************
   3:C:\Program Files (x86)\Cypress\PSoC Creator\4.4\PSoC Creator\1\LWO3.cydsn\Generated_Source\PSoC4\cyfitter_cfg.c **** * File Name: cyfitter_cfg.c
   4:C:\Program Files (x86)\Cypress\PSoC Creator\4.4\PSoC Creator\1\LWO3.cydsn\Generated_Source\PSoC4\cyfitter_cfg.c **** * 
   5:C:\Program Files (x86)\Cypress\PSoC Creator\4.4\PSoC Creator\1\LWO3.cydsn\Generated_Source\PSoC4\cyfitter_cfg.c **** * PSoC Creator  4.4
   6:C:\Program Files (x86)\Cypress\PSoC Creator\4.4\PSoC Creator\1\LWO3.cydsn\Generated_Source\PSoC4\cyfitter_cfg.c **** *
   7:C:\Program Files (x86)\Cypress\PSoC Creator\4.4\PSoC Creator\1\LWO3.cydsn\Generated_Source\PSoC4\cyfitter_cfg.c **** * Description:
   8:C:\Program Files (x86)\Cypress\PSoC Creator\4.4\PSoC Creator\1\LWO3.cydsn\Generated_Source\PSoC4\cyfitter_cfg.c **** * This file contains device initialization code.
   9:C:\Program Files (x86)\Cypress\PSoC Creator\4.4\PSoC Creator\1\LWO3.cydsn\Generated_Source\PSoC4\cyfitter_cfg.c **** * Except for the user defined sections in CyClockStartupError(), this file should not be modified.
  10:C:\Program Files (x86)\Cypress\PSoC Creator\4.4\PSoC Creator\1\LWO3.cydsn\Generated_Source\PSoC4\cyfitter_cfg.c **** * This file is automatically generated by PSoC Creator.
  11:C:\Program Files (x86)\Cypress\PSoC Creator\4.4\PSoC Creator\1\LWO3.cydsn\Generated_Source\PSoC4\cyfitter_cfg.c **** *
  12:C:\Program Files (x86)\Cypress\PSoC Creator\4.4\PSoC Creator\1\LWO3.cydsn\Generated_Source\PSoC4\cyfitter_cfg.c **** ********************************************************************************
  13:C:\Program Files (x86)\Cypress\PSoC Creator\4.4\PSoC Creator\1\LWO3.cydsn\Generated_Source\PSoC4\cyfitter_cfg.c **** * Copyright (c) 2007-2020 Cypress Semiconductor.  All rights reserved.
  14:C:\Program Files (x86)\Cypress\PSoC Creator\4.4\PSoC Creator\1\LWO3.cydsn\Generated_Source\PSoC4\cyfitter_cfg.c **** * You may use this file only in accordance with the license, terms, conditions, 
  15:C:\Program Files (x86)\Cypress\PSoC Creator\4.4\PSoC Creator\1\LWO3.cydsn\Generated_Source\PSoC4\cyfitter_cfg.c **** * disclaimers, and limitations in the end user license agreement accompanying 
  16:C:\Program Files (x86)\Cypress\PSoC Creator\4.4\PSoC Creator\1\LWO3.cydsn\Generated_Source\PSoC4\cyfitter_cfg.c **** * the software package with which this file was provided.
  17:C:\Program Files (x86)\Cypress\PSoC Creator\4.4\PSoC Creator\1\LWO3.cydsn\Generated_Source\PSoC4\cyfitter_cfg.c **** ********************************************************************************/
  18:C:\Program Files (x86)\Cypress\PSoC Creator\4.4\PSoC Creator\1\LWO3.cydsn\Generated_Source\PSoC4\cyfitter_cfg.c **** 
  19:C:\Program Files (x86)\Cypress\PSoC Creator\4.4\PSoC Creator\1\LWO3.cydsn\Generated_Source\PSoC4\cyfitter_cfg.c **** #include <string.h>
  20:C:\Program Files (x86)\Cypress\PSoC Creator\4.4\PSoC Creator\1\LWO3.cydsn\Generated_Source\PSoC4\cyfitter_cfg.c **** #include "cytypes.h"
  21:C:\Program Files (x86)\Cypress\PSoC Creator\4.4\PSoC Creator\1\LWO3.cydsn\Generated_Source\PSoC4\cyfitter_cfg.c **** #include "cydevice_trm.h"
  22:C:\Program Files (x86)\Cypress\PSoC Creator\4.4\PSoC Creator\1\LWO3.cydsn\Generated_Source\PSoC4\cyfitter_cfg.c **** #include "cyfitter.h"
  23:C:\Program Files (x86)\Cypress\PSoC Creator\4.4\PSoC Creator\1\LWO3.cydsn\Generated_Source\PSoC4\cyfitter_cfg.c **** #include "CyLib.h"
  24:C:\Program Files (x86)\Cypress\PSoC Creator\4.4\PSoC Creator\1\LWO3.cydsn\Generated_Source\PSoC4\cyfitter_cfg.c **** #include "CyLFClk.h"
  25:C:\Program Files (x86)\Cypress\PSoC Creator\4.4\PSoC Creator\1\LWO3.cydsn\Generated_Source\PSoC4\cyfitter_cfg.c **** #include "cyfitter_cfg.h"
  26:C:\Program Files (x86)\Cypress\PSoC Creator\4.4\PSoC Creator\1\LWO3.cydsn\Generated_Source\PSoC4\cyfitter_cfg.c **** #include "cyapicallbacks.h"
  27:C:\Program Files (x86)\Cypress\PSoC Creator\4.4\PSoC Creator\1\LWO3.cydsn\Generated_Source\PSoC4\cyfitter_cfg.c **** 
  28:C:\Program Files (x86)\Cypress\PSoC Creator\4.4\PSoC Creator\1\LWO3.cydsn\Generated_Source\PSoC4\cyfitter_cfg.c **** 
  29:C:\Program Files (x86)\Cypress\PSoC Creator\4.4\PSoC Creator\1\LWO3.cydsn\Generated_Source\PSoC4\cyfitter_cfg.c **** #if defined(__GNUC__) || defined(__ARMCC_VERSION)
  30:C:\Program Files (x86)\Cypress\PSoC Creator\4.4\PSoC Creator\1\LWO3.cydsn\Generated_Source\PSoC4\cyfitter_cfg.c ****     #define CYPACKED 
  31:C:\Program Files (x86)\Cypress\PSoC Creator\4.4\PSoC Creator\1\LWO3.cydsn\Generated_Source\PSoC4\cyfitter_cfg.c ****     #define CYPACKED_ATTR __attribute__ ((packed))
ARM GAS  C:\Users\taips\AppData\Local\Temp\cc8ZJtBM.s 			page 2


  32:C:\Program Files (x86)\Cypress\PSoC Creator\4.4\PSoC Creator\1\LWO3.cydsn\Generated_Source\PSoC4\cyfitter_cfg.c ****     #define CYALIGNED __attribute__ ((aligned))
  33:C:\Program Files (x86)\Cypress\PSoC Creator\4.4\PSoC Creator\1\LWO3.cydsn\Generated_Source\PSoC4\cyfitter_cfg.c ****     #define CY_CFG_UNUSED __attribute__ ((unused))
  34:C:\Program Files (x86)\Cypress\PSoC Creator\4.4\PSoC Creator\1\LWO3.cydsn\Generated_Source\PSoC4\cyfitter_cfg.c ****     #ifndef CY_CFG_SECTION
  35:C:\Program Files (x86)\Cypress\PSoC Creator\4.4\PSoC Creator\1\LWO3.cydsn\Generated_Source\PSoC4\cyfitter_cfg.c ****         #define CY_CFG_SECTION __attribute__ ((section(".psocinit")))
  36:C:\Program Files (x86)\Cypress\PSoC Creator\4.4\PSoC Creator\1\LWO3.cydsn\Generated_Source\PSoC4\cyfitter_cfg.c ****     #endif
  37:C:\Program Files (x86)\Cypress\PSoC Creator\4.4\PSoC Creator\1\LWO3.cydsn\Generated_Source\PSoC4\cyfitter_cfg.c ****     
  38:C:\Program Files (x86)\Cypress\PSoC Creator\4.4\PSoC Creator\1\LWO3.cydsn\Generated_Source\PSoC4\cyfitter_cfg.c ****     #if defined(__ARMCC_VERSION)
  39:C:\Program Files (x86)\Cypress\PSoC Creator\4.4\PSoC Creator\1\LWO3.cydsn\Generated_Source\PSoC4\cyfitter_cfg.c ****         #define CY_CFG_MEMORY_BARRIER() __memory_changed()
  40:C:\Program Files (x86)\Cypress\PSoC Creator\4.4\PSoC Creator\1\LWO3.cydsn\Generated_Source\PSoC4\cyfitter_cfg.c ****     #else
  41:C:\Program Files (x86)\Cypress\PSoC Creator\4.4\PSoC Creator\1\LWO3.cydsn\Generated_Source\PSoC4\cyfitter_cfg.c ****         #define CY_CFG_MEMORY_BARRIER() __sync_synchronize()
  42:C:\Program Files (x86)\Cypress\PSoC Creator\4.4\PSoC Creator\1\LWO3.cydsn\Generated_Source\PSoC4\cyfitter_cfg.c ****     #endif
  43:C:\Program Files (x86)\Cypress\PSoC Creator\4.4\PSoC Creator\1\LWO3.cydsn\Generated_Source\PSoC4\cyfitter_cfg.c ****     
  44:C:\Program Files (x86)\Cypress\PSoC Creator\4.4\PSoC Creator\1\LWO3.cydsn\Generated_Source\PSoC4\cyfitter_cfg.c **** #elif defined(__ICCARM__)
  45:C:\Program Files (x86)\Cypress\PSoC Creator\4.4\PSoC Creator\1\LWO3.cydsn\Generated_Source\PSoC4\cyfitter_cfg.c ****     #include <intrinsics.h>
  46:C:\Program Files (x86)\Cypress\PSoC Creator\4.4\PSoC Creator\1\LWO3.cydsn\Generated_Source\PSoC4\cyfitter_cfg.c **** 
  47:C:\Program Files (x86)\Cypress\PSoC Creator\4.4\PSoC Creator\1\LWO3.cydsn\Generated_Source\PSoC4\cyfitter_cfg.c ****     #define CYPACKED __packed
  48:C:\Program Files (x86)\Cypress\PSoC Creator\4.4\PSoC Creator\1\LWO3.cydsn\Generated_Source\PSoC4\cyfitter_cfg.c ****     #define CYPACKED_ATTR 
  49:C:\Program Files (x86)\Cypress\PSoC Creator\4.4\PSoC Creator\1\LWO3.cydsn\Generated_Source\PSoC4\cyfitter_cfg.c ****     #define CYALIGNED _Pragma("data_alignment=4")
  50:C:\Program Files (x86)\Cypress\PSoC Creator\4.4\PSoC Creator\1\LWO3.cydsn\Generated_Source\PSoC4\cyfitter_cfg.c ****     #define CY_CFG_UNUSED _Pragma("diag_suppress=Pe177")
  51:C:\Program Files (x86)\Cypress\PSoC Creator\4.4\PSoC Creator\1\LWO3.cydsn\Generated_Source\PSoC4\cyfitter_cfg.c ****     #define CY_CFG_SECTION _Pragma("location=\".psocinit\"")
  52:C:\Program Files (x86)\Cypress\PSoC Creator\4.4\PSoC Creator\1\LWO3.cydsn\Generated_Source\PSoC4\cyfitter_cfg.c ****     
  53:C:\Program Files (x86)\Cypress\PSoC Creator\4.4\PSoC Creator\1\LWO3.cydsn\Generated_Source\PSoC4\cyfitter_cfg.c ****     #define CY_CFG_MEMORY_BARRIER() __DMB()
  54:C:\Program Files (x86)\Cypress\PSoC Creator\4.4\PSoC Creator\1\LWO3.cydsn\Generated_Source\PSoC4\cyfitter_cfg.c ****     
  55:C:\Program Files (x86)\Cypress\PSoC Creator\4.4\PSoC Creator\1\LWO3.cydsn\Generated_Source\PSoC4\cyfitter_cfg.c **** #else
  56:C:\Program Files (x86)\Cypress\PSoC Creator\4.4\PSoC Creator\1\LWO3.cydsn\Generated_Source\PSoC4\cyfitter_cfg.c ****     #error Unsupported toolchain
  57:C:\Program Files (x86)\Cypress\PSoC Creator\4.4\PSoC Creator\1\LWO3.cydsn\Generated_Source\PSoC4\cyfitter_cfg.c **** #endif
  58:C:\Program Files (x86)\Cypress\PSoC Creator\4.4\PSoC Creator\1\LWO3.cydsn\Generated_Source\PSoC4\cyfitter_cfg.c **** 
  59:C:\Program Files (x86)\Cypress\PSoC Creator\4.4\PSoC Creator\1\LWO3.cydsn\Generated_Source\PSoC4\cyfitter_cfg.c **** #ifndef CYCODE
  60:C:\Program Files (x86)\Cypress\PSoC Creator\4.4\PSoC Creator\1\LWO3.cydsn\Generated_Source\PSoC4\cyfitter_cfg.c ****     #define CYCODE
  61:C:\Program Files (x86)\Cypress\PSoC Creator\4.4\PSoC Creator\1\LWO3.cydsn\Generated_Source\PSoC4\cyfitter_cfg.c **** #endif
  62:C:\Program Files (x86)\Cypress\PSoC Creator\4.4\PSoC Creator\1\LWO3.cydsn\Generated_Source\PSoC4\cyfitter_cfg.c **** #ifndef CYDATA
  63:C:\Program Files (x86)\Cypress\PSoC Creator\4.4\PSoC Creator\1\LWO3.cydsn\Generated_Source\PSoC4\cyfitter_cfg.c ****     #define CYDATA
  64:C:\Program Files (x86)\Cypress\PSoC Creator\4.4\PSoC Creator\1\LWO3.cydsn\Generated_Source\PSoC4\cyfitter_cfg.c **** #endif
  65:C:\Program Files (x86)\Cypress\PSoC Creator\4.4\PSoC Creator\1\LWO3.cydsn\Generated_Source\PSoC4\cyfitter_cfg.c **** #ifndef CYFAR
  66:C:\Program Files (x86)\Cypress\PSoC Creator\4.4\PSoC Creator\1\LWO3.cydsn\Generated_Source\PSoC4\cyfitter_cfg.c ****     #define CYFAR
  67:C:\Program Files (x86)\Cypress\PSoC Creator\4.4\PSoC Creator\1\LWO3.cydsn\Generated_Source\PSoC4\cyfitter_cfg.c **** #endif
  68:C:\Program Files (x86)\Cypress\PSoC Creator\4.4\PSoC Creator\1\LWO3.cydsn\Generated_Source\PSoC4\cyfitter_cfg.c **** #ifndef CYXDATA
  69:C:\Program Files (x86)\Cypress\PSoC Creator\4.4\PSoC Creator\1\LWO3.cydsn\Generated_Source\PSoC4\cyfitter_cfg.c ****     #define CYXDATA
  70:C:\Program Files (x86)\Cypress\PSoC Creator\4.4\PSoC Creator\1\LWO3.cydsn\Generated_Source\PSoC4\cyfitter_cfg.c **** #endif
  71:C:\Program Files (x86)\Cypress\PSoC Creator\4.4\PSoC Creator\1\LWO3.cydsn\Generated_Source\PSoC4\cyfitter_cfg.c **** 
  72:C:\Program Files (x86)\Cypress\PSoC Creator\4.4\PSoC Creator\1\LWO3.cydsn\Generated_Source\PSoC4\cyfitter_cfg.c **** 
  73:C:\Program Files (x86)\Cypress\PSoC Creator\4.4\PSoC Creator\1\LWO3.cydsn\Generated_Source\PSoC4\cyfitter_cfg.c **** CY_CFG_UNUSED
  74:C:\Program Files (x86)\Cypress\PSoC Creator\4.4\PSoC Creator\1\LWO3.cydsn\Generated_Source\PSoC4\cyfitter_cfg.c **** static void CYMEMZERO(void *s, size_t n);
  75:C:\Program Files (x86)\Cypress\PSoC Creator\4.4\PSoC Creator\1\LWO3.cydsn\Generated_Source\PSoC4\cyfitter_cfg.c **** CY_CFG_UNUSED
  76:C:\Program Files (x86)\Cypress\PSoC Creator\4.4\PSoC Creator\1\LWO3.cydsn\Generated_Source\PSoC4\cyfitter_cfg.c **** static void CYMEMZERO(void *s, size_t n)
  77:C:\Program Files (x86)\Cypress\PSoC Creator\4.4\PSoC Creator\1\LWO3.cydsn\Generated_Source\PSoC4\cyfitter_cfg.c **** {
  27              		.loc 1 77 0
  28              		.cfi_startproc
  29              		@ args = 0, pretend = 0, frame = 0
  30              		@ frame_needed = 0, uses_anonymous_args = 0
  31              	.LVL0:
  32 0000 10B5     		push	{r4, lr}
  33              		.cfi_def_cfa_offset 8
  34              		.cfi_offset 4, -8
  35              		.cfi_offset 14, -4
  36 0002 0A00     		movs	r2, r1
  78:C:\Program Files (x86)\Cypress\PSoC Creator\4.4\PSoC Creator\1\LWO3.cydsn\Generated_Source\PSoC4\cyfitter_cfg.c **** 	(void)memset(s, 0, n);
ARM GAS  C:\Users\taips\AppData\Local\Temp\cc8ZJtBM.s 			page 3


  37              		.loc 1 78 0
  38 0004 0021     		movs	r1, #0
  39              	.LVL1:
  40 0006 FFF7FEFF 		bl	memset
  41              	.LVL2:
  79:C:\Program Files (x86)\Cypress\PSoC Creator\4.4\PSoC Creator\1\LWO3.cydsn\Generated_Source\PSoC4\cyfitter_cfg.c **** }
  42              		.loc 1 79 0
  43              		@ sp needed
  44 000a 10BD     		pop	{r4, pc}
  45              		.cfi_endproc
  46              	.LFE0:
  47              		.size	CYMEMZERO, .-CYMEMZERO
  48              		.section	.psocinit,"ax",%progbits
  49              		.align	2
  50              		.code	16
  51              		.thumb_func
  52              		.type	ClockSetup, %function
  53              	ClockSetup:
  54              	.LFB3:
  80:C:\Program Files (x86)\Cypress\PSoC Creator\4.4\PSoC Creator\1\LWO3.cydsn\Generated_Source\PSoC4\cyfitter_cfg.c **** CY_CFG_UNUSED
  81:C:\Program Files (x86)\Cypress\PSoC Creator\4.4\PSoC Creator\1\LWO3.cydsn\Generated_Source\PSoC4\cyfitter_cfg.c **** static void CYCONFIGCPY(void *dest, const void *src, size_t n);
  82:C:\Program Files (x86)\Cypress\PSoC Creator\4.4\PSoC Creator\1\LWO3.cydsn\Generated_Source\PSoC4\cyfitter_cfg.c **** CY_CFG_UNUSED
  83:C:\Program Files (x86)\Cypress\PSoC Creator\4.4\PSoC Creator\1\LWO3.cydsn\Generated_Source\PSoC4\cyfitter_cfg.c **** static void CYCONFIGCPY(void *dest, const void *src, size_t n)
  84:C:\Program Files (x86)\Cypress\PSoC Creator\4.4\PSoC Creator\1\LWO3.cydsn\Generated_Source\PSoC4\cyfitter_cfg.c **** {
  85:C:\Program Files (x86)\Cypress\PSoC Creator\4.4\PSoC Creator\1\LWO3.cydsn\Generated_Source\PSoC4\cyfitter_cfg.c **** 	(void)memcpy(dest, src, n);
  86:C:\Program Files (x86)\Cypress\PSoC Creator\4.4\PSoC Creator\1\LWO3.cydsn\Generated_Source\PSoC4\cyfitter_cfg.c **** }
  87:C:\Program Files (x86)\Cypress\PSoC Creator\4.4\PSoC Creator\1\LWO3.cydsn\Generated_Source\PSoC4\cyfitter_cfg.c **** CY_CFG_UNUSED
  88:C:\Program Files (x86)\Cypress\PSoC Creator\4.4\PSoC Creator\1\LWO3.cydsn\Generated_Source\PSoC4\cyfitter_cfg.c **** static void CYCONFIGCPYCODE(void *dest, const void *src, size_t n);
  89:C:\Program Files (x86)\Cypress\PSoC Creator\4.4\PSoC Creator\1\LWO3.cydsn\Generated_Source\PSoC4\cyfitter_cfg.c **** CY_CFG_UNUSED
  90:C:\Program Files (x86)\Cypress\PSoC Creator\4.4\PSoC Creator\1\LWO3.cydsn\Generated_Source\PSoC4\cyfitter_cfg.c **** static void CYCONFIGCPYCODE(void *dest, const void *src, size_t n)
  91:C:\Program Files (x86)\Cypress\PSoC Creator\4.4\PSoC Creator\1\LWO3.cydsn\Generated_Source\PSoC4\cyfitter_cfg.c **** {
  92:C:\Program Files (x86)\Cypress\PSoC Creator\4.4\PSoC Creator\1\LWO3.cydsn\Generated_Source\PSoC4\cyfitter_cfg.c **** 	(void)memcpy(dest, src, n);
  93:C:\Program Files (x86)\Cypress\PSoC Creator\4.4\PSoC Creator\1\LWO3.cydsn\Generated_Source\PSoC4\cyfitter_cfg.c **** }
  94:C:\Program Files (x86)\Cypress\PSoC Creator\4.4\PSoC Creator\1\LWO3.cydsn\Generated_Source\PSoC4\cyfitter_cfg.c **** 
  95:C:\Program Files (x86)\Cypress\PSoC Creator\4.4\PSoC Creator\1\LWO3.cydsn\Generated_Source\PSoC4\cyfitter_cfg.c **** 
  96:C:\Program Files (x86)\Cypress\PSoC Creator\4.4\PSoC Creator\1\LWO3.cydsn\Generated_Source\PSoC4\cyfitter_cfg.c **** 
  97:C:\Program Files (x86)\Cypress\PSoC Creator\4.4\PSoC Creator\1\LWO3.cydsn\Generated_Source\PSoC4\cyfitter_cfg.c **** 
  98:C:\Program Files (x86)\Cypress\PSoC Creator\4.4\PSoC Creator\1\LWO3.cydsn\Generated_Source\PSoC4\cyfitter_cfg.c **** /* Clock startup error codes                                                   */
  99:C:\Program Files (x86)\Cypress\PSoC Creator\4.4\PSoC Creator\1\LWO3.cydsn\Generated_Source\PSoC4\cyfitter_cfg.c **** #define CYCLOCKSTART_NO_ERROR    0u
 100:C:\Program Files (x86)\Cypress\PSoC Creator\4.4\PSoC Creator\1\LWO3.cydsn\Generated_Source\PSoC4\cyfitter_cfg.c **** #define CYCLOCKSTART_XTAL_ERROR  1u
 101:C:\Program Files (x86)\Cypress\PSoC Creator\4.4\PSoC Creator\1\LWO3.cydsn\Generated_Source\PSoC4\cyfitter_cfg.c **** #define CYCLOCKSTART_32KHZ_ERROR 2u
 102:C:\Program Files (x86)\Cypress\PSoC Creator\4.4\PSoC Creator\1\LWO3.cydsn\Generated_Source\PSoC4\cyfitter_cfg.c **** #define CYCLOCKSTART_PLL_ERROR   3u
 103:C:\Program Files (x86)\Cypress\PSoC Creator\4.4\PSoC Creator\1\LWO3.cydsn\Generated_Source\PSoC4\cyfitter_cfg.c **** #define CYCLOCKSTART_FLL_ERROR   4u
 104:C:\Program Files (x86)\Cypress\PSoC Creator\4.4\PSoC Creator\1\LWO3.cydsn\Generated_Source\PSoC4\cyfitter_cfg.c **** #define CYCLOCKSTART_WCO_ERROR   5u
 105:C:\Program Files (x86)\Cypress\PSoC Creator\4.4\PSoC Creator\1\LWO3.cydsn\Generated_Source\PSoC4\cyfitter_cfg.c **** 
 106:C:\Program Files (x86)\Cypress\PSoC Creator\4.4\PSoC Creator\1\LWO3.cydsn\Generated_Source\PSoC4\cyfitter_cfg.c **** 
 107:C:\Program Files (x86)\Cypress\PSoC Creator\4.4\PSoC Creator\1\LWO3.cydsn\Generated_Source\PSoC4\cyfitter_cfg.c **** #ifdef CY_NEED_CYCLOCKSTARTUPERROR
 108:C:\Program Files (x86)\Cypress\PSoC Creator\4.4\PSoC Creator\1\LWO3.cydsn\Generated_Source\PSoC4\cyfitter_cfg.c **** /*******************************************************************************
 109:C:\Program Files (x86)\Cypress\PSoC Creator\4.4\PSoC Creator\1\LWO3.cydsn\Generated_Source\PSoC4\cyfitter_cfg.c **** * Function Name: CyClockStartupError
 110:C:\Program Files (x86)\Cypress\PSoC Creator\4.4\PSoC Creator\1\LWO3.cydsn\Generated_Source\PSoC4\cyfitter_cfg.c **** ********************************************************************************
 111:C:\Program Files (x86)\Cypress\PSoC Creator\4.4\PSoC Creator\1\LWO3.cydsn\Generated_Source\PSoC4\cyfitter_cfg.c **** * Summary:
 112:C:\Program Files (x86)\Cypress\PSoC Creator\4.4\PSoC Creator\1\LWO3.cydsn\Generated_Source\PSoC4\cyfitter_cfg.c **** *  If an error is encountered during clock configuration (crystal startup error,
 113:C:\Program Files (x86)\Cypress\PSoC Creator\4.4\PSoC Creator\1\LWO3.cydsn\Generated_Source\PSoC4\cyfitter_cfg.c **** *  PLL lock error, etc.), the system will end up here.  Unless reimplemented by
 114:C:\Program Files (x86)\Cypress\PSoC Creator\4.4\PSoC Creator\1\LWO3.cydsn\Generated_Source\PSoC4\cyfitter_cfg.c **** *  the customer, this function will stop in an infinite loop.
 115:C:\Program Files (x86)\Cypress\PSoC Creator\4.4\PSoC Creator\1\LWO3.cydsn\Generated_Source\PSoC4\cyfitter_cfg.c **** *
 116:C:\Program Files (x86)\Cypress\PSoC Creator\4.4\PSoC Creator\1\LWO3.cydsn\Generated_Source\PSoC4\cyfitter_cfg.c **** * Parameters:
 117:C:\Program Files (x86)\Cypress\PSoC Creator\4.4\PSoC Creator\1\LWO3.cydsn\Generated_Source\PSoC4\cyfitter_cfg.c **** *   void
ARM GAS  C:\Users\taips\AppData\Local\Temp\cc8ZJtBM.s 			page 4


 118:C:\Program Files (x86)\Cypress\PSoC Creator\4.4\PSoC Creator\1\LWO3.cydsn\Generated_Source\PSoC4\cyfitter_cfg.c **** *
 119:C:\Program Files (x86)\Cypress\PSoC Creator\4.4\PSoC Creator\1\LWO3.cydsn\Generated_Source\PSoC4\cyfitter_cfg.c **** * Return:
 120:C:\Program Files (x86)\Cypress\PSoC Creator\4.4\PSoC Creator\1\LWO3.cydsn\Generated_Source\PSoC4\cyfitter_cfg.c **** *   void
 121:C:\Program Files (x86)\Cypress\PSoC Creator\4.4\PSoC Creator\1\LWO3.cydsn\Generated_Source\PSoC4\cyfitter_cfg.c **** *
 122:C:\Program Files (x86)\Cypress\PSoC Creator\4.4\PSoC Creator\1\LWO3.cydsn\Generated_Source\PSoC4\cyfitter_cfg.c **** *******************************************************************************/
 123:C:\Program Files (x86)\Cypress\PSoC Creator\4.4\PSoC Creator\1\LWO3.cydsn\Generated_Source\PSoC4\cyfitter_cfg.c **** CY_CFG_UNUSED
 124:C:\Program Files (x86)\Cypress\PSoC Creator\4.4\PSoC Creator\1\LWO3.cydsn\Generated_Source\PSoC4\cyfitter_cfg.c **** static void CyClockStartupError(uint8 errorCode);
 125:C:\Program Files (x86)\Cypress\PSoC Creator\4.4\PSoC Creator\1\LWO3.cydsn\Generated_Source\PSoC4\cyfitter_cfg.c **** CY_CFG_UNUSED
 126:C:\Program Files (x86)\Cypress\PSoC Creator\4.4\PSoC Creator\1\LWO3.cydsn\Generated_Source\PSoC4\cyfitter_cfg.c **** static void CyClockStartupError(uint8 errorCode)
 127:C:\Program Files (x86)\Cypress\PSoC Creator\4.4\PSoC Creator\1\LWO3.cydsn\Generated_Source\PSoC4\cyfitter_cfg.c **** {
 128:C:\Program Files (x86)\Cypress\PSoC Creator\4.4\PSoC Creator\1\LWO3.cydsn\Generated_Source\PSoC4\cyfitter_cfg.c ****     /* To remove the compiler warning if errorCode not used.                */
 129:C:\Program Files (x86)\Cypress\PSoC Creator\4.4\PSoC Creator\1\LWO3.cydsn\Generated_Source\PSoC4\cyfitter_cfg.c ****     errorCode = errorCode;
 130:C:\Program Files (x86)\Cypress\PSoC Creator\4.4\PSoC Creator\1\LWO3.cydsn\Generated_Source\PSoC4\cyfitter_cfg.c **** 
 131:C:\Program Files (x86)\Cypress\PSoC Creator\4.4\PSoC Creator\1\LWO3.cydsn\Generated_Source\PSoC4\cyfitter_cfg.c ****     /* If we have a clock startup error (bad MHz crystal, PLL lock, etc.),  */
 132:C:\Program Files (x86)\Cypress\PSoC Creator\4.4\PSoC Creator\1\LWO3.cydsn\Generated_Source\PSoC4\cyfitter_cfg.c ****     /* we will end up here to allow the customer to implement something to  */
 133:C:\Program Files (x86)\Cypress\PSoC Creator\4.4\PSoC Creator\1\LWO3.cydsn\Generated_Source\PSoC4\cyfitter_cfg.c ****     /* deal with the clock condition.                                       */
 134:C:\Program Files (x86)\Cypress\PSoC Creator\4.4\PSoC Creator\1\LWO3.cydsn\Generated_Source\PSoC4\cyfitter_cfg.c **** 
 135:C:\Program Files (x86)\Cypress\PSoC Creator\4.4\PSoC Creator\1\LWO3.cydsn\Generated_Source\PSoC4\cyfitter_cfg.c **** #ifdef CY_CFG_CLOCK_STARTUP_ERROR_CALLBACK
 136:C:\Program Files (x86)\Cypress\PSoC Creator\4.4\PSoC Creator\1\LWO3.cydsn\Generated_Source\PSoC4\cyfitter_cfg.c ****     CY_CFG_Clock_Startup_ErrorCallback();
 137:C:\Program Files (x86)\Cypress\PSoC Creator\4.4\PSoC Creator\1\LWO3.cydsn\Generated_Source\PSoC4\cyfitter_cfg.c **** #else
 138:C:\Program Files (x86)\Cypress\PSoC Creator\4.4\PSoC Creator\1\LWO3.cydsn\Generated_Source\PSoC4\cyfitter_cfg.c ****     /*  If not using CY_CFG_CLOCK_STARTUP_ERROR_CALLBACK, place your clock startup code here. */
 139:C:\Program Files (x86)\Cypress\PSoC Creator\4.4\PSoC Creator\1\LWO3.cydsn\Generated_Source\PSoC4\cyfitter_cfg.c ****     /* `#START CyClockStartupError` */
 140:C:\Program Files (x86)\Cypress\PSoC Creator\4.4\PSoC Creator\1\LWO3.cydsn\Generated_Source\PSoC4\cyfitter_cfg.c **** 
 141:C:\Program Files (x86)\Cypress\PSoC Creator\4.4\PSoC Creator\1\LWO3.cydsn\Generated_Source\PSoC4\cyfitter_cfg.c **** 
 142:C:\Program Files (x86)\Cypress\PSoC Creator\4.4\PSoC Creator\1\LWO3.cydsn\Generated_Source\PSoC4\cyfitter_cfg.c **** 
 143:C:\Program Files (x86)\Cypress\PSoC Creator\4.4\PSoC Creator\1\LWO3.cydsn\Generated_Source\PSoC4\cyfitter_cfg.c ****     /* `#END` */
 144:C:\Program Files (x86)\Cypress\PSoC Creator\4.4\PSoC Creator\1\LWO3.cydsn\Generated_Source\PSoC4\cyfitter_cfg.c **** 
 145:C:\Program Files (x86)\Cypress\PSoC Creator\4.4\PSoC Creator\1\LWO3.cydsn\Generated_Source\PSoC4\cyfitter_cfg.c ****     while(1) {}
 146:C:\Program Files (x86)\Cypress\PSoC Creator\4.4\PSoC Creator\1\LWO3.cydsn\Generated_Source\PSoC4\cyfitter_cfg.c **** #endif /* CY_CFG_CLOCK_STARTUP_ERROR_CALLBACK */
 147:C:\Program Files (x86)\Cypress\PSoC Creator\4.4\PSoC Creator\1\LWO3.cydsn\Generated_Source\PSoC4\cyfitter_cfg.c **** }
 148:C:\Program Files (x86)\Cypress\PSoC Creator\4.4\PSoC Creator\1\LWO3.cydsn\Generated_Source\PSoC4\cyfitter_cfg.c **** #endif
 149:C:\Program Files (x86)\Cypress\PSoC Creator\4.4\PSoC Creator\1\LWO3.cydsn\Generated_Source\PSoC4\cyfitter_cfg.c **** 
 150:C:\Program Files (x86)\Cypress\PSoC Creator\4.4\PSoC Creator\1\LWO3.cydsn\Generated_Source\PSoC4\cyfitter_cfg.c **** 
 151:C:\Program Files (x86)\Cypress\PSoC Creator\4.4\PSoC Creator\1\LWO3.cydsn\Generated_Source\PSoC4\cyfitter_cfg.c **** 
 152:C:\Program Files (x86)\Cypress\PSoC Creator\4.4\PSoC Creator\1\LWO3.cydsn\Generated_Source\PSoC4\cyfitter_cfg.c **** /*******************************************************************************
 153:C:\Program Files (x86)\Cypress\PSoC Creator\4.4\PSoC Creator\1\LWO3.cydsn\Generated_Source\PSoC4\cyfitter_cfg.c **** * Function Name: ClockSetup
 154:C:\Program Files (x86)\Cypress\PSoC Creator\4.4\PSoC Creator\1\LWO3.cydsn\Generated_Source\PSoC4\cyfitter_cfg.c **** ********************************************************************************
 155:C:\Program Files (x86)\Cypress\PSoC Creator\4.4\PSoC Creator\1\LWO3.cydsn\Generated_Source\PSoC4\cyfitter_cfg.c **** *
 156:C:\Program Files (x86)\Cypress\PSoC Creator\4.4\PSoC Creator\1\LWO3.cydsn\Generated_Source\PSoC4\cyfitter_cfg.c **** * Summary:
 157:C:\Program Files (x86)\Cypress\PSoC Creator\4.4\PSoC Creator\1\LWO3.cydsn\Generated_Source\PSoC4\cyfitter_cfg.c **** *   Performs the initialization of all of the clocks in the device based on the
 158:C:\Program Files (x86)\Cypress\PSoC Creator\4.4\PSoC Creator\1\LWO3.cydsn\Generated_Source\PSoC4\cyfitter_cfg.c **** *   settings in the Clock tab of the DWR.  This includes enabling the requested
 159:C:\Program Files (x86)\Cypress\PSoC Creator\4.4\PSoC Creator\1\LWO3.cydsn\Generated_Source\PSoC4\cyfitter_cfg.c **** *   clocks and setting the necessary dividers to produce the desired frequency. 
 160:C:\Program Files (x86)\Cypress\PSoC Creator\4.4\PSoC Creator\1\LWO3.cydsn\Generated_Source\PSoC4\cyfitter_cfg.c **** *
 161:C:\Program Files (x86)\Cypress\PSoC Creator\4.4\PSoC Creator\1\LWO3.cydsn\Generated_Source\PSoC4\cyfitter_cfg.c **** * Parameters:
 162:C:\Program Files (x86)\Cypress\PSoC Creator\4.4\PSoC Creator\1\LWO3.cydsn\Generated_Source\PSoC4\cyfitter_cfg.c **** *   void
 163:C:\Program Files (x86)\Cypress\PSoC Creator\4.4\PSoC Creator\1\LWO3.cydsn\Generated_Source\PSoC4\cyfitter_cfg.c **** *
 164:C:\Program Files (x86)\Cypress\PSoC Creator\4.4\PSoC Creator\1\LWO3.cydsn\Generated_Source\PSoC4\cyfitter_cfg.c **** * Return:
 165:C:\Program Files (x86)\Cypress\PSoC Creator\4.4\PSoC Creator\1\LWO3.cydsn\Generated_Source\PSoC4\cyfitter_cfg.c **** *   void
 166:C:\Program Files (x86)\Cypress\PSoC Creator\4.4\PSoC Creator\1\LWO3.cydsn\Generated_Source\PSoC4\cyfitter_cfg.c **** *
 167:C:\Program Files (x86)\Cypress\PSoC Creator\4.4\PSoC Creator\1\LWO3.cydsn\Generated_Source\PSoC4\cyfitter_cfg.c **** *******************************************************************************/
 168:C:\Program Files (x86)\Cypress\PSoC Creator\4.4\PSoC Creator\1\LWO3.cydsn\Generated_Source\PSoC4\cyfitter_cfg.c **** static void ClockSetup(void);
 169:C:\Program Files (x86)\Cypress\PSoC Creator\4.4\PSoC Creator\1\LWO3.cydsn\Generated_Source\PSoC4\cyfitter_cfg.c **** CY_CFG_SECTION
 170:C:\Program Files (x86)\Cypress\PSoC Creator\4.4\PSoC Creator\1\LWO3.cydsn\Generated_Source\PSoC4\cyfitter_cfg.c **** static void ClockSetup(void)
 171:C:\Program Files (x86)\Cypress\PSoC Creator\4.4\PSoC Creator\1\LWO3.cydsn\Generated_Source\PSoC4\cyfitter_cfg.c **** {
  55              		.loc 1 171 0
  56              		.cfi_startproc
  57              		@ args = 0, pretend = 0, frame = 0
ARM GAS  C:\Users\taips\AppData\Local\Temp\cc8ZJtBM.s 			page 5


  58              		@ frame_needed = 0, uses_anonymous_args = 0
  59 0000 70B5     		push	{r4, r5, r6, lr}
  60              		.cfi_def_cfa_offset 16
  61              		.cfi_offset 4, -16
  62              		.cfi_offset 5, -12
  63              		.cfi_offset 6, -8
  64              		.cfi_offset 14, -4
 172:C:\Program Files (x86)\Cypress\PSoC Creator\4.4\PSoC Creator\1\LWO3.cydsn\Generated_Source\PSoC4\cyfitter_cfg.c **** 	/* Enable HALF_EN before trimming for the flash accelerator. */
 173:C:\Program Files (x86)\Cypress\PSoC Creator\4.4\PSoC Creator\1\LWO3.cydsn\Generated_Source\PSoC4\cyfitter_cfg.c **** 	CY_SET_REG32((void CYXDATA *)(CYREG_CLK_SELECT), (CY_GET_REG32((void *)CYREG_CLK_SELECT) | 0x00040
  65              		.loc 1 173 0
  66 0002 0F4C     		ldr	r4, .L3
  67 0004 2368     		ldr	r3, [r4]
  68 0006 8022     		movs	r2, #128
  69 0008 D202     		lsls	r2, r2, #11
  70 000a 1343     		orrs	r3, r2
  71 000c 2360     		str	r3, [r4]
 174:C:\Program Files (x86)\Cypress\PSoC Creator\4.4\PSoC Creator\1\LWO3.cydsn\Generated_Source\PSoC4\cyfitter_cfg.c **** 
 175:C:\Program Files (x86)\Cypress\PSoC Creator\4.4\PSoC Creator\1\LWO3.cydsn\Generated_Source\PSoC4\cyfitter_cfg.c **** 	/* Setup and trim IMO based on desired frequency. */
 176:C:\Program Files (x86)\Cypress\PSoC Creator\4.4\PSoC Creator\1\LWO3.cydsn\Generated_Source\PSoC4\cyfitter_cfg.c **** 	CySysClkWriteImoFreq(24u);
  72              		.loc 1 176 0
  73 000e 1820     		movs	r0, #24
  74 0010 FFF7FEFF 		bl	CySysClkWriteImoFreq
  75              	.LVL3:
 177:C:\Program Files (x86)\Cypress\PSoC Creator\4.4\PSoC Creator\1\LWO3.cydsn\Generated_Source\PSoC4\cyfitter_cfg.c **** 
 178:C:\Program Files (x86)\Cypress\PSoC Creator\4.4\PSoC Creator\1\LWO3.cydsn\Generated_Source\PSoC4\cyfitter_cfg.c **** 	/* Disable HALF_EN since it is not required at this IMO frequency. */
 179:C:\Program Files (x86)\Cypress\PSoC Creator\4.4\PSoC Creator\1\LWO3.cydsn\Generated_Source\PSoC4\cyfitter_cfg.c **** 	CY_SET_REG32((void CYXDATA *)(CYREG_CLK_SELECT), (CY_GET_REG32((void *)CYREG_CLK_SELECT) & 0xFFFBF
  76              		.loc 1 179 0
  77 0014 2268     		ldr	r2, [r4]
  78 0016 0B4B     		ldr	r3, .L3+4
  79 0018 1340     		ands	r3, r2
  80 001a 2360     		str	r3, [r4]
 180:C:\Program Files (x86)\Cypress\PSoC Creator\4.4\PSoC Creator\1\LWO3.cydsn\Generated_Source\PSoC4\cyfitter_cfg.c **** 	/* CYDEV_CLK_ILO_CONFIG Starting address: CYDEV_CLK_ILO_CONFIG */
 181:C:\Program Files (x86)\Cypress\PSoC Creator\4.4\PSoC Creator\1\LWO3.cydsn\Generated_Source\PSoC4\cyfitter_cfg.c **** 	CY_SET_REG32((void *)(CYREG_CLK_ILO_CONFIG), 0x80000006u);
  81              		.loc 1 181 0
  82 001c 0A4A     		ldr	r2, .L3+8
  83 001e 0B4B     		ldr	r3, .L3+12
  84 0020 1A60     		str	r2, [r3]
 182:C:\Program Files (x86)\Cypress\PSoC Creator\4.4\PSoC Creator\1\LWO3.cydsn\Generated_Source\PSoC4\cyfitter_cfg.c **** 
 183:C:\Program Files (x86)\Cypress\PSoC Creator\4.4\PSoC Creator\1\LWO3.cydsn\Generated_Source\PSoC4\cyfitter_cfg.c **** 
 184:C:\Program Files (x86)\Cypress\PSoC Creator\4.4\PSoC Creator\1\LWO3.cydsn\Generated_Source\PSoC4\cyfitter_cfg.c **** 	/* CYDEV_CLK_IMO_CONFIG Starting address: CYDEV_CLK_IMO_CONFIG */
 185:C:\Program Files (x86)\Cypress\PSoC Creator\4.4\PSoC Creator\1\LWO3.cydsn\Generated_Source\PSoC4\cyfitter_cfg.c **** 	CY_SET_REG32((void *)(CYREG_CLK_IMO_CONFIG), 0x80000000u);
  85              		.loc 1 185 0
  86 0022 063A     		subs	r2, r2, #6
  87 0024 0A4B     		ldr	r3, .L3+16
  88 0026 1A60     		str	r2, [r3]
 186:C:\Program Files (x86)\Cypress\PSoC Creator\4.4\PSoC Creator\1\LWO3.cydsn\Generated_Source\PSoC4\cyfitter_cfg.c **** 
 187:C:\Program Files (x86)\Cypress\PSoC Creator\4.4\PSoC Creator\1\LWO3.cydsn\Generated_Source\PSoC4\cyfitter_cfg.c **** 	/* CYDEV_CLK_SELECT Starting address: CYDEV_CLK_SELECT */
 188:C:\Program Files (x86)\Cypress\PSoC Creator\4.4\PSoC Creator\1\LWO3.cydsn\Generated_Source\PSoC4\cyfitter_cfg.c **** 	CY_SET_REG32((void *)(CYREG_CLK_SELECT), 0x00000000u);
  89              		.loc 1 188 0
  90 0028 0025     		movs	r5, #0
  91 002a 2560     		str	r5, [r4]
 189:C:\Program Files (x86)\Cypress\PSoC Creator\4.4\PSoC Creator\1\LWO3.cydsn\Generated_Source\PSoC4\cyfitter_cfg.c **** 
 190:C:\Program Files (x86)\Cypress\PSoC Creator\4.4\PSoC Creator\1\LWO3.cydsn\Generated_Source\PSoC4\cyfitter_cfg.c **** 	(void)CyIntSetVector(9u, &CySysWdtIsr);
  92              		.loc 1 190 0
  93 002c 0949     		ldr	r1, .L3+20
  94 002e 0920     		movs	r0, #9
  95 0030 FFF7FEFF 		bl	CyIntSetVector
ARM GAS  C:\Users\taips\AppData\Local\Temp\cc8ZJtBM.s 			page 6


  96              	.LVL4:
 191:C:\Program Files (x86)\Cypress\PSoC Creator\4.4\PSoC Creator\1\LWO3.cydsn\Generated_Source\PSoC4\cyfitter_cfg.c **** 	CyIntEnable(9u);
  97              		.loc 1 191 0
  98 0034 0920     		movs	r0, #9
  99 0036 FFF7FEFF 		bl	CyIntEnable
 100              	.LVL5:
 192:C:\Program Files (x86)\Cypress\PSoC Creator\4.4\PSoC Creator\1\LWO3.cydsn\Generated_Source\PSoC4\cyfitter_cfg.c **** 	CY_SET_REG32((void *)(CYREG_WDT_CONFIG), 0x00000000u);
 101              		.loc 1 192 0
 102 003a 074B     		ldr	r3, .L3+24
 103 003c 1D60     		str	r5, [r3]
 193:C:\Program Files (x86)\Cypress\PSoC Creator\4.4\PSoC Creator\1\LWO3.cydsn\Generated_Source\PSoC4\cyfitter_cfg.c **** }
 104              		.loc 1 193 0
 105              		@ sp needed
 106 003e 70BD     		pop	{r4, r5, r6, pc}
 107              	.L4:
 108              		.align	2
 109              	.L3:
 110 0040 00010B40 		.word	1074462976
 111 0044 FFFFFBFF 		.word	-262145
 112 0048 06000080 		.word	-2147483642
 113 004c 04010B40 		.word	1074462980
 114 0050 08010B40 		.word	1074462984
 115 0054 00000000 		.word	CySysWdtIsr
 116 0058 0C020B40 		.word	1074463244
 117              		.cfi_endproc
 118              	.LFE3:
 119              		.size	ClockSetup, .-ClockSetup
 120              		.align	2
 121              		.global	cyfitter_cfg
 122              		.code	16
 123              		.thumb_func
 124              		.type	cyfitter_cfg, %function
 125              	cyfitter_cfg:
 126              	.LFB5:
 194:C:\Program Files (x86)\Cypress\PSoC Creator\4.4\PSoC Creator\1\LWO3.cydsn\Generated_Source\PSoC4\cyfitter_cfg.c **** 
 195:C:\Program Files (x86)\Cypress\PSoC Creator\4.4\PSoC Creator\1\LWO3.cydsn\Generated_Source\PSoC4\cyfitter_cfg.c **** 
 196:C:\Program Files (x86)\Cypress\PSoC Creator\4.4\PSoC Creator\1\LWO3.cydsn\Generated_Source\PSoC4\cyfitter_cfg.c **** /* Analog API Functions */
 197:C:\Program Files (x86)\Cypress\PSoC Creator\4.4\PSoC Creator\1\LWO3.cydsn\Generated_Source\PSoC4\cyfitter_cfg.c **** 
 198:C:\Program Files (x86)\Cypress\PSoC Creator\4.4\PSoC Creator\1\LWO3.cydsn\Generated_Source\PSoC4\cyfitter_cfg.c **** 
 199:C:\Program Files (x86)\Cypress\PSoC Creator\4.4\PSoC Creator\1\LWO3.cydsn\Generated_Source\PSoC4\cyfitter_cfg.c **** /*******************************************************************************
 200:C:\Program Files (x86)\Cypress\PSoC Creator\4.4\PSoC Creator\1\LWO3.cydsn\Generated_Source\PSoC4\cyfitter_cfg.c **** * Function Name: AnalogSetDefault
 201:C:\Program Files (x86)\Cypress\PSoC Creator\4.4\PSoC Creator\1\LWO3.cydsn\Generated_Source\PSoC4\cyfitter_cfg.c **** ********************************************************************************
 202:C:\Program Files (x86)\Cypress\PSoC Creator\4.4\PSoC Creator\1\LWO3.cydsn\Generated_Source\PSoC4\cyfitter_cfg.c **** *
 203:C:\Program Files (x86)\Cypress\PSoC Creator\4.4\PSoC Creator\1\LWO3.cydsn\Generated_Source\PSoC4\cyfitter_cfg.c **** * Summary:
 204:C:\Program Files (x86)\Cypress\PSoC Creator\4.4\PSoC Creator\1\LWO3.cydsn\Generated_Source\PSoC4\cyfitter_cfg.c **** *  Sets up the analog portions of the chip to default values based on chip
 205:C:\Program Files (x86)\Cypress\PSoC Creator\4.4\PSoC Creator\1\LWO3.cydsn\Generated_Source\PSoC4\cyfitter_cfg.c **** *  configuration options from the project.
 206:C:\Program Files (x86)\Cypress\PSoC Creator\4.4\PSoC Creator\1\LWO3.cydsn\Generated_Source\PSoC4\cyfitter_cfg.c **** *
 207:C:\Program Files (x86)\Cypress\PSoC Creator\4.4\PSoC Creator\1\LWO3.cydsn\Generated_Source\PSoC4\cyfitter_cfg.c **** * Parameters:
 208:C:\Program Files (x86)\Cypress\PSoC Creator\4.4\PSoC Creator\1\LWO3.cydsn\Generated_Source\PSoC4\cyfitter_cfg.c **** *  void
 209:C:\Program Files (x86)\Cypress\PSoC Creator\4.4\PSoC Creator\1\LWO3.cydsn\Generated_Source\PSoC4\cyfitter_cfg.c **** *
 210:C:\Program Files (x86)\Cypress\PSoC Creator\4.4\PSoC Creator\1\LWO3.cydsn\Generated_Source\PSoC4\cyfitter_cfg.c **** * Return:
 211:C:\Program Files (x86)\Cypress\PSoC Creator\4.4\PSoC Creator\1\LWO3.cydsn\Generated_Source\PSoC4\cyfitter_cfg.c **** *  void
 212:C:\Program Files (x86)\Cypress\PSoC Creator\4.4\PSoC Creator\1\LWO3.cydsn\Generated_Source\PSoC4\cyfitter_cfg.c **** *
 213:C:\Program Files (x86)\Cypress\PSoC Creator\4.4\PSoC Creator\1\LWO3.cydsn\Generated_Source\PSoC4\cyfitter_cfg.c **** *******************************************************************************/
 214:C:\Program Files (x86)\Cypress\PSoC Creator\4.4\PSoC Creator\1\LWO3.cydsn\Generated_Source\PSoC4\cyfitter_cfg.c **** static void AnalogSetDefault(void);
 215:C:\Program Files (x86)\Cypress\PSoC Creator\4.4\PSoC Creator\1\LWO3.cydsn\Generated_Source\PSoC4\cyfitter_cfg.c **** static void AnalogSetDefault(void)
 216:C:\Program Files (x86)\Cypress\PSoC Creator\4.4\PSoC Creator\1\LWO3.cydsn\Generated_Source\PSoC4\cyfitter_cfg.c **** {
ARM GAS  C:\Users\taips\AppData\Local\Temp\cc8ZJtBM.s 			page 7


 217:C:\Program Files (x86)\Cypress\PSoC Creator\4.4\PSoC Creator\1\LWO3.cydsn\Generated_Source\PSoC4\cyfitter_cfg.c **** }
 218:C:\Program Files (x86)\Cypress\PSoC Creator\4.4\PSoC Creator\1\LWO3.cydsn\Generated_Source\PSoC4\cyfitter_cfg.c **** 
 219:C:\Program Files (x86)\Cypress\PSoC Creator\4.4\PSoC Creator\1\LWO3.cydsn\Generated_Source\PSoC4\cyfitter_cfg.c **** 
 220:C:\Program Files (x86)\Cypress\PSoC Creator\4.4\PSoC Creator\1\LWO3.cydsn\Generated_Source\PSoC4\cyfitter_cfg.c **** 
 221:C:\Program Files (x86)\Cypress\PSoC Creator\4.4\PSoC Creator\1\LWO3.cydsn\Generated_Source\PSoC4\cyfitter_cfg.c **** 
 222:C:\Program Files (x86)\Cypress\PSoC Creator\4.4\PSoC Creator\1\LWO3.cydsn\Generated_Source\PSoC4\cyfitter_cfg.c **** /*******************************************************************************
 223:C:\Program Files (x86)\Cypress\PSoC Creator\4.4\PSoC Creator\1\LWO3.cydsn\Generated_Source\PSoC4\cyfitter_cfg.c **** * Function Name: cyfitter_cfg
 224:C:\Program Files (x86)\Cypress\PSoC Creator\4.4\PSoC Creator\1\LWO3.cydsn\Generated_Source\PSoC4\cyfitter_cfg.c **** ********************************************************************************
 225:C:\Program Files (x86)\Cypress\PSoC Creator\4.4\PSoC Creator\1\LWO3.cydsn\Generated_Source\PSoC4\cyfitter_cfg.c **** * Summary:
 226:C:\Program Files (x86)\Cypress\PSoC Creator\4.4\PSoC Creator\1\LWO3.cydsn\Generated_Source\PSoC4\cyfitter_cfg.c **** *  This function is called by the start-up code for the selected device. It
 227:C:\Program Files (x86)\Cypress\PSoC Creator\4.4\PSoC Creator\1\LWO3.cydsn\Generated_Source\PSoC4\cyfitter_cfg.c **** *  performs all of the necessary device configuration based on the design
 228:C:\Program Files (x86)\Cypress\PSoC Creator\4.4\PSoC Creator\1\LWO3.cydsn\Generated_Source\PSoC4\cyfitter_cfg.c **** *  settings.  This includes settings from the Design Wide Resources (DWR) such
 229:C:\Program Files (x86)\Cypress\PSoC Creator\4.4\PSoC Creator\1\LWO3.cydsn\Generated_Source\PSoC4\cyfitter_cfg.c **** *  as Clocks and Pins as well as any component configuration that is necessary.
 230:C:\Program Files (x86)\Cypress\PSoC Creator\4.4\PSoC Creator\1\LWO3.cydsn\Generated_Source\PSoC4\cyfitter_cfg.c **** *
 231:C:\Program Files (x86)\Cypress\PSoC Creator\4.4\PSoC Creator\1\LWO3.cydsn\Generated_Source\PSoC4\cyfitter_cfg.c **** * Parameters:
 232:C:\Program Files (x86)\Cypress\PSoC Creator\4.4\PSoC Creator\1\LWO3.cydsn\Generated_Source\PSoC4\cyfitter_cfg.c **** *   void
 233:C:\Program Files (x86)\Cypress\PSoC Creator\4.4\PSoC Creator\1\LWO3.cydsn\Generated_Source\PSoC4\cyfitter_cfg.c **** *
 234:C:\Program Files (x86)\Cypress\PSoC Creator\4.4\PSoC Creator\1\LWO3.cydsn\Generated_Source\PSoC4\cyfitter_cfg.c **** * Return:
 235:C:\Program Files (x86)\Cypress\PSoC Creator\4.4\PSoC Creator\1\LWO3.cydsn\Generated_Source\PSoC4\cyfitter_cfg.c **** *   void
 236:C:\Program Files (x86)\Cypress\PSoC Creator\4.4\PSoC Creator\1\LWO3.cydsn\Generated_Source\PSoC4\cyfitter_cfg.c **** *
 237:C:\Program Files (x86)\Cypress\PSoC Creator\4.4\PSoC Creator\1\LWO3.cydsn\Generated_Source\PSoC4\cyfitter_cfg.c **** *******************************************************************************/
 238:C:\Program Files (x86)\Cypress\PSoC Creator\4.4\PSoC Creator\1\LWO3.cydsn\Generated_Source\PSoC4\cyfitter_cfg.c **** CY_CFG_SECTION
 239:C:\Program Files (x86)\Cypress\PSoC Creator\4.4\PSoC Creator\1\LWO3.cydsn\Generated_Source\PSoC4\cyfitter_cfg.c **** void cyfitter_cfg(void)
 240:C:\Program Files (x86)\Cypress\PSoC Creator\4.4\PSoC Creator\1\LWO3.cydsn\Generated_Source\PSoC4\cyfitter_cfg.c **** {
 127              		.loc 1 240 0
 128              		.cfi_startproc
 129              		@ args = 0, pretend = 0, frame = 0
 130              		@ frame_needed = 0, uses_anonymous_args = 0
 131 005c 10B5     		push	{r4, lr}
 132              		.cfi_def_cfa_offset 8
 133              		.cfi_offset 4, -8
 134              		.cfi_offset 14, -4
 241:C:\Program Files (x86)\Cypress\PSoC Creator\4.4\PSoC Creator\1\LWO3.cydsn\Generated_Source\PSoC4\cyfitter_cfg.c **** 	/* Disable interrupts by default. Let user enable if/when they want. */
 242:C:\Program Files (x86)\Cypress\PSoC Creator\4.4\PSoC Creator\1\LWO3.cydsn\Generated_Source\PSoC4\cyfitter_cfg.c **** 	CyGlobalIntDisable;
 135              		.loc 1 242 0
 136              		.syntax divided
 137              	@ 242 "C:\Program Files (x86)\Cypress\PSoC Creator\4.4\PSoC Creator\1\LWO3.cydsn\Generated_Source\P
 138 005e 72B6     		CPSID   i
 139              	@ 0 "" 2
 140              	.LVL6:
 141              		.thumb
 142              		.syntax unified
 143              	.LBB2:
 243:C:\Program Files (x86)\Cypress\PSoC Creator\4.4\PSoC Creator\1\LWO3.cydsn\Generated_Source\PSoC4\cyfitter_cfg.c **** 
 244:C:\Program Files (x86)\Cypress\PSoC Creator\4.4\PSoC Creator\1\LWO3.cydsn\Generated_Source\PSoC4\cyfitter_cfg.c **** 	{
 245:C:\Program Files (x86)\Cypress\PSoC Creator\4.4\PSoC Creator\1\LWO3.cydsn\Generated_Source\PSoC4\cyfitter_cfg.c **** 
 246:C:\Program Files (x86)\Cypress\PSoC Creator\4.4\PSoC Creator\1\LWO3.cydsn\Generated_Source\PSoC4\cyfitter_cfg.c **** 		CYPACKED typedef struct {
 247:C:\Program Files (x86)\Cypress\PSoC Creator\4.4\PSoC Creator\1\LWO3.cydsn\Generated_Source\PSoC4\cyfitter_cfg.c **** 			void CYFAR *address;
 248:C:\Program Files (x86)\Cypress\PSoC Creator\4.4\PSoC Creator\1\LWO3.cydsn\Generated_Source\PSoC4\cyfitter_cfg.c **** 			uint16 size;
 249:C:\Program Files (x86)\Cypress\PSoC Creator\4.4\PSoC Creator\1\LWO3.cydsn\Generated_Source\PSoC4\cyfitter_cfg.c **** 		} CYPACKED_ATTR cfg_memset_t;
 250:C:\Program Files (x86)\Cypress\PSoC Creator\4.4\PSoC Creator\1\LWO3.cydsn\Generated_Source\PSoC4\cyfitter_cfg.c **** 
 251:C:\Program Files (x86)\Cypress\PSoC Creator\4.4\PSoC Creator\1\LWO3.cydsn\Generated_Source\PSoC4\cyfitter_cfg.c **** 		static const cfg_memset_t CYCODE cfg_memset_list[] = {
 252:C:\Program Files (x86)\Cypress\PSoC Creator\4.4\PSoC Creator\1\LWO3.cydsn\Generated_Source\PSoC4\cyfitter_cfg.c **** 			/* address, size */
 253:C:\Program Files (x86)\Cypress\PSoC Creator\4.4\PSoC Creator\1\LWO3.cydsn\Generated_Source\PSoC4\cyfitter_cfg.c **** 			{(void CYFAR *)(CYDEV_UDB_P0_U0_BASE), 1024u},
 254:C:\Program Files (x86)\Cypress\PSoC Creator\4.4\PSoC Creator\1\LWO3.cydsn\Generated_Source\PSoC4\cyfitter_cfg.c **** 			{(void CYFAR *)(CYDEV_UDB_DSI0_BASE), 1024u},
 255:C:\Program Files (x86)\Cypress\PSoC Creator\4.4\PSoC Creator\1\LWO3.cydsn\Generated_Source\PSoC4\cyfitter_cfg.c **** 		};
 256:C:\Program Files (x86)\Cypress\PSoC Creator\4.4\PSoC Creator\1\LWO3.cydsn\Generated_Source\PSoC4\cyfitter_cfg.c **** 
ARM GAS  C:\Users\taips\AppData\Local\Temp\cc8ZJtBM.s 			page 8


 257:C:\Program Files (x86)\Cypress\PSoC Creator\4.4\PSoC Creator\1\LWO3.cydsn\Generated_Source\PSoC4\cyfitter_cfg.c **** 		uint8 CYDATA i;
 258:C:\Program Files (x86)\Cypress\PSoC Creator\4.4\PSoC Creator\1\LWO3.cydsn\Generated_Source\PSoC4\cyfitter_cfg.c **** 
 259:C:\Program Files (x86)\Cypress\PSoC Creator\4.4\PSoC Creator\1\LWO3.cydsn\Generated_Source\PSoC4\cyfitter_cfg.c **** 		/* Zero out critical memory blocks before beginning configuration */
 260:C:\Program Files (x86)\Cypress\PSoC Creator\4.4\PSoC Creator\1\LWO3.cydsn\Generated_Source\PSoC4\cyfitter_cfg.c **** 		for (i = 0u; i < (sizeof(cfg_memset_list)/sizeof(cfg_memset_list[0])); i++)
 144              		.loc 1 260 0
 145 0060 0024     		movs	r4, #0
 146 0062 0FE0     		b	.L6
 147              	.LVL7:
 148              	.L7:
 149              	.LBB3:
 261:C:\Program Files (x86)\Cypress\PSoC Creator\4.4\PSoC Creator\1\LWO3.cydsn\Generated_Source\PSoC4\cyfitter_cfg.c **** 		{
 262:C:\Program Files (x86)\Cypress\PSoC Creator\4.4\PSoC Creator\1\LWO3.cydsn\Generated_Source\PSoC4\cyfitter_cfg.c **** 			const cfg_memset_t CYCODE * CYDATA ms = &cfg_memset_list[i];
 263:C:\Program Files (x86)\Cypress\PSoC Creator\4.4\PSoC Creator\1\LWO3.cydsn\Generated_Source\PSoC4\cyfitter_cfg.c **** 			CYMEMZERO(ms->address, (size_t)(uint32)(ms->size));
 150              		.loc 1 263 0 discriminator 3
 151 0064 1F48     		ldr	r0, .L8
 152 0066 6200     		lsls	r2, r4, #1
 153 0068 1319     		adds	r3, r2, r4
 154 006a 5900     		lsls	r1, r3, #1
 155 006c 0B00     		movs	r3, r1
 156 006e 4118     		adds	r1, r0, r1
 157 0070 8988     		ldrh	r1, [r1, #4]
 158 0072 1A5A     		ldrh	r2, [r3, r0]
 159 0074 C318     		adds	r3, r0, r3
 160 0076 5888     		ldrh	r0, [r3, #2]
 161 0078 0004     		lsls	r0, r0, #16
 162 007a 1043     		orrs	r0, r2
 163 007c FFF7FEFF 		bl	CYMEMZERO
 164              	.LVL8:
 165              	.LBE3:
 260:C:\Program Files (x86)\Cypress\PSoC Creator\4.4\PSoC Creator\1\LWO3.cydsn\Generated_Source\PSoC4\cyfitter_cfg.c **** 		{
 166              		.loc 1 260 0 discriminator 3
 167 0080 0134     		adds	r4, r4, #1
 168              	.LVL9:
 169 0082 E4B2     		uxtb	r4, r4
 170              	.LVL10:
 171              	.L6:
 260:C:\Program Files (x86)\Cypress\PSoC Creator\4.4\PSoC Creator\1\LWO3.cydsn\Generated_Source\PSoC4\cyfitter_cfg.c **** 		{
 172              		.loc 1 260 0 is_stmt 0 discriminator 1
 173 0084 012C     		cmp	r4, #1
 174 0086 EDD9     		bls	.L7
 264:C:\Program Files (x86)\Cypress\PSoC Creator\4.4\PSoC Creator\1\LWO3.cydsn\Generated_Source\PSoC4\cyfitter_cfg.c **** 		}
 265:C:\Program Files (x86)\Cypress\PSoC Creator\4.4\PSoC Creator\1\LWO3.cydsn\Generated_Source\PSoC4\cyfitter_cfg.c **** 
 266:C:\Program Files (x86)\Cypress\PSoC Creator\4.4\PSoC Creator\1\LWO3.cydsn\Generated_Source\PSoC4\cyfitter_cfg.c **** 		/* HSIOM Starting address: CYDEV_HSIOM_BASE */
 267:C:\Program Files (x86)\Cypress\PSoC Creator\4.4\PSoC Creator\1\LWO3.cydsn\Generated_Source\PSoC4\cyfitter_cfg.c **** 		CY_SET_REG32((void *)(CYREG_HSIOM_PORT_SEL3), 0x0000EE00u);
 175              		.loc 1 267 0 is_stmt 1
 176 0088 EE22     		movs	r2, #238
 177 008a 1202     		lsls	r2, r2, #8
 178 008c 164B     		ldr	r3, .L8+4
 179 008e 1A60     		str	r2, [r3]
 268:C:\Program Files (x86)\Cypress\PSoC Creator\4.4\PSoC Creator\1\LWO3.cydsn\Generated_Source\PSoC4\cyfitter_cfg.c **** 
 269:C:\Program Files (x86)\Cypress\PSoC Creator\4.4\PSoC Creator\1\LWO3.cydsn\Generated_Source\PSoC4\cyfitter_cfg.c **** 		/* UDB_PA_0 Starting address: CYDEV_UDB_PA0_BASE */
 270:C:\Program Files (x86)\Cypress\PSoC Creator\4.4\PSoC Creator\1\LWO3.cydsn\Generated_Source\PSoC4\cyfitter_cfg.c **** 		CY_SET_REG32((void *)(CYDEV_UDB_PA0_BASE), 0x00990000u);
 180              		.loc 1 270 0
 181 0090 9923     		movs	r3, #153
 182 0092 1B04     		lsls	r3, r3, #16
 183 0094 154A     		ldr	r2, .L8+8
 184 0096 1360     		str	r3, [r2]
ARM GAS  C:\Users\taips\AppData\Local\Temp\cc8ZJtBM.s 			page 9


 271:C:\Program Files (x86)\Cypress\PSoC Creator\4.4\PSoC Creator\1\LWO3.cydsn\Generated_Source\PSoC4\cyfitter_cfg.c **** 
 272:C:\Program Files (x86)\Cypress\PSoC Creator\4.4\PSoC Creator\1\LWO3.cydsn\Generated_Source\PSoC4\cyfitter_cfg.c **** 		/* UDB_PA_1 Starting address: CYDEV_UDB_PA1_BASE */
 273:C:\Program Files (x86)\Cypress\PSoC Creator\4.4\PSoC Creator\1\LWO3.cydsn\Generated_Source\PSoC4\cyfitter_cfg.c **** 		CY_SET_REG32((void *)(CYDEV_UDB_PA1_BASE), 0x00990000u);
 185              		.loc 1 273 0
 186 0098 154A     		ldr	r2, .L8+12
 187 009a 1360     		str	r3, [r2]
 274:C:\Program Files (x86)\Cypress\PSoC Creator\4.4\PSoC Creator\1\LWO3.cydsn\Generated_Source\PSoC4\cyfitter_cfg.c **** 
 275:C:\Program Files (x86)\Cypress\PSoC Creator\4.4\PSoC Creator\1\LWO3.cydsn\Generated_Source\PSoC4\cyfitter_cfg.c **** 		/* UDB_PA_2 Starting address: CYDEV_UDB_PA2_BASE */
 276:C:\Program Files (x86)\Cypress\PSoC Creator\4.4\PSoC Creator\1\LWO3.cydsn\Generated_Source\PSoC4\cyfitter_cfg.c **** 		CY_SET_REG32((void *)(CYDEV_UDB_PA2_BASE), 0x00990000u);
 188              		.loc 1 276 0
 189 009c 154A     		ldr	r2, .L8+16
 190 009e 1360     		str	r3, [r2]
 277:C:\Program Files (x86)\Cypress\PSoC Creator\4.4\PSoC Creator\1\LWO3.cydsn\Generated_Source\PSoC4\cyfitter_cfg.c **** 
 278:C:\Program Files (x86)\Cypress\PSoC Creator\4.4\PSoC Creator\1\LWO3.cydsn\Generated_Source\PSoC4\cyfitter_cfg.c **** 		/* UDB_PA_3 Starting address: CYDEV_UDB_PA3_BASE */
 279:C:\Program Files (x86)\Cypress\PSoC Creator\4.4\PSoC Creator\1\LWO3.cydsn\Generated_Source\PSoC4\cyfitter_cfg.c **** 		CY_SET_REG32((void *)(CYDEV_UDB_PA3_BASE), 0x00990000u);
 191              		.loc 1 279 0
 192 00a0 154A     		ldr	r2, .L8+20
 193 00a2 1360     		str	r3, [r2]
 280:C:\Program Files (x86)\Cypress\PSoC Creator\4.4\PSoC Creator\1\LWO3.cydsn\Generated_Source\PSoC4\cyfitter_cfg.c **** 
 281:C:\Program Files (x86)\Cypress\PSoC Creator\4.4\PSoC Creator\1\LWO3.cydsn\Generated_Source\PSoC4\cyfitter_cfg.c **** 		/* Enable digital routing */
 282:C:\Program Files (x86)\Cypress\PSoC Creator\4.4\PSoC Creator\1\LWO3.cydsn\Generated_Source\PSoC4\cyfitter_cfg.c **** 		CY_SET_XTND_REG8((void *)CYREG_UDB_UDBIF_BANK_CTL, (uint8)(CY_GET_XTND_REG8((void *)CYREG_UDB_UDB
 194              		.loc 1 282 0
 195 00a4 154A     		ldr	r2, .L8+24
 196 00a6 1178     		ldrb	r1, [r2]
 197 00a8 0623     		movs	r3, #6
 198 00aa 0B43     		orrs	r3, r1
 199 00ac DBB2     		uxtb	r3, r3
 200 00ae 1370     		strb	r3, [r2]
 201              	.LBE2:
 283:C:\Program Files (x86)\Cypress\PSoC Creator\4.4\PSoC Creator\1\LWO3.cydsn\Generated_Source\PSoC4\cyfitter_cfg.c **** 	}
 284:C:\Program Files (x86)\Cypress\PSoC Creator\4.4\PSoC Creator\1\LWO3.cydsn\Generated_Source\PSoC4\cyfitter_cfg.c **** 
 285:C:\Program Files (x86)\Cypress\PSoC Creator\4.4\PSoC Creator\1\LWO3.cydsn\Generated_Source\PSoC4\cyfitter_cfg.c **** 	/* Perform second pass device configuration. These items must be configured in specific order afte
 286:C:\Program Files (x86)\Cypress\PSoC Creator\4.4\PSoC Creator\1\LWO3.cydsn\Generated_Source\PSoC4\cyfitter_cfg.c **** 	/* IOPINS0_0 Starting address: CYDEV_PRT0_BASE */
 287:C:\Program Files (x86)\Cypress\PSoC Creator\4.4\PSoC Creator\1\LWO3.cydsn\Generated_Source\PSoC4\cyfitter_cfg.c **** 	CY_SET_REG32((void *)(CYDEV_PRT0_BASE), 0x00000083u);
 202              		.loc 1 287 0
 203 00b0 8322     		movs	r2, #131
 204 00b2 134B     		ldr	r3, .L8+28
 205 00b4 1A60     		str	r2, [r3]
 288:C:\Program Files (x86)\Cypress\PSoC Creator\4.4\PSoC Creator\1\LWO3.cydsn\Generated_Source\PSoC4\cyfitter_cfg.c **** 	CY_SET_REG32((void *)(CYREG_PRT0_PC), 0x00400DA4u);
 206              		.loc 1 288 0
 207 00b6 134A     		ldr	r2, .L8+32
 208 00b8 134B     		ldr	r3, .L8+36
 209 00ba 1A60     		str	r2, [r3]
 289:C:\Program Files (x86)\Cypress\PSoC Creator\4.4\PSoC Creator\1\LWO3.cydsn\Generated_Source\PSoC4\cyfitter_cfg.c **** 
 290:C:\Program Files (x86)\Cypress\PSoC Creator\4.4\PSoC Creator\1\LWO3.cydsn\Generated_Source\PSoC4\cyfitter_cfg.c **** 	/* IOPINS0_1 Starting address: CYDEV_PRT1_BASE */
 291:C:\Program Files (x86)\Cypress\PSoC Creator\4.4\PSoC Creator\1\LWO3.cydsn\Generated_Source\PSoC4\cyfitter_cfg.c **** 	CY_SET_REG32((void *)(CYDEV_PRT1_BASE), 0x00000001u);
 210              		.loc 1 291 0
 211 00bc 0122     		movs	r2, #1
 212 00be 134B     		ldr	r3, .L8+40
 213 00c0 1A60     		str	r2, [r3]
 292:C:\Program Files (x86)\Cypress\PSoC Creator\4.4\PSoC Creator\1\LWO3.cydsn\Generated_Source\PSoC4\cyfitter_cfg.c **** 	CY_SET_REG32((void *)(CYREG_PRT1_PC), 0x0018124Cu);
 214              		.loc 1 292 0
 215 00c2 134A     		ldr	r2, .L8+44
 216 00c4 134B     		ldr	r3, .L8+48
 217 00c6 1A60     		str	r2, [r3]
 293:C:\Program Files (x86)\Cypress\PSoC Creator\4.4\PSoC Creator\1\LWO3.cydsn\Generated_Source\PSoC4\cyfitter_cfg.c **** 
 294:C:\Program Files (x86)\Cypress\PSoC Creator\4.4\PSoC Creator\1\LWO3.cydsn\Generated_Source\PSoC4\cyfitter_cfg.c **** 	/* IOPINS0_2 Starting address: CYDEV_PRT2_BASE */
ARM GAS  C:\Users\taips\AppData\Local\Temp\cc8ZJtBM.s 			page 10


 295:C:\Program Files (x86)\Cypress\PSoC Creator\4.4\PSoC Creator\1\LWO3.cydsn\Generated_Source\PSoC4\cyfitter_cfg.c **** 	CY_SET_REG32((void *)(CYDEV_PRT2_BASE), 0x00000080u);
 218              		.loc 1 295 0
 219 00c8 8022     		movs	r2, #128
 220 00ca 134B     		ldr	r3, .L8+52
 221 00cc 1A60     		str	r2, [r3]
 296:C:\Program Files (x86)\Cypress\PSoC Creator\4.4\PSoC Creator\1\LWO3.cydsn\Generated_Source\PSoC4\cyfitter_cfg.c **** 	CY_SET_REG32((void *)(CYREG_PRT2_PC), 0x00C00000u);
 222              		.loc 1 296 0
 223 00ce C022     		movs	r2, #192
 224 00d0 1204     		lsls	r2, r2, #16
 225 00d2 124B     		ldr	r3, .L8+56
 226 00d4 1A60     		str	r2, [r3]
 297:C:\Program Files (x86)\Cypress\PSoC Creator\4.4\PSoC Creator\1\LWO3.cydsn\Generated_Source\PSoC4\cyfitter_cfg.c **** 
 298:C:\Program Files (x86)\Cypress\PSoC Creator\4.4\PSoC Creator\1\LWO3.cydsn\Generated_Source\PSoC4\cyfitter_cfg.c **** 	/* IOPINS0_3 Starting address: CYDEV_PRT3_BASE */
 299:C:\Program Files (x86)\Cypress\PSoC Creator\4.4\PSoC Creator\1\LWO3.cydsn\Generated_Source\PSoC4\cyfitter_cfg.c **** 	CY_SET_REG32((void *)(CYREG_PRT3_PC), 0x00000D80u);
 227              		.loc 1 299 0
 228 00d6 D822     		movs	r2, #216
 229 00d8 1201     		lsls	r2, r2, #4
 230 00da 114B     		ldr	r3, .L8+60
 231 00dc 1A60     		str	r2, [r3]
 300:C:\Program Files (x86)\Cypress\PSoC Creator\4.4\PSoC Creator\1\LWO3.cydsn\Generated_Source\PSoC4\cyfitter_cfg.c **** 
 301:C:\Program Files (x86)\Cypress\PSoC Creator\4.4\PSoC Creator\1\LWO3.cydsn\Generated_Source\PSoC4\cyfitter_cfg.c **** 
 302:C:\Program Files (x86)\Cypress\PSoC Creator\4.4\PSoC Creator\1\LWO3.cydsn\Generated_Source\PSoC4\cyfitter_cfg.c **** 	/* Setup clocks based on selections from Clock DWR */
 303:C:\Program Files (x86)\Cypress\PSoC Creator\4.4\PSoC Creator\1\LWO3.cydsn\Generated_Source\PSoC4\cyfitter_cfg.c **** 	ClockSetup();
 232              		.loc 1 303 0
 233 00de FFF78FFF 		bl	ClockSetup
 234              	.LVL11:
 304:C:\Program Files (x86)\Cypress\PSoC Creator\4.4\PSoC Creator\1\LWO3.cydsn\Generated_Source\PSoC4\cyfitter_cfg.c **** 
 305:C:\Program Files (x86)\Cypress\PSoC Creator\4.4\PSoC Creator\1\LWO3.cydsn\Generated_Source\PSoC4\cyfitter_cfg.c **** 	/* Perform basic analog initialization to defaults */
 306:C:\Program Files (x86)\Cypress\PSoC Creator\4.4\PSoC Creator\1\LWO3.cydsn\Generated_Source\PSoC4\cyfitter_cfg.c **** 	AnalogSetDefault();
 307:C:\Program Files (x86)\Cypress\PSoC Creator\4.4\PSoC Creator\1\LWO3.cydsn\Generated_Source\PSoC4\cyfitter_cfg.c **** 
 308:C:\Program Files (x86)\Cypress\PSoC Creator\4.4\PSoC Creator\1\LWO3.cydsn\Generated_Source\PSoC4\cyfitter_cfg.c **** }
 235              		.loc 1 308 0
 236              		@ sp needed
 237              	.LVL12:
 238 00e2 10BD     		pop	{r4, pc}
 239              	.L9:
 240              		.align	2
 241              	.L8:
 242 00e4 00000000 		.word	.LANCHOR0
 243 00e8 0C000140 		.word	1073807372
 244 00ec 00500F40 		.word	1074745344
 245 00f0 10500F40 		.word	1074745360
 246 00f4 20500F40 		.word	1074745376
 247 00f8 30500F40 		.word	1074745392
 248 00fc 00700F40 		.word	1074753536
 249 0100 00000440 		.word	1074003968
 250 0104 A40D4000 		.word	4197796
 251 0108 08000440 		.word	1074003976
 252 010c 00010440 		.word	1074004224
 253 0110 4C121800 		.word	1577548
 254 0114 08010440 		.word	1074004232
 255 0118 00020440 		.word	1074004480
 256 011c 08020440 		.word	1074004488
 257 0120 08030440 		.word	1074004744
 258              		.cfi_endproc
 259              	.LFE5:
 260              		.size	cyfitter_cfg, .-cyfitter_cfg
ARM GAS  C:\Users\taips\AppData\Local\Temp\cc8ZJtBM.s 			page 11


 261              		.section	.rodata
 262              		.align	2
 263              		.set	.LANCHOR0,. + 0
 264              		.type	cfg_memset_list.4847, %object
 265              		.size	cfg_memset_list.4847, 12
 266              	cfg_memset_list.4847:
 267 0000 00300F40 		.word	1074737152
 268 0004 0004     		.short	1024
 269 0006 00400F40 		.4byte	1074741248
 270 000a 0004     		.short	1024
 271              		.text
 272              	.Letext0:
 273              		.file 2 "c:\\program files (x86)\\cypress\\psoc creator\\4.4\\psoc creator\\import\\gnu\\arm\\5.4.
 274              		.file 3 "C:\\Program Files (x86)\\Cypress\\PSoC Creator\\4.4\\PSoC Creator\\1\\LWO3.cydsn\\Generat
 275              		.file 4 "C:\\Program Files (x86)\\Cypress\\PSoC Creator\\4.4\\PSoC Creator\\1\\LWO3.cydsn\\Generat
 276              		.section	.debug_info,"",%progbits
 277              	.Ldebug_info0:
 278 0000 70020000 		.4byte	0x270
 279 0004 0400     		.2byte	0x4
 280 0006 00000000 		.4byte	.Ldebug_abbrev0
 281 000a 04       		.byte	0x4
 282 000b 01       		.uleb128 0x1
 283 000c 5B010000 		.4byte	.LASF29
 284 0010 0C       		.byte	0xc
 285 0011 A4000000 		.4byte	.LASF30
 286 0015 00000000 		.4byte	.Ldebug_ranges0+0
 287 0019 00000000 		.4byte	0
 288 001d 00000000 		.4byte	.Ldebug_line0
 289 0021 02       		.uleb128 0x2
 290 0022 04       		.byte	0x4
 291 0023 05       		.byte	0x5
 292 0024 696E7400 		.ascii	"int\000"
 293 0028 03       		.uleb128 0x3
 294 0029 06000000 		.4byte	.LASF12
 295 002d 02       		.byte	0x2
 296 002e D8       		.byte	0xd8
 297 002f 33000000 		.4byte	0x33
 298 0033 04       		.uleb128 0x4
 299 0034 04       		.byte	0x4
 300 0035 07       		.byte	0x7
 301 0036 22010000 		.4byte	.LASF0
 302 003a 04       		.uleb128 0x4
 303 003b 08       		.byte	0x8
 304 003c 05       		.byte	0x5
 305 003d FF010000 		.4byte	.LASF1
 306 0041 04       		.uleb128 0x4
 307 0042 08       		.byte	0x8
 308 0043 04       		.byte	0x4
 309 0044 3A020000 		.4byte	.LASF2
 310 0048 04       		.uleb128 0x4
 311 0049 01       		.byte	0x1
 312 004a 06       		.byte	0x6
 313 004b 46020000 		.4byte	.LASF3
 314 004f 04       		.uleb128 0x4
 315 0050 01       		.byte	0x1
 316 0051 08       		.byte	0x8
 317 0052 7C000000 		.4byte	.LASF4
ARM GAS  C:\Users\taips\AppData\Local\Temp\cc8ZJtBM.s 			page 12


 318 0056 04       		.uleb128 0x4
 319 0057 02       		.byte	0x2
 320 0058 05       		.byte	0x5
 321 0059 12020000 		.4byte	.LASF5
 322 005d 04       		.uleb128 0x4
 323 005e 02       		.byte	0x2
 324 005f 07       		.byte	0x7
 325 0060 37000000 		.4byte	.LASF6
 326 0064 04       		.uleb128 0x4
 327 0065 04       		.byte	0x4
 328 0066 05       		.byte	0x5
 329 0067 31020000 		.4byte	.LASF7
 330 006b 04       		.uleb128 0x4
 331 006c 04       		.byte	0x4
 332 006d 07       		.byte	0x7
 333 006e 5A000000 		.4byte	.LASF8
 334 0072 04       		.uleb128 0x4
 335 0073 08       		.byte	0x8
 336 0074 07       		.byte	0x7
 337 0075 44010000 		.4byte	.LASF9
 338 0079 04       		.uleb128 0x4
 339 007a 04       		.byte	0x4
 340 007b 07       		.byte	0x7
 341 007c F6010000 		.4byte	.LASF10
 342 0080 05       		.uleb128 0x5
 343 0081 04       		.byte	0x4
 344 0082 04       		.uleb128 0x4
 345 0083 01       		.byte	0x1
 346 0084 08       		.byte	0x8
 347 0085 0D020000 		.4byte	.LASF11
 348 0089 06       		.uleb128 0x6
 349 008a 6C000000 		.4byte	.LASF13
 350 008e 03       		.byte	0x3
 351 008f FB01     		.2byte	0x1fb
 352 0091 4F000000 		.4byte	0x4f
 353 0095 06       		.uleb128 0x6
 354 0096 14010000 		.4byte	.LASF14
 355 009a 03       		.byte	0x3
 356 009b FC01     		.2byte	0x1fc
 357 009d 5D000000 		.4byte	0x5d
 358 00a1 06       		.uleb128 0x6
 359 00a2 1B010000 		.4byte	.LASF15
 360 00a6 03       		.byte	0x3
 361 00a7 FD01     		.2byte	0x1fd
 362 00a9 6B000000 		.4byte	0x6b
 363 00ad 04       		.uleb128 0x4
 364 00ae 04       		.byte	0x4
 365 00af 04       		.byte	0x4
 366 00b0 4A000000 		.4byte	.LASF16
 367 00b4 04       		.uleb128 0x4
 368 00b5 08       		.byte	0x8
 369 00b6 04       		.byte	0x4
 370 00b7 91000000 		.4byte	.LASF17
 371 00bb 06       		.uleb128 0x6
 372 00bc 55000000 		.4byte	.LASF18
 373 00c0 03       		.byte	0x3
 374 00c1 A502     		.2byte	0x2a5
ARM GAS  C:\Users\taips\AppData\Local\Temp\cc8ZJtBM.s 			page 13


 375 00c3 C7000000 		.4byte	0xc7
 376 00c7 07       		.uleb128 0x7
 377 00c8 89000000 		.4byte	0x89
 378 00cc 06       		.uleb128 0x6
 379 00cd 00000000 		.4byte	.LASF19
 380 00d1 03       		.byte	0x3
 381 00d2 A702     		.2byte	0x2a7
 382 00d4 D8000000 		.4byte	0xd8
 383 00d8 07       		.uleb128 0x7
 384 00d9 A1000000 		.4byte	0xa1
 385 00dd 08       		.uleb128 0x8
 386 00de 72000000 		.4byte	.LASF20
 387 00e2 01       		.byte	0x1
 388 00e3 4C       		.byte	0x4c
 389 00e4 00000000 		.4byte	.LFB0
 390 00e8 0C000000 		.4byte	.LFE0-.LFB0
 391 00ec 01       		.uleb128 0x1
 392 00ed 9C       		.byte	0x9c
 393 00ee 2A010000 		.4byte	0x12a
 394 00f2 09       		.uleb128 0x9
 395 00f3 7300     		.ascii	"s\000"
 396 00f5 01       		.byte	0x1
 397 00f6 4C       		.byte	0x4c
 398 00f7 80000000 		.4byte	0x80
 399 00fb 00000000 		.4byte	.LLST0
 400 00ff 09       		.uleb128 0x9
 401 0100 6E00     		.ascii	"n\000"
 402 0102 01       		.byte	0x1
 403 0103 4C       		.byte	0x4c
 404 0104 28000000 		.4byte	0x28
 405 0108 21000000 		.4byte	.LLST1
 406 010c 0A       		.uleb128 0xa
 407 010d 0A000000 		.4byte	.LVL2
 408 0111 49020000 		.4byte	0x249
 409 0115 0B       		.uleb128 0xb
 410 0116 01       		.uleb128 0x1
 411 0117 50       		.byte	0x50
 412 0118 03       		.uleb128 0x3
 413 0119 F3       		.byte	0xf3
 414 011a 01       		.uleb128 0x1
 415 011b 50       		.byte	0x50
 416 011c 0B       		.uleb128 0xb
 417 011d 01       		.uleb128 0x1
 418 011e 51       		.byte	0x51
 419 011f 01       		.uleb128 0x1
 420 0120 30       		.byte	0x30
 421 0121 0B       		.uleb128 0xb
 422 0122 01       		.uleb128 0x1
 423 0123 52       		.byte	0x52
 424 0124 03       		.uleb128 0x3
 425 0125 F3       		.byte	0xf3
 426 0126 01       		.uleb128 0x1
 427 0127 51       		.byte	0x51
 428 0128 00       		.byte	0
 429 0129 00       		.byte	0
 430 012a 08       		.uleb128 0x8
 431 012b 2C000000 		.4byte	.LASF21
ARM GAS  C:\Users\taips\AppData\Local\Temp\cc8ZJtBM.s 			page 14


 432 012f 01       		.byte	0x1
 433 0130 AA       		.byte	0xaa
 434 0131 00000000 		.4byte	.LFB3
 435 0135 5C000000 		.4byte	.LFE3-.LFB3
 436 0139 01       		.uleb128 0x1
 437 013a 9C       		.byte	0x9c
 438 013b 75010000 		.4byte	0x175
 439 013f 0C       		.uleb128 0xc
 440 0140 14000000 		.4byte	.LVL3
 441 0144 52020000 		.4byte	0x252
 442 0148 52010000 		.4byte	0x152
 443 014c 0B       		.uleb128 0xb
 444 014d 01       		.uleb128 0x1
 445 014e 50       		.byte	0x50
 446 014f 01       		.uleb128 0x1
 447 0150 48       		.byte	0x48
 448 0151 00       		.byte	0
 449 0152 0C       		.uleb128 0xc
 450 0153 34000000 		.4byte	.LVL4
 451 0157 5D020000 		.4byte	0x25d
 452 015b 65010000 		.4byte	0x165
 453 015f 0B       		.uleb128 0xb
 454 0160 01       		.uleb128 0x1
 455 0161 50       		.byte	0x50
 456 0162 01       		.uleb128 0x1
 457 0163 39       		.byte	0x39
 458 0164 00       		.byte	0
 459 0165 0A       		.uleb128 0xa
 460 0166 3A000000 		.4byte	.LVL5
 461 016a 68020000 		.4byte	0x268
 462 016e 0B       		.uleb128 0xb
 463 016f 01       		.uleb128 0x1
 464 0170 50       		.byte	0x50
 465 0171 01       		.uleb128 0x1
 466 0172 39       		.byte	0x39
 467 0173 00       		.byte	0
 468 0174 00       		.byte	0
 469 0175 0D       		.uleb128 0xd
 470 0176 2F010000 		.4byte	.LASF31
 471 017a 01       		.byte	0x1
 472 017b EF       		.byte	0xef
 473 017c 5C000000 		.4byte	.LFB5
 474 0180 C8000000 		.4byte	.LFE5-.LFB5
 475 0184 01       		.uleb128 0x1
 476 0185 9C       		.byte	0x9c
 477 0186 49020000 		.4byte	0x249
 478 018a 0E       		.uleb128 0xe
 479 018b 60000000 		.4byte	.LBB2
 480 018f 50000000 		.4byte	.LBE2-.LBB2
 481 0193 3F020000 		.4byte	0x23f
 482 0197 0F       		.uleb128 0xf
 483 0198 06       		.byte	0x6
 484 0199 01       		.byte	0x1
 485 019a F6       		.byte	0xf6
 486 019b B8010000 		.4byte	0x1b8
 487 019f 10       		.uleb128 0x10
 488 01a0 3C010000 		.4byte	.LASF22
ARM GAS  C:\Users\taips\AppData\Local\Temp\cc8ZJtBM.s 			page 15


 489 01a4 01       		.byte	0x1
 490 01a5 F7       		.byte	0xf7
 491 01a6 80000000 		.4byte	0x80
 492 01aa 00       		.byte	0
 493 01ab 10       		.uleb128 0x10
 494 01ac 50000000 		.4byte	.LASF23
 495 01b0 01       		.byte	0x1
 496 01b1 F8       		.byte	0xf8
 497 01b2 95000000 		.4byte	0x95
 498 01b6 04       		.byte	0x4
 499 01b7 00       		.byte	0
 500 01b8 03       		.uleb128 0x3
 501 01b9 E9010000 		.4byte	.LASF24
 502 01bd 01       		.byte	0x1
 503 01be F9       		.byte	0xf9
 504 01bf 97010000 		.4byte	0x197
 505 01c3 11       		.uleb128 0x11
 506 01c4 D3010000 		.4byte	0x1d3
 507 01c8 D3010000 		.4byte	0x1d3
 508 01cc 12       		.uleb128 0x12
 509 01cd 79000000 		.4byte	0x79
 510 01d1 01       		.byte	0x1
 511 01d2 00       		.byte	0
 512 01d3 13       		.uleb128 0x13
 513 01d4 B8010000 		.4byte	0x1b8
 514 01d8 14       		.uleb128 0x14
 515 01d9 1C000000 		.4byte	.LASF25
 516 01dd 01       		.byte	0x1
 517 01de FB       		.byte	0xfb
 518 01df E9010000 		.4byte	0x1e9
 519 01e3 05       		.uleb128 0x5
 520 01e4 03       		.byte	0x3
 521 01e5 00000000 		.4byte	cfg_memset_list.4847
 522 01e9 13       		.uleb128 0x13
 523 01ea C3010000 		.4byte	0x1c3
 524 01ee 15       		.uleb128 0x15
 525 01ef 6900     		.ascii	"i\000"
 526 01f1 01       		.byte	0x1
 527 01f2 0101     		.2byte	0x101
 528 01f4 89000000 		.4byte	0x89
 529 01f8 4D000000 		.4byte	.LLST2
 530 01fc 16       		.uleb128 0x16
 531 01fd 64000000 		.4byte	.LBB3
 532 0201 1C000000 		.4byte	.LBE3-.LBB3
 533 0205 15       		.uleb128 0x15
 534 0206 6D7300   		.ascii	"ms\000"
 535 0209 01       		.byte	0x1
 536 020a 0601     		.2byte	0x106
 537 020c 14020000 		.4byte	0x214
 538 0210 77000000 		.4byte	.LLST3
 539 0214 17       		.uleb128 0x17
 540 0215 04       		.byte	0x4
 541 0216 D3010000 		.4byte	0x1d3
 542 021a 0A       		.uleb128 0xa
 543 021b 80000000 		.4byte	.LVL8
 544 021f DD000000 		.4byte	0xdd
 545 0223 0B       		.uleb128 0xb
ARM GAS  C:\Users\taips\AppData\Local\Temp\cc8ZJtBM.s 			page 16


 546 0224 01       		.uleb128 0x1
 547 0225 51       		.byte	0x51
 548 0226 15       		.uleb128 0x15
 549 0227 74       		.byte	0x74
 550 0228 00       		.sleb128 0
 551 0229 31       		.byte	0x31
 552 022a 24       		.byte	0x24
 553 022b 74       		.byte	0x74
 554 022c 00       		.sleb128 0
 555 022d 22       		.byte	0x22
 556 022e 31       		.byte	0x31
 557 022f 24       		.byte	0x24
 558 0230 03       		.byte	0x3
 559 0231 04000000 		.4byte	.LANCHOR0+4
 560 0235 22       		.byte	0x22
 561 0236 94       		.byte	0x94
 562 0237 02       		.byte	0x2
 563 0238 0A       		.byte	0xa
 564 0239 FFFF     		.2byte	0xffff
 565 023b 1A       		.byte	0x1a
 566 023c 00       		.byte	0
 567 023d 00       		.byte	0
 568 023e 00       		.byte	0
 569 023f 18       		.uleb128 0x18
 570 0240 E2000000 		.4byte	.LVL11
 571 0244 2A010000 		.4byte	0x12a
 572 0248 00       		.byte	0
 573 0249 19       		.uleb128 0x19
 574 024a 8A000000 		.4byte	.LASF32
 575 024e 8A000000 		.4byte	.LASF32
 576 0252 1A       		.uleb128 0x1a
 577 0253 1C020000 		.4byte	.LASF26
 578 0257 1C020000 		.4byte	.LASF26
 579 025b 04       		.byte	0x4
 580 025c 6C       		.byte	0x6c
 581 025d 1A       		.uleb128 0x1a
 582 025e 0D000000 		.4byte	.LASF27
 583 0262 0D000000 		.4byte	.LASF27
 584 0266 04       		.byte	0x4
 585 0267 D0       		.byte	0xd0
 586 0268 1A       		.uleb128 0x1a
 587 0269 98000000 		.4byte	.LASF28
 588 026d 98000000 		.4byte	.LASF28
 589 0271 04       		.byte	0x4
 590 0272 D6       		.byte	0xd6
 591 0273 00       		.byte	0
 592              		.section	.debug_abbrev,"",%progbits
 593              	.Ldebug_abbrev0:
 594 0000 01       		.uleb128 0x1
 595 0001 11       		.uleb128 0x11
 596 0002 01       		.byte	0x1
 597 0003 25       		.uleb128 0x25
 598 0004 0E       		.uleb128 0xe
 599 0005 13       		.uleb128 0x13
 600 0006 0B       		.uleb128 0xb
 601 0007 03       		.uleb128 0x3
 602 0008 0E       		.uleb128 0xe
ARM GAS  C:\Users\taips\AppData\Local\Temp\cc8ZJtBM.s 			page 17


 603 0009 55       		.uleb128 0x55
 604 000a 17       		.uleb128 0x17
 605 000b 11       		.uleb128 0x11
 606 000c 01       		.uleb128 0x1
 607 000d 10       		.uleb128 0x10
 608 000e 17       		.uleb128 0x17
 609 000f 00       		.byte	0
 610 0010 00       		.byte	0
 611 0011 02       		.uleb128 0x2
 612 0012 24       		.uleb128 0x24
 613 0013 00       		.byte	0
 614 0014 0B       		.uleb128 0xb
 615 0015 0B       		.uleb128 0xb
 616 0016 3E       		.uleb128 0x3e
 617 0017 0B       		.uleb128 0xb
 618 0018 03       		.uleb128 0x3
 619 0019 08       		.uleb128 0x8
 620 001a 00       		.byte	0
 621 001b 00       		.byte	0
 622 001c 03       		.uleb128 0x3
 623 001d 16       		.uleb128 0x16
 624 001e 00       		.byte	0
 625 001f 03       		.uleb128 0x3
 626 0020 0E       		.uleb128 0xe
 627 0021 3A       		.uleb128 0x3a
 628 0022 0B       		.uleb128 0xb
 629 0023 3B       		.uleb128 0x3b
 630 0024 0B       		.uleb128 0xb
 631 0025 49       		.uleb128 0x49
 632 0026 13       		.uleb128 0x13
 633 0027 00       		.byte	0
 634 0028 00       		.byte	0
 635 0029 04       		.uleb128 0x4
 636 002a 24       		.uleb128 0x24
 637 002b 00       		.byte	0
 638 002c 0B       		.uleb128 0xb
 639 002d 0B       		.uleb128 0xb
 640 002e 3E       		.uleb128 0x3e
 641 002f 0B       		.uleb128 0xb
 642 0030 03       		.uleb128 0x3
 643 0031 0E       		.uleb128 0xe
 644 0032 00       		.byte	0
 645 0033 00       		.byte	0
 646 0034 05       		.uleb128 0x5
 647 0035 0F       		.uleb128 0xf
 648 0036 00       		.byte	0
 649 0037 0B       		.uleb128 0xb
 650 0038 0B       		.uleb128 0xb
 651 0039 00       		.byte	0
 652 003a 00       		.byte	0
 653 003b 06       		.uleb128 0x6
 654 003c 16       		.uleb128 0x16
 655 003d 00       		.byte	0
 656 003e 03       		.uleb128 0x3
 657 003f 0E       		.uleb128 0xe
 658 0040 3A       		.uleb128 0x3a
 659 0041 0B       		.uleb128 0xb
ARM GAS  C:\Users\taips\AppData\Local\Temp\cc8ZJtBM.s 			page 18


 660 0042 3B       		.uleb128 0x3b
 661 0043 05       		.uleb128 0x5
 662 0044 49       		.uleb128 0x49
 663 0045 13       		.uleb128 0x13
 664 0046 00       		.byte	0
 665 0047 00       		.byte	0
 666 0048 07       		.uleb128 0x7
 667 0049 35       		.uleb128 0x35
 668 004a 00       		.byte	0
 669 004b 49       		.uleb128 0x49
 670 004c 13       		.uleb128 0x13
 671 004d 00       		.byte	0
 672 004e 00       		.byte	0
 673 004f 08       		.uleb128 0x8
 674 0050 2E       		.uleb128 0x2e
 675 0051 01       		.byte	0x1
 676 0052 03       		.uleb128 0x3
 677 0053 0E       		.uleb128 0xe
 678 0054 3A       		.uleb128 0x3a
 679 0055 0B       		.uleb128 0xb
 680 0056 3B       		.uleb128 0x3b
 681 0057 0B       		.uleb128 0xb
 682 0058 27       		.uleb128 0x27
 683 0059 19       		.uleb128 0x19
 684 005a 11       		.uleb128 0x11
 685 005b 01       		.uleb128 0x1
 686 005c 12       		.uleb128 0x12
 687 005d 06       		.uleb128 0x6
 688 005e 40       		.uleb128 0x40
 689 005f 18       		.uleb128 0x18
 690 0060 9742     		.uleb128 0x2117
 691 0062 19       		.uleb128 0x19
 692 0063 01       		.uleb128 0x1
 693 0064 13       		.uleb128 0x13
 694 0065 00       		.byte	0
 695 0066 00       		.byte	0
 696 0067 09       		.uleb128 0x9
 697 0068 05       		.uleb128 0x5
 698 0069 00       		.byte	0
 699 006a 03       		.uleb128 0x3
 700 006b 08       		.uleb128 0x8
 701 006c 3A       		.uleb128 0x3a
 702 006d 0B       		.uleb128 0xb
 703 006e 3B       		.uleb128 0x3b
 704 006f 0B       		.uleb128 0xb
 705 0070 49       		.uleb128 0x49
 706 0071 13       		.uleb128 0x13
 707 0072 02       		.uleb128 0x2
 708 0073 17       		.uleb128 0x17
 709 0074 00       		.byte	0
 710 0075 00       		.byte	0
 711 0076 0A       		.uleb128 0xa
 712 0077 898201   		.uleb128 0x4109
 713 007a 01       		.byte	0x1
 714 007b 11       		.uleb128 0x11
 715 007c 01       		.uleb128 0x1
 716 007d 31       		.uleb128 0x31
ARM GAS  C:\Users\taips\AppData\Local\Temp\cc8ZJtBM.s 			page 19


 717 007e 13       		.uleb128 0x13
 718 007f 00       		.byte	0
 719 0080 00       		.byte	0
 720 0081 0B       		.uleb128 0xb
 721 0082 8A8201   		.uleb128 0x410a
 722 0085 00       		.byte	0
 723 0086 02       		.uleb128 0x2
 724 0087 18       		.uleb128 0x18
 725 0088 9142     		.uleb128 0x2111
 726 008a 18       		.uleb128 0x18
 727 008b 00       		.byte	0
 728 008c 00       		.byte	0
 729 008d 0C       		.uleb128 0xc
 730 008e 898201   		.uleb128 0x4109
 731 0091 01       		.byte	0x1
 732 0092 11       		.uleb128 0x11
 733 0093 01       		.uleb128 0x1
 734 0094 31       		.uleb128 0x31
 735 0095 13       		.uleb128 0x13
 736 0096 01       		.uleb128 0x1
 737 0097 13       		.uleb128 0x13
 738 0098 00       		.byte	0
 739 0099 00       		.byte	0
 740 009a 0D       		.uleb128 0xd
 741 009b 2E       		.uleb128 0x2e
 742 009c 01       		.byte	0x1
 743 009d 3F       		.uleb128 0x3f
 744 009e 19       		.uleb128 0x19
 745 009f 03       		.uleb128 0x3
 746 00a0 0E       		.uleb128 0xe
 747 00a1 3A       		.uleb128 0x3a
 748 00a2 0B       		.uleb128 0xb
 749 00a3 3B       		.uleb128 0x3b
 750 00a4 0B       		.uleb128 0xb
 751 00a5 27       		.uleb128 0x27
 752 00a6 19       		.uleb128 0x19
 753 00a7 11       		.uleb128 0x11
 754 00a8 01       		.uleb128 0x1
 755 00a9 12       		.uleb128 0x12
 756 00aa 06       		.uleb128 0x6
 757 00ab 40       		.uleb128 0x40
 758 00ac 18       		.uleb128 0x18
 759 00ad 9742     		.uleb128 0x2117
 760 00af 19       		.uleb128 0x19
 761 00b0 01       		.uleb128 0x1
 762 00b1 13       		.uleb128 0x13
 763 00b2 00       		.byte	0
 764 00b3 00       		.byte	0
 765 00b4 0E       		.uleb128 0xe
 766 00b5 0B       		.uleb128 0xb
 767 00b6 01       		.byte	0x1
 768 00b7 11       		.uleb128 0x11
 769 00b8 01       		.uleb128 0x1
 770 00b9 12       		.uleb128 0x12
 771 00ba 06       		.uleb128 0x6
 772 00bb 01       		.uleb128 0x1
 773 00bc 13       		.uleb128 0x13
ARM GAS  C:\Users\taips\AppData\Local\Temp\cc8ZJtBM.s 			page 20


 774 00bd 00       		.byte	0
 775 00be 00       		.byte	0
 776 00bf 0F       		.uleb128 0xf
 777 00c0 13       		.uleb128 0x13
 778 00c1 01       		.byte	0x1
 779 00c2 0B       		.uleb128 0xb
 780 00c3 0B       		.uleb128 0xb
 781 00c4 3A       		.uleb128 0x3a
 782 00c5 0B       		.uleb128 0xb
 783 00c6 3B       		.uleb128 0x3b
 784 00c7 0B       		.uleb128 0xb
 785 00c8 01       		.uleb128 0x1
 786 00c9 13       		.uleb128 0x13
 787 00ca 00       		.byte	0
 788 00cb 00       		.byte	0
 789 00cc 10       		.uleb128 0x10
 790 00cd 0D       		.uleb128 0xd
 791 00ce 00       		.byte	0
 792 00cf 03       		.uleb128 0x3
 793 00d0 0E       		.uleb128 0xe
 794 00d1 3A       		.uleb128 0x3a
 795 00d2 0B       		.uleb128 0xb
 796 00d3 3B       		.uleb128 0x3b
 797 00d4 0B       		.uleb128 0xb
 798 00d5 49       		.uleb128 0x49
 799 00d6 13       		.uleb128 0x13
 800 00d7 38       		.uleb128 0x38
 801 00d8 0B       		.uleb128 0xb
 802 00d9 00       		.byte	0
 803 00da 00       		.byte	0
 804 00db 11       		.uleb128 0x11
 805 00dc 01       		.uleb128 0x1
 806 00dd 01       		.byte	0x1
 807 00de 49       		.uleb128 0x49
 808 00df 13       		.uleb128 0x13
 809 00e0 01       		.uleb128 0x1
 810 00e1 13       		.uleb128 0x13
 811 00e2 00       		.byte	0
 812 00e3 00       		.byte	0
 813 00e4 12       		.uleb128 0x12
 814 00e5 21       		.uleb128 0x21
 815 00e6 00       		.byte	0
 816 00e7 49       		.uleb128 0x49
 817 00e8 13       		.uleb128 0x13
 818 00e9 2F       		.uleb128 0x2f
 819 00ea 0B       		.uleb128 0xb
 820 00eb 00       		.byte	0
 821 00ec 00       		.byte	0
 822 00ed 13       		.uleb128 0x13
 823 00ee 26       		.uleb128 0x26
 824 00ef 00       		.byte	0
 825 00f0 49       		.uleb128 0x49
 826 00f1 13       		.uleb128 0x13
 827 00f2 00       		.byte	0
 828 00f3 00       		.byte	0
 829 00f4 14       		.uleb128 0x14
 830 00f5 34       		.uleb128 0x34
ARM GAS  C:\Users\taips\AppData\Local\Temp\cc8ZJtBM.s 			page 21


 831 00f6 00       		.byte	0
 832 00f7 03       		.uleb128 0x3
 833 00f8 0E       		.uleb128 0xe
 834 00f9 3A       		.uleb128 0x3a
 835 00fa 0B       		.uleb128 0xb
 836 00fb 3B       		.uleb128 0x3b
 837 00fc 0B       		.uleb128 0xb
 838 00fd 49       		.uleb128 0x49
 839 00fe 13       		.uleb128 0x13
 840 00ff 02       		.uleb128 0x2
 841 0100 18       		.uleb128 0x18
 842 0101 00       		.byte	0
 843 0102 00       		.byte	0
 844 0103 15       		.uleb128 0x15
 845 0104 34       		.uleb128 0x34
 846 0105 00       		.byte	0
 847 0106 03       		.uleb128 0x3
 848 0107 08       		.uleb128 0x8
 849 0108 3A       		.uleb128 0x3a
 850 0109 0B       		.uleb128 0xb
 851 010a 3B       		.uleb128 0x3b
 852 010b 05       		.uleb128 0x5
 853 010c 49       		.uleb128 0x49
 854 010d 13       		.uleb128 0x13
 855 010e 02       		.uleb128 0x2
 856 010f 17       		.uleb128 0x17
 857 0110 00       		.byte	0
 858 0111 00       		.byte	0
 859 0112 16       		.uleb128 0x16
 860 0113 0B       		.uleb128 0xb
 861 0114 01       		.byte	0x1
 862 0115 11       		.uleb128 0x11
 863 0116 01       		.uleb128 0x1
 864 0117 12       		.uleb128 0x12
 865 0118 06       		.uleb128 0x6
 866 0119 00       		.byte	0
 867 011a 00       		.byte	0
 868 011b 17       		.uleb128 0x17
 869 011c 0F       		.uleb128 0xf
 870 011d 00       		.byte	0
 871 011e 0B       		.uleb128 0xb
 872 011f 0B       		.uleb128 0xb
 873 0120 49       		.uleb128 0x49
 874 0121 13       		.uleb128 0x13
 875 0122 00       		.byte	0
 876 0123 00       		.byte	0
 877 0124 18       		.uleb128 0x18
 878 0125 898201   		.uleb128 0x4109
 879 0128 00       		.byte	0
 880 0129 11       		.uleb128 0x11
 881 012a 01       		.uleb128 0x1
 882 012b 31       		.uleb128 0x31
 883 012c 13       		.uleb128 0x13
 884 012d 00       		.byte	0
 885 012e 00       		.byte	0
 886 012f 19       		.uleb128 0x19
 887 0130 2E       		.uleb128 0x2e
ARM GAS  C:\Users\taips\AppData\Local\Temp\cc8ZJtBM.s 			page 22


 888 0131 00       		.byte	0
 889 0132 3F       		.uleb128 0x3f
 890 0133 19       		.uleb128 0x19
 891 0134 3C       		.uleb128 0x3c
 892 0135 19       		.uleb128 0x19
 893 0136 6E       		.uleb128 0x6e
 894 0137 0E       		.uleb128 0xe
 895 0138 03       		.uleb128 0x3
 896 0139 0E       		.uleb128 0xe
 897 013a 00       		.byte	0
 898 013b 00       		.byte	0
 899 013c 1A       		.uleb128 0x1a
 900 013d 2E       		.uleb128 0x2e
 901 013e 00       		.byte	0
 902 013f 3F       		.uleb128 0x3f
 903 0140 19       		.uleb128 0x19
 904 0141 3C       		.uleb128 0x3c
 905 0142 19       		.uleb128 0x19
 906 0143 6E       		.uleb128 0x6e
 907 0144 0E       		.uleb128 0xe
 908 0145 03       		.uleb128 0x3
 909 0146 0E       		.uleb128 0xe
 910 0147 3A       		.uleb128 0x3a
 911 0148 0B       		.uleb128 0xb
 912 0149 3B       		.uleb128 0x3b
 913 014a 0B       		.uleb128 0xb
 914 014b 00       		.byte	0
 915 014c 00       		.byte	0
 916 014d 00       		.byte	0
 917              		.section	.debug_loc,"",%progbits
 918              	.Ldebug_loc0:
 919              	.LLST0:
 920 0000 00000000 		.4byte	.LVL0
 921 0004 09000000 		.4byte	.LVL2-1
 922 0008 0100     		.2byte	0x1
 923 000a 50       		.byte	0x50
 924 000b 09000000 		.4byte	.LVL2-1
 925 000f 0C000000 		.4byte	.LFE0
 926 0013 0400     		.2byte	0x4
 927 0015 F3       		.byte	0xf3
 928 0016 01       		.uleb128 0x1
 929 0017 50       		.byte	0x50
 930 0018 9F       		.byte	0x9f
 931 0019 00000000 		.4byte	0
 932 001d 00000000 		.4byte	0
 933              	.LLST1:
 934 0021 00000000 		.4byte	.LVL0
 935 0025 06000000 		.4byte	.LVL1
 936 0029 0100     		.2byte	0x1
 937 002b 51       		.byte	0x51
 938 002c 06000000 		.4byte	.LVL1
 939 0030 09000000 		.4byte	.LVL2-1
 940 0034 0100     		.2byte	0x1
 941 0036 52       		.byte	0x52
 942 0037 09000000 		.4byte	.LVL2-1
 943 003b 0C000000 		.4byte	.LFE0
 944 003f 0400     		.2byte	0x4
ARM GAS  C:\Users\taips\AppData\Local\Temp\cc8ZJtBM.s 			page 23


 945 0041 F3       		.byte	0xf3
 946 0042 01       		.uleb128 0x1
 947 0043 51       		.byte	0x51
 948 0044 9F       		.byte	0x9f
 949 0045 00000000 		.4byte	0
 950 0049 00000000 		.4byte	0
 951              	.LLST2:
 952 004d 60000000 		.4byte	.LVL6
 953 0051 64000000 		.4byte	.LVL7
 954 0055 0200     		.2byte	0x2
 955 0057 30       		.byte	0x30
 956 0058 9F       		.byte	0x9f
 957 0059 64000000 		.4byte	.LVL7
 958 005d 82000000 		.4byte	.LVL9
 959 0061 0100     		.2byte	0x1
 960 0063 54       		.byte	0x54
 961 0064 84000000 		.4byte	.LVL10
 962 0068 E2000000 		.4byte	.LVL12
 963 006c 0100     		.2byte	0x1
 964 006e 54       		.byte	0x54
 965 006f 00000000 		.4byte	0
 966 0073 00000000 		.4byte	0
 967              	.LLST3:
 968 0077 64000000 		.4byte	.LVL7
 969 007b 82000000 		.4byte	.LVL9
 970 007f 0B00     		.2byte	0xb
 971 0081 74       		.byte	0x74
 972 0082 00       		.sleb128 0
 973 0083 36       		.byte	0x36
 974 0084 1E       		.byte	0x1e
 975 0085 03       		.byte	0x3
 976 0086 00000000 		.4byte	cfg_memset_list.4847
 977 008a 22       		.byte	0x22
 978 008b 9F       		.byte	0x9f
 979 008c 82000000 		.4byte	.LVL9
 980 0090 84000000 		.4byte	.LVL10
 981 0094 0B00     		.2byte	0xb
 982 0096 74       		.byte	0x74
 983 0097 7F       		.sleb128 -1
 984 0098 36       		.byte	0x36
 985 0099 1E       		.byte	0x1e
 986 009a 03       		.byte	0x3
 987 009b 00000000 		.4byte	cfg_memset_list.4847
 988 009f 22       		.byte	0x22
 989 00a0 9F       		.byte	0x9f
 990 00a1 00000000 		.4byte	0
 991 00a5 00000000 		.4byte	0
 992              		.section	.debug_aranges,"",%progbits
 993 0000 2C000000 		.4byte	0x2c
 994 0004 0200     		.2byte	0x2
 995 0006 00000000 		.4byte	.Ldebug_info0
 996 000a 04       		.byte	0x4
 997 000b 00       		.byte	0
 998 000c 0000     		.2byte	0
 999 000e 0000     		.2byte	0
 1000 0010 00000000 		.4byte	.LFB0
 1001 0014 0C000000 		.4byte	.LFE0-.LFB0
ARM GAS  C:\Users\taips\AppData\Local\Temp\cc8ZJtBM.s 			page 24


 1002 0018 00000000 		.4byte	.LFB3
 1003 001c 5C000000 		.4byte	.LFE3-.LFB3
 1004 0020 5C000000 		.4byte	.LFB5
 1005 0024 C8000000 		.4byte	.LFE5-.LFB5
 1006 0028 00000000 		.4byte	0
 1007 002c 00000000 		.4byte	0
 1008              		.section	.debug_ranges,"",%progbits
 1009              	.Ldebug_ranges0:
 1010 0000 00000000 		.4byte	.LFB0
 1011 0004 0C000000 		.4byte	.LFE0
 1012 0008 00000000 		.4byte	.LFB3
 1013 000c 5C000000 		.4byte	.LFE3
 1014 0010 5C000000 		.4byte	.LFB5
 1015 0014 24010000 		.4byte	.LFE5
 1016 0018 00000000 		.4byte	0
 1017 001c 00000000 		.4byte	0
 1018              		.section	.debug_line,"",%progbits
 1019              	.Ldebug_line0:
 1020 0000 79010000 		.section	.debug_str,"MS",%progbits,1
 1020      02002001 
 1020      00000201 
 1020      FB0E0D00 
 1020      01010101 
 1021              	.LASF19:
 1022 0000 72656733 		.ascii	"reg32\000"
 1022      3200
 1023              	.LASF12:
 1024 0006 73697A65 		.ascii	"size_t\000"
 1024      5F7400
 1025              	.LASF27:
 1026 000d 4379496E 		.ascii	"CyIntSetVector\000"
 1026      74536574 
 1026      56656374 
 1026      6F7200
 1027              	.LASF25:
 1028 001c 6366675F 		.ascii	"cfg_memset_list\000"
 1028      6D656D73 
 1028      65745F6C 
 1028      69737400 
 1029              	.LASF21:
 1030 002c 436C6F63 		.ascii	"ClockSetup\000"
 1030      6B536574 
 1030      757000
 1031              	.LASF6:
 1032 0037 73686F72 		.ascii	"short unsigned int\000"
 1032      7420756E 
 1032      7369676E 
 1032      65642069 
 1032      6E7400
 1033              	.LASF16:
 1034 004a 666C6F61 		.ascii	"float\000"
 1034      7400
 1035              	.LASF23:
 1036 0050 73697A65 		.ascii	"size\000"
 1036      00
 1037              	.LASF18:
 1038 0055 72656738 		.ascii	"reg8\000"
ARM GAS  C:\Users\taips\AppData\Local\Temp\cc8ZJtBM.s 			page 25


 1038      00
 1039              	.LASF8:
 1040 005a 6C6F6E67 		.ascii	"long unsigned int\000"
 1040      20756E73 
 1040      69676E65 
 1040      6420696E 
 1040      7400
 1041              	.LASF13:
 1042 006c 75696E74 		.ascii	"uint8\000"
 1042      3800
 1043              	.LASF20:
 1044 0072 43594D45 		.ascii	"CYMEMZERO\000"
 1044      4D5A4552 
 1044      4F00
 1045              	.LASF4:
 1046 007c 756E7369 		.ascii	"unsigned char\000"
 1046      676E6564 
 1046      20636861 
 1046      7200
 1047              	.LASF32:
 1048 008a 6D656D73 		.ascii	"memset\000"
 1048      657400
 1049              	.LASF17:
 1050 0091 646F7562 		.ascii	"double\000"
 1050      6C6500
 1051              	.LASF28:
 1052 0098 4379496E 		.ascii	"CyIntEnable\000"
 1052      74456E61 
 1052      626C6500 
 1053              	.LASF30:
 1054 00a4 433A5C50 		.ascii	"C:\\Program Files (x86)\\Cypress\\PSoC Creator\\4.4"
 1054      726F6772 
 1054      616D2046 
 1054      696C6573 
 1054      20287838 
 1055 00d3 5C50536F 		.ascii	"\\PSoC Creator\\1\\LWO3.cydsn\\Generated_Source\\PS"
 1055      43204372 
 1055      6561746F 
 1055      725C315C 
 1055      4C574F33 
 1056 0101 6F43345C 		.ascii	"oC4\\cyfitter_cfg.c\000"
 1056      63796669 
 1056      74746572 
 1056      5F636667 
 1056      2E6300
 1057              	.LASF14:
 1058 0114 75696E74 		.ascii	"uint16\000"
 1058      313600
 1059              	.LASF15:
 1060 011b 75696E74 		.ascii	"uint32\000"
 1060      333200
 1061              	.LASF0:
 1062 0122 756E7369 		.ascii	"unsigned int\000"
 1062      676E6564 
 1062      20696E74 
 1062      00
 1063              	.LASF31:
ARM GAS  C:\Users\taips\AppData\Local\Temp\cc8ZJtBM.s 			page 26


 1064 012f 63796669 		.ascii	"cyfitter_cfg\000"
 1064      74746572 
 1064      5F636667 
 1064      00
 1065              	.LASF22:
 1066 013c 61646472 		.ascii	"address\000"
 1066      65737300 
 1067              	.LASF9:
 1068 0144 6C6F6E67 		.ascii	"long long unsigned int\000"
 1068      206C6F6E 
 1068      6720756E 
 1068      7369676E 
 1068      65642069 
 1069              	.LASF29:
 1070 015b 474E5520 		.ascii	"GNU C11 5.4.1 20160609 (release) [ARM/embedded-5-br"
 1070      43313120 
 1070      352E342E 
 1070      31203230 
 1070      31363036 
 1071 018e 616E6368 		.ascii	"anch revision 237715] -mcpu=cortex-m0 -mthumb -g -O"
 1071      20726576 
 1071      6973696F 
 1071      6E203233 
 1071      37373135 
 1072 01c1 67202D66 		.ascii	"g -ffunction-sections -ffat-lto-objects\000"
 1072      66756E63 
 1072      74696F6E 
 1072      2D736563 
 1072      74696F6E 
 1073              	.LASF24:
 1074 01e9 6366675F 		.ascii	"cfg_memset_t\000"
 1074      6D656D73 
 1074      65745F74 
 1074      00
 1075              	.LASF10:
 1076 01f6 73697A65 		.ascii	"sizetype\000"
 1076      74797065 
 1076      00
 1077              	.LASF1:
 1078 01ff 6C6F6E67 		.ascii	"long long int\000"
 1078      206C6F6E 
 1078      6720696E 
 1078      7400
 1079              	.LASF11:
 1080 020d 63686172 		.ascii	"char\000"
 1080      00
 1081              	.LASF5:
 1082 0212 73686F72 		.ascii	"short int\000"
 1082      7420696E 
 1082      7400
 1083              	.LASF26:
 1084 021c 43795379 		.ascii	"CySysClkWriteImoFreq\000"
 1084      73436C6B 
 1084      57726974 
 1084      65496D6F 
 1084      46726571 
 1085              	.LASF7:
ARM GAS  C:\Users\taips\AppData\Local\Temp\cc8ZJtBM.s 			page 27


 1086 0231 6C6F6E67 		.ascii	"long int\000"
 1086      20696E74 
 1086      00
 1087              	.LASF2:
 1088 023a 6C6F6E67 		.ascii	"long double\000"
 1088      20646F75 
 1088      626C6500 
 1089              	.LASF3:
 1090 0246 7369676E 		.ascii	"signed char\000"
 1090      65642063 
 1090      68617200 
 1091              		.ident	"GCC: (GNU Tools for ARM Embedded Processors) 5.4.1 20160609 (release) [ARM/embedded-5-bran
