ARM GAS  C:\Users\taips\AppData\Local\Temp\ccImGDIW.s 			page 1


   1              		.syntax unified
   2              		.cpu cortex-m0
   3              		.fpu softvfp
   4              		.eabi_attribute 20, 1
   5              		.eabi_attribute 21, 1
   6              		.eabi_attribute 23, 3
   7              		.eabi_attribute 24, 1
   8              		.eabi_attribute 25, 1
   9              		.eabi_attribute 26, 1
  10              		.eabi_attribute 30, 1
  11              		.eabi_attribute 34, 0
  12              		.eabi_attribute 18, 4
  13              		.thumb
  14              		.syntax unified
  15              		.file	"cymetadata.c"
  16              		.text
  17              	.Ltext0:
  18              		.cfi_sections	.debug_frame
  19              		.global	cy_meta_chipprotect
  20              		.global	cy_metadata
  21              		.global	cy_meta_flashprotect
  22              		.section	.cychipprotect,"a",%progbits
  23              		.align	2
  24              		.type	cy_meta_chipprotect, %object
  25              		.size	cy_meta_chipprotect, 1
  26              	cy_meta_chipprotect:
  27 0000 01       		.byte	1
  28              		.section	.cymeta,"a",%progbits
  29              		.align	2
  30              		.type	cy_metadata, %object
  31              		.size	cy_metadata, 12
  32              	cy_metadata:
  33 0000 00       		.byte	0
  34 0001 02       		.byte	2
  35 0002 04       		.byte	4
  36 0003 C8       		.byte	-56
  37 0004 11       		.byte	17
  38 0005 93       		.byte	-109
  39 0006 11       		.byte	17
  40 0007 01       		.byte	1
  41 0008 00       		.byte	0
  42 0009 00       		.byte	0
  43 000a 00       		.byte	0
  44 000b 00       		.byte	0
  45              		.section	.cyflashprotect,"a",%progbits
  46              		.align	2
  47              		.type	cy_meta_flashprotect, %object
  48              		.size	cy_meta_flashprotect, 32
  49              	cy_meta_flashprotect:
  50 0000 00000000 		.space	32
  50      00000000 
  50      00000000 
  50      00000000 
  50      00000000 
  51              		.text
  52              	.Letext0:
  53              		.file 1 "c:\\program files (x86)\\cypress\\psoc creator\\4.4\\psoc creator\\import\\gnu\\arm\\5.4.
ARM GAS  C:\Users\taips\AppData\Local\Temp\ccImGDIW.s 			page 2


  54              		.file 2 "c:\\program files (x86)\\cypress\\psoc creator\\4.4\\psoc creator\\import\\gnu\\arm\\5.4.
  55              		.file 3 "C:\\Program Files (x86)\\Cypress\\PSoC Creator\\4.4\\PSoC Creator\\1\\LWO3.cydsn\\Generat
  56              		.section	.debug_info,"",%progbits
  57              	.Ldebug_info0:
  58 0000 F0000000 		.4byte	0xf0
  59 0004 0400     		.2byte	0x4
  60 0006 00000000 		.4byte	.Ldebug_abbrev0
  61 000a 04       		.byte	0x4
  62 000b 01       		.uleb128 0x1
  63 000c 0C010000 		.4byte	.LASF15
  64 0010 0C       		.byte	0xc
  65 0011 5D000000 		.4byte	.LASF16
  66 0015 00000000 		.4byte	.Ldebug_line0
  67 0019 02       		.uleb128 0x2
  68 001a 01       		.byte	0x1
  69 001b 06       		.byte	0x6
  70 001c C4010000 		.4byte	.LASF0
  71 0020 03       		.uleb128 0x3
  72 0021 00000000 		.4byte	.LASF9
  73 0025 01       		.byte	0x1
  74 0026 1D       		.byte	0x1d
  75 0027 2B000000 		.4byte	0x2b
  76 002b 02       		.uleb128 0x2
  77 002c 01       		.byte	0x1
  78 002d 08       		.byte	0x8
  79 002e 2A000000 		.4byte	.LASF1
  80 0032 02       		.uleb128 0x2
  81 0033 02       		.byte	0x2
  82 0034 05       		.byte	0x5
  83 0035 B1010000 		.4byte	.LASF2
  84 0039 02       		.uleb128 0x2
  85 003a 02       		.byte	0x2
  86 003b 07       		.byte	0x7
  87 003c 4A000000 		.4byte	.LASF3
  88 0040 02       		.uleb128 0x2
  89 0041 04       		.byte	0x4
  90 0042 05       		.byte	0x5
  91 0043 BB010000 		.4byte	.LASF4
  92 0047 02       		.uleb128 0x2
  93 0048 04       		.byte	0x4
  94 0049 07       		.byte	0x7
  95 004a 38000000 		.4byte	.LASF5
  96 004e 02       		.uleb128 0x2
  97 004f 08       		.byte	0x8
  98 0050 05       		.byte	0x5
  99 0051 A3010000 		.4byte	.LASF6
 100 0055 02       		.uleb128 0x2
 101 0056 08       		.byte	0x8
 102 0057 07       		.byte	0x7
 103 0058 D8000000 		.4byte	.LASF7
 104 005c 04       		.uleb128 0x4
 105 005d 04       		.byte	0x4
 106 005e 05       		.byte	0x5
 107 005f 696E7400 		.ascii	"int\000"
 108 0063 02       		.uleb128 0x2
 109 0064 04       		.byte	0x4
 110 0065 07       		.byte	0x7
ARM GAS  C:\Users\taips\AppData\Local\Temp\ccImGDIW.s 			page 3


 111 0066 CB000000 		.4byte	.LASF8
 112 006a 03       		.uleb128 0x3
 113 006b EF000000 		.4byte	.LASF10
 114 006f 02       		.byte	0x2
 115 0070 18       		.byte	0x18
 116 0071 20000000 		.4byte	0x20
 117 0075 05       		.uleb128 0x5
 118 0076 8C000000 		.4byte	0x8c
 119 007a 85000000 		.4byte	0x85
 120 007e 06       		.uleb128 0x6
 121 007f 85000000 		.4byte	0x85
 122 0083 1F       		.byte	0x1f
 123 0084 00       		.byte	0
 124 0085 02       		.uleb128 0x2
 125 0086 04       		.byte	0x4
 126 0087 07       		.byte	0x7
 127 0088 9A010000 		.4byte	.LASF11
 128 008c 07       		.uleb128 0x7
 129 008d 6A000000 		.4byte	0x6a
 130 0091 08       		.uleb128 0x8
 131 0092 F7000000 		.4byte	.LASF12
 132 0096 03       		.byte	0x3
 133 0097 1F       		.byte	0x1f
 134 0098 A2000000 		.4byte	0xa2
 135 009c 05       		.uleb128 0x5
 136 009d 03       		.byte	0x3
 137 009e 00000000 		.4byte	cy_meta_flashprotect
 138 00a2 07       		.uleb128 0x7
 139 00a3 75000000 		.4byte	0x75
 140 00a7 05       		.uleb128 0x5
 141 00a8 8C000000 		.4byte	0x8c
 142 00ac B7000000 		.4byte	0xb7
 143 00b0 06       		.uleb128 0x6
 144 00b1 85000000 		.4byte	0x85
 145 00b5 0B       		.byte	0xb
 146 00b6 00       		.byte	0
 147 00b7 08       		.uleb128 0x8
 148 00b8 1E000000 		.4byte	.LASF13
 149 00bc 03       		.byte	0x3
 150 00bd 30       		.byte	0x30
 151 00be C8000000 		.4byte	0xc8
 152 00c2 05       		.uleb128 0x5
 153 00c3 03       		.byte	0x3
 154 00c4 00000000 		.4byte	cy_metadata
 155 00c8 07       		.uleb128 0x7
 156 00c9 A7000000 		.4byte	0xa7
 157 00cd 05       		.uleb128 0x5
 158 00ce 8C000000 		.4byte	0x8c
 159 00d2 DD000000 		.4byte	0xdd
 160 00d6 06       		.uleb128 0x6
 161 00d7 85000000 		.4byte	0x85
 162 00db 00       		.byte	0
 163 00dc 00       		.byte	0
 164 00dd 08       		.uleb128 0x8
 165 00de 0A000000 		.4byte	.LASF14
 166 00e2 03       		.byte	0x3
 167 00e3 3F       		.byte	0x3f
ARM GAS  C:\Users\taips\AppData\Local\Temp\ccImGDIW.s 			page 4


 168 00e4 EE000000 		.4byte	0xee
 169 00e8 05       		.uleb128 0x5
 170 00e9 03       		.byte	0x3
 171 00ea 00000000 		.4byte	cy_meta_chipprotect
 172 00ee 07       		.uleb128 0x7
 173 00ef CD000000 		.4byte	0xcd
 174 00f3 00       		.byte	0
 175              		.section	.debug_abbrev,"",%progbits
 176              	.Ldebug_abbrev0:
 177 0000 01       		.uleb128 0x1
 178 0001 11       		.uleb128 0x11
 179 0002 01       		.byte	0x1
 180 0003 25       		.uleb128 0x25
 181 0004 0E       		.uleb128 0xe
 182 0005 13       		.uleb128 0x13
 183 0006 0B       		.uleb128 0xb
 184 0007 03       		.uleb128 0x3
 185 0008 0E       		.uleb128 0xe
 186 0009 10       		.uleb128 0x10
 187 000a 17       		.uleb128 0x17
 188 000b 00       		.byte	0
 189 000c 00       		.byte	0
 190 000d 02       		.uleb128 0x2
 191 000e 24       		.uleb128 0x24
 192 000f 00       		.byte	0
 193 0010 0B       		.uleb128 0xb
 194 0011 0B       		.uleb128 0xb
 195 0012 3E       		.uleb128 0x3e
 196 0013 0B       		.uleb128 0xb
 197 0014 03       		.uleb128 0x3
 198 0015 0E       		.uleb128 0xe
 199 0016 00       		.byte	0
 200 0017 00       		.byte	0
 201 0018 03       		.uleb128 0x3
 202 0019 16       		.uleb128 0x16
 203 001a 00       		.byte	0
 204 001b 03       		.uleb128 0x3
 205 001c 0E       		.uleb128 0xe
 206 001d 3A       		.uleb128 0x3a
 207 001e 0B       		.uleb128 0xb
 208 001f 3B       		.uleb128 0x3b
 209 0020 0B       		.uleb128 0xb
 210 0021 49       		.uleb128 0x49
 211 0022 13       		.uleb128 0x13
 212 0023 00       		.byte	0
 213 0024 00       		.byte	0
 214 0025 04       		.uleb128 0x4
 215 0026 24       		.uleb128 0x24
 216 0027 00       		.byte	0
 217 0028 0B       		.uleb128 0xb
 218 0029 0B       		.uleb128 0xb
 219 002a 3E       		.uleb128 0x3e
 220 002b 0B       		.uleb128 0xb
 221 002c 03       		.uleb128 0x3
 222 002d 08       		.uleb128 0x8
 223 002e 00       		.byte	0
 224 002f 00       		.byte	0
ARM GAS  C:\Users\taips\AppData\Local\Temp\ccImGDIW.s 			page 5


 225 0030 05       		.uleb128 0x5
 226 0031 01       		.uleb128 0x1
 227 0032 01       		.byte	0x1
 228 0033 49       		.uleb128 0x49
 229 0034 13       		.uleb128 0x13
 230 0035 01       		.uleb128 0x1
 231 0036 13       		.uleb128 0x13
 232 0037 00       		.byte	0
 233 0038 00       		.byte	0
 234 0039 06       		.uleb128 0x6
 235 003a 21       		.uleb128 0x21
 236 003b 00       		.byte	0
 237 003c 49       		.uleb128 0x49
 238 003d 13       		.uleb128 0x13
 239 003e 2F       		.uleb128 0x2f
 240 003f 0B       		.uleb128 0xb
 241 0040 00       		.byte	0
 242 0041 00       		.byte	0
 243 0042 07       		.uleb128 0x7
 244 0043 26       		.uleb128 0x26
 245 0044 00       		.byte	0
 246 0045 49       		.uleb128 0x49
 247 0046 13       		.uleb128 0x13
 248 0047 00       		.byte	0
 249 0048 00       		.byte	0
 250 0049 08       		.uleb128 0x8
 251 004a 34       		.uleb128 0x34
 252 004b 00       		.byte	0
 253 004c 03       		.uleb128 0x3
 254 004d 0E       		.uleb128 0xe
 255 004e 3A       		.uleb128 0x3a
 256 004f 0B       		.uleb128 0xb
 257 0050 3B       		.uleb128 0x3b
 258 0051 0B       		.uleb128 0xb
 259 0052 49       		.uleb128 0x49
 260 0053 13       		.uleb128 0x13
 261 0054 3F       		.uleb128 0x3f
 262 0055 19       		.uleb128 0x19
 263 0056 02       		.uleb128 0x2
 264 0057 18       		.uleb128 0x18
 265 0058 00       		.byte	0
 266 0059 00       		.byte	0
 267 005a 00       		.byte	0
 268              		.section	.debug_aranges,"",%progbits
 269 0000 14000000 		.4byte	0x14
 270 0004 0200     		.2byte	0x2
 271 0006 00000000 		.4byte	.Ldebug_info0
 272 000a 04       		.byte	0x4
 273 000b 00       		.byte	0
 274 000c 0000     		.2byte	0
 275 000e 0000     		.2byte	0
 276 0010 00000000 		.4byte	0
 277 0014 00000000 		.4byte	0
 278              		.section	.debug_line,"",%progbits
 279              	.Ldebug_line0:
 280 0000 87010000 		.section	.debug_str,"MS",%progbits,1
 280      02008101 
ARM GAS  C:\Users\taips\AppData\Local\Temp\ccImGDIW.s 			page 6


 280      00000201 
 280      FB0E0D00 
 280      01010101 
 281              	.LASF9:
 282 0000 5F5F7569 		.ascii	"__uint8_t\000"
 282      6E74385F 
 282      7400
 283              	.LASF14:
 284 000a 63795F6D 		.ascii	"cy_meta_chipprotect\000"
 284      6574615F 
 284      63686970 
 284      70726F74 
 284      65637400 
 285              	.LASF13:
 286 001e 63795F6D 		.ascii	"cy_metadata\000"
 286      65746164 
 286      61746100 
 287              	.LASF1:
 288 002a 756E7369 		.ascii	"unsigned char\000"
 288      676E6564 
 288      20636861 
 288      7200
 289              	.LASF5:
 290 0038 6C6F6E67 		.ascii	"long unsigned int\000"
 290      20756E73 
 290      69676E65 
 290      6420696E 
 290      7400
 291              	.LASF3:
 292 004a 73686F72 		.ascii	"short unsigned int\000"
 292      7420756E 
 292      7369676E 
 292      65642069 
 292      6E7400
 293              	.LASF16:
 294 005d 433A5C50 		.ascii	"C:\\Program Files (x86)\\Cypress\\PSoC Creator\\4.4"
 294      726F6772 
 294      616D2046 
 294      696C6573 
 294      20287838 
 295 008c 5C50536F 		.ascii	"\\PSoC Creator\\1\\LWO3.cydsn\\Generated_Source\\PS"
 295      43204372 
 295      6561746F 
 295      725C315C 
 295      4C574F33 
 296 00ba 6F43345C 		.ascii	"oC4\\cymetadata.c\000"
 296      63796D65 
 296      74616461 
 296      74612E63 
 296      00
 297              	.LASF8:
 298 00cb 756E7369 		.ascii	"unsigned int\000"
 298      676E6564 
 298      20696E74 
 298      00
 299              	.LASF7:
 300 00d8 6C6F6E67 		.ascii	"long long unsigned int\000"
ARM GAS  C:\Users\taips\AppData\Local\Temp\ccImGDIW.s 			page 7


 300      206C6F6E 
 300      6720756E 
 300      7369676E 
 300      65642069 
 301              	.LASF10:
 302 00ef 75696E74 		.ascii	"uint8_t\000"
 302      385F7400 
 303              	.LASF12:
 304 00f7 63795F6D 		.ascii	"cy_meta_flashprotect\000"
 304      6574615F 
 304      666C6173 
 304      6870726F 
 304      74656374 
 305              	.LASF15:
 306 010c 474E5520 		.ascii	"GNU C11 5.4.1 20160609 (release) [ARM/embedded-5-br"
 306      43313120 
 306      352E342E 
 306      31203230 
 306      31363036 
 307 013f 616E6368 		.ascii	"anch revision 237715] -mcpu=cortex-m0 -mthumb -g -O"
 307      20726576 
 307      6973696F 
 307      6E203233 
 307      37373135 
 308 0172 67202D66 		.ascii	"g -ffunction-sections -ffat-lto-objects\000"
 308      66756E63 
 308      74696F6E 
 308      2D736563 
 308      74696F6E 
 309              	.LASF11:
 310 019a 73697A65 		.ascii	"sizetype\000"
 310      74797065 
 310      00
 311              	.LASF6:
 312 01a3 6C6F6E67 		.ascii	"long long int\000"
 312      206C6F6E 
 312      6720696E 
 312      7400
 313              	.LASF2:
 314 01b1 73686F72 		.ascii	"short int\000"
 314      7420696E 
 314      7400
 315              	.LASF4:
 316 01bb 6C6F6E67 		.ascii	"long int\000"
 316      20696E74 
 316      00
 317              	.LASF0:
 318 01c4 7369676E 		.ascii	"signed char\000"
 318      65642063 
 318      68617200 
 319              		.ident	"GCC: (GNU Tools for ARM Embedded Processors) 5.4.1 20160609 (release) [ARM/embedded-5-bran
