Archive member included to satisfy reference by file (symbol)

.\CortexM0\ARM_GCC_541\Debug\LWO3.a(CyLib.o)
                              .\CortexM0\ARM_GCC_541\Debug\cyfitter_cfg.o (CyIntEnable)
.\CortexM0\ARM_GCC_541\Debug\LWO3.a(CyLFClk.o)
                              .\CortexM0\ARM_GCC_541\Debug\cyfitter_cfg.o (CySysWdtIsr)
.\CortexM0\ARM_GCC_541\Debug\LWO3.a(LED_R.o)
                              .\CortexM0\ARM_GCC_541\Debug\main.o (LED_R_Write)
.\CortexM0\ARM_GCC_541\Debug\LWO3.a(LED_G.o)
                              .\CortexM0\ARM_GCC_541\Debug\main.o (LED_G_Write)
.\CortexM0\ARM_GCC_541\Debug\LWO3.a(LED_B.o)
                              .\CortexM0\ARM_GCC_541\Debug\main.o (LED_B_Write)
.\CortexM0\ARM_GCC_541\Debug\LWO3.a(SW_Tx_UART.o)
                              .\CortexM0\ARM_GCC_541\Debug\main.o (SW_Tx_UART_Start)
.\CortexM0\ARM_GCC_541\Debug\LWO3.a(COLUMN_0.o)
                              .\CortexM0\ARM_GCC_541\Debug\main.o (COLUMN_0_SetDriveMode)
.\CortexM0\ARM_GCC_541\Debug\LWO3.a(COLUMN_1.o)
                              .\CortexM0\ARM_GCC_541\Debug\main.o (COLUMN_1_SetDriveMode)
.\CortexM0\ARM_GCC_541\Debug\LWO3.a(COLUMN_2.o)
                              .\CortexM0\ARM_GCC_541\Debug\main.o (COLUMN_2_SetDriveMode)
.\CortexM0\ARM_GCC_541\Debug\LWO3.a(ROW_0.o)
                              .\CortexM0\ARM_GCC_541\Debug\main.o (ROW_0_Read)
.\CortexM0\ARM_GCC_541\Debug\LWO3.a(ROW_1.o)
                              .\CortexM0\ARM_GCC_541\Debug\main.o (ROW_1_Read)
.\CortexM0\ARM_GCC_541\Debug\LWO3.a(ROW_2.o)
                              .\CortexM0\ARM_GCC_541\Debug\main.o (ROW_2_Read)
.\CortexM0\ARM_GCC_541\Debug\LWO3.a(ROW_3.o)
                              .\CortexM0\ARM_GCC_541\Debug\main.o (ROW_3_Read)
.\CortexM0\ARM_GCC_541\Debug\LWO3.a(CyBootAsmGnu.o)
                              .\CortexM0\ARM_GCC_541\Debug\LWO3.a(CyLib.o) (CyDelayCycles)
.\CortexM0\ARM_GCC_541\Debug\LWO3.a(SW_Tx_UART_AsmGnu.o)
                              .\CortexM0\ARM_GCC_541\Debug\LWO3.a(SW_Tx_UART.o) (SW_Tx_UART_PutChar)
c:/program files (x86)/cypress/psoc creator/4.4/psoc creator/import/gnu/arm/5.4.1/bin/../lib/gcc/arm-none-eabi/5.4.1/armv6-m\libgcc.a(_udivsi3.o)
                              .\CortexM0\ARM_GCC_541\Debug\LWO3.a(CyLib.o) (__aeabi_uidiv)
c:/program files (x86)/cypress/psoc creator/4.4/psoc creator/import/gnu/arm/5.4.1/bin/../lib/gcc/arm-none-eabi/5.4.1/armv6-m\libgcc.a(_dvmd_tls.o)
                              c:/program files (x86)/cypress/psoc creator/4.4/psoc creator/import/gnu/arm/5.4.1/bin/../lib/gcc/arm-none-eabi/5.4.1/armv6-m\libgcc.a(_udivsi3.o) (__aeabi_idiv0)
c:/program files (x86)/cypress/psoc creator/4.4/psoc creator/import/gnu/arm/5.4.1/bin/../lib/gcc/arm-none-eabi/5.4.1/../../../../arm-none-eabi/lib/armv6-m\libg_nano.a(lib_a-errno.o)
                              .\CortexM0\ARM_GCC_541\Debug\Cm0Start.o (__errno)
c:/program files (x86)/cypress/psoc creator/4.4/psoc creator/import/gnu/arm/5.4.1/bin/../lib/gcc/arm-none-eabi/5.4.1/../../../../arm-none-eabi/lib/armv6-m\libg_nano.a(lib_a-exit.o)
                              c:/program files (x86)/cypress/psoc creator/4.4/psoc creator/import/gnu/arm/5.4.1/bin/../lib/gcc/arm-none-eabi/5.4.1/../../../../arm-none-eabi/lib/armv6-m/crt0.o (exit)
c:/program files (x86)/cypress/psoc creator/4.4/psoc creator/import/gnu/arm/5.4.1/bin/../lib/gcc/arm-none-eabi/5.4.1/../../../../arm-none-eabi/lib/armv6-m\libg_nano.a(lib_a-impure.o)
                              c:/program files (x86)/cypress/psoc creator/4.4/psoc creator/import/gnu/arm/5.4.1/bin/../lib/gcc/arm-none-eabi/5.4.1/../../../../arm-none-eabi/lib/armv6-m\libg_nano.a(lib_a-exit.o) (_global_impure_ptr)
c:/program files (x86)/cypress/psoc creator/4.4/psoc creator/import/gnu/arm/5.4.1/bin/../lib/gcc/arm-none-eabi/5.4.1/../../../../arm-none-eabi/lib/armv6-m\libg_nano.a(lib_a-init.o)
                              c:/program files (x86)/cypress/psoc creator/4.4/psoc creator/import/gnu/arm/5.4.1/bin/../lib/gcc/arm-none-eabi/5.4.1/../../../../arm-none-eabi/lib/armv6-m/crt0.o (__libc_init_array)
c:/program files (x86)/cypress/psoc creator/4.4/psoc creator/import/gnu/arm/5.4.1/bin/../lib/gcc/arm-none-eabi/5.4.1/../../../../arm-none-eabi/lib/armv6-m\libg_nano.a(lib_a-memset.o)
                              c:/program files (x86)/cypress/psoc creator/4.4/psoc creator/import/gnu/arm/5.4.1/bin/../lib/gcc/arm-none-eabi/5.4.1/../../../../arm-none-eabi/lib/armv6-m/crt0.o (memset)

Discarded input sections

 .text          0x00000000        0x0 c:/program files (x86)/cypress/psoc creator/4.4/psoc creator/import/gnu/arm/5.4.1/bin/../lib/gcc/arm-none-eabi/5.4.1/armv6-m/crti.o
 .data          0x00000000        0x0 c:/program files (x86)/cypress/psoc creator/4.4/psoc creator/import/gnu/arm/5.4.1/bin/../lib/gcc/arm-none-eabi/5.4.1/armv6-m/crti.o
 .bss           0x00000000        0x0 c:/program files (x86)/cypress/psoc creator/4.4/psoc creator/import/gnu/arm/5.4.1/bin/../lib/gcc/arm-none-eabi/5.4.1/armv6-m/crti.o
 .data          0x00000000        0x4 c:/program files (x86)/cypress/psoc creator/4.4/psoc creator/import/gnu/arm/5.4.1/bin/../lib/gcc/arm-none-eabi/5.4.1/armv6-m/crtbegin.o
 .text          0x00000000       0x78 c:/program files (x86)/cypress/psoc creator/4.4/psoc creator/import/gnu/arm/5.4.1/bin/../lib/gcc/arm-none-eabi/5.4.1/../../../../arm-none-eabi/lib/armv6-m/crt0.o
 .data          0x00000000        0x0 c:/program files (x86)/cypress/psoc creator/4.4/psoc creator/import/gnu/arm/5.4.1/bin/../lib/gcc/arm-none-eabi/5.4.1/../../../../arm-none-eabi/lib/armv6-m/crt0.o
 .bss           0x00000000        0x0 c:/program files (x86)/cypress/psoc creator/4.4/psoc creator/import/gnu/arm/5.4.1/bin/../lib/gcc/arm-none-eabi/5.4.1/../../../../arm-none-eabi/lib/armv6-m/crt0.o
 .ARM.extab     0x00000000        0x0 c:/program files (x86)/cypress/psoc creator/4.4/psoc creator/import/gnu/arm/5.4.1/bin/../lib/gcc/arm-none-eabi/5.4.1/../../../../arm-none-eabi/lib/armv6-m/crt0.o
 .ARM.exidx     0x00000000        0x8 c:/program files (x86)/cypress/psoc creator/4.4/psoc creator/import/gnu/arm/5.4.1/bin/../lib/gcc/arm-none-eabi/5.4.1/../../../../arm-none-eabi/lib/armv6-m/crt0.o
 .text          0x00000000        0x0 .\CortexM0\ARM_GCC_541\Debug\main.o
 .text          0x00000000        0x0 .\CortexM0\ARM_GCC_541\Debug\cyfitter_cfg.o
 .data          0x00000000        0x0 .\CortexM0\ARM_GCC_541\Debug\cyfitter_cfg.o
 .bss           0x00000000        0x0 .\CortexM0\ARM_GCC_541\Debug\cyfitter_cfg.o
 .text          0x00000000        0x0 .\CortexM0\ARM_GCC_541\Debug\cymetadata.o
 .data          0x00000000        0x0 .\CortexM0\ARM_GCC_541\Debug\cymetadata.o
 .bss           0x00000000        0x0 .\CortexM0\ARM_GCC_541\Debug\cymetadata.o
 .text          0x00000000        0x0 .\CortexM0\ARM_GCC_541\Debug\Cm0Start.o
 .data          0x00000000        0x4 .\CortexM0\ARM_GCC_541\Debug\Cm0Start.o
 .bss           0x00000000        0x0 .\CortexM0\ARM_GCC_541\Debug\Cm0Start.o
 .text._exit    0x00000000        0xc .\CortexM0\ARM_GCC_541\Debug\Cm0Start.o
 .text._sbrk    0x00000000       0x30 .\CortexM0\ARM_GCC_541\Debug\Cm0Start.o
 .text          0x00000000        0x0 .\CortexM0\ARM_GCC_541\Debug\LWO3.a(CyLib.o)
 .bss           0x00000000       0x18 .\CortexM0\ARM_GCC_541\Debug\LWO3.a(CyLib.o)
 .text.CySysClkImoStart
                0x00000000       0x14 .\CortexM0\ARM_GCC_541\Debug\LWO3.a(CyLib.o)
 .text.CySysClkImoStop
                0x00000000       0x10 .\CortexM0\ARM_GCC_541\Debug\LWO3.a(CyLib.o)
 .text.CySysClkWriteHfclkDirect
                0x00000000       0x20 .\CortexM0\ARM_GCC_541\Debug\LWO3.a(CyLib.o)
 .text.CySysEnablePumpClock
                0x00000000       0x38 .\CortexM0\ARM_GCC_541\Debug\LWO3.a(CyLib.o)
 .text.CySysClkGetSysclkSource
                0x00000000       0x1c .\CortexM0\ARM_GCC_541\Debug\LWO3.a(CyLib.o)
 .text.CySysClkWriteSysclkDiv
                0x00000000       0x30 .\CortexM0\ARM_GCC_541\Debug\LWO3.a(CyLib.o)
 .text.CySysLvdDisable
                0x00000000       0x20 .\CortexM0\ARM_GCC_541\Debug\LWO3.a(CyLib.o)
 .text.CySysLvdGetInterruptSource
                0x00000000       0x10 .\CortexM0\ARM_GCC_541\Debug\LWO3.a(CyLib.o)
 .text.CySysLvdClearInterrupt
                0x00000000        0xc .\CortexM0\ARM_GCC_541\Debug\LWO3.a(CyLib.o)
 .text.CySysGetResetReason
                0x00000000       0x14 .\CortexM0\ARM_GCC_541\Debug\LWO3.a(CyLib.o)
 .text.CyDisableInts
                0x00000000       0x10 .\CortexM0\ARM_GCC_541\Debug\LWO3.a(CyLib.o)
 .text.CyEnableInts
                0x00000000        0xc .\CortexM0\ARM_GCC_541\Debug\LWO3.a(CyLib.o)
 .text.CyIntGetState
                0x00000000       0x18 .\CortexM0\ARM_GCC_541\Debug\LWO3.a(CyLib.o)
 .text.CyIntDisable
                0x00000000       0x14 .\CortexM0\ARM_GCC_541\Debug\LWO3.a(CyLib.o)
 .text.CyIntSetPending
                0x00000000       0x14 .\CortexM0\ARM_GCC_541\Debug\LWO3.a(CyLib.o)
 .text.CyIntClearPending
                0x00000000       0x14 .\CortexM0\ARM_GCC_541\Debug\LWO3.a(CyLib.o)
 .text.CyIntSetSysVector
                0x00000000       0x20 .\CortexM0\ARM_GCC_541\Debug\LWO3.a(CyLib.o)
 .text.CyIntGetSysVector
                0x00000000       0x1c .\CortexM0\ARM_GCC_541\Debug\LWO3.a(CyLib.o)
 .text.CyIntGetVector
                0x00000000       0x20 .\CortexM0\ARM_GCC_541\Debug\LWO3.a(CyLib.o)
 .text.CyIntSetPriority
                0x00000000       0x4c .\CortexM0\ARM_GCC_541\Debug\LWO3.a(CyLib.o)
 .text.CyIntGetPriority
                0x00000000       0x2c .\CortexM0\ARM_GCC_541\Debug\LWO3.a(CyLib.o)
 .text.CySoftwareReset
                0x00000000       0x18 .\CortexM0\ARM_GCC_541\Debug\LWO3.a(CyLib.o)
 .text.CySysLvdEnable
                0x00000000       0x44 .\CortexM0\ARM_GCC_541\Debug\LWO3.a(CyLib.o)
 .text.CyDelayFreq
                0x00000000       0x4c .\CortexM0\ARM_GCC_541\Debug\LWO3.a(CyLib.o)
 .text.CySysTickStop
                0x00000000       0x10 .\CortexM0\ARM_GCC_541\Debug\LWO3.a(CyLib.o)
 .text.CySysTickEnableInterrupt
                0x00000000       0x10 .\CortexM0\ARM_GCC_541\Debug\LWO3.a(CyLib.o)
 .text.CySysTickEnable
                0x00000000       0x18 .\CortexM0\ARM_GCC_541\Debug\LWO3.a(CyLib.o)
 .text.CySysTickDisableInterrupt
                0x00000000       0x10 .\CortexM0\ARM_GCC_541\Debug\LWO3.a(CyLib.o)
 .text.CySysTickSetReload
                0x00000000       0x10 .\CortexM0\ARM_GCC_541\Debug\LWO3.a(CyLib.o)
 .text.CySysTickGetReload
                0x00000000       0x10 .\CortexM0\ARM_GCC_541\Debug\LWO3.a(CyLib.o)
 .text.CySysTickGetValue
                0x00000000       0x10 .\CortexM0\ARM_GCC_541\Debug\LWO3.a(CyLib.o)
 .text.CySysTickGetCountFlag
                0x00000000       0x10 .\CortexM0\ARM_GCC_541\Debug\LWO3.a(CyLib.o)
 .text.CySysTickServiceCallbacks
                0x00000000       0x28 .\CortexM0\ARM_GCC_541\Debug\LWO3.a(CyLib.o)
 .text.CySysTickClear
                0x00000000        0xc .\CortexM0\ARM_GCC_541\Debug\LWO3.a(CyLib.o)
 .text.CySysTickInit
                0x00000000       0x40 .\CortexM0\ARM_GCC_541\Debug\LWO3.a(CyLib.o)
 .text.CySysTickStart
                0x00000000       0x20 .\CortexM0\ARM_GCC_541\Debug\LWO3.a(CyLib.o)
 .text.CySysTickSetCallback
                0x00000000       0x10 .\CortexM0\ARM_GCC_541\Debug\LWO3.a(CyLib.o)
 .text.CySysTickGetCallback
                0x00000000        0xc .\CortexM0\ARM_GCC_541\Debug\LWO3.a(CyLib.o)
 .text.CyGetUniqueId
                0x00000000       0x70 .\CortexM0\ARM_GCC_541\Debug\LWO3.a(CyLib.o)
 .text          0x00000000        0x0 .\CortexM0\ARM_GCC_541\Debug\LWO3.a(CyLFClk.o)
 .text.CySysClkIloEnabled
                0x00000000       0x14 .\CortexM0\ARM_GCC_541\Debug\LWO3.a(CyLFClk.o)
 .text.CySysClkIloStart
                0x00000000       0x14 .\CortexM0\ARM_GCC_541\Debug\LWO3.a(CyLFClk.o)
 .text.CySysClkIloStartMeasurement
                0x00000000       0x34 .\CortexM0\ARM_GCC_541\Debug\LWO3.a(CyLFClk.o)
 .text.CySysClkIloStopMeasurement
                0x00000000       0x14 .\CortexM0\ARM_GCC_541\Debug\LWO3.a(CyLFClk.o)
 .text.CySysClkIloCompensate
                0x00000000      0x104 .\CortexM0\ARM_GCC_541\Debug\LWO3.a(CyLFClk.o)
 .text.CySysWdtGetEnabledStatus
                0x00000000       0x24 .\CortexM0\ARM_GCC_541\Debug\LWO3.a(CyLFClk.o)
 .text.CySysWdtSetMode
                0x00000000       0x38 .\CortexM0\ARM_GCC_541\Debug\LWO3.a(CyLFClk.o)
 .text.CySysClkLfclkPosedgeRestore
                0x00000000       0x2c .\CortexM0\ARM_GCC_541\Debug\LWO3.a(CyLFClk.o)
 .text.CySysWdtGetMode
                0x00000000       0x14 .\CortexM0\ARM_GCC_541\Debug\LWO3.a(CyLFClk.o)
 .text.CySysWdtSetClearOnMatch
                0x00000000       0x34 .\CortexM0\ARM_GCC_541\Debug\LWO3.a(CyLFClk.o)
 .text.CySysWdtGetClearOnMatch
                0x00000000       0x24 .\CortexM0\ARM_GCC_541\Debug\LWO3.a(CyLFClk.o)
 .text.CySysWdtEnable
                0x00000000       0x40 .\CortexM0\ARM_GCC_541\Debug\LWO3.a(CyLFClk.o)
 .text.CySysWdtDisable
                0x00000000       0x44 .\CortexM0\ARM_GCC_541\Debug\LWO3.a(CyLFClk.o)
 .text.CySysWdtSetCascade
                0x00000000       0x34 .\CortexM0\ARM_GCC_541\Debug\LWO3.a(CyLFClk.o)
 .text.CySysWdtGetCascade
                0x00000000       0x14 .\CortexM0\ARM_GCC_541\Debug\LWO3.a(CyLFClk.o)
 .text.CySysWdtSetMatch
                0x00000000       0x38 .\CortexM0\ARM_GCC_541\Debug\LWO3.a(CyLFClk.o)
 .text.CySysWdtSetToggleBit
                0x00000000       0x30 .\CortexM0\ARM_GCC_541\Debug\LWO3.a(CyLFClk.o)
 .text.CySysWdtGetToggleBit
                0x00000000       0x10 .\CortexM0\ARM_GCC_541\Debug\LWO3.a(CyLFClk.o)
 .text.CySysWdtGetMatch
                0x00000000       0x20 .\CortexM0\ARM_GCC_541\Debug\LWO3.a(CyLFClk.o)
 .text.CySysWdtGetCount
                0x00000000       0x3c .\CortexM0\ARM_GCC_541\Debug\LWO3.a(CyLFClk.o)
 .text.CySysClkLfclkPosedgeCatch
                0x00000000       0x74 .\CortexM0\ARM_GCC_541\Debug\LWO3.a(CyLFClk.o)
 .text.CySysClkIloStop
                0x00000000       0x38 .\CortexM0\ARM_GCC_541\Debug\LWO3.a(CyLFClk.o)
 .text.CySysWdtGetInterruptSource
                0x00000000       0x14 .\CortexM0\ARM_GCC_541\Debug\LWO3.a(CyLFClk.o)
 .text.CySysWdtResetCounters
                0x00000000       0x20 .\CortexM0\ARM_GCC_541\Debug\LWO3.a(CyLFClk.o)
 .text.CySysWdtSetInterruptCallback
                0x00000000       0x20 .\CortexM0\ARM_GCC_541\Debug\LWO3.a(CyLFClk.o)
 .text.CySysWdtGetInterruptCallback
                0x00000000       0x20 .\CortexM0\ARM_GCC_541\Debug\LWO3.a(CyLFClk.o)
 .text.CySysWdtEnableCounterIsr
                0x00000000       0x34 .\CortexM0\ARM_GCC_541\Debug\LWO3.a(CyLFClk.o)
 .text.CySysWdtDisableCounterIsr
                0x00000000       0x28 .\CortexM0\ARM_GCC_541\Debug\LWO3.a(CyLFClk.o)
 .text.CySysWatchdogFeed
                0x00000000       0x60 .\CortexM0\ARM_GCC_541\Debug\LWO3.a(CyLFClk.o)
 .text.CySysTimerDelayUntilMatch
                0x00000000       0x6c .\CortexM0\ARM_GCC_541\Debug\LWO3.a(CyLFClk.o)
 .text.CySysTimerDelay
                0x00000000       0x3c .\CortexM0\ARM_GCC_541\Debug\LWO3.a(CyLFClk.o)
 .rodata        0x00000000        0xc .\CortexM0\ARM_GCC_541\Debug\LWO3.a(CyLFClk.o)
 .text          0x00000000        0x0 .\CortexM0\ARM_GCC_541\Debug\LWO3.a(LED_R.o)
 .data          0x00000000        0x0 .\CortexM0\ARM_GCC_541\Debug\LWO3.a(LED_R.o)
 .bss           0x00000000        0x0 .\CortexM0\ARM_GCC_541\Debug\LWO3.a(LED_R.o)
 .text.LED_R_SetDriveMode
                0x00000000       0x18 .\CortexM0\ARM_GCC_541\Debug\LWO3.a(LED_R.o)
 .text.LED_R_Read
                0x00000000       0x10 .\CortexM0\ARM_GCC_541\Debug\LWO3.a(LED_R.o)
 .text.LED_R_ReadDataReg
                0x00000000       0x10 .\CortexM0\ARM_GCC_541\Debug\LWO3.a(LED_R.o)
 .text.LED_R_SetInterruptMode
                0x00000000       0x14 .\CortexM0\ARM_GCC_541\Debug\LWO3.a(LED_R.o)
 .text.LED_R_ClearInterrupt
                0x00000000       0x14 .\CortexM0\ARM_GCC_541\Debug\LWO3.a(LED_R.o)
 .text          0x00000000        0x0 .\CortexM0\ARM_GCC_541\Debug\LWO3.a(LED_G.o)
 .data          0x00000000        0x0 .\CortexM0\ARM_GCC_541\Debug\LWO3.a(LED_G.o)
 .bss           0x00000000        0x0 .\CortexM0\ARM_GCC_541\Debug\LWO3.a(LED_G.o)
 .text.LED_G_SetDriveMode
                0x00000000       0x18 .\CortexM0\ARM_GCC_541\Debug\LWO3.a(LED_G.o)
 .text.LED_G_Read
                0x00000000       0x10 .\CortexM0\ARM_GCC_541\Debug\LWO3.a(LED_G.o)
 .text.LED_G_ReadDataReg
                0x00000000       0x10 .\CortexM0\ARM_GCC_541\Debug\LWO3.a(LED_G.o)
 .text.LED_G_SetInterruptMode
                0x00000000       0x14 .\CortexM0\ARM_GCC_541\Debug\LWO3.a(LED_G.o)
 .text.LED_G_ClearInterrupt
                0x00000000       0x14 .\CortexM0\ARM_GCC_541\Debug\LWO3.a(LED_G.o)
 .text          0x00000000        0x0 .\CortexM0\ARM_GCC_541\Debug\LWO3.a(LED_B.o)
 .data          0x00000000        0x0 .\CortexM0\ARM_GCC_541\Debug\LWO3.a(LED_B.o)
 .bss           0x00000000        0x0 .\CortexM0\ARM_GCC_541\Debug\LWO3.a(LED_B.o)
 .text.LED_B_SetDriveMode
                0x00000000       0x18 .\CortexM0\ARM_GCC_541\Debug\LWO3.a(LED_B.o)
 .text.LED_B_Read
                0x00000000       0x10 .\CortexM0\ARM_GCC_541\Debug\LWO3.a(LED_B.o)
 .text.LED_B_ReadDataReg
                0x00000000       0x10 .\CortexM0\ARM_GCC_541\Debug\LWO3.a(LED_B.o)
 .text.LED_B_SetInterruptMode
                0x00000000       0x14 .\CortexM0\ARM_GCC_541\Debug\LWO3.a(LED_B.o)
 .text.LED_B_ClearInterrupt
                0x00000000       0x14 .\CortexM0\ARM_GCC_541\Debug\LWO3.a(LED_B.o)
 .text          0x00000000        0x0 .\CortexM0\ARM_GCC_541\Debug\LWO3.a(SW_Tx_UART.o)
 .bss           0x00000000        0x0 .\CortexM0\ARM_GCC_541\Debug\LWO3.a(SW_Tx_UART.o)
 .text.SW_Tx_UART_Stop
                0x00000000        0x4 .\CortexM0\ARM_GCC_541\Debug\LWO3.a(SW_Tx_UART.o)
 .text.SW_Tx_UART_PutArray
                0x00000000       0x18 .\CortexM0\ARM_GCC_541\Debug\LWO3.a(SW_Tx_UART.o)
 .text.SW_Tx_UART_PutHexByte
                0x00000000       0x20 .\CortexM0\ARM_GCC_541\Debug\LWO3.a(SW_Tx_UART.o)
 .text.SW_Tx_UART_PutHexInt
                0x00000000       0x14 .\CortexM0\ARM_GCC_541\Debug\LWO3.a(SW_Tx_UART.o)
 .rodata        0x00000000       0x11 .\CortexM0\ARM_GCC_541\Debug\LWO3.a(SW_Tx_UART.o)
 .text          0x00000000        0x0 .\CortexM0\ARM_GCC_541\Debug\LWO3.a(COLUMN_0.o)
 .data          0x00000000        0x0 .\CortexM0\ARM_GCC_541\Debug\LWO3.a(COLUMN_0.o)
 .bss           0x00000000        0x0 .\CortexM0\ARM_GCC_541\Debug\LWO3.a(COLUMN_0.o)
 .text.COLUMN_0_Read
                0x00000000       0x10 .\CortexM0\ARM_GCC_541\Debug\LWO3.a(COLUMN_0.o)
 .text.COLUMN_0_ReadDataReg
                0x00000000       0x10 .\CortexM0\ARM_GCC_541\Debug\LWO3.a(COLUMN_0.o)
 .text.COLUMN_0_SetInterruptMode
                0x00000000       0x14 .\CortexM0\ARM_GCC_541\Debug\LWO3.a(COLUMN_0.o)
 .text.COLUMN_0_ClearInterrupt
                0x00000000       0x10 .\CortexM0\ARM_GCC_541\Debug\LWO3.a(COLUMN_0.o)
 .text          0x00000000        0x0 .\CortexM0\ARM_GCC_541\Debug\LWO3.a(COLUMN_1.o)
 .data          0x00000000        0x0 .\CortexM0\ARM_GCC_541\Debug\LWO3.a(COLUMN_1.o)
 .bss           0x00000000        0x0 .\CortexM0\ARM_GCC_541\Debug\LWO3.a(COLUMN_1.o)
 .text.COLUMN_1_Read
                0x00000000       0x10 .\CortexM0\ARM_GCC_541\Debug\LWO3.a(COLUMN_1.o)
 .text.COLUMN_1_ReadDataReg
                0x00000000       0x10 .\CortexM0\ARM_GCC_541\Debug\LWO3.a(COLUMN_1.o)
 .text.COLUMN_1_SetInterruptMode
                0x00000000       0x14 .\CortexM0\ARM_GCC_541\Debug\LWO3.a(COLUMN_1.o)
 .text.COLUMN_1_ClearInterrupt
                0x00000000       0x14 .\CortexM0\ARM_GCC_541\Debug\LWO3.a(COLUMN_1.o)
 .text          0x00000000        0x0 .\CortexM0\ARM_GCC_541\Debug\LWO3.a(COLUMN_2.o)
 .data          0x00000000        0x0 .\CortexM0\ARM_GCC_541\Debug\LWO3.a(COLUMN_2.o)
 .bss           0x00000000        0x0 .\CortexM0\ARM_GCC_541\Debug\LWO3.a(COLUMN_2.o)
 .text.COLUMN_2_Read
                0x00000000       0x10 .\CortexM0\ARM_GCC_541\Debug\LWO3.a(COLUMN_2.o)
 .text.COLUMN_2_ReadDataReg
                0x00000000       0x10 .\CortexM0\ARM_GCC_541\Debug\LWO3.a(COLUMN_2.o)
 .text.COLUMN_2_SetInterruptMode
                0x00000000       0x14 .\CortexM0\ARM_GCC_541\Debug\LWO3.a(COLUMN_2.o)
 .text.COLUMN_2_ClearInterrupt
                0x00000000       0x10 .\CortexM0\ARM_GCC_541\Debug\LWO3.a(COLUMN_2.o)
 .text          0x00000000        0x0 .\CortexM0\ARM_GCC_541\Debug\LWO3.a(ROW_0.o)
 .data          0x00000000        0x0 .\CortexM0\ARM_GCC_541\Debug\LWO3.a(ROW_0.o)
 .bss           0x00000000        0x0 .\CortexM0\ARM_GCC_541\Debug\LWO3.a(ROW_0.o)
 .text.ROW_0_SetDriveMode
                0x00000000       0x14 .\CortexM0\ARM_GCC_541\Debug\LWO3.a(ROW_0.o)
 .text.ROW_0_Write
                0x00000000       0x18 .\CortexM0\ARM_GCC_541\Debug\LWO3.a(ROW_0.o)
 .text.ROW_0_ReadDataReg
                0x00000000       0x10 .\CortexM0\ARM_GCC_541\Debug\LWO3.a(ROW_0.o)
 .text.ROW_0_SetInterruptMode
                0x00000000       0x14 .\CortexM0\ARM_GCC_541\Debug\LWO3.a(ROW_0.o)
 .text.ROW_0_ClearInterrupt
                0x00000000       0x14 .\CortexM0\ARM_GCC_541\Debug\LWO3.a(ROW_0.o)
 .text          0x00000000        0x0 .\CortexM0\ARM_GCC_541\Debug\LWO3.a(ROW_1.o)
 .data          0x00000000        0x0 .\CortexM0\ARM_GCC_541\Debug\LWO3.a(ROW_1.o)
 .bss           0x00000000        0x0 .\CortexM0\ARM_GCC_541\Debug\LWO3.a(ROW_1.o)
 .text.ROW_1_SetDriveMode
                0x00000000       0x18 .\CortexM0\ARM_GCC_541\Debug\LWO3.a(ROW_1.o)
 .text.ROW_1_Write
                0x00000000       0x18 .\CortexM0\ARM_GCC_541\Debug\LWO3.a(ROW_1.o)
 .text.ROW_1_ReadDataReg
                0x00000000       0x10 .\CortexM0\ARM_GCC_541\Debug\LWO3.a(ROW_1.o)
 .text.ROW_1_SetInterruptMode
                0x00000000       0x14 .\CortexM0\ARM_GCC_541\Debug\LWO3.a(ROW_1.o)
 .text.ROW_1_ClearInterrupt
                0x00000000       0x14 .\CortexM0\ARM_GCC_541\Debug\LWO3.a(ROW_1.o)
 .text          0x00000000        0x0 .\CortexM0\ARM_GCC_541\Debug\LWO3.a(ROW_2.o)
 .data          0x00000000        0x0 .\CortexM0\ARM_GCC_541\Debug\LWO3.a(ROW_2.o)
 .bss           0x00000000        0x0 .\CortexM0\ARM_GCC_541\Debug\LWO3.a(ROW_2.o)
 .text.ROW_2_SetDriveMode
                0x00000000       0x18 .\CortexM0\ARM_GCC_541\Debug\LWO3.a(ROW_2.o)
 .text.ROW_2_Write
                0x00000000       0x18 .\CortexM0\ARM_GCC_541\Debug\LWO3.a(ROW_2.o)
 .text.ROW_2_ReadDataReg
                0x00000000       0x10 .\CortexM0\ARM_GCC_541\Debug\LWO3.a(ROW_2.o)
 .text.ROW_2_SetInterruptMode
                0x00000000       0x14 .\CortexM0\ARM_GCC_541\Debug\LWO3.a(ROW_2.o)
 .text.ROW_2_ClearInterrupt
                0x00000000       0x14 .\CortexM0\ARM_GCC_541\Debug\LWO3.a(ROW_2.o)
 .text          0x00000000        0x0 .\CortexM0\ARM_GCC_541\Debug\LWO3.a(ROW_3.o)
 .data          0x00000000        0x0 .\CortexM0\ARM_GCC_541\Debug\LWO3.a(ROW_3.o)
 .bss           0x00000000        0x0 .\CortexM0\ARM_GCC_541\Debug\LWO3.a(ROW_3.o)
 .text.ROW_3_SetDriveMode
                0x00000000       0x18 .\CortexM0\ARM_GCC_541\Debug\LWO3.a(ROW_3.o)
 .text.ROW_3_Write
                0x00000000       0x18 .\CortexM0\ARM_GCC_541\Debug\LWO3.a(ROW_3.o)
 .text.ROW_3_ReadDataReg
                0x00000000       0x10 .\CortexM0\ARM_GCC_541\Debug\LWO3.a(ROW_3.o)
 .text.ROW_3_SetInterruptMode
                0x00000000       0x14 .\CortexM0\ARM_GCC_541\Debug\LWO3.a(ROW_3.o)
 .text.ROW_3_ClearInterrupt
                0x00000000       0x14 .\CortexM0\ARM_GCC_541\Debug\LWO3.a(ROW_3.o)
 .data          0x00000000        0x0 .\CortexM0\ARM_GCC_541\Debug\LWO3.a(CyBootAsmGnu.o)
 .bss           0x00000000        0x0 .\CortexM0\ARM_GCC_541\Debug\LWO3.a(CyBootAsmGnu.o)
 .data          0x00000000        0x0 .\CortexM0\ARM_GCC_541\Debug\LWO3.a(SW_Tx_UART_AsmGnu.o)
 .bss           0x00000000        0x0 .\CortexM0\ARM_GCC_541\Debug\LWO3.a(SW_Tx_UART_AsmGnu.o)
 .data          0x00000000        0x0 c:/program files (x86)/cypress/psoc creator/4.4/psoc creator/import/gnu/arm/5.4.1/bin/../lib/gcc/arm-none-eabi/5.4.1/armv6-m\libgcc.a(_udivsi3.o)
 .bss           0x00000000        0x0 c:/program files (x86)/cypress/psoc creator/4.4/psoc creator/import/gnu/arm/5.4.1/bin/../lib/gcc/arm-none-eabi/5.4.1/armv6-m\libgcc.a(_udivsi3.o)
 .data          0x00000000        0x0 c:/program files (x86)/cypress/psoc creator/4.4/psoc creator/import/gnu/arm/5.4.1/bin/../lib/gcc/arm-none-eabi/5.4.1/armv6-m\libgcc.a(_dvmd_tls.o)
 .bss           0x00000000        0x0 c:/program files (x86)/cypress/psoc creator/4.4/psoc creator/import/gnu/arm/5.4.1/bin/../lib/gcc/arm-none-eabi/5.4.1/armv6-m\libgcc.a(_dvmd_tls.o)
 .text          0x00000000        0x0 c:/program files (x86)/cypress/psoc creator/4.4/psoc creator/import/gnu/arm/5.4.1/bin/../lib/gcc/arm-none-eabi/5.4.1/../../../../arm-none-eabi/lib/armv6-m\libg_nano.a(lib_a-errno.o)
 .data          0x00000000        0x0 c:/program files (x86)/cypress/psoc creator/4.4/psoc creator/import/gnu/arm/5.4.1/bin/../lib/gcc/arm-none-eabi/5.4.1/../../../../arm-none-eabi/lib/armv6-m\libg_nano.a(lib_a-errno.o)
 .bss           0x00000000        0x0 c:/program files (x86)/cypress/psoc creator/4.4/psoc creator/import/gnu/arm/5.4.1/bin/../lib/gcc/arm-none-eabi/5.4.1/../../../../arm-none-eabi/lib/armv6-m\libg_nano.a(lib_a-errno.o)
 .text          0x00000000        0x0 c:/program files (x86)/cypress/psoc creator/4.4/psoc creator/import/gnu/arm/5.4.1/bin/../lib/gcc/arm-none-eabi/5.4.1/../../../../arm-none-eabi/lib/armv6-m\libg_nano.a(lib_a-exit.o)
 .data          0x00000000        0x0 c:/program files (x86)/cypress/psoc creator/4.4/psoc creator/import/gnu/arm/5.4.1/bin/../lib/gcc/arm-none-eabi/5.4.1/../../../../arm-none-eabi/lib/armv6-m\libg_nano.a(lib_a-exit.o)
 .bss           0x00000000        0x0 c:/program files (x86)/cypress/psoc creator/4.4/psoc creator/import/gnu/arm/5.4.1/bin/../lib/gcc/arm-none-eabi/5.4.1/../../../../arm-none-eabi/lib/armv6-m\libg_nano.a(lib_a-exit.o)
 .text.exit     0x00000000       0x2c c:/program files (x86)/cypress/psoc creator/4.4/psoc creator/import/gnu/arm/5.4.1/bin/../lib/gcc/arm-none-eabi/5.4.1/../../../../arm-none-eabi/lib/armv6-m\libg_nano.a(lib_a-exit.o)
 .text          0x00000000        0x0 c:/program files (x86)/cypress/psoc creator/4.4/psoc creator/import/gnu/arm/5.4.1/bin/../lib/gcc/arm-none-eabi/5.4.1/../../../../arm-none-eabi/lib/armv6-m\libg_nano.a(lib_a-impure.o)
 .data          0x00000000        0x0 c:/program files (x86)/cypress/psoc creator/4.4/psoc creator/import/gnu/arm/5.4.1/bin/../lib/gcc/arm-none-eabi/5.4.1/../../../../arm-none-eabi/lib/armv6-m\libg_nano.a(lib_a-impure.o)
 .bss           0x00000000        0x0 c:/program files (x86)/cypress/psoc creator/4.4/psoc creator/import/gnu/arm/5.4.1/bin/../lib/gcc/arm-none-eabi/5.4.1/../../../../arm-none-eabi/lib/armv6-m\libg_nano.a(lib_a-impure.o)
 .rodata._global_impure_ptr
                0x00000000        0x4 c:/program files (x86)/cypress/psoc creator/4.4/psoc creator/import/gnu/arm/5.4.1/bin/../lib/gcc/arm-none-eabi/5.4.1/../../../../arm-none-eabi/lib/armv6-m\libg_nano.a(lib_a-impure.o)
 .text          0x00000000        0x0 c:/program files (x86)/cypress/psoc creator/4.4/psoc creator/import/gnu/arm/5.4.1/bin/../lib/gcc/arm-none-eabi/5.4.1/../../../../arm-none-eabi/lib/armv6-m\libg_nano.a(lib_a-init.o)
 .data          0x00000000        0x0 c:/program files (x86)/cypress/psoc creator/4.4/psoc creator/import/gnu/arm/5.4.1/bin/../lib/gcc/arm-none-eabi/5.4.1/../../../../arm-none-eabi/lib/armv6-m\libg_nano.a(lib_a-init.o)
 .bss           0x00000000        0x0 c:/program files (x86)/cypress/psoc creator/4.4/psoc creator/import/gnu/arm/5.4.1/bin/../lib/gcc/arm-none-eabi/5.4.1/../../../../arm-none-eabi/lib/armv6-m\libg_nano.a(lib_a-init.o)
 .text          0x00000000        0x0 c:/program files (x86)/cypress/psoc creator/4.4/psoc creator/import/gnu/arm/5.4.1/bin/../lib/gcc/arm-none-eabi/5.4.1/../../../../arm-none-eabi/lib/armv6-m\libg_nano.a(lib_a-memset.o)
 .data          0x00000000        0x0 c:/program files (x86)/cypress/psoc creator/4.4/psoc creator/import/gnu/arm/5.4.1/bin/../lib/gcc/arm-none-eabi/5.4.1/../../../../arm-none-eabi/lib/armv6-m\libg_nano.a(lib_a-memset.o)
 .bss           0x00000000        0x0 c:/program files (x86)/cypress/psoc creator/4.4/psoc creator/import/gnu/arm/5.4.1/bin/../lib/gcc/arm-none-eabi/5.4.1/../../../../arm-none-eabi/lib/armv6-m\libg_nano.a(lib_a-memset.o)
 .text          0x00000000        0x0 c:/program files (x86)/cypress/psoc creator/4.4/psoc creator/import/gnu/arm/5.4.1/bin/../lib/gcc/arm-none-eabi/5.4.1/armv6-m/crtend.o
 .data          0x00000000        0x0 c:/program files (x86)/cypress/psoc creator/4.4/psoc creator/import/gnu/arm/5.4.1/bin/../lib/gcc/arm-none-eabi/5.4.1/armv6-m/crtend.o
 .bss           0x00000000        0x0 c:/program files (x86)/cypress/psoc creator/4.4/psoc creator/import/gnu/arm/5.4.1/bin/../lib/gcc/arm-none-eabi/5.4.1/armv6-m/crtend.o
 .text          0x00000000        0x0 c:/program files (x86)/cypress/psoc creator/4.4/psoc creator/import/gnu/arm/5.4.1/bin/../lib/gcc/arm-none-eabi/5.4.1/armv6-m/crtn.o
 .data          0x00000000        0x0 c:/program files (x86)/cypress/psoc creator/4.4/psoc creator/import/gnu/arm/5.4.1/bin/../lib/gcc/arm-none-eabi/5.4.1/armv6-m/crtn.o
 .bss           0x00000000        0x0 c:/program files (x86)/cypress/psoc creator/4.4/psoc creator/import/gnu/arm/5.4.1/bin/../lib/gcc/arm-none-eabi/5.4.1/armv6-m/crtn.o

Memory Configuration

Name             Origin             Length             Attributes
rom              0x00000000         0x00008000         xr
ram              0x20000000         0x00001000         xrw
*default*        0x00000000         0xffffffff

Linker script and memory map

LOAD c:/program files (x86)/cypress/psoc creator/4.4/psoc creator/import/gnu/arm/5.4.1/bin/../lib/gcc/arm-none-eabi/5.4.1/armv6-m/crti.o
LOAD c:/program files (x86)/cypress/psoc creator/4.4/psoc creator/import/gnu/arm/5.4.1/bin/../lib/gcc/arm-none-eabi/5.4.1/armv6-m/crtbegin.o
LOAD c:/program files (x86)/cypress/psoc creator/4.4/psoc creator/import/gnu/arm/5.4.1/bin/../lib/gcc/arm-none-eabi/5.4.1/../../../../arm-none-eabi/lib/armv6-m/crt0.o
START GROUP
LOAD .\CortexM0\ARM_GCC_541\Debug\main.o
LOAD .\CortexM0\ARM_GCC_541\Debug\cyfitter_cfg.o
LOAD .\CortexM0\ARM_GCC_541\Debug\cymetadata.o
LOAD .\CortexM0\ARM_GCC_541\Debug\Cm0Start.o
LOAD .\CortexM0\ARM_GCC_541\Debug\LWO3.a
END GROUP
START GROUP
LOAD c:/program files (x86)/cypress/psoc creator/4.4/psoc creator/import/gnu/arm/5.4.1/bin/../lib/gcc/arm-none-eabi/5.4.1/armv6-m\libgcc.a
LOAD c:/program files (x86)/cypress/psoc creator/4.4/psoc creator/import/gnu/arm/5.4.1/bin/../lib/gcc/arm-none-eabi/5.4.1/../../../../arm-none-eabi/lib/armv6-m\libg_nano.a
LOAD c:/program files (x86)/cypress/psoc creator/4.4/psoc creator/import/gnu/arm/5.4.1/bin/../lib/gcc/arm-none-eabi/5.4.1/../../../../arm-none-eabi/lib/armv6-m\libc_nano.a
END GROUP
START GROUP
LOAD c:/program files (x86)/cypress/psoc creator/4.4/psoc creator/import/gnu/arm/5.4.1/bin/../lib/gcc/arm-none-eabi/5.4.1/armv6-m\libgcc.a
LOAD c:/program files (x86)/cypress/psoc creator/4.4/psoc creator/import/gnu/arm/5.4.1/bin/../lib/gcc/arm-none-eabi/5.4.1/../../../../arm-none-eabi/lib/armv6-m\libc_nano.a
END GROUP
LOAD c:/program files (x86)/cypress/psoc creator/4.4/psoc creator/import/gnu/arm/5.4.1/bin/../lib/gcc/arm-none-eabi/5.4.1/armv6-m/crtend.o
LOAD c:/program files (x86)/cypress/psoc creator/4.4/psoc creator/import/gnu/arm/5.4.1/bin/../lib/gcc/arm-none-eabi/5.4.1/armv6-m/crtn.o
START GROUP
LOAD c:/program files (x86)/cypress/psoc creator/4.4/psoc creator/import/gnu/arm/5.4.1/bin/../lib/gcc/arm-none-eabi/5.4.1/armv6-m\libgcc.a
LOAD c:/program files (x86)/cypress/psoc creator/4.4/psoc creator/import/gnu/arm/5.4.1/bin/../lib/gcc/arm-none-eabi/5.4.1/../../../../arm-none-eabi/lib/armv6-m\libc.a
LOAD c:/program files (x86)/cypress/psoc creator/4.4/psoc creator/import/gnu/arm/5.4.1/bin/../lib/gcc/arm-none-eabi/5.4.1/../../../../arm-none-eabi/lib/armv6-m\libnosys.a
END GROUP
                0x00000000                CY_APPL_ORIGIN = 0x0
                0x00000080                CY_FLASH_ROW_SIZE = 0x80
                0x00000001                CY_APPL_NUM = 0x1
                0x00000001                CY_APPL_MAX = 0x1
                0x00000040                CY_METADATA_SIZE = 0x40
                0x00000000                CY_APPL_LOADABLE = 0x0
                0x00000000                CY_CHECKSUM_EXCLUDE_SIZE = ALIGN (0x0, CY_FLASH_ROW_SIZE)
                0x00000000                CY_APP_FOR_STACK_AND_COPIER = 0x0
                [!provide]                PROVIDE (__cy_heap_start, _end)
                0x00000001                PROVIDE (__cy_region_num, ((__cy_regions_end - __cy_regions) / 0x10))
                0x20001000                PROVIDE (__cy_stack, (ORIGIN (ram) + LENGTH (ram)))
                [!provide]                PROVIDE (__cy_heap_end, (__cy_stack - 0x400))

.cybootloader   0x00000000        0x0
 *(.cybootloader)
                0x00000000                appl1_start = CY_APPL_ORIGIN?CY_APPL_ORIGIN:ALIGN (CY_FLASH_ROW_SIZE)
                0x00003f80                appl2_start = (appl1_start + ALIGN ((((LENGTH (rom) - appl1_start) - (0x2 * CY_FLASH_ROW_SIZE)) / 0x2), CY_FLASH_ROW_SIZE))
                0x00000000                appl_start = (CY_APPL_NUM == 0x1)?appl1_start:appl2_start
                0x00000001                cy_project_type_bootloader = (appl_start == 0x0)?0x1:0x0
                0x00000000                cy_project_type_app_for_stack_and_copier = (CY_APP_FOR_STACK_AND_COPIER == 0x1)?0x1:0x0

.text           0x00000000      0xc94
 CREATE_OBJECT_SYMBOLS
                0x00000000                PROVIDE (__cy_interrupt_vector, RomVectors)
 *(.romvectors)
 .romvectors    0x00000000       0x10 .\CortexM0\ARM_GCC_541\Debug\Cm0Start.o
                0x00000000                RomVectors
                0x00000001                ASSERT ((. != __cy_interrupt_vector), No interrupt vector)
                0x00000001                ASSERT (CY_APPL_ORIGIN?(SIZEOF (.cybootloader) <= CY_APPL_ORIGIN):0x1, Wrong image location)
                0x00000010                PROVIDE (__cy_reset, Reset)
 *(.text.Reset)
 .text.Reset    0x00000010        0x8 .\CortexM0\ARM_GCC_541\Debug\Cm0Start.o
                0x00000010                Reset
                0x00000001                ASSERT ((. != __cy_reset), No reset code)
 *(.psocinit)
 .psocinit      0x00000018      0x124 .\CortexM0\ARM_GCC_541\Debug\cyfitter_cfg.o
                0x00000074                cyfitter_cfg
                0x0000013c                . = MAX (., 0x100)
 *(.text .text.* .gnu.linkonce.t.*)
 .text          0x0000013c       0x60 c:/program files (x86)/cypress/psoc creator/4.4/psoc creator/import/gnu/arm/5.4.1/bin/../lib/gcc/arm-none-eabi/5.4.1/armv6-m/crtbegin.o
 .text.initMatrix
                0x0000019c       0x1c .\CortexM0\ARM_GCC_541\Debug\main.o
 .text.readMatrix
                0x000001b8       0x50 .\CortexM0\ARM_GCC_541\Debug\main.o
 .text.printButtonName
                0x00000208       0xa8 .\CortexM0\ARM_GCC_541\Debug\main.o
 .text.setLEDColor
                0x000002b0       0xa0 .\CortexM0\ARM_GCC_541\Debug\main.o
 .text.checkPassword
                0x00000350       0x7c .\CortexM0\ARM_GCC_541\Debug\main.o
 .text.main     0x000003cc      0x124 .\CortexM0\ARM_GCC_541\Debug\main.o
                0x000003cc                main
 .text.CYMEMZERO
                0x000004f0        0xc .\CortexM0\ARM_GCC_541\Debug\cyfitter_cfg.o
 .text.IntDefaultHandler
                0x000004fc       0x10 .\CortexM0\ARM_GCC_541\Debug\Cm0Start.o
                0x000004fc                IntDefaultHandler
 .text.Start_c  0x0000050c       0x48 .\CortexM0\ARM_GCC_541\Debug\Cm0Start.o
                0x0000050c                Start_c
 .text.initialize_psoc
                0x00000554       0x40 .\CortexM0\ARM_GCC_541\Debug\Cm0Start.o
                0x00000554                initialize_psoc
 .text.CyIntEnable
                0x00000594       0x14 .\CortexM0\ARM_GCC_541\Debug\LWO3.a(CyLib.o)
                0x00000594                CyIntEnable
 .text.CyHalt   0x000005a8        0x4 .\CortexM0\ARM_GCC_541\Debug\LWO3.a(CyLib.o)
                0x000005a8                CyHalt
 .text.CyIntSetVector
                0x000005ac       0x24 .\CortexM0\ARM_GCC_541\Debug\LWO3.a(CyLib.o)
                0x000005ac                CyIntSetVector
 .text.CyDelay  0x000005d0       0x30 .\CortexM0\ARM_GCC_541\Debug\LWO3.a(CyLib.o)
                0x000005d0                CyDelay
 .text.CyDelayUs
                0x00000600       0x14 .\CortexM0\ARM_GCC_541\Debug\LWO3.a(CyLib.o)
                0x00000600                CyDelayUs
 .text.CySysClkWriteImoFreq
                0x00000614      0x164 .\CortexM0\ARM_GCC_541\Debug\LWO3.a(CyLib.o)
                0x00000614                CySysClkWriteImoFreq
 .text.CySysWdtLocked
                0x00000778       0x14 .\CortexM0\ARM_GCC_541\Debug\LWO3.a(CyLFClk.o)
 .text.CySysWdtLock
                0x0000078c       0x1c .\CortexM0\ARM_GCC_541\Debug\LWO3.a(CyLFClk.o)
                0x0000078c                CySysWdtLock
 .text.CySysWdtUnlock
                0x000007a8       0x30 .\CortexM0\ARM_GCC_541\Debug\LWO3.a(CyLFClk.o)
                0x000007a8                CySysWdtUnlock
 .text.CySysWdtClearInterrupt
                0x000007d8       0x4c .\CortexM0\ARM_GCC_541\Debug\LWO3.a(CyLFClk.o)
                0x000007d8                CySysWdtClearInterrupt
 .text.CySysWdtIsr
                0x00000824       0xa4 .\CortexM0\ARM_GCC_541\Debug\LWO3.a(CyLFClk.o)
                0x00000824                CySysWdtIsr
 .text.LED_R_Write
                0x000008c8       0x18 .\CortexM0\ARM_GCC_541\Debug\LWO3.a(LED_R.o)
                0x000008c8                LED_R_Write
 .text.LED_G_Write
                0x000008e0       0x18 .\CortexM0\ARM_GCC_541\Debug\LWO3.a(LED_G.o)
                0x000008e0                LED_G_Write
 .text.LED_B_Write
                0x000008f8       0x18 .\CortexM0\ARM_GCC_541\Debug\LWO3.a(LED_B.o)
                0x000008f8                LED_B_Write
 .text.SW_Tx_UART_Start
                0x00000910        0x4 .\CortexM0\ARM_GCC_541\Debug\LWO3.a(SW_Tx_UART.o)
                0x00000910                SW_Tx_UART_Start
 .text.SW_Tx_UART_PutString
                0x00000914       0x1c .\CortexM0\ARM_GCC_541\Debug\LWO3.a(SW_Tx_UART.o)
                0x00000914                SW_Tx_UART_PutString
 .text.SW_Tx_UART_PutCRLF
                0x00000930       0x10 .\CortexM0\ARM_GCC_541\Debug\LWO3.a(SW_Tx_UART.o)
                0x00000930                SW_Tx_UART_PutCRLF
 .text.COLUMN_0_SetDriveMode
                0x00000940       0x14 .\CortexM0\ARM_GCC_541\Debug\LWO3.a(COLUMN_0.o)
                0x00000940                COLUMN_0_SetDriveMode
 .text.COLUMN_0_Write
                0x00000954       0x18 .\CortexM0\ARM_GCC_541\Debug\LWO3.a(COLUMN_0.o)
                0x00000954                COLUMN_0_Write
 .text.COLUMN_1_SetDriveMode
                0x0000096c       0x14 .\CortexM0\ARM_GCC_541\Debug\LWO3.a(COLUMN_1.o)
                0x0000096c                COLUMN_1_SetDriveMode
 .text.COLUMN_1_Write
                0x00000980       0x18 .\CortexM0\ARM_GCC_541\Debug\LWO3.a(COLUMN_1.o)
                0x00000980                COLUMN_1_Write
 .text.COLUMN_2_SetDriveMode
                0x00000998       0x14 .\CortexM0\ARM_GCC_541\Debug\LWO3.a(COLUMN_2.o)
                0x00000998                COLUMN_2_SetDriveMode
 .text.COLUMN_2_Write
                0x000009ac       0x18 .\CortexM0\ARM_GCC_541\Debug\LWO3.a(COLUMN_2.o)
                0x000009ac                COLUMN_2_Write
 .text.ROW_0_Read
                0x000009c4       0x10 .\CortexM0\ARM_GCC_541\Debug\LWO3.a(ROW_0.o)
                0x000009c4                ROW_0_Read
 .text.ROW_1_Read
                0x000009d4       0x10 .\CortexM0\ARM_GCC_541\Debug\LWO3.a(ROW_1.o)
                0x000009d4                ROW_1_Read
 .text.ROW_2_Read
                0x000009e4       0x10 .\CortexM0\ARM_GCC_541\Debug\LWO3.a(ROW_2.o)
                0x000009e4                ROW_2_Read
 .text.ROW_3_Read
                0x000009f4       0x10 .\CortexM0\ARM_GCC_541\Debug\LWO3.a(ROW_3.o)
                0x000009f4                ROW_3_Read
 *fill*         0x00000a04        0x4 
 .text          0x00000a08       0x24 .\CortexM0\ARM_GCC_541\Debug\LWO3.a(CyBootAsmGnu.o)
                0x00000a08                CyDelayCycles
                0x00000a1c                CyEnterCriticalSection
                0x00000a24                CyExitCriticalSection
 *fill*         0x00000a2c       0x14 
 .text          0x00000a40       0xd4 .\CortexM0\ARM_GCC_541\Debug\LWO3.a(SW_Tx_UART_AsmGnu.o)
                0x00000a40                SW_Tx_UART_PutChar
 .text          0x00000b14      0x114 c:/program files (x86)/cypress/psoc creator/4.4/psoc creator/import/gnu/arm/5.4.1/bin/../lib/gcc/arm-none-eabi/5.4.1/armv6-m\libgcc.a(_udivsi3.o)
                0x00000b14                __aeabi_uidiv
                0x00000b14                __udivsi3
                0x00000c20                __aeabi_uidivmod
 .text          0x00000c28        0x4 c:/program files (x86)/cypress/psoc creator/4.4/psoc creator/import/gnu/arm/5.4.1/bin/../lib/gcc/arm-none-eabi/5.4.1/armv6-m\libgcc.a(_dvmd_tls.o)
                0x00000c28                __aeabi_idiv0
                0x00000c28                __aeabi_ldiv0
 .text.__errno  0x00000c2c        0xc c:/program files (x86)/cypress/psoc creator/4.4/psoc creator/import/gnu/arm/5.4.1/bin/../lib/gcc/arm-none-eabi/5.4.1/../../../../arm-none-eabi/lib/armv6-m\libg_nano.a(lib_a-errno.o)
                0x00000c2c                __errno
 .text.__libc_init_array
                0x00000c38       0x4c c:/program files (x86)/cypress/psoc creator/4.4/psoc creator/import/gnu/arm/5.4.1/bin/../lib/gcc/arm-none-eabi/5.4.1/../../../../arm-none-eabi/lib/armv6-m\libg_nano.a(lib_a-init.o)
                0x00000c38                __libc_init_array
 .text.memset   0x00000c84       0x10 c:/program files (x86)/cypress/psoc creator/4.4/psoc creator/import/gnu/arm/5.4.1/bin/../lib/gcc/arm-none-eabi/5.4.1/../../../../arm-none-eabi/lib/armv6-m\libg_nano.a(lib_a-memset.o)
                0x00000c84                memset
 *(.plt)
 *(.gnu.warning)
 *(.glue_7t)
 .glue_7t       0x00000c94        0x0 linker stubs
 *(.glue_7)
 .glue_7        0x00000c94        0x0 linker stubs
 *(.vfp11_veneer)
 .vfp11_veneer  0x00000c94        0x0 linker stubs
 *(.bootloader)
 *(.ARM.extab* .gnu.linkonce.armextab.*)
 *(.gcc_except_table)

.v4_bx          0x00000c94        0x0
 .v4_bx         0x00000c94        0x0 linker stubs

.iplt           0x00000c94        0x0
 .iplt          0x00000c94        0x0 c:/program files (x86)/cypress/psoc creator/4.4/psoc creator/import/gnu/arm/5.4.1/bin/../lib/gcc/arm-none-eabi/5.4.1/armv6-m/crtbegin.o

.eh_frame_hdr
 *(.eh_frame_hdr)

.eh_frame       0x00000c94        0x4
 *(.eh_frame)
 .eh_frame      0x00000c94        0x0 c:/program files (x86)/cypress/psoc creator/4.4/psoc creator/import/gnu/arm/5.4.1/bin/../lib/gcc/arm-none-eabi/5.4.1/armv6-m/crtbegin.o
 .eh_frame      0x00000c94        0x4 c:/program files (x86)/cypress/psoc creator/4.4/psoc creator/import/gnu/arm/5.4.1/bin/../lib/gcc/arm-none-eabi/5.4.1/armv6-m/crtend.o
                [!provide]                PROVIDE (__exidx_start, .)

.ARM.exidx
 *(.ARM.exidx* .gnu.linkonce.armexidx.*)
                0x00000c98                __exidx_end = .

.rodata         0x00000c98      0x240
 *(.rodata .rodata.* .gnu.linkonce.r.*)
 .rodata        0x00000c98       0x8b .\CortexM0\ARM_GCC_541\Debug\main.o
 *fill*         0x00000d23        0x1 
 .rodata.str1.4
                0x00000d24      0x144 .\CortexM0\ARM_GCC_541\Debug\main.o
                                0x141 (size before relaxing)
 .rodata        0x00000e68        0xc .\CortexM0\ARM_GCC_541\Debug\cyfitter_cfg.o
 .rodata        0x00000e74       0x2e .\CortexM0\ARM_GCC_541\Debug\LWO3.a(CyLib.o)
                0x00000e74                cyImoFreqMhz2Reg
 .rodata.str1.1
                0x00000ea2        0x2 c:/program files (x86)/cypress/psoc creator/4.4/psoc creator/import/gnu/arm/5.4.1/bin/../lib/gcc/arm-none-eabi/5.4.1/../../../../arm-none-eabi/lib/armv6-m\libg_nano.a(lib_a-impure.o)
                0x00000ea4                . = ALIGN (0x4)
 *(.init)
 .init          0x00000ea4        0x4 c:/program files (x86)/cypress/psoc creator/4.4/psoc creator/import/gnu/arm/5.4.1/bin/../lib/gcc/arm-none-eabi/5.4.1/armv6-m/crti.o
                0x00000ea4                _init
 .init          0x00000ea8        0x8 c:/program files (x86)/cypress/psoc creator/4.4/psoc creator/import/gnu/arm/5.4.1/bin/../lib/gcc/arm-none-eabi/5.4.1/armv6-m/crtn.o
                0x00000eb0                . = ALIGN (0x4)
                0x00000eb0                __preinit_array_start = .
 *(.preinit_array)
                0x00000eb0                __preinit_array_end = .
                0x00000eb0                . = ALIGN (0x4)
                0x00000eb0                __init_array_start = .
 *(SORT(.init_array.*))
 *(.init_array)
 .init_array    0x00000eb0        0x4 c:/program files (x86)/cypress/psoc creator/4.4/psoc creator/import/gnu/arm/5.4.1/bin/../lib/gcc/arm-none-eabi/5.4.1/armv6-m/crtbegin.o
 .init_array    0x00000eb4        0x4 .\CortexM0\ARM_GCC_541\Debug\Cm0Start.o
                0x00000eb8                __init_array_end = .
                0x00000eb8                . = ALIGN (0x4)
 *(.fini)
 .fini          0x00000eb8        0x4 c:/program files (x86)/cypress/psoc creator/4.4/psoc creator/import/gnu/arm/5.4.1/bin/../lib/gcc/arm-none-eabi/5.4.1/armv6-m/crti.o
                0x00000eb8                _fini
 .fini          0x00000ebc        0x8 c:/program files (x86)/cypress/psoc creator/4.4/psoc creator/import/gnu/arm/5.4.1/bin/../lib/gcc/arm-none-eabi/5.4.1/armv6-m/crtn.o
                0x00000ec4                . = ALIGN (0x4)
                0x00000ec4                __fini_array_start = .
 *(.fini_array)
 .fini_array    0x00000ec4        0x4 c:/program files (x86)/cypress/psoc creator/4.4/psoc creator/import/gnu/arm/5.4.1/bin/../lib/gcc/arm-none-eabi/5.4.1/armv6-m/crtbegin.o
 *(SORT(.fini_array.*))
                0x00000ec8                __fini_array_end = .
                0x00000ec8                . = ALIGN (0x4)
 *crtbegin.o(.ctors)
 *(EXCLUDE_FILE(*crtend.o) .ctors)
 *(SORT(.ctors.*))
 *crtend.o(.ctors)
                0x00000ec8                . = ALIGN (0x4)
 *crtbegin.o(.dtors)
 *(EXCLUDE_FILE(*crtend.o) .dtors)
 *(SORT(.dtors.*))
 *crtend.o(.dtors)
                0x00000ec8                . = ALIGN (0x4)
                0x00000ec8                __cy_regions = .
                0x00000ec8        0x4 LONG 0xed8 __cy_region_init_ram
                0x00000ecc        0x4 LONG 0x200000c0 __cy_region_start_data
                0x00000ed0        0x4 LONG 0xa0 __cy_region_init_size_ram
                0x00000ed4        0x4 LONG 0x40 __cy_region_zero_size_ram
                0x00000ed8                __cy_regions_end = .
                0x00000ed8                . = ALIGN (0x8)
                0x00000ed8                _etext = .

.cy_checksum_exclude
                0x00000ed8        0x0
 *(.cy_checksum_exclude)

.ramvectors     0x20000000       0xc0
                0x20000000                __cy_region_start_ram = .
 *(.ramvectors)
 .ramvectors    0x20000000       0xc0 .\CortexM0\ARM_GCC_541\Debug\Cm0Start.o
                0x20000000                CyRamVectors

.noinit
 *(.noinit)

.data           0x200000c0       0xa0 load address 0x00000ed8
                0x200000c0                __cy_region_start_data = .
 *(.jcr)
 .jcr           0x200000c0        0x0 c:/program files (x86)/cypress/psoc creator/4.4/psoc creator/import/gnu/arm/5.4.1/bin/../lib/gcc/arm-none-eabi/5.4.1/armv6-m/crtbegin.o
 .jcr           0x200000c0        0x4 c:/program files (x86)/cypress/psoc creator/4.4/psoc creator/import/gnu/arm/5.4.1/bin/../lib/gcc/arm-none-eabi/5.4.1/armv6-m/crtend.o
 *(.got.plt)
 *(.got)
 *(.shdata)
 *(.data .data.* .gnu.linkonce.d.*)
 .data          0x200000c4        0xd .\CortexM0\ARM_GCC_541\Debug\main.o
 *fill*         0x200000d1        0x3 
 .data          0x200000d4       0x14 .\CortexM0\ARM_GCC_541\Debug\LWO3.a(CyLib.o)
                0x200000d4                CySysClkPumpConfig
                0x200000d8                cydelay32kMs
                0x200000dc                cydelayFreqKhz
                0x200000e0                cydelayFreqMhz
                0x200000e4                cydelayFreqHz
 .data          0x200000e8        0x4 .\CortexM0\ARM_GCC_541\Debug\LWO3.a(CyLFClk.o)
 .data          0x200000ec        0xc .\CortexM0\ARM_GCC_541\Debug\LWO3.a(SW_Tx_UART.o)
                0x200000ec                SW_Tx_UART_pinDrAdress
                0x200000f0                SW_Tx_UART_pinPortNumber
                0x200000f4                SW_Tx_UART_pinNumber
 .data.impure_data
                0x200000f8       0x60 c:/program files (x86)/cypress/psoc creator/4.4/psoc creator/import/gnu/arm/5.4.1/bin/../lib/gcc/arm-none-eabi/5.4.1/../../../../arm-none-eabi/lib/armv6-m\libg_nano.a(lib_a-impure.o)
 .data._impure_ptr
                0x20000158        0x4 c:/program files (x86)/cypress/psoc creator/4.4/psoc creator/import/gnu/arm/5.4.1/bin/../lib/gcc/arm-none-eabi/5.4.1/../../../../arm-none-eabi/lib/armv6-m\libg_nano.a(lib_a-impure.o)
                0x20000158                _impure_ptr
                0x20000160                . = ALIGN (0x8)
 *fill*         0x2000015c        0x4 
 *(.ram)
                0x20000160                _edata = .

.igot.plt       0x20000160        0x0 load address 0x00000f78
 .igot.plt      0x20000160        0x0 c:/program files (x86)/cypress/psoc creator/4.4/psoc creator/import/gnu/arm/5.4.1/bin/../lib/gcc/arm-none-eabi/5.4.1/armv6-m/crtbegin.o

.bss            0x20000160       0x40 load address 0x00000f78
                0x20000160                PROVIDE (__bss_start__, .)
 *(.shbss)
 *(.bss .bss.* .gnu.linkonce.b.*)
 .bss           0x20000160       0x1c c:/program files (x86)/cypress/psoc creator/4.4/psoc creator/import/gnu/arm/5.4.1/bin/../lib/gcc/arm-none-eabi/5.4.1/armv6-m/crtbegin.o
 .bss           0x2000017c        0x4 .\CortexM0\ARM_GCC_541\Debug\main.o
 .bss           0x20000180       0x20 .\CortexM0\ARM_GCC_541\Debug\LWO3.a(CyLFClk.o)
 *(COMMON)
                0x200001a0                . = ALIGN (0x8)
 *(.ram.b)
                0x200001a0                _end = .
                0x200001a0                __end = .
                0x200001a0                PROVIDE (end, .)
                0x200001a0                PROVIDE (__bss_end__, .)
                0x00000ed8                __cy_region_init_ram = LOADADDR (.data)
                0x000000a0                __cy_region_init_size_ram = (_edata - ADDR (.data))
                0x00000040                __cy_region_zero_size_ram = (_end - _edata)

.heap           0x200001a0       0x80 load address 0x00000f78
                0x200001a0                . = _end
                0x20000220                . = (. + 0x80)
 *fill*         0x200001a0       0x80 
                0x20000220                __cy_heap_limit = .

.stack          0x20000c00      0x400
                0x20000c00                __cy_stack_limit = .
                0x20001000                . = (. + 0x400)
 *fill*         0x20000c00      0x400 
                0x00000001                ASSERT ((__cy_stack_limit >= __cy_heap_limit), region RAM overflowed with stack)
                0x00000000                cy_checksum_exclude_size = (CY_APPL_LOADABLE == 0x1)?SIZEOF (.cy_checksum_exclude):0x0
                0x00000001                ASSERT ((cy_checksum_exclude_size <= CY_CHECKSUM_EXCLUDE_SIZE), CY_BOOT: Section .cy_checksum_exclude size exceedes specified limit.)
                0x00007fc0                cyloadermeta_start = (cy_project_type_bootloader || cy_project_type_app_for_stack_and_copier)?(LENGTH (rom) - CY_METADATA_SIZE):0xf0000000

.cyloadermeta
 *(.cyloadermeta)
                0x00007fc0                cyloadablemeta_start = cy_project_type_app_for_stack_and_copier?((LENGTH (rom) - CY_FLASH_ROW_SIZE) - CY_METADATA_SIZE):((LENGTH (rom) - (CY_FLASH_ROW_SIZE * (CY_APPL_NUM - 0x1))) - CY_METADATA_SIZE)

.cyloadablemeta
 *(.cyloadablemeta)

.cyflashprotect
                0x90400000       0x20
 *(.cyflashprotect)
 .cyflashprotect
                0x90400000       0x20 .\CortexM0\ARM_GCC_541\Debug\cymetadata.o
                0x90400000                cy_meta_flashprotect

.cymeta         0x90500000        0xc
 *(.cymeta)
 .cymeta        0x90500000        0xc .\CortexM0\ARM_GCC_541\Debug\cymetadata.o
                0x90500000                cy_metadata

.cychipprotect  0x90600000        0x1
 *(.cychipprotect)
 .cychipprotect
                0x90600000        0x1 .\CortexM0\ARM_GCC_541\Debug\cymetadata.o
                0x90600000                cy_meta_chipprotect

.rel.dyn        0x00000f78        0x0 load address 0x90600004
 .rel.iplt      0x00000f78        0x0 c:/program files (x86)/cypress/psoc creator/4.4/psoc creator/import/gnu/arm/5.4.1/bin/../lib/gcc/arm-none-eabi/5.4.1/armv6-m/crtbegin.o

.stab
 *(.stab)

.stabstr
 *(.stabstr)

.debug
 *(.debug)

.line
 *(.line)

.debug_srcinfo
 *(.debug_srcinfo)

.debug_sfnames
 *(.debug_sfnames)

.debug_aranges  0x00000000      0x6f0
 *(.debug_aranges)
 .debug_aranges
                0x00000000       0x48 .\CortexM0\ARM_GCC_541\Debug\main.o
 .debug_aranges
                0x00000048       0x30 .\CortexM0\ARM_GCC_541\Debug\cyfitter_cfg.o
 .debug_aranges
                0x00000078       0x18 .\CortexM0\ARM_GCC_541\Debug\cymetadata.o
 .debug_aranges
                0x00000090       0x48 .\CortexM0\ARM_GCC_541\Debug\Cm0Start.o
 .debug_aranges
                0x000000d8      0x180 .\CortexM0\ARM_GCC_541\Debug\LWO3.a(CyLib.o)
 .debug_aranges
                0x00000258      0x138 .\CortexM0\ARM_GCC_541\Debug\LWO3.a(CyLFClk.o)
 .debug_aranges
                0x00000390       0x48 .\CortexM0\ARM_GCC_541\Debug\LWO3.a(LED_R.o)
 .debug_aranges
                0x000003d8       0x48 .\CortexM0\ARM_GCC_541\Debug\LWO3.a(LED_G.o)
 .debug_aranges
                0x00000420       0x48 .\CortexM0\ARM_GCC_541\Debug\LWO3.a(LED_B.o)
 .debug_aranges
                0x00000468       0x50 .\CortexM0\ARM_GCC_541\Debug\LWO3.a(SW_Tx_UART.o)
 .debug_aranges
                0x000004b8       0x48 .\CortexM0\ARM_GCC_541\Debug\LWO3.a(COLUMN_0.o)
 .debug_aranges
                0x00000500       0x48 .\CortexM0\ARM_GCC_541\Debug\LWO3.a(COLUMN_1.o)
 .debug_aranges
                0x00000548       0x48 .\CortexM0\ARM_GCC_541\Debug\LWO3.a(COLUMN_2.o)
 .debug_aranges
                0x00000590       0x48 .\CortexM0\ARM_GCC_541\Debug\LWO3.a(ROW_0.o)
 .debug_aranges
                0x000005d8       0x48 .\CortexM0\ARM_GCC_541\Debug\LWO3.a(ROW_1.o)
 .debug_aranges
                0x00000620       0x48 .\CortexM0\ARM_GCC_541\Debug\LWO3.a(ROW_2.o)
 .debug_aranges
                0x00000668       0x48 .\CortexM0\ARM_GCC_541\Debug\LWO3.a(ROW_3.o)
 .debug_aranges
                0x000006b0       0x20 .\CortexM0\ARM_GCC_541\Debug\LWO3.a(CyBootAsmGnu.o)
 .debug_aranges
                0x000006d0       0x20 .\CortexM0\ARM_GCC_541\Debug\LWO3.a(SW_Tx_UART_AsmGnu.o)

.debug_pubnames
 *(.debug_pubnames)

.debug_info     0x00000000     0x3bf3
 *(.debug_info .gnu.linkonce.wi.*)
 .debug_info    0x00000000      0x887 .\CortexM0\ARM_GCC_541\Debug\main.o
 .debug_info    0x00000887      0x274 .\CortexM0\ARM_GCC_541\Debug\cyfitter_cfg.o
 .debug_info    0x00000afb       0xf4 .\CortexM0\ARM_GCC_541\Debug\cymetadata.o
 .debug_info    0x00000bef      0x3a2 .\CortexM0\ARM_GCC_541\Debug\Cm0Start.o
 .debug_info    0x00000f91      0xae9 .\CortexM0\ARM_GCC_541\Debug\LWO3.a(CyLib.o)
 .debug_info    0x00001a7a      0xcfa .\CortexM0\ARM_GCC_541\Debug\LWO3.a(CyLFClk.o)
 .debug_info    0x00002774      0x199 .\CortexM0\ARM_GCC_541\Debug\LWO3.a(LED_R.o)
 .debug_info    0x0000290d      0x199 .\CortexM0\ARM_GCC_541\Debug\LWO3.a(LED_G.o)
 .debug_info    0x00002aa6      0x199 .\CortexM0\ARM_GCC_541\Debug\LWO3.a(LED_B.o)
 .debug_info    0x00002c3f      0x2c0 .\CortexM0\ARM_GCC_541\Debug\LWO3.a(SW_Tx_UART.o)
 .debug_info    0x00002eff      0x197 .\CortexM0\ARM_GCC_541\Debug\LWO3.a(COLUMN_0.o)
 .debug_info    0x00003096      0x199 .\CortexM0\ARM_GCC_541\Debug\LWO3.a(COLUMN_1.o)
 .debug_info    0x0000322f      0x197 .\CortexM0\ARM_GCC_541\Debug\LWO3.a(COLUMN_2.o)
 .debug_info    0x000033c6      0x199 .\CortexM0\ARM_GCC_541\Debug\LWO3.a(ROW_0.o)
 .debug_info    0x0000355f      0x199 .\CortexM0\ARM_GCC_541\Debug\LWO3.a(ROW_1.o)
 .debug_info    0x000036f8      0x199 .\CortexM0\ARM_GCC_541\Debug\LWO3.a(ROW_2.o)
 .debug_info    0x00003891      0x199 .\CortexM0\ARM_GCC_541\Debug\LWO3.a(ROW_3.o)
 .debug_info    0x00003a2a       0xe2 .\CortexM0\ARM_GCC_541\Debug\LWO3.a(CyBootAsmGnu.o)
 .debug_info    0x00003b0c       0xe7 .\CortexM0\ARM_GCC_541\Debug\LWO3.a(SW_Tx_UART_AsmGnu.o)

.debug_abbrev   0x00000000     0x11f0
 *(.debug_abbrev)
 .debug_abbrev  0x00000000      0x1a6 .\CortexM0\ARM_GCC_541\Debug\main.o
 .debug_abbrev  0x000001a6      0x14e .\CortexM0\ARM_GCC_541\Debug\cyfitter_cfg.o
 .debug_abbrev  0x000002f4       0x5b .\CortexM0\ARM_GCC_541\Debug\cymetadata.o
 .debug_abbrev  0x0000034f      0x1d7 .\CortexM0\ARM_GCC_541\Debug\Cm0Start.o
 .debug_abbrev  0x00000526      0x1d1 .\CortexM0\ARM_GCC_541\Debug\LWO3.a(CyLib.o)
 .debug_abbrev  0x000006f7      0x20e .\CortexM0\ARM_GCC_541\Debug\LWO3.a(CyLFClk.o)
 .debug_abbrev  0x00000905       0xc6 .\CortexM0\ARM_GCC_541\Debug\LWO3.a(LED_R.o)
 .debug_abbrev  0x000009cb       0xc6 .\CortexM0\ARM_GCC_541\Debug\LWO3.a(LED_G.o)
 .debug_abbrev  0x00000a91       0xc6 .\CortexM0\ARM_GCC_541\Debug\LWO3.a(LED_B.o)
 .debug_abbrev  0x00000b57      0x107 .\CortexM0\ARM_GCC_541\Debug\LWO3.a(SW_Tx_UART.o)
 .debug_abbrev  0x00000c5e       0xc6 .\CortexM0\ARM_GCC_541\Debug\LWO3.a(COLUMN_0.o)
 .debug_abbrev  0x00000d24       0xc6 .\CortexM0\ARM_GCC_541\Debug\LWO3.a(COLUMN_1.o)
 .debug_abbrev  0x00000dea       0xc6 .\CortexM0\ARM_GCC_541\Debug\LWO3.a(COLUMN_2.o)
 .debug_abbrev  0x00000eb0       0xc6 .\CortexM0\ARM_GCC_541\Debug\LWO3.a(ROW_0.o)
 .debug_abbrev  0x00000f76       0xc6 .\CortexM0\ARM_GCC_541\Debug\LWO3.a(ROW_1.o)
 .debug_abbrev  0x0000103c       0xc6 .\CortexM0\ARM_GCC_541\Debug\LWO3.a(ROW_2.o)
 .debug_abbrev  0x00001102       0xc6 .\CortexM0\ARM_GCC_541\Debug\LWO3.a(ROW_3.o)
 .debug_abbrev  0x000011c8       0x14 .\CortexM0\ARM_GCC_541\Debug\LWO3.a(CyBootAsmGnu.o)
 .debug_abbrev  0x000011dc       0x14 .\CortexM0\ARM_GCC_541\Debug\LWO3.a(SW_Tx_UART_AsmGnu.o)

.debug_line     0x00000000     0x1f52
 *(.debug_line)
 .debug_line    0x00000000      0x344 .\CortexM0\ARM_GCC_541\Debug\main.o
 .debug_line    0x00000344      0x17d .\CortexM0\ARM_GCC_541\Debug\cyfitter_cfg.o
 .debug_line    0x000004c1      0x18b .\CortexM0\ARM_GCC_541\Debug\cymetadata.o
 .debug_line    0x0000064c      0x27f .\CortexM0\ARM_GCC_541\Debug\Cm0Start.o
 .debug_line    0x000008cb      0x4aa .\CortexM0\ARM_GCC_541\Debug\LWO3.a(CyLib.o)
 .debug_line    0x00000d75      0x4b0 .\CortexM0\ARM_GCC_541\Debug\LWO3.a(CyLFClk.o)
 .debug_line    0x00001225      0x107 .\CortexM0\ARM_GCC_541\Debug\LWO3.a(LED_R.o)
 .debug_line    0x0000132c      0x107 .\CortexM0\ARM_GCC_541\Debug\LWO3.a(LED_G.o)
 .debug_line    0x00001433      0x107 .\CortexM0\ARM_GCC_541\Debug\LWO3.a(LED_B.o)
 .debug_line    0x0000153a      0x140 .\CortexM0\ARM_GCC_541\Debug\LWO3.a(SW_Tx_UART.o)
 .debug_line    0x0000167a      0x109 .\CortexM0\ARM_GCC_541\Debug\LWO3.a(COLUMN_0.o)
 .debug_line    0x00001783      0x10a .\CortexM0\ARM_GCC_541\Debug\LWO3.a(COLUMN_1.o)
 .debug_line    0x0000188d      0x109 .\CortexM0\ARM_GCC_541\Debug\LWO3.a(COLUMN_2.o)
 .debug_line    0x00001996      0x107 .\CortexM0\ARM_GCC_541\Debug\LWO3.a(ROW_0.o)
 .debug_line    0x00001a9d      0x107 .\CortexM0\ARM_GCC_541\Debug\LWO3.a(ROW_1.o)
 .debug_line    0x00001ba4      0x107 .\CortexM0\ARM_GCC_541\Debug\LWO3.a(ROW_2.o)
 .debug_line    0x00001cab      0x107 .\CortexM0\ARM_GCC_541\Debug\LWO3.a(ROW_3.o)
 .debug_line    0x00001db2       0xb3 .\CortexM0\ARM_GCC_541\Debug\LWO3.a(CyBootAsmGnu.o)
 .debug_line    0x00001e65       0xed .\CortexM0\ARM_GCC_541\Debug\LWO3.a(SW_Tx_UART_AsmGnu.o)

.debug_frame    0x00000000      0xf48
 *(.debug_frame)
 .debug_frame   0x00000000       0xc0 .\CortexM0\ARM_GCC_541\Debug\main.o
 .debug_frame   0x000000c0       0x68 .\CortexM0\ARM_GCC_541\Debug\cyfitter_cfg.o
 .debug_frame   0x00000128       0xbc .\CortexM0\ARM_GCC_541\Debug\Cm0Start.o
 .debug_frame   0x000001e4      0x3e0 .\CortexM0\ARM_GCC_541\Debug\LWO3.a(CyLib.o)
 .debug_frame   0x000005c4      0x3a8 .\CortexM0\ARM_GCC_541\Debug\LWO3.a(CyLFClk.o)
 .debug_frame   0x0000096c       0x70 .\CortexM0\ARM_GCC_541\Debug\LWO3.a(LED_R.o)
 .debug_frame   0x000009dc       0x70 .\CortexM0\ARM_GCC_541\Debug\LWO3.a(LED_G.o)
 .debug_frame   0x00000a4c       0x70 .\CortexM0\ARM_GCC_541\Debug\LWO3.a(LED_B.o)
 .debug_frame   0x00000abc       0xc8 .\CortexM0\ARM_GCC_541\Debug\LWO3.a(SW_Tx_UART.o)
 .debug_frame   0x00000b84       0x70 .\CortexM0\ARM_GCC_541\Debug\LWO3.a(COLUMN_0.o)
 .debug_frame   0x00000bf4       0x70 .\CortexM0\ARM_GCC_541\Debug\LWO3.a(COLUMN_1.o)
 .debug_frame   0x00000c64       0x70 .\CortexM0\ARM_GCC_541\Debug\LWO3.a(COLUMN_2.o)
 .debug_frame   0x00000cd4       0x70 .\CortexM0\ARM_GCC_541\Debug\LWO3.a(ROW_0.o)
 .debug_frame   0x00000d44       0x70 .\CortexM0\ARM_GCC_541\Debug\LWO3.a(ROW_1.o)
 .debug_frame   0x00000db4       0x70 .\CortexM0\ARM_GCC_541\Debug\LWO3.a(ROW_2.o)
 .debug_frame   0x00000e24       0x70 .\CortexM0\ARM_GCC_541\Debug\LWO3.a(ROW_3.o)
 .debug_frame   0x00000e94       0x20 c:/program files (x86)/cypress/psoc creator/4.4/psoc creator/import/gnu/arm/5.4.1/bin/../lib/gcc/arm-none-eabi/5.4.1/armv6-m\libgcc.a(_udivsi3.o)
 .debug_frame   0x00000eb4       0x20 c:/program files (x86)/cypress/psoc creator/4.4/psoc creator/import/gnu/arm/5.4.1/bin/../lib/gcc/arm-none-eabi/5.4.1/../../../../arm-none-eabi/lib/armv6-m\libg_nano.a(lib_a-errno.o)
 .debug_frame   0x00000ed4       0x28 c:/program files (x86)/cypress/psoc creator/4.4/psoc creator/import/gnu/arm/5.4.1/bin/../lib/gcc/arm-none-eabi/5.4.1/../../../../arm-none-eabi/lib/armv6-m\libg_nano.a(lib_a-exit.o)
 .debug_frame   0x00000efc       0x2c c:/program files (x86)/cypress/psoc creator/4.4/psoc creator/import/gnu/arm/5.4.1/bin/../lib/gcc/arm-none-eabi/5.4.1/../../../../arm-none-eabi/lib/armv6-m\libg_nano.a(lib_a-init.o)
 .debug_frame   0x00000f28       0x20 c:/program files (x86)/cypress/psoc creator/4.4/psoc creator/import/gnu/arm/5.4.1/bin/../lib/gcc/arm-none-eabi/5.4.1/../../../../arm-none-eabi/lib/armv6-m\libg_nano.a(lib_a-memset.o)

.debug_str      0x00000000     0x1aab
 *(.debug_str)
 .debug_str     0x00000000      0x31c .\CortexM0\ARM_GCC_541\Debug\main.o
                                0x364 (size before relaxing)
 .debug_str     0x0000031c      0x106 .\CortexM0\ARM_GCC_541\Debug\cyfitter_cfg.o
                                0x252 (size before relaxing)
 .debug_str     0x00000422       0xa3 .\CortexM0\ARM_GCC_541\Debug\cymetadata.o
                                0x1d0 (size before relaxing)
 .debug_str     0x000004c5      0x18a .\CortexM0\ARM_GCC_541\Debug\Cm0Start.o
                                0x353 (size before relaxing)
 .debug_str     0x0000064f      0x50c .\CortexM0\ARM_GCC_541\Debug\LWO3.a(CyLib.o)
                                0x6be (size before relaxing)
 .debug_str     0x00000b5b      0x57a .\CortexM0\ARM_GCC_541\Debug\LWO3.a(CyLFClk.o)
                                0x745 (size before relaxing)
 .debug_str     0x000010d5       0xe9 .\CortexM0\ARM_GCC_541\Debug\LWO3.a(LED_R.o)
                                0x23e (size before relaxing)
 .debug_str     0x000011be       0xc5 .\CortexM0\ARM_GCC_541\Debug\LWO3.a(LED_G.o)
                                0x23e (size before relaxing)
 .debug_str     0x00001283       0xc5 .\CortexM0\ARM_GCC_541\Debug\LWO3.a(LED_B.o)
                                0x23e (size before relaxing)
 .debug_str     0x00001348      0x16d .\CortexM0\ARM_GCC_541\Debug\LWO3.a(SW_Tx_UART.o)
                                0x2ed (size before relaxing)
 .debug_str     0x000014b5       0xe6 .\CortexM0\ARM_GCC_541\Debug\LWO3.a(COLUMN_0.o)
                                0x253 (size before relaxing)
 .debug_str     0x0000159b       0xe6 .\CortexM0\ARM_GCC_541\Debug\LWO3.a(COLUMN_1.o)
                                0x253 (size before relaxing)
 .debug_str     0x00001681       0xe6 .\CortexM0\ARM_GCC_541\Debug\LWO3.a(COLUMN_2.o)
                                0x253 (size before relaxing)
 .debug_str     0x00001767       0xd1 .\CortexM0\ARM_GCC_541\Debug\LWO3.a(ROW_0.o)
                                0x23e (size before relaxing)
 .debug_str     0x00001838       0xd1 .\CortexM0\ARM_GCC_541\Debug\LWO3.a(ROW_1.o)
                                0x23e (size before relaxing)
 .debug_str     0x00001909       0xd1 .\CortexM0\ARM_GCC_541\Debug\LWO3.a(ROW_2.o)
                                0x23e (size before relaxing)
 .debug_str     0x000019da       0xd1 .\CortexM0\ARM_GCC_541\Debug\LWO3.a(ROW_3.o)
                                0x23e (size before relaxing)

.debug_loc      0x00000000     0x1ab2
 *(.debug_loc)
 .debug_loc     0x00000000      0x22d .\CortexM0\ARM_GCC_541\Debug\main.o
 .debug_loc     0x0000022d       0xa9 .\CortexM0\ARM_GCC_541\Debug\cyfitter_cfg.o
 .debug_loc     0x000002d6      0x14f .\CortexM0\ARM_GCC_541\Debug\Cm0Start.o
 .debug_loc     0x00000425      0x599 .\CortexM0\ARM_GCC_541\Debug\LWO3.a(CyLib.o)
 .debug_loc     0x000009be      0x9b5 .\CortexM0\ARM_GCC_541\Debug\LWO3.a(CyLFClk.o)
 .debug_loc     0x00001373       0xa2 .\CortexM0\ARM_GCC_541\Debug\LWO3.a(LED_R.o)
 .debug_loc     0x00001415       0xa2 .\CortexM0\ARM_GCC_541\Debug\LWO3.a(LED_G.o)
 .debug_loc     0x000014b7       0xa2 .\CortexM0\ARM_GCC_541\Debug\LWO3.a(LED_B.o)
 .debug_loc     0x00001559      0x12d .\CortexM0\ARM_GCC_541\Debug\LWO3.a(SW_Tx_UART.o)
 .debug_loc     0x00001686       0x81 .\CortexM0\ARM_GCC_541\Debug\LWO3.a(COLUMN_0.o)
 .debug_loc     0x00001707       0xa2 .\CortexM0\ARM_GCC_541\Debug\LWO3.a(COLUMN_1.o)
 .debug_loc     0x000017a9       0x81 .\CortexM0\ARM_GCC_541\Debug\LWO3.a(COLUMN_2.o)
 .debug_loc     0x0000182a       0xa2 .\CortexM0\ARM_GCC_541\Debug\LWO3.a(ROW_0.o)
 .debug_loc     0x000018cc       0xa2 .\CortexM0\ARM_GCC_541\Debug\LWO3.a(ROW_1.o)
 .debug_loc     0x0000196e       0xa2 .\CortexM0\ARM_GCC_541\Debug\LWO3.a(ROW_2.o)
 .debug_loc     0x00001a10       0xa2 .\CortexM0\ARM_GCC_541\Debug\LWO3.a(ROW_3.o)

.debug_macinfo
 *(.debug_macinfo)

.debug_ranges   0x00000000      0x5f8
 *(.debug_ranges)
 .debug_ranges  0x00000000       0x98 .\CortexM0\ARM_GCC_541\Debug\main.o
 .debug_ranges  0x00000098       0x20 .\CortexM0\ARM_GCC_541\Debug\cyfitter_cfg.o
 .debug_ranges  0x000000b8       0x38 .\CortexM0\ARM_GCC_541\Debug\Cm0Start.o
 .debug_ranges  0x000000f0      0x170 .\CortexM0\ARM_GCC_541\Debug\LWO3.a(CyLib.o)
 .debug_ranges  0x00000260      0x128 .\CortexM0\ARM_GCC_541\Debug\LWO3.a(CyLFClk.o)
 .debug_ranges  0x00000388       0x38 .\CortexM0\ARM_GCC_541\Debug\LWO3.a(LED_R.o)
 .debug_ranges  0x000003c0       0x38 .\CortexM0\ARM_GCC_541\Debug\LWO3.a(LED_G.o)
 .debug_ranges  0x000003f8       0x38 .\CortexM0\ARM_GCC_541\Debug\LWO3.a(LED_B.o)
 .debug_ranges  0x00000430       0x40 .\CortexM0\ARM_GCC_541\Debug\LWO3.a(SW_Tx_UART.o)
 .debug_ranges  0x00000470       0x38 .\CortexM0\ARM_GCC_541\Debug\LWO3.a(COLUMN_0.o)
 .debug_ranges  0x000004a8       0x38 .\CortexM0\ARM_GCC_541\Debug\LWO3.a(COLUMN_1.o)
 .debug_ranges  0x000004e0       0x38 .\CortexM0\ARM_GCC_541\Debug\LWO3.a(COLUMN_2.o)
 .debug_ranges  0x00000518       0x38 .\CortexM0\ARM_GCC_541\Debug\LWO3.a(ROW_0.o)
 .debug_ranges  0x00000550       0x38 .\CortexM0\ARM_GCC_541\Debug\LWO3.a(ROW_1.o)
 .debug_ranges  0x00000588       0x38 .\CortexM0\ARM_GCC_541\Debug\LWO3.a(ROW_2.o)
 .debug_ranges  0x000005c0       0x38 .\CortexM0\ARM_GCC_541\Debug\LWO3.a(ROW_3.o)

.comment        0x00000000       0x6e
 .comment       0x00000000       0x6e .\CortexM0\ARM_GCC_541\Debug\main.o
                                 0x6f (size before relaxing)
 .comment       0x0000006e       0x6f .\CortexM0\ARM_GCC_541\Debug\cyfitter_cfg.o
 .comment       0x0000006e       0x6f .\CortexM0\ARM_GCC_541\Debug\cymetadata.o
 .comment       0x0000006e       0x6f .\CortexM0\ARM_GCC_541\Debug\Cm0Start.o
 .comment       0x0000006e       0x6f .\CortexM0\ARM_GCC_541\Debug\LWO3.a(CyLib.o)
 .comment       0x0000006e       0x6f .\CortexM0\ARM_GCC_541\Debug\LWO3.a(CyLFClk.o)
 .comment       0x0000006e       0x6f .\CortexM0\ARM_GCC_541\Debug\LWO3.a(LED_R.o)
 .comment       0x0000006e       0x6f .\CortexM0\ARM_GCC_541\Debug\LWO3.a(LED_G.o)
 .comment       0x0000006e       0x6f .\CortexM0\ARM_GCC_541\Debug\LWO3.a(LED_B.o)
 .comment       0x0000006e       0x6f .\CortexM0\ARM_GCC_541\Debug\LWO3.a(SW_Tx_UART.o)
 .comment       0x0000006e       0x6f .\CortexM0\ARM_GCC_541\Debug\LWO3.a(COLUMN_0.o)
 .comment       0x0000006e       0x6f .\CortexM0\ARM_GCC_541\Debug\LWO3.a(COLUMN_1.o)
 .comment       0x0000006e       0x6f .\CortexM0\ARM_GCC_541\Debug\LWO3.a(COLUMN_2.o)
 .comment       0x0000006e       0x6f .\CortexM0\ARM_GCC_541\Debug\LWO3.a(ROW_0.o)
 .comment       0x0000006e       0x6f .\CortexM0\ARM_GCC_541\Debug\LWO3.a(ROW_1.o)
 .comment       0x0000006e       0x6f .\CortexM0\ARM_GCC_541\Debug\LWO3.a(ROW_2.o)
 .comment       0x0000006e       0x6f .\CortexM0\ARM_GCC_541\Debug\LWO3.a(ROW_3.o)

.debug_weaknames
 *(.debug_weaknames)

.debug_funcnames
 *(.debug_funcnames)

.debug_typenames
 *(.debug_typenames)

.debug_varnames
 *(.debug_varnames)

.note.gnu.arm.ident
 *(.note.gnu.arm.ident)

.ARM.attributes
                0x00000000       0x28
 *(.ARM.attributes)
 .ARM.attributes
                0x00000000       0x1e c:/program files (x86)/cypress/psoc creator/4.4/psoc creator/import/gnu/arm/5.4.1/bin/../lib/gcc/arm-none-eabi/5.4.1/armv6-m/crti.o
 .ARM.attributes
                0x0000001e       0x2c c:/program files (x86)/cypress/psoc creator/4.4/psoc creator/import/gnu/arm/5.4.1/bin/../lib/gcc/arm-none-eabi/5.4.1/armv6-m/crtbegin.o
 .ARM.attributes
                0x0000004a       0x1b c:/program files (x86)/cypress/psoc creator/4.4/psoc creator/import/gnu/arm/5.4.1/bin/../lib/gcc/arm-none-eabi/5.4.1/../../../../arm-none-eabi/lib/armv6-m/crt0.o
 .ARM.attributes
                0x00000065       0x31 .\CortexM0\ARM_GCC_541\Debug\main.o
 .ARM.attributes
                0x00000096       0x31 .\CortexM0\ARM_GCC_541\Debug\cyfitter_cfg.o
 .ARM.attributes
                0x000000c7       0x31 .\CortexM0\ARM_GCC_541\Debug\cymetadata.o
 .ARM.attributes
                0x000000f8       0x31 .\CortexM0\ARM_GCC_541\Debug\Cm0Start.o
 .ARM.attributes
                0x00000129       0x31 .\CortexM0\ARM_GCC_541\Debug\LWO3.a(CyLib.o)
 .ARM.attributes
                0x0000015a       0x31 .\CortexM0\ARM_GCC_541\Debug\LWO3.a(CyLFClk.o)
 .ARM.attributes
                0x0000018b       0x31 .\CortexM0\ARM_GCC_541\Debug\LWO3.a(LED_R.o)
 .ARM.attributes
                0x000001bc       0x31 .\CortexM0\ARM_GCC_541\Debug\LWO3.a(LED_G.o)
 .ARM.attributes
                0x000001ed       0x31 .\CortexM0\ARM_GCC_541\Debug\LWO3.a(LED_B.o)
 .ARM.attributes
                0x0000021e       0x31 .\CortexM0\ARM_GCC_541\Debug\LWO3.a(SW_Tx_UART.o)
 .ARM.attributes
                0x0000024f       0x31 .\CortexM0\ARM_GCC_541\Debug\LWO3.a(COLUMN_0.o)
 .ARM.attributes
                0x00000280       0x31 .\CortexM0\ARM_GCC_541\Debug\LWO3.a(COLUMN_1.o)
 .ARM.attributes
                0x000002b1       0x31 .\CortexM0\ARM_GCC_541\Debug\LWO3.a(COLUMN_2.o)
 .ARM.attributes
                0x000002e2       0x31 .\CortexM0\ARM_GCC_541\Debug\LWO3.a(ROW_0.o)
 .ARM.attributes
                0x00000313       0x31 .\CortexM0\ARM_GCC_541\Debug\LWO3.a(ROW_1.o)
 .ARM.attributes
                0x00000344       0x31 .\CortexM0\ARM_GCC_541\Debug\LWO3.a(ROW_2.o)
 .ARM.attributes
                0x00000375       0x31 .\CortexM0\ARM_GCC_541\Debug\LWO3.a(ROW_3.o)
 .ARM.attributes
                0x000003a6       0x21 .\CortexM0\ARM_GCC_541\Debug\LWO3.a(CyBootAsmGnu.o)
 .ARM.attributes
                0x000003c7       0x21 .\CortexM0\ARM_GCC_541\Debug\LWO3.a(SW_Tx_UART_AsmGnu.o)
 .ARM.attributes
                0x000003e8       0x1e c:/program files (x86)/cypress/psoc creator/4.4/psoc creator/import/gnu/arm/5.4.1/bin/../lib/gcc/arm-none-eabi/5.4.1/armv6-m\libgcc.a(_udivsi3.o)
 .ARM.attributes
                0x00000406       0x1e c:/program files (x86)/cypress/psoc creator/4.4/psoc creator/import/gnu/arm/5.4.1/bin/../lib/gcc/arm-none-eabi/5.4.1/armv6-m\libgcc.a(_dvmd_tls.o)
 .ARM.attributes
                0x00000424       0x2c c:/program files (x86)/cypress/psoc creator/4.4/psoc creator/import/gnu/arm/5.4.1/bin/../lib/gcc/arm-none-eabi/5.4.1/../../../../arm-none-eabi/lib/armv6-m\libg_nano.a(lib_a-errno.o)
 .ARM.attributes
                0x00000450       0x2c c:/program files (x86)/cypress/psoc creator/4.4/psoc creator/import/gnu/arm/5.4.1/bin/../lib/gcc/arm-none-eabi/5.4.1/../../../../arm-none-eabi/lib/armv6-m\libg_nano.a(lib_a-exit.o)
 .ARM.attributes
                0x0000047c       0x2c c:/program files (x86)/cypress/psoc creator/4.4/psoc creator/import/gnu/arm/5.4.1/bin/../lib/gcc/arm-none-eabi/5.4.1/../../../../arm-none-eabi/lib/armv6-m\libg_nano.a(lib_a-impure.o)
 .ARM.attributes
                0x000004a8       0x2c c:/program files (x86)/cypress/psoc creator/4.4/psoc creator/import/gnu/arm/5.4.1/bin/../lib/gcc/arm-none-eabi/5.4.1/../../../../arm-none-eabi/lib/armv6-m\libg_nano.a(lib_a-init.o)
 .ARM.attributes
                0x000004d4       0x2c c:/program files (x86)/cypress/psoc creator/4.4/psoc creator/import/gnu/arm/5.4.1/bin/../lib/gcc/arm-none-eabi/5.4.1/../../../../arm-none-eabi/lib/armv6-m\libg_nano.a(lib_a-memset.o)
 .ARM.attributes
                0x00000500       0x2c c:/program files (x86)/cypress/psoc creator/4.4/psoc creator/import/gnu/arm/5.4.1/bin/../lib/gcc/arm-none-eabi/5.4.1/armv6-m/crtend.o
 .ARM.attributes
                0x0000052c       0x1e c:/program files (x86)/cypress/psoc creator/4.4/psoc creator/import/gnu/arm/5.4.1/bin/../lib/gcc/arm-none-eabi/5.4.1/armv6-m/crtn.o

/DISCARD/
 *(.note.GNU-stack)
OUTPUT(C:\Program Files (x86)\Cypress\PSoC Creator\4.4\PSoC Creator\1\LWO3.cydsn\CortexM0\ARM_GCC_541\Debug\LWO3.elf elf32-littlearm)
