ARM GAS  C:\Users\taips\AppData\Local\Temp\ccERLG7r.s 			page 1


   1              		.syntax unified
   2              		.cpu cortex-m0
   3              		.fpu softvfp
   4              		.eabi_attribute 20, 1
   5              		.eabi_attribute 21, 1
   6              		.eabi_attribute 23, 3
   7              		.eabi_attribute 24, 1
   8              		.eabi_attribute 25, 1
   9              		.eabi_attribute 26, 1
  10              		.eabi_attribute 30, 1
  11              		.eabi_attribute 34, 0
  12              		.eabi_attribute 18, 4
  13              		.thumb
  14              		.syntax unified
  15              		.file	"main.c"
  16              		.text
  17              	.Ltext0:
  18              		.cfi_sections	.debug_frame
  19              		.section	.text.setColor,"ax",%progbits
  20              		.align	2
  21              		.global	setColor
  22              		.code	16
  23              		.thumb_func
  24              		.type	setColor, %function
  25              	setColor:
  26              	.LFB32:
  27              		.file 1 "main.c"
   1:main.c        **** #include "project.h"
   2:main.c        **** 
   3:main.c        **** /* Initialization */
   4:main.c        **** void setColor(uint8 r, uint8 g, uint8 b)
   5:main.c        **** {
  28              		.loc 1 5 0
  29              		.cfi_startproc
  30              		@ args = 0, pretend = 0, frame = 0
  31              		@ frame_needed = 0, uses_anonymous_args = 0
  32              	.LVL0:
  33 0000 70B5     		push	{r4, r5, r6, lr}
  34              		.cfi_def_cfa_offset 16
  35              		.cfi_offset 4, -16
  36              		.cfi_offset 5, -12
  37              		.cfi_offset 6, -8
  38              		.cfi_offset 14, -4
  39 0002 0D00     		movs	r5, r1
  40 0004 1400     		movs	r4, r2
   6:main.c        ****     LED_R_Write(r);
  41              		.loc 1 6 0
  42 0006 FFF7FEFF 		bl	LED_R_Write
  43              	.LVL1:
   7:main.c        ****     LED_G_Write(g);
  44              		.loc 1 7 0
  45 000a 2800     		movs	r0, r5
  46 000c FFF7FEFF 		bl	LED_G_Write
  47              	.LVL2:
   8:main.c        ****     LED_B_Write(b);
  48              		.loc 1 8 0
  49 0010 2000     		movs	r0, r4
ARM GAS  C:\Users\taips\AppData\Local\Temp\ccERLG7r.s 			page 2


  50 0012 FFF7FEFF 		bl	LED_B_Write
  51              	.LVL3:
   9:main.c        **** }
  52              		.loc 1 9 0
  53              		@ sp needed
  54 0016 70BD     		pop	{r4, r5, r6, pc}
  55              		.cfi_endproc
  56              	.LFE32:
  57              		.size	setColor, .-setColor
  58              		.section	.text.main,"ax",%progbits
  59              		.align	2
  60              		.global	main
  61              		.code	16
  62              		.thumb_func
  63              		.type	main, %function
  64              	main:
  65              	.LFB33:
  10:main.c        **** 
  11:main.c        **** int main(void)
  12:main.c        **** {
  66              		.loc 1 12 0
  67              		.cfi_startproc
  68              		@ Volatile: function does not return.
  69              		@ args = 0, pretend = 0, frame = 0
  70              		@ frame_needed = 0, uses_anonymous_args = 0
  71 0000 10B5     		push	{r4, lr}
  72              		.cfi_def_cfa_offset 8
  73              		.cfi_offset 4, -8
  74              		.cfi_offset 14, -4
  13:main.c        ****     CyGlobalIntEnable;
  75              		.loc 1 13 0
  76              		.syntax divided
  77              	@ 13 "main.c" 1
  78 0002 62B6     		CPSIE   i
  79              	@ 0 "" 2
  14:main.c        **** 
  15:main.c        ****     SW_Tx_UART_Start();
  80              		.loc 1 15 0
  81              		.thumb
  82              		.syntax unified
  83 0004 FFF7FEFF 		bl	SW_Tx_UART_Start
  84              	.LVL4:
  16:main.c        ****     SW_Tx_UART_PutCRLF();
  85              		.loc 1 16 0
  86 0008 FFF7FEFF 		bl	SW_Tx_UART_PutCRLF
  87              	.LVL5:
  17:main.c        ****     SW_Tx_UART_PutString("Software Transmit UART");
  88              		.loc 1 17 0
  89 000c 1348     		ldr	r0, .L6
  90 000e FFF7FEFF 		bl	SW_Tx_UART_PutString
  91              	.LVL6:
  18:main.c        ****     SW_Tx_UART_PutCRLF();
  92              		.loc 1 18 0
  93 0012 FFF7FEFF 		bl	SW_Tx_UART_PutCRLF
  94              	.LVL7:
  19:main.c        ****     SW_Tx_UART_PutString("Taps Dmytro");
  95              		.loc 1 19 0
ARM GAS  C:\Users\taips\AppData\Local\Temp\ccERLG7r.s 			page 3


  96 0016 1248     		ldr	r0, .L6+4
  97 0018 FFF7FEFF 		bl	SW_Tx_UART_PutString
  98              	.LVL8:
  20:main.c        ****     SW_Tx_UART_PutCRLF();
  99              		.loc 1 20 0
 100 001c FFF7FEFF 		bl	SW_Tx_UART_PutCRLF
 101              	.LVL9:
 102              	.L5:
  21:main.c        **** 
  22:main.c        ****     for(;;)
  23:main.c        ****     {
  24:main.c        ****         if (Button_Read() == 0) // кнопка натиснута
 103              		.loc 1 24 0
 104 0020 FFF7FEFF 		bl	Button_Read
 105              	.LVL10:
 106 0024 0028     		cmp	r0, #0
 107 0026 0AD1     		bne	.L3
  25:main.c        ****         {
  26:main.c        ****             SW_Tx_UART_PutString("CYAN / Button pressed");
 108              		.loc 1 26 0
 109 0028 0E48     		ldr	r0, .L6+8
 110 002a FFF7FEFF 		bl	SW_Tx_UART_PutString
 111              	.LVL11:
  27:main.c        ****             SW_Tx_UART_PutCRLF();
 112              		.loc 1 27 0
 113 002e FFF7FEFF 		bl	SW_Tx_UART_PutCRLF
 114              	.LVL12:
  28:main.c        **** 
  29:main.c        ****             setColor(1,0,0); // Cyan
 115              		.loc 1 29 0
 116 0032 0022     		movs	r2, #0
 117 0034 0021     		movs	r1, #0
 118 0036 0120     		movs	r0, #1
 119 0038 FFF7FEFF 		bl	setColor
 120              	.LVL13:
 121 003c 09E0     		b	.L4
 122              	.L3:
  30:main.c        ****         }
  31:main.c        ****         else
  32:main.c        ****         {
  33:main.c        ****             SW_Tx_UART_PutString("RED / Button released");
 123              		.loc 1 33 0
 124 003e 0A48     		ldr	r0, .L6+12
 125 0040 FFF7FEFF 		bl	SW_Tx_UART_PutString
 126              	.LVL14:
  34:main.c        ****             SW_Tx_UART_PutCRLF();
 127              		.loc 1 34 0
 128 0044 FFF7FEFF 		bl	SW_Tx_UART_PutCRLF
 129              	.LVL15:
  35:main.c        **** 
  36:main.c        ****             setColor(0,1,1); // Red
 130              		.loc 1 36 0
 131 0048 0122     		movs	r2, #1
 132 004a 0121     		movs	r1, #1
 133 004c 0020     		movs	r0, #0
 134 004e FFF7FEFF 		bl	setColor
 135              	.LVL16:
ARM GAS  C:\Users\taips\AppData\Local\Temp\ccERLG7r.s 			page 4


 136              	.L4:
  37:main.c        ****         }
  38:main.c        **** 
  39:main.c        ****         CyDelay(500);
 137              		.loc 1 39 0
 138 0052 FA20     		movs	r0, #250
 139 0054 4000     		lsls	r0, r0, #1
 140 0056 FFF7FEFF 		bl	CyDelay
 141              	.LVL17:
  40:main.c        ****     }
 142              		.loc 1 40 0
 143 005a E1E7     		b	.L5
 144              	.L7:
 145              		.align	2
 146              	.L6:
 147 005c 00000000 		.word	.LC0
 148 0060 18000000 		.word	.LC2
 149 0064 24000000 		.word	.LC4
 150 0068 3C000000 		.word	.LC6
 151              		.cfi_endproc
 152              	.LFE33:
 153              		.size	main, .-main
 154              		.section	.rodata.str1.4,"aMS",%progbits,1
 155              		.align	2
 156              	.LC0:
 157 0000 536F6674 		.ascii	"Software Transmit UART\000"
 157      77617265 
 157      20547261 
 157      6E736D69 
 157      74205541 
 158 0017 00       		.space	1
 159              	.LC2:
 160 0018 54617073 		.ascii	"Taps Dmytro\000"
 160      20446D79 
 160      74726F00 
 161              	.LC4:
 162 0024 4359414E 		.ascii	"CYAN / Button pressed\000"
 162      202F2042 
 162      7574746F 
 162      6E207072 
 162      65737365 
 163 003a 0000     		.space	2
 164              	.LC6:
 165 003c 52454420 		.ascii	"RED / Button released\000"
 165      2F204275 
 165      74746F6E 
 165      2072656C 
 165      65617365 
 166              		.text
 167              	.Letext0:
 168              		.file 2 "Generated_Source\\PSoC4/LED_R.h"
 169              		.file 3 "Generated_Source\\PSoC4/LED_G.h"
 170              		.file 4 "Generated_Source\\PSoC4/LED_B.h"
 171              		.file 5 "Generated_Source\\PSoC4/SW_Tx_UART.h"
 172              		.file 6 "Generated_Source\\PSoC4/Button.h"
 173              		.file 7 "Generated_Source\\PSoC4/CyLib.h"
 174              		.file 8 "Generated_Source\\PSoC4/cytypes.h"
ARM GAS  C:\Users\taips\AppData\Local\Temp\ccERLG7r.s 			page 5


 175              		.section	.debug_info,"",%progbits
 176              	.Ldebug_info0:
 177 0000 59020000 		.4byte	0x259
 178 0004 0400     		.2byte	0x4
 179 0006 00000000 		.4byte	.Ldebug_abbrev0
 180 000a 04       		.byte	0x4
 181 000b 01       		.uleb128 0x1
 182 000c B6000000 		.4byte	.LASF22
 183 0010 0C       		.byte	0xc
 184 0011 67010000 		.4byte	.LASF23
 185 0015 C5010000 		.4byte	.LASF24
 186 0019 00000000 		.4byte	.Ldebug_ranges0+0
 187 001d 00000000 		.4byte	0
 188 0021 00000000 		.4byte	.Ldebug_line0
 189 0025 02       		.uleb128 0x2
 190 0026 01       		.byte	0x1
 191 0027 06       		.byte	0x6
 192 0028 B1010000 		.4byte	.LASF0
 193 002c 02       		.uleb128 0x2
 194 002d 01       		.byte	0x1
 195 002e 08       		.byte	0x8
 196 002f 19000000 		.4byte	.LASF1
 197 0033 02       		.uleb128 0x2
 198 0034 02       		.byte	0x2
 199 0035 05       		.byte	0x5
 200 0036 7F010000 		.4byte	.LASF2
 201 003a 02       		.uleb128 0x2
 202 003b 02       		.byte	0x2
 203 003c 07       		.byte	0x7
 204 003d 00000000 		.4byte	.LASF3
 205 0041 02       		.uleb128 0x2
 206 0042 04       		.byte	0x4
 207 0043 05       		.byte	0x5
 208 0044 89010000 		.4byte	.LASF4
 209 0048 02       		.uleb128 0x2
 210 0049 04       		.byte	0x4
 211 004a 07       		.byte	0x7
 212 004b 27000000 		.4byte	.LASF5
 213 004f 02       		.uleb128 0x2
 214 0050 08       		.byte	0x8
 215 0051 05       		.byte	0x5
 216 0052 59010000 		.4byte	.LASF6
 217 0056 02       		.uleb128 0x2
 218 0057 08       		.byte	0x8
 219 0058 07       		.byte	0x7
 220 0059 93000000 		.4byte	.LASF7
 221 005d 03       		.uleb128 0x3
 222 005e 04       		.byte	0x4
 223 005f 05       		.byte	0x5
 224 0060 696E7400 		.ascii	"int\000"
 225 0064 02       		.uleb128 0x2
 226 0065 04       		.byte	0x4
 227 0066 07       		.byte	0x7
 228 0067 86000000 		.4byte	.LASF8
 229 006b 04       		.uleb128 0x4
 230 006c 39000000 		.4byte	.LASF25
 231 0070 08       		.byte	0x8
ARM GAS  C:\Users\taips\AppData\Local\Temp\ccERLG7r.s 			page 6


 232 0071 FC01     		.2byte	0x1fc
 233 0073 2C000000 		.4byte	0x2c
 234 0077 02       		.uleb128 0x2
 235 0078 04       		.byte	0x4
 236 0079 04       		.byte	0x4
 237 007a 13000000 		.4byte	.LASF9
 238 007e 02       		.uleb128 0x2
 239 007f 08       		.byte	0x8
 240 0080 04       		.byte	0x4
 241 0081 4B000000 		.4byte	.LASF10
 242 0085 02       		.uleb128 0x2
 243 0086 01       		.byte	0x1
 244 0087 08       		.byte	0x8
 245 0088 6E010000 		.4byte	.LASF11
 246 008c 02       		.uleb128 0x2
 247 008d 04       		.byte	0x4
 248 008e 07       		.byte	0x7
 249 008f 44010000 		.4byte	.LASF12
 250 0093 02       		.uleb128 0x2
 251 0094 08       		.byte	0x8
 252 0095 04       		.byte	0x4
 253 0096 92010000 		.4byte	.LASF13
 254 009a 05       		.uleb128 0x5
 255 009b 68000000 		.4byte	.LASF26
 256 009f 01       		.byte	0x1
 257 00a0 04       		.byte	0x4
 258 00a1 00000000 		.4byte	.LFB32
 259 00a5 18000000 		.4byte	.LFE32-.LFB32
 260 00a9 01       		.uleb128 0x1
 261 00aa 9C       		.byte	0x9c
 262 00ab 04010000 		.4byte	0x104
 263 00af 06       		.uleb128 0x6
 264 00b0 7200     		.ascii	"r\000"
 265 00b2 01       		.byte	0x1
 266 00b3 04       		.byte	0x4
 267 00b4 6B000000 		.4byte	0x6b
 268 00b8 00000000 		.4byte	.LLST0
 269 00bc 06       		.uleb128 0x6
 270 00bd 6700     		.ascii	"g\000"
 271 00bf 01       		.byte	0x1
 272 00c0 04       		.byte	0x4
 273 00c1 6B000000 		.4byte	0x6b
 274 00c5 21000000 		.4byte	.LLST1
 275 00c9 06       		.uleb128 0x6
 276 00ca 6200     		.ascii	"b\000"
 277 00cc 01       		.byte	0x1
 278 00cd 04       		.byte	0x4
 279 00ce 6B000000 		.4byte	0x6b
 280 00d2 42000000 		.4byte	.LLST2
 281 00d6 07       		.uleb128 0x7
 282 00d7 0A000000 		.4byte	.LVL1
 283 00db 04020000 		.4byte	0x204
 284 00df 08       		.uleb128 0x8
 285 00e0 10000000 		.4byte	.LVL2
 286 00e4 0F020000 		.4byte	0x20f
 287 00e8 F3000000 		.4byte	0xf3
 288 00ec 09       		.uleb128 0x9
ARM GAS  C:\Users\taips\AppData\Local\Temp\ccERLG7r.s 			page 7


 289 00ed 01       		.uleb128 0x1
 290 00ee 50       		.byte	0x50
 291 00ef 02       		.uleb128 0x2
 292 00f0 75       		.byte	0x75
 293 00f1 00       		.sleb128 0
 294 00f2 00       		.byte	0
 295 00f3 0A       		.uleb128 0xa
 296 00f4 16000000 		.4byte	.LVL3
 297 00f8 1A020000 		.4byte	0x21a
 298 00fc 09       		.uleb128 0x9
 299 00fd 01       		.uleb128 0x1
 300 00fe 50       		.byte	0x50
 301 00ff 02       		.uleb128 0x2
 302 0100 74       		.byte	0x74
 303 0101 00       		.sleb128 0
 304 0102 00       		.byte	0
 305 0103 00       		.byte	0
 306 0104 0B       		.uleb128 0xb
 307 0105 52000000 		.4byte	.LASF27
 308 0109 01       		.byte	0x1
 309 010a 0B       		.byte	0xb
 310 010b 5D000000 		.4byte	0x5d
 311 010f 00000000 		.4byte	.LFB33
 312 0113 6C000000 		.4byte	.LFE33-.LFB33
 313 0117 01       		.uleb128 0x1
 314 0118 9C       		.byte	0x9c
 315 0119 04020000 		.4byte	0x204
 316 011d 07       		.uleb128 0x7
 317 011e 08000000 		.4byte	.LVL4
 318 0122 25020000 		.4byte	0x225
 319 0126 07       		.uleb128 0x7
 320 0127 0C000000 		.4byte	.LVL5
 321 012b 30020000 		.4byte	0x230
 322 012f 08       		.uleb128 0x8
 323 0130 12000000 		.4byte	.LVL6
 324 0134 3B020000 		.4byte	0x23b
 325 0138 46010000 		.4byte	0x146
 326 013c 09       		.uleb128 0x9
 327 013d 01       		.uleb128 0x1
 328 013e 50       		.byte	0x50
 329 013f 05       		.uleb128 0x5
 330 0140 03       		.byte	0x3
 331 0141 00000000 		.4byte	.LC0
 332 0145 00       		.byte	0
 333 0146 07       		.uleb128 0x7
 334 0147 16000000 		.4byte	.LVL7
 335 014b 30020000 		.4byte	0x230
 336 014f 08       		.uleb128 0x8
 337 0150 1C000000 		.4byte	.LVL8
 338 0154 3B020000 		.4byte	0x23b
 339 0158 66010000 		.4byte	0x166
 340 015c 09       		.uleb128 0x9
 341 015d 01       		.uleb128 0x1
 342 015e 50       		.byte	0x50
 343 015f 05       		.uleb128 0x5
 344 0160 03       		.byte	0x3
 345 0161 18000000 		.4byte	.LC2
ARM GAS  C:\Users\taips\AppData\Local\Temp\ccERLG7r.s 			page 8


 346 0165 00       		.byte	0
 347 0166 07       		.uleb128 0x7
 348 0167 20000000 		.4byte	.LVL9
 349 016b 30020000 		.4byte	0x230
 350 016f 07       		.uleb128 0x7
 351 0170 24000000 		.4byte	.LVL10
 352 0174 46020000 		.4byte	0x246
 353 0178 08       		.uleb128 0x8
 354 0179 2E000000 		.4byte	.LVL11
 355 017d 3B020000 		.4byte	0x23b
 356 0181 8F010000 		.4byte	0x18f
 357 0185 09       		.uleb128 0x9
 358 0186 01       		.uleb128 0x1
 359 0187 50       		.byte	0x50
 360 0188 05       		.uleb128 0x5
 361 0189 03       		.byte	0x3
 362 018a 24000000 		.4byte	.LC4
 363 018e 00       		.byte	0
 364 018f 07       		.uleb128 0x7
 365 0190 32000000 		.4byte	.LVL12
 366 0194 30020000 		.4byte	0x230
 367 0198 08       		.uleb128 0x8
 368 0199 3C000000 		.4byte	.LVL13
 369 019d 9A000000 		.4byte	0x9a
 370 01a1 B5010000 		.4byte	0x1b5
 371 01a5 09       		.uleb128 0x9
 372 01a6 01       		.uleb128 0x1
 373 01a7 50       		.byte	0x50
 374 01a8 01       		.uleb128 0x1
 375 01a9 31       		.byte	0x31
 376 01aa 09       		.uleb128 0x9
 377 01ab 01       		.uleb128 0x1
 378 01ac 51       		.byte	0x51
 379 01ad 01       		.uleb128 0x1
 380 01ae 30       		.byte	0x30
 381 01af 09       		.uleb128 0x9
 382 01b0 01       		.uleb128 0x1
 383 01b1 52       		.byte	0x52
 384 01b2 01       		.uleb128 0x1
 385 01b3 30       		.byte	0x30
 386 01b4 00       		.byte	0
 387 01b5 08       		.uleb128 0x8
 388 01b6 44000000 		.4byte	.LVL14
 389 01ba 3B020000 		.4byte	0x23b
 390 01be CC010000 		.4byte	0x1cc
 391 01c2 09       		.uleb128 0x9
 392 01c3 01       		.uleb128 0x1
 393 01c4 50       		.byte	0x50
 394 01c5 05       		.uleb128 0x5
 395 01c6 03       		.byte	0x3
 396 01c7 3C000000 		.4byte	.LC6
 397 01cb 00       		.byte	0
 398 01cc 07       		.uleb128 0x7
 399 01cd 48000000 		.4byte	.LVL15
 400 01d1 30020000 		.4byte	0x230
 401 01d5 08       		.uleb128 0x8
 402 01d6 52000000 		.4byte	.LVL16
ARM GAS  C:\Users\taips\AppData\Local\Temp\ccERLG7r.s 			page 9


 403 01da 9A000000 		.4byte	0x9a
 404 01de F2010000 		.4byte	0x1f2
 405 01e2 09       		.uleb128 0x9
 406 01e3 01       		.uleb128 0x1
 407 01e4 50       		.byte	0x50
 408 01e5 01       		.uleb128 0x1
 409 01e6 30       		.byte	0x30
 410 01e7 09       		.uleb128 0x9
 411 01e8 01       		.uleb128 0x1
 412 01e9 51       		.byte	0x51
 413 01ea 01       		.uleb128 0x1
 414 01eb 31       		.byte	0x31
 415 01ec 09       		.uleb128 0x9
 416 01ed 01       		.uleb128 0x1
 417 01ee 52       		.byte	0x52
 418 01ef 01       		.uleb128 0x1
 419 01f0 31       		.byte	0x31
 420 01f1 00       		.byte	0
 421 01f2 0A       		.uleb128 0xa
 422 01f3 5A000000 		.4byte	.LVL17
 423 01f7 51020000 		.4byte	0x251
 424 01fb 09       		.uleb128 0x9
 425 01fc 01       		.uleb128 0x1
 426 01fd 50       		.byte	0x50
 427 01fe 03       		.uleb128 0x3
 428 01ff 0A       		.byte	0xa
 429 0200 F401     		.2byte	0x1f4
 430 0202 00       		.byte	0
 431 0203 00       		.byte	0
 432 0204 0C       		.uleb128 0xc
 433 0205 73010000 		.4byte	.LASF14
 434 0209 73010000 		.4byte	.LASF14
 435 020d 02       		.byte	0x2
 436 020e 33       		.byte	0x33
 437 020f 0C       		.uleb128 0xc
 438 0210 AA000000 		.4byte	.LASF15
 439 0214 AA000000 		.4byte	.LASF15
 440 0218 03       		.byte	0x3
 441 0219 33       		.byte	0x33
 442 021a 0C       		.uleb128 0xc
 443 021b 3F000000 		.4byte	.LASF16
 444 021f 3F000000 		.4byte	.LASF16
 445 0223 04       		.byte	0x4
 446 0224 33       		.byte	0x33
 447 0225 0C       		.uleb128 0xc
 448 0226 57000000 		.4byte	.LASF17
 449 022a 57000000 		.4byte	.LASF17
 450 022e 05       		.byte	0x5
 451 022f 1F       		.byte	0x1f
 452 0230 0C       		.uleb128 0xc
 453 0231 9E010000 		.4byte	.LASF18
 454 0235 9E010000 		.4byte	.LASF18
 455 0239 05       		.byte	0x5
 456 023a 2A       		.byte	0x2a
 457 023b 0C       		.uleb128 0xc
 458 023c 71000000 		.4byte	.LASF19
 459 0240 71000000 		.4byte	.LASF19
ARM GAS  C:\Users\taips\AppData\Local\Temp\ccERLG7r.s 			page 10


 460 0244 05       		.byte	0x5
 461 0245 26       		.byte	0x26
 462 0246 0C       		.uleb128 0xc
 463 0247 4D010000 		.4byte	.LASF20
 464 024b 4D010000 		.4byte	.LASF20
 465 024f 06       		.byte	0x6
 466 0250 32       		.byte	0x32
 467 0251 0C       		.uleb128 0xc
 468 0252 BD010000 		.4byte	.LASF21
 469 0256 BD010000 		.4byte	.LASF21
 470 025a 07       		.byte	0x7
 471 025b EC       		.byte	0xec
 472 025c 00       		.byte	0
 473              		.section	.debug_abbrev,"",%progbits
 474              	.Ldebug_abbrev0:
 475 0000 01       		.uleb128 0x1
 476 0001 11       		.uleb128 0x11
 477 0002 01       		.byte	0x1
 478 0003 25       		.uleb128 0x25
 479 0004 0E       		.uleb128 0xe
 480 0005 13       		.uleb128 0x13
 481 0006 0B       		.uleb128 0xb
 482 0007 03       		.uleb128 0x3
 483 0008 0E       		.uleb128 0xe
 484 0009 1B       		.uleb128 0x1b
 485 000a 0E       		.uleb128 0xe
 486 000b 55       		.uleb128 0x55
 487 000c 17       		.uleb128 0x17
 488 000d 11       		.uleb128 0x11
 489 000e 01       		.uleb128 0x1
 490 000f 10       		.uleb128 0x10
 491 0010 17       		.uleb128 0x17
 492 0011 00       		.byte	0
 493 0012 00       		.byte	0
 494 0013 02       		.uleb128 0x2
 495 0014 24       		.uleb128 0x24
 496 0015 00       		.byte	0
 497 0016 0B       		.uleb128 0xb
 498 0017 0B       		.uleb128 0xb
 499 0018 3E       		.uleb128 0x3e
 500 0019 0B       		.uleb128 0xb
 501 001a 03       		.uleb128 0x3
 502 001b 0E       		.uleb128 0xe
 503 001c 00       		.byte	0
 504 001d 00       		.byte	0
 505 001e 03       		.uleb128 0x3
 506 001f 24       		.uleb128 0x24
 507 0020 00       		.byte	0
 508 0021 0B       		.uleb128 0xb
 509 0022 0B       		.uleb128 0xb
 510 0023 3E       		.uleb128 0x3e
 511 0024 0B       		.uleb128 0xb
 512 0025 03       		.uleb128 0x3
 513 0026 08       		.uleb128 0x8
 514 0027 00       		.byte	0
 515 0028 00       		.byte	0
 516 0029 04       		.uleb128 0x4
ARM GAS  C:\Users\taips\AppData\Local\Temp\ccERLG7r.s 			page 11


 517 002a 16       		.uleb128 0x16
 518 002b 00       		.byte	0
 519 002c 03       		.uleb128 0x3
 520 002d 0E       		.uleb128 0xe
 521 002e 3A       		.uleb128 0x3a
 522 002f 0B       		.uleb128 0xb
 523 0030 3B       		.uleb128 0x3b
 524 0031 05       		.uleb128 0x5
 525 0032 49       		.uleb128 0x49
 526 0033 13       		.uleb128 0x13
 527 0034 00       		.byte	0
 528 0035 00       		.byte	0
 529 0036 05       		.uleb128 0x5
 530 0037 2E       		.uleb128 0x2e
 531 0038 01       		.byte	0x1
 532 0039 3F       		.uleb128 0x3f
 533 003a 19       		.uleb128 0x19
 534 003b 03       		.uleb128 0x3
 535 003c 0E       		.uleb128 0xe
 536 003d 3A       		.uleb128 0x3a
 537 003e 0B       		.uleb128 0xb
 538 003f 3B       		.uleb128 0x3b
 539 0040 0B       		.uleb128 0xb
 540 0041 27       		.uleb128 0x27
 541 0042 19       		.uleb128 0x19
 542 0043 11       		.uleb128 0x11
 543 0044 01       		.uleb128 0x1
 544 0045 12       		.uleb128 0x12
 545 0046 06       		.uleb128 0x6
 546 0047 40       		.uleb128 0x40
 547 0048 18       		.uleb128 0x18
 548 0049 9742     		.uleb128 0x2117
 549 004b 19       		.uleb128 0x19
 550 004c 01       		.uleb128 0x1
 551 004d 13       		.uleb128 0x13
 552 004e 00       		.byte	0
 553 004f 00       		.byte	0
 554 0050 06       		.uleb128 0x6
 555 0051 05       		.uleb128 0x5
 556 0052 00       		.byte	0
 557 0053 03       		.uleb128 0x3
 558 0054 08       		.uleb128 0x8
 559 0055 3A       		.uleb128 0x3a
 560 0056 0B       		.uleb128 0xb
 561 0057 3B       		.uleb128 0x3b
 562 0058 0B       		.uleb128 0xb
 563 0059 49       		.uleb128 0x49
 564 005a 13       		.uleb128 0x13
 565 005b 02       		.uleb128 0x2
 566 005c 17       		.uleb128 0x17
 567 005d 00       		.byte	0
 568 005e 00       		.byte	0
 569 005f 07       		.uleb128 0x7
 570 0060 898201   		.uleb128 0x4109
 571 0063 00       		.byte	0
 572 0064 11       		.uleb128 0x11
 573 0065 01       		.uleb128 0x1
ARM GAS  C:\Users\taips\AppData\Local\Temp\ccERLG7r.s 			page 12


 574 0066 31       		.uleb128 0x31
 575 0067 13       		.uleb128 0x13
 576 0068 00       		.byte	0
 577 0069 00       		.byte	0
 578 006a 08       		.uleb128 0x8
 579 006b 898201   		.uleb128 0x4109
 580 006e 01       		.byte	0x1
 581 006f 11       		.uleb128 0x11
 582 0070 01       		.uleb128 0x1
 583 0071 31       		.uleb128 0x31
 584 0072 13       		.uleb128 0x13
 585 0073 01       		.uleb128 0x1
 586 0074 13       		.uleb128 0x13
 587 0075 00       		.byte	0
 588 0076 00       		.byte	0
 589 0077 09       		.uleb128 0x9
 590 0078 8A8201   		.uleb128 0x410a
 591 007b 00       		.byte	0
 592 007c 02       		.uleb128 0x2
 593 007d 18       		.uleb128 0x18
 594 007e 9142     		.uleb128 0x2111
 595 0080 18       		.uleb128 0x18
 596 0081 00       		.byte	0
 597 0082 00       		.byte	0
 598 0083 0A       		.uleb128 0xa
 599 0084 898201   		.uleb128 0x4109
 600 0087 01       		.byte	0x1
 601 0088 11       		.uleb128 0x11
 602 0089 01       		.uleb128 0x1
 603 008a 31       		.uleb128 0x31
 604 008b 13       		.uleb128 0x13
 605 008c 00       		.byte	0
 606 008d 00       		.byte	0
 607 008e 0B       		.uleb128 0xb
 608 008f 2E       		.uleb128 0x2e
 609 0090 01       		.byte	0x1
 610 0091 3F       		.uleb128 0x3f
 611 0092 19       		.uleb128 0x19
 612 0093 03       		.uleb128 0x3
 613 0094 0E       		.uleb128 0xe
 614 0095 3A       		.uleb128 0x3a
 615 0096 0B       		.uleb128 0xb
 616 0097 3B       		.uleb128 0x3b
 617 0098 0B       		.uleb128 0xb
 618 0099 27       		.uleb128 0x27
 619 009a 19       		.uleb128 0x19
 620 009b 49       		.uleb128 0x49
 621 009c 13       		.uleb128 0x13
 622 009d 8701     		.uleb128 0x87
 623 009f 19       		.uleb128 0x19
 624 00a0 11       		.uleb128 0x11
 625 00a1 01       		.uleb128 0x1
 626 00a2 12       		.uleb128 0x12
 627 00a3 06       		.uleb128 0x6
 628 00a4 40       		.uleb128 0x40
 629 00a5 18       		.uleb128 0x18
 630 00a6 9742     		.uleb128 0x2117
ARM GAS  C:\Users\taips\AppData\Local\Temp\ccERLG7r.s 			page 13


 631 00a8 19       		.uleb128 0x19
 632 00a9 01       		.uleb128 0x1
 633 00aa 13       		.uleb128 0x13
 634 00ab 00       		.byte	0
 635 00ac 00       		.byte	0
 636 00ad 0C       		.uleb128 0xc
 637 00ae 2E       		.uleb128 0x2e
 638 00af 00       		.byte	0
 639 00b0 3F       		.uleb128 0x3f
 640 00b1 19       		.uleb128 0x19
 641 00b2 3C       		.uleb128 0x3c
 642 00b3 19       		.uleb128 0x19
 643 00b4 6E       		.uleb128 0x6e
 644 00b5 0E       		.uleb128 0xe
 645 00b6 03       		.uleb128 0x3
 646 00b7 0E       		.uleb128 0xe
 647 00b8 3A       		.uleb128 0x3a
 648 00b9 0B       		.uleb128 0xb
 649 00ba 3B       		.uleb128 0x3b
 650 00bb 0B       		.uleb128 0xb
 651 00bc 00       		.byte	0
 652 00bd 00       		.byte	0
 653 00be 00       		.byte	0
 654              		.section	.debug_loc,"",%progbits
 655              	.Ldebug_loc0:
 656              	.LLST0:
 657 0000 00000000 		.4byte	.LVL0
 658 0004 09000000 		.4byte	.LVL1-1
 659 0008 0100     		.2byte	0x1
 660 000a 50       		.byte	0x50
 661 000b 09000000 		.4byte	.LVL1-1
 662 000f 18000000 		.4byte	.LFE32
 663 0013 0400     		.2byte	0x4
 664 0015 F3       		.byte	0xf3
 665 0016 01       		.uleb128 0x1
 666 0017 50       		.byte	0x50
 667 0018 9F       		.byte	0x9f
 668 0019 00000000 		.4byte	0
 669 001d 00000000 		.4byte	0
 670              	.LLST1:
 671 0021 00000000 		.4byte	.LVL0
 672 0025 09000000 		.4byte	.LVL1-1
 673 0029 0100     		.2byte	0x1
 674 002b 51       		.byte	0x51
 675 002c 09000000 		.4byte	.LVL1-1
 676 0030 18000000 		.4byte	.LFE32
 677 0034 0400     		.2byte	0x4
 678 0036 F3       		.byte	0xf3
 679 0037 01       		.uleb128 0x1
 680 0038 51       		.byte	0x51
 681 0039 9F       		.byte	0x9f
 682 003a 00000000 		.4byte	0
 683 003e 00000000 		.4byte	0
 684              	.LLST2:
 685 0042 00000000 		.4byte	.LVL0
 686 0046 09000000 		.4byte	.LVL1-1
 687 004a 0100     		.2byte	0x1
ARM GAS  C:\Users\taips\AppData\Local\Temp\ccERLG7r.s 			page 14


 688 004c 52       		.byte	0x52
 689 004d 09000000 		.4byte	.LVL1-1
 690 0051 18000000 		.4byte	.LFE32
 691 0055 0400     		.2byte	0x4
 692 0057 F3       		.byte	0xf3
 693 0058 01       		.uleb128 0x1
 694 0059 52       		.byte	0x52
 695 005a 9F       		.byte	0x9f
 696 005b 00000000 		.4byte	0
 697 005f 00000000 		.4byte	0
 698              		.section	.debug_aranges,"",%progbits
 699 0000 24000000 		.4byte	0x24
 700 0004 0200     		.2byte	0x2
 701 0006 00000000 		.4byte	.Ldebug_info0
 702 000a 04       		.byte	0x4
 703 000b 00       		.byte	0
 704 000c 0000     		.2byte	0
 705 000e 0000     		.2byte	0
 706 0010 00000000 		.4byte	.LFB32
 707 0014 18000000 		.4byte	.LFE32-.LFB32
 708 0018 00000000 		.4byte	.LFB33
 709 001c 6C000000 		.4byte	.LFE33-.LFB33
 710 0020 00000000 		.4byte	0
 711 0024 00000000 		.4byte	0
 712              		.section	.debug_ranges,"",%progbits
 713              	.Ldebug_ranges0:
 714 0000 00000000 		.4byte	.LFB32
 715 0004 18000000 		.4byte	.LFE32
 716 0008 00000000 		.4byte	.LFB33
 717 000c 6C000000 		.4byte	.LFE33
 718 0010 00000000 		.4byte	0
 719 0014 00000000 		.4byte	0
 720              		.section	.debug_line,"",%progbits
 721              	.Ldebug_line0:
 722 0000 BF000000 		.section	.debug_str,"MS",%progbits,1
 722      02008900 
 722      00000201 
 722      FB0E0D00 
 722      01010101 
 723              	.LASF3:
 724 0000 73686F72 		.ascii	"short unsigned int\000"
 724      7420756E 
 724      7369676E 
 724      65642069 
 724      6E7400
 725              	.LASF9:
 726 0013 666C6F61 		.ascii	"float\000"
 726      7400
 727              	.LASF1:
 728 0019 756E7369 		.ascii	"unsigned char\000"
 728      676E6564 
 728      20636861 
 728      7200
 729              	.LASF5:
 730 0027 6C6F6E67 		.ascii	"long unsigned int\000"
 730      20756E73 
 730      69676E65 
ARM GAS  C:\Users\taips\AppData\Local\Temp\ccERLG7r.s 			page 15


 730      6420696E 
 730      7400
 731              	.LASF25:
 732 0039 75696E74 		.ascii	"uint8\000"
 732      3800
 733              	.LASF16:
 734 003f 4C45445F 		.ascii	"LED_B_Write\000"
 734      425F5772 
 734      69746500 
 735              	.LASF10:
 736 004b 646F7562 		.ascii	"double\000"
 736      6C6500
 737              	.LASF27:
 738 0052 6D61696E 		.ascii	"main\000"
 738      00
 739              	.LASF17:
 740 0057 53575F54 		.ascii	"SW_Tx_UART_Start\000"
 740      785F5541 
 740      52545F53 
 740      74617274 
 740      00
 741              	.LASF26:
 742 0068 73657443 		.ascii	"setColor\000"
 742      6F6C6F72 
 742      00
 743              	.LASF19:
 744 0071 53575F54 		.ascii	"SW_Tx_UART_PutString\000"
 744      785F5541 
 744      52545F50 
 744      75745374 
 744      72696E67 
 745              	.LASF8:
 746 0086 756E7369 		.ascii	"unsigned int\000"
 746      676E6564 
 746      20696E74 
 746      00
 747              	.LASF7:
 748 0093 6C6F6E67 		.ascii	"long long unsigned int\000"
 748      206C6F6E 
 748      6720756E 
 748      7369676E 
 748      65642069 
 749              	.LASF15:
 750 00aa 4C45445F 		.ascii	"LED_G_Write\000"
 750      475F5772 
 750      69746500 
 751              	.LASF22:
 752 00b6 474E5520 		.ascii	"GNU C11 5.4.1 20160609 (release) [ARM/embedded-5-br"
 752      43313120 
 752      352E342E 
 752      31203230 
 752      31363036 
 753 00e9 616E6368 		.ascii	"anch revision 237715] -mcpu=cortex-m0 -mthumb -g -O"
 753      20726576 
 753      6973696F 
 753      6E203233 
 753      37373135 
ARM GAS  C:\Users\taips\AppData\Local\Temp\ccERLG7r.s 			page 16


 754 011c 67202D66 		.ascii	"g -ffunction-sections -ffat-lto-objects\000"
 754      66756E63 
 754      74696F6E 
 754      2D736563 
 754      74696F6E 
 755              	.LASF12:
 756 0144 73697A65 		.ascii	"sizetype\000"
 756      74797065 
 756      00
 757              	.LASF20:
 758 014d 42757474 		.ascii	"Button_Read\000"
 758      6F6E5F52 
 758      65616400 
 759              	.LASF6:
 760 0159 6C6F6E67 		.ascii	"long long int\000"
 760      206C6F6E 
 760      6720696E 
 760      7400
 761              	.LASF23:
 762 0167 6D61696E 		.ascii	"main.c\000"
 762      2E6300
 763              	.LASF11:
 764 016e 63686172 		.ascii	"char\000"
 764      00
 765              	.LASF14:
 766 0173 4C45445F 		.ascii	"LED_R_Write\000"
 766      525F5772 
 766      69746500 
 767              	.LASF2:
 768 017f 73686F72 		.ascii	"short int\000"
 768      7420696E 
 768      7400
 769              	.LASF4:
 770 0189 6C6F6E67 		.ascii	"long int\000"
 770      20696E74 
 770      00
 771              	.LASF13:
 772 0192 6C6F6E67 		.ascii	"long double\000"
 772      20646F75 
 772      626C6500 
 773              	.LASF18:
 774 019e 53575F54 		.ascii	"SW_Tx_UART_PutCRLF\000"
 774      785F5541 
 774      52545F50 
 774      75744352 
 774      4C4600
 775              	.LASF0:
 776 01b1 7369676E 		.ascii	"signed char\000"
 776      65642063 
 776      68617200 
 777              	.LASF21:
 778 01bd 43794465 		.ascii	"CyDelay\000"
 778      6C617900 
 779              	.LASF24:
 780 01c5 433A5C70 		.ascii	"C:\\projects\\lab22.cydsn\000"
 780      726F6A65 
 780      6374735C 
ARM GAS  C:\Users\taips\AppData\Local\Temp\ccERLG7r.s 			page 17


 780      6C616232 
 780      322E6379 
 781              		.ident	"GCC: (GNU Tools for ARM Embedded Processors) 5.4.1 20160609 (release) [ARM/embedded-5-bran
