ARM GAS  C:\Users\taips\AppData\Local\Temp\ccSZ4MjB.s 			page 1


   1              		.syntax unified
   2              		.cpu cortex-m0
   3              		.fpu softvfp
   4              		.eabi_attribute 20, 1
   5              		.eabi_attribute 21, 1
   6              		.eabi_attribute 23, 3
   7              		.eabi_attribute 24, 1
   8              		.eabi_attribute 25, 1
   9              		.eabi_attribute 26, 1
  10              		.eabi_attribute 30, 6
  11              		.eabi_attribute 34, 0
  12              		.eabi_attribute 18, 4
  13              		.thumb
  14              		.syntax unified
  15              		.file	"CapSense_CSD_TunerHelper.c"
  16              		.text
  17              	.Ltext0:
  18              		.cfi_sections	.debug_frame
  19              		.section	.text.CapSense_CSD_TunerStart,"ax",%progbits
  20              		.align	2
  21              		.global	CapSense_CSD_TunerStart
  22              		.code	16
  23              		.thumb_func
  24              		.type	CapSense_CSD_TunerStart, %function
  25              	CapSense_CSD_TunerStart:
  26              	.LFB32:
  27              		.file 1 "C:\\Program Files (x86)\\Cypress\\PSoC Creator\\4.4\\PSoC Creator\\1\\CapSense_CSD_P4_Des
   1:C:\Program Files (x86)\Cypress\PSoC Creator\4.4\PSoC Creator\1\CapSense_CSD_P4_Design01.cydsn\Generated_Source\PSoC4\CapSense_CSD_TunerHelper.c **** /*******************************************************************************
   2:C:\Program Files (x86)\Cypress\PSoC Creator\4.4\PSoC Creator\1\CapSense_CSD_P4_Design01.cydsn\Generated_Source\PSoC4\CapSense_CSD_TunerHelper.c **** * File Name: CapSense_CSD_TunerHelper.c
   3:C:\Program Files (x86)\Cypress\PSoC Creator\4.4\PSoC Creator\1\CapSense_CSD_P4_Design01.cydsn\Generated_Source\PSoC4\CapSense_CSD_TunerHelper.c **** * Version 2.60
   4:C:\Program Files (x86)\Cypress\PSoC Creator\4.4\PSoC Creator\1\CapSense_CSD_P4_Design01.cydsn\Generated_Source\PSoC4\CapSense_CSD_TunerHelper.c **** *
   5:C:\Program Files (x86)\Cypress\PSoC Creator\4.4\PSoC Creator\1\CapSense_CSD_P4_Design01.cydsn\Generated_Source\PSoC4\CapSense_CSD_TunerHelper.c **** * Description:
   6:C:\Program Files (x86)\Cypress\PSoC Creator\4.4\PSoC Creator\1\CapSense_CSD_P4_Design01.cydsn\Generated_Source\PSoC4\CapSense_CSD_TunerHelper.c **** *  This file provides the source code of the Tuner helper APIs for the CapSense CSD
   7:C:\Program Files (x86)\Cypress\PSoC Creator\4.4\PSoC Creator\1\CapSense_CSD_P4_Design01.cydsn\Generated_Source\PSoC4\CapSense_CSD_TunerHelper.c **** *  component.
   8:C:\Program Files (x86)\Cypress\PSoC Creator\4.4\PSoC Creator\1\CapSense_CSD_P4_Design01.cydsn\Generated_Source\PSoC4\CapSense_CSD_TunerHelper.c **** *
   9:C:\Program Files (x86)\Cypress\PSoC Creator\4.4\PSoC Creator\1\CapSense_CSD_P4_Design01.cydsn\Generated_Source\PSoC4\CapSense_CSD_TunerHelper.c **** * Note:
  10:C:\Program Files (x86)\Cypress\PSoC Creator\4.4\PSoC Creator\1\CapSense_CSD_P4_Design01.cydsn\Generated_Source\PSoC4\CapSense_CSD_TunerHelper.c **** *
  11:C:\Program Files (x86)\Cypress\PSoC Creator\4.4\PSoC Creator\1\CapSense_CSD_P4_Design01.cydsn\Generated_Source\PSoC4\CapSense_CSD_TunerHelper.c **** ********************************************************************************
  12:C:\Program Files (x86)\Cypress\PSoC Creator\4.4\PSoC Creator\1\CapSense_CSD_P4_Design01.cydsn\Generated_Source\PSoC4\CapSense_CSD_TunerHelper.c **** * Copyright 2013-2016, Cypress Semiconductor Corporation.  All rights reserved.
  13:C:\Program Files (x86)\Cypress\PSoC Creator\4.4\PSoC Creator\1\CapSense_CSD_P4_Design01.cydsn\Generated_Source\PSoC4\CapSense_CSD_TunerHelper.c **** * You may use this file only in accordance with the license, terms, conditions,
  14:C:\Program Files (x86)\Cypress\PSoC Creator\4.4\PSoC Creator\1\CapSense_CSD_P4_Design01.cydsn\Generated_Source\PSoC4\CapSense_CSD_TunerHelper.c **** * disclaimers, and limitations in the end user license agreement accompanying
  15:C:\Program Files (x86)\Cypress\PSoC Creator\4.4\PSoC Creator\1\CapSense_CSD_P4_Design01.cydsn\Generated_Source\PSoC4\CapSense_CSD_TunerHelper.c **** * the software package with which this file was provided.
  16:C:\Program Files (x86)\Cypress\PSoC Creator\4.4\PSoC Creator\1\CapSense_CSD_P4_Design01.cydsn\Generated_Source\PSoC4\CapSense_CSD_TunerHelper.c **** *******************************************************************************/
  17:C:\Program Files (x86)\Cypress\PSoC Creator\4.4\PSoC Creator\1\CapSense_CSD_P4_Design01.cydsn\Generated_Source\PSoC4\CapSense_CSD_TunerHelper.c **** 
  18:C:\Program Files (x86)\Cypress\PSoC Creator\4.4\PSoC Creator\1\CapSense_CSD_P4_Design01.cydsn\Generated_Source\PSoC4\CapSense_CSD_TunerHelper.c **** #include "CapSense_CSD_TunerHelper.h"
  19:C:\Program Files (x86)\Cypress\PSoC Creator\4.4\PSoC Creator\1\CapSense_CSD_P4_Design01.cydsn\Generated_Source\PSoC4\CapSense_CSD_TunerHelper.c **** #include "cyapicallbacks.h"
  20:C:\Program Files (x86)\Cypress\PSoC Creator\4.4\PSoC Creator\1\CapSense_CSD_P4_Design01.cydsn\Generated_Source\PSoC4\CapSense_CSD_TunerHelper.c **** 
  21:C:\Program Files (x86)\Cypress\PSoC Creator\4.4\PSoC Creator\1\CapSense_CSD_P4_Design01.cydsn\Generated_Source\PSoC4\CapSense_CSD_TunerHelper.c **** #if (CapSense_CSD_TUNER_API_GENERATE)
  22:C:\Program Files (x86)\Cypress\PSoC Creator\4.4\PSoC Creator\1\CapSense_CSD_P4_Design01.cydsn\Generated_Source\PSoC4\CapSense_CSD_TunerHelper.c ****     #include "SCB.h"
  23:C:\Program Files (x86)\Cypress\PSoC Creator\4.4\PSoC Creator\1\CapSense_CSD_P4_Design01.cydsn\Generated_Source\PSoC4\CapSense_CSD_TunerHelper.c ****     #include "SCB_EZI2C.h"
  24:C:\Program Files (x86)\Cypress\PSoC Creator\4.4\PSoC Creator\1\CapSense_CSD_P4_Design01.cydsn\Generated_Source\PSoC4\CapSense_CSD_TunerHelper.c ****     volatile CapSense_CSD_MAILBOXES CapSense_CSD_mailboxesComm;
  25:C:\Program Files (x86)\Cypress\PSoC Creator\4.4\PSoC Creator\1\CapSense_CSD_P4_Design01.cydsn\Generated_Source\PSoC4\CapSense_CSD_TunerHelper.c **** #endif  /* (CapSense_CSD_TUNER_API_GENERATE) */
  26:C:\Program Files (x86)\Cypress\PSoC Creator\4.4\PSoC Creator\1\CapSense_CSD_P4_Design01.cydsn\Generated_Source\PSoC4\CapSense_CSD_TunerHelper.c **** 
  27:C:\Program Files (x86)\Cypress\PSoC Creator\4.4\PSoC Creator\1\CapSense_CSD_P4_Design01.cydsn\Generated_Source\PSoC4\CapSense_CSD_TunerHelper.c **** /* `#START CapSense_CSD_TunerHelper_HEADER` */
  28:C:\Program Files (x86)\Cypress\PSoC Creator\4.4\PSoC Creator\1\CapSense_CSD_P4_Design01.cydsn\Generated_Source\PSoC4\CapSense_CSD_TunerHelper.c **** 
  29:C:\Program Files (x86)\Cypress\PSoC Creator\4.4\PSoC Creator\1\CapSense_CSD_P4_Design01.cydsn\Generated_Source\PSoC4\CapSense_CSD_TunerHelper.c **** /* `#END` */
  30:C:\Program Files (x86)\Cypress\PSoC Creator\4.4\PSoC Creator\1\CapSense_CSD_P4_Design01.cydsn\Generated_Source\PSoC4\CapSense_CSD_TunerHelper.c **** 
ARM GAS  C:\Users\taips\AppData\Local\Temp\ccSZ4MjB.s 			page 2


  31:C:\Program Files (x86)\Cypress\PSoC Creator\4.4\PSoC Creator\1\CapSense_CSD_P4_Design01.cydsn\Generated_Source\PSoC4\CapSense_CSD_TunerHelper.c **** /*******************************************************************************
  32:C:\Program Files (x86)\Cypress\PSoC Creator\4.4\PSoC Creator\1\CapSense_CSD_P4_Design01.cydsn\Generated_Source\PSoC4\CapSense_CSD_TunerHelper.c **** * Function Name: CapSense_CSD_TunerStart
  33:C:\Program Files (x86)\Cypress\PSoC Creator\4.4\PSoC Creator\1\CapSense_CSD_P4_Design01.cydsn\Generated_Source\PSoC4\CapSense_CSD_TunerHelper.c **** ********************************************************************************
  34:C:\Program Files (x86)\Cypress\PSoC Creator\4.4\PSoC Creator\1\CapSense_CSD_P4_Design01.cydsn\Generated_Source\PSoC4\CapSense_CSD_TunerHelper.c **** *
  35:C:\Program Files (x86)\Cypress\PSoC Creator\4.4\PSoC Creator\1\CapSense_CSD_P4_Design01.cydsn\Generated_Source\PSoC4\CapSense_CSD_TunerHelper.c **** * Summary:
  36:C:\Program Files (x86)\Cypress\PSoC Creator\4.4\PSoC Creator\1\CapSense_CSD_P4_Design01.cydsn\Generated_Source\PSoC4\CapSense_CSD_TunerHelper.c **** *  Initializes the CapSense CSD component and EzI2C communication component to use
  37:C:\Program Files (x86)\Cypress\PSoC Creator\4.4\PSoC Creator\1\CapSense_CSD_P4_Design01.cydsn\Generated_Source\PSoC4\CapSense_CSD_TunerHelper.c **** *  a mailbox data structure for communication with the Tuner GUI.
  38:C:\Program Files (x86)\Cypress\PSoC Creator\4.4\PSoC Creator\1\CapSense_CSD_P4_Design01.cydsn\Generated_Source\PSoC4\CapSense_CSD_TunerHelper.c **** *  Start the scanning, after initialization is complete.
  39:C:\Program Files (x86)\Cypress\PSoC Creator\4.4\PSoC Creator\1\CapSense_CSD_P4_Design01.cydsn\Generated_Source\PSoC4\CapSense_CSD_TunerHelper.c **** *
  40:C:\Program Files (x86)\Cypress\PSoC Creator\4.4\PSoC Creator\1\CapSense_CSD_P4_Design01.cydsn\Generated_Source\PSoC4\CapSense_CSD_TunerHelper.c **** * Parameters:
  41:C:\Program Files (x86)\Cypress\PSoC Creator\4.4\PSoC Creator\1\CapSense_CSD_P4_Design01.cydsn\Generated_Source\PSoC4\CapSense_CSD_TunerHelper.c **** *  None
  42:C:\Program Files (x86)\Cypress\PSoC Creator\4.4\PSoC Creator\1\CapSense_CSD_P4_Design01.cydsn\Generated_Source\PSoC4\CapSense_CSD_TunerHelper.c **** *
  43:C:\Program Files (x86)\Cypress\PSoC Creator\4.4\PSoC Creator\1\CapSense_CSD_P4_Design01.cydsn\Generated_Source\PSoC4\CapSense_CSD_TunerHelper.c **** * Return:
  44:C:\Program Files (x86)\Cypress\PSoC Creator\4.4\PSoC Creator\1\CapSense_CSD_P4_Design01.cydsn\Generated_Source\PSoC4\CapSense_CSD_TunerHelper.c **** *  None
  45:C:\Program Files (x86)\Cypress\PSoC Creator\4.4\PSoC Creator\1\CapSense_CSD_P4_Design01.cydsn\Generated_Source\PSoC4\CapSense_CSD_TunerHelper.c **** *
  46:C:\Program Files (x86)\Cypress\PSoC Creator\4.4\PSoC Creator\1\CapSense_CSD_P4_Design01.cydsn\Generated_Source\PSoC4\CapSense_CSD_TunerHelper.c **** * Global Variables:
  47:C:\Program Files (x86)\Cypress\PSoC Creator\4.4\PSoC Creator\1\CapSense_CSD_P4_Design01.cydsn\Generated_Source\PSoC4\CapSense_CSD_TunerHelper.c **** *  None
  48:C:\Program Files (x86)\Cypress\PSoC Creator\4.4\PSoC Creator\1\CapSense_CSD_P4_Design01.cydsn\Generated_Source\PSoC4\CapSense_CSD_TunerHelper.c **** *
  49:C:\Program Files (x86)\Cypress\PSoC Creator\4.4\PSoC Creator\1\CapSense_CSD_P4_Design01.cydsn\Generated_Source\PSoC4\CapSense_CSD_TunerHelper.c **** *******************************************************************************/
  50:C:\Program Files (x86)\Cypress\PSoC Creator\4.4\PSoC Creator\1\CapSense_CSD_P4_Design01.cydsn\Generated_Source\PSoC4\CapSense_CSD_TunerHelper.c **** void CapSense_CSD_TunerStart(void)
  51:C:\Program Files (x86)\Cypress\PSoC Creator\4.4\PSoC Creator\1\CapSense_CSD_P4_Design01.cydsn\Generated_Source\PSoC4\CapSense_CSD_TunerHelper.c **** {
  28              		.loc 1 51 0
  29              		.cfi_startproc
  30              		@ args = 0, pretend = 0, frame = 0
  31              		@ frame_needed = 1, uses_anonymous_args = 0
  32 0000 80B5     		push	{r7, lr}
  33              		.cfi_def_cfa_offset 8
  34              		.cfi_offset 7, -8
  35              		.cfi_offset 14, -4
  36 0002 00AF     		add	r7, sp, #0
  37              		.cfi_def_cfa_register 7
  52:C:\Program Files (x86)\Cypress\PSoC Creator\4.4\PSoC Creator\1\CapSense_CSD_P4_Design01.cydsn\Generated_Source\PSoC4\CapSense_CSD_TunerHelper.c ****     #if (0u != CapSense_CSD_TUNER_API_GENERATE)
  53:C:\Program Files (x86)\Cypress\PSoC Creator\4.4\PSoC Creator\1\CapSense_CSD_P4_Design01.cydsn\Generated_Source\PSoC4\CapSense_CSD_TunerHelper.c **** 
  54:C:\Program Files (x86)\Cypress\PSoC Creator\4.4\PSoC Creator\1\CapSense_CSD_P4_Design01.cydsn\Generated_Source\PSoC4\CapSense_CSD_TunerHelper.c ****         /* Init mbx and quick check */
  55:C:\Program Files (x86)\Cypress\PSoC Creator\4.4\PSoC Creator\1\CapSense_CSD_P4_Design01.cydsn\Generated_Source\PSoC4\CapSense_CSD_TunerHelper.c ****         CapSense_CSD_InitMailbox(&CapSense_CSD_mailboxesComm.csdMailbox);
  56:C:\Program Files (x86)\Cypress\PSoC Creator\4.4\PSoC Creator\1\CapSense_CSD_P4_Design01.cydsn\Generated_Source\PSoC4\CapSense_CSD_TunerHelper.c ****         CapSense_CSD_mailboxesComm.numMailBoxes = CapSense_CSD_DEFAULT_MAILBOXES_NUMBER;
  57:C:\Program Files (x86)\Cypress\PSoC Creator\4.4\PSoC Creator\1\CapSense_CSD_P4_Design01.cydsn\Generated_Source\PSoC4\CapSense_CSD_TunerHelper.c **** 
  58:C:\Program Files (x86)\Cypress\PSoC Creator\4.4\PSoC Creator\1\CapSense_CSD_P4_Design01.cydsn\Generated_Source\PSoC4\CapSense_CSD_TunerHelper.c ****         /* Start CapSense and baselines */
  59:C:\Program Files (x86)\Cypress\PSoC Creator\4.4\PSoC Creator\1\CapSense_CSD_P4_Design01.cydsn\Generated_Source\PSoC4\CapSense_CSD_TunerHelper.c ****         CapSense_CSD_Start();
  60:C:\Program Files (x86)\Cypress\PSoC Creator\4.4\PSoC Creator\1\CapSense_CSD_P4_Design01.cydsn\Generated_Source\PSoC4\CapSense_CSD_TunerHelper.c **** 
  61:C:\Program Files (x86)\Cypress\PSoC Creator\4.4\PSoC Creator\1\CapSense_CSD_P4_Design01.cydsn\Generated_Source\PSoC4\CapSense_CSD_TunerHelper.c ****         /* Initialize baselines */
  62:C:\Program Files (x86)\Cypress\PSoC Creator\4.4\PSoC Creator\1\CapSense_CSD_P4_Design01.cydsn\Generated_Source\PSoC4\CapSense_CSD_TunerHelper.c ****         #if(0u != CapSense_CSD_CSHL_API_GENERATE)
  63:C:\Program Files (x86)\Cypress\PSoC Creator\4.4\PSoC Creator\1\CapSense_CSD_P4_Design01.cydsn\Generated_Source\PSoC4\CapSense_CSD_TunerHelper.c ****             CapSense_CSD_InitializeEnabledBaselines();
  64:C:\Program Files (x86)\Cypress\PSoC Creator\4.4\PSoC Creator\1\CapSense_CSD_P4_Design01.cydsn\Generated_Source\PSoC4\CapSense_CSD_TunerHelper.c ****         #endif /* (0u != CapSense_CSD_CSHL_API_GENERATE) */
  65:C:\Program Files (x86)\Cypress\PSoC Creator\4.4\PSoC Creator\1\CapSense_CSD_P4_Design01.cydsn\Generated_Source\PSoC4\CapSense_CSD_TunerHelper.c **** 
  66:C:\Program Files (x86)\Cypress\PSoC Creator\4.4\PSoC Creator\1\CapSense_CSD_P4_Design01.cydsn\Generated_Source\PSoC4\CapSense_CSD_TunerHelper.c ****         /* Start EzI2C, clears buf pointers */
  67:C:\Program Files (x86)\Cypress\PSoC Creator\4.4\PSoC Creator\1\CapSense_CSD_P4_Design01.cydsn\Generated_Source\PSoC4\CapSense_CSD_TunerHelper.c ****         SCB_Start();
  68:C:\Program Files (x86)\Cypress\PSoC Creator\4.4\PSoC Creator\1\CapSense_CSD_P4_Design01.cydsn\Generated_Source\PSoC4\CapSense_CSD_TunerHelper.c **** 
  69:C:\Program Files (x86)\Cypress\PSoC Creator\4.4\PSoC Creator\1\CapSense_CSD_P4_Design01.cydsn\Generated_Source\PSoC4\CapSense_CSD_TunerHelper.c ****         /* Setup EzI2C buffers */
  70:C:\Program Files (x86)\Cypress\PSoC Creator\4.4\PSoC Creator\1\CapSense_CSD_P4_Design01.cydsn\Generated_Source\PSoC4\CapSense_CSD_TunerHelper.c ****         SCB_EzI2CSetBuffer1(sizeof(CapSense_CSD_mailboxesComm), sizeof(CapSense_CSD_mailboxesComm),
  71:C:\Program Files (x86)\Cypress\PSoC Creator\4.4\PSoC Creator\1\CapSense_CSD_P4_Design01.cydsn\Generated_Source\PSoC4\CapSense_CSD_TunerHelper.c ****                                                    (volatile uint8 *) &CapSense_CSD_mailboxesComm);
  72:C:\Program Files (x86)\Cypress\PSoC Creator\4.4\PSoC Creator\1\CapSense_CSD_P4_Design01.cydsn\Generated_Source\PSoC4\CapSense_CSD_TunerHelper.c **** 
  73:C:\Program Files (x86)\Cypress\PSoC Creator\4.4\PSoC Creator\1\CapSense_CSD_P4_Design01.cydsn\Generated_Source\PSoC4\CapSense_CSD_TunerHelper.c ****         /* Starts scan all enabled sensors */
  74:C:\Program Files (x86)\Cypress\PSoC Creator\4.4\PSoC Creator\1\CapSense_CSD_P4_Design01.cydsn\Generated_Source\PSoC4\CapSense_CSD_TunerHelper.c ****         CapSense_CSD_ScanEnabledWidgets();
  75:C:\Program Files (x86)\Cypress\PSoC Creator\4.4\PSoC Creator\1\CapSense_CSD_P4_Design01.cydsn\Generated_Source\PSoC4\CapSense_CSD_TunerHelper.c **** 
  76:C:\Program Files (x86)\Cypress\PSoC Creator\4.4\PSoC Creator\1\CapSense_CSD_P4_Design01.cydsn\Generated_Source\PSoC4\CapSense_CSD_TunerHelper.c ****     #endif  /* (0u != CapSense_CSD_TUNER_API_GENERATE) */
  77:C:\Program Files (x86)\Cypress\PSoC Creator\4.4\PSoC Creator\1\CapSense_CSD_P4_Design01.cydsn\Generated_Source\PSoC4\CapSense_CSD_TunerHelper.c **** }
ARM GAS  C:\Users\taips\AppData\Local\Temp\ccSZ4MjB.s 			page 3


  38              		.loc 1 77 0
  39 0004 C046     		nop
  40 0006 BD46     		mov	sp, r7
  41              		@ sp needed
  42 0008 80BD     		pop	{r7, pc}
  43              		.cfi_endproc
  44              	.LFE32:
  45              		.size	CapSense_CSD_TunerStart, .-CapSense_CSD_TunerStart
  46 000a C046     		.section	.text.CapSense_CSD_TunerComm,"ax",%progbits
  47              		.align	2
  48              		.global	CapSense_CSD_TunerComm
  49              		.code	16
  50              		.thumb_func
  51              		.type	CapSense_CSD_TunerComm, %function
  52              	CapSense_CSD_TunerComm:
  53              	.LFB33:
  78:C:\Program Files (x86)\Cypress\PSoC Creator\4.4\PSoC Creator\1\CapSense_CSD_P4_Design01.cydsn\Generated_Source\PSoC4\CapSense_CSD_TunerHelper.c **** 
  79:C:\Program Files (x86)\Cypress\PSoC Creator\4.4\PSoC Creator\1\CapSense_CSD_P4_Design01.cydsn\Generated_Source\PSoC4\CapSense_CSD_TunerHelper.c **** 
  80:C:\Program Files (x86)\Cypress\PSoC Creator\4.4\PSoC Creator\1\CapSense_CSD_P4_Design01.cydsn\Generated_Source\PSoC4\CapSense_CSD_TunerHelper.c **** /*******************************************************************************
  81:C:\Program Files (x86)\Cypress\PSoC Creator\4.4\PSoC Creator\1\CapSense_CSD_P4_Design01.cydsn\Generated_Source\PSoC4\CapSense_CSD_TunerHelper.c **** * Function Name: CapSense_CSD_TunerComm
  82:C:\Program Files (x86)\Cypress\PSoC Creator\4.4\PSoC Creator\1\CapSense_CSD_P4_Design01.cydsn\Generated_Source\PSoC4\CapSense_CSD_TunerHelper.c **** ********************************************************************************
  83:C:\Program Files (x86)\Cypress\PSoC Creator\4.4\PSoC Creator\1\CapSense_CSD_P4_Design01.cydsn\Generated_Source\PSoC4\CapSense_CSD_TunerHelper.c **** *
  84:C:\Program Files (x86)\Cypress\PSoC Creator\4.4\PSoC Creator\1\CapSense_CSD_P4_Design01.cydsn\Generated_Source\PSoC4\CapSense_CSD_TunerHelper.c **** * Summary:
  85:C:\Program Files (x86)\Cypress\PSoC Creator\4.4\PSoC Creator\1\CapSense_CSD_P4_Design01.cydsn\Generated_Source\PSoC4\CapSense_CSD_TunerHelper.c **** *  This function is blocking. It waits till scanning loop is completed and applies
  86:C:\Program Files (x86)\Cypress\PSoC Creator\4.4\PSoC Creator\1\CapSense_CSD_P4_Design01.cydsn\Generated_Source\PSoC4\CapSense_CSD_TunerHelper.c **** *  the new parameters from the Tuner GUI if available (the manual tuning mode only). Updates
  87:C:\Program Files (x86)\Cypress\PSoC Creator\4.4\PSoC Creator\1\CapSense_CSD_P4_Design01.cydsn\Generated_Source\PSoC4\CapSense_CSD_TunerHelper.c **** *  the enabled baselines and state of widgets. Waits while the Tuner GUI reports that
  88:C:\Program Files (x86)\Cypress\PSoC Creator\4.4\PSoC Creator\1\CapSense_CSD_P4_Design01.cydsn\Generated_Source\PSoC4\CapSense_CSD_TunerHelper.c **** *  the mailbox content  could be modified. Then loads the report data into the outbox
  89:C:\Program Files (x86)\Cypress\PSoC Creator\4.4\PSoC Creator\1\CapSense_CSD_P4_Design01.cydsn\Generated_Source\PSoC4\CapSense_CSD_TunerHelper.c **** *  and sets a busy flag. Starts a new scanning loop.
  90:C:\Program Files (x86)\Cypress\PSoC Creator\4.4\PSoC Creator\1\CapSense_CSD_P4_Design01.cydsn\Generated_Source\PSoC4\CapSense_CSD_TunerHelper.c **** *
  91:C:\Program Files (x86)\Cypress\PSoC Creator\4.4\PSoC Creator\1\CapSense_CSD_P4_Design01.cydsn\Generated_Source\PSoC4\CapSense_CSD_TunerHelper.c **** * Parameters:
  92:C:\Program Files (x86)\Cypress\PSoC Creator\4.4\PSoC Creator\1\CapSense_CSD_P4_Design01.cydsn\Generated_Source\PSoC4\CapSense_CSD_TunerHelper.c **** *  None
  93:C:\Program Files (x86)\Cypress\PSoC Creator\4.4\PSoC Creator\1\CapSense_CSD_P4_Design01.cydsn\Generated_Source\PSoC4\CapSense_CSD_TunerHelper.c **** *
  94:C:\Program Files (x86)\Cypress\PSoC Creator\4.4\PSoC Creator\1\CapSense_CSD_P4_Design01.cydsn\Generated_Source\PSoC4\CapSense_CSD_TunerHelper.c **** * Return:
  95:C:\Program Files (x86)\Cypress\PSoC Creator\4.4\PSoC Creator\1\CapSense_CSD_P4_Design01.cydsn\Generated_Source\PSoC4\CapSense_CSD_TunerHelper.c **** *  None
  96:C:\Program Files (x86)\Cypress\PSoC Creator\4.4\PSoC Creator\1\CapSense_CSD_P4_Design01.cydsn\Generated_Source\PSoC4\CapSense_CSD_TunerHelper.c **** *
  97:C:\Program Files (x86)\Cypress\PSoC Creator\4.4\PSoC Creator\1\CapSense_CSD_P4_Design01.cydsn\Generated_Source\PSoC4\CapSense_CSD_TunerHelper.c **** * Global Variables:
  98:C:\Program Files (x86)\Cypress\PSoC Creator\4.4\PSoC Creator\1\CapSense_CSD_P4_Design01.cydsn\Generated_Source\PSoC4\CapSense_CSD_TunerHelper.c **** *  None
  99:C:\Program Files (x86)\Cypress\PSoC Creator\4.4\PSoC Creator\1\CapSense_CSD_P4_Design01.cydsn\Generated_Source\PSoC4\CapSense_CSD_TunerHelper.c **** *
 100:C:\Program Files (x86)\Cypress\PSoC Creator\4.4\PSoC Creator\1\CapSense_CSD_P4_Design01.cydsn\Generated_Source\PSoC4\CapSense_CSD_TunerHelper.c **** *******************************************************************************/
 101:C:\Program Files (x86)\Cypress\PSoC Creator\4.4\PSoC Creator\1\CapSense_CSD_P4_Design01.cydsn\Generated_Source\PSoC4\CapSense_CSD_TunerHelper.c **** void CapSense_CSD_TunerComm(void)
 102:C:\Program Files (x86)\Cypress\PSoC Creator\4.4\PSoC Creator\1\CapSense_CSD_P4_Design01.cydsn\Generated_Source\PSoC4\CapSense_CSD_TunerHelper.c **** {
  54              		.loc 1 102 0
  55              		.cfi_startproc
  56              		@ args = 0, pretend = 0, frame = 0
  57              		@ frame_needed = 1, uses_anonymous_args = 0
  58 0000 80B5     		push	{r7, lr}
  59              		.cfi_def_cfa_offset 8
  60              		.cfi_offset 7, -8
  61              		.cfi_offset 14, -4
  62 0002 00AF     		add	r7, sp, #0
  63              		.cfi_def_cfa_register 7
 103:C:\Program Files (x86)\Cypress\PSoC Creator\4.4\PSoC Creator\1\CapSense_CSD_P4_Design01.cydsn\Generated_Source\PSoC4\CapSense_CSD_TunerHelper.c ****     #if (0u != CapSense_CSD_TUNER_API_GENERATE)
 104:C:\Program Files (x86)\Cypress\PSoC Creator\4.4\PSoC Creator\1\CapSense_CSD_P4_Design01.cydsn\Generated_Source\PSoC4\CapSense_CSD_TunerHelper.c ****         if (0u == CapSense_CSD_IsBusy())
 105:C:\Program Files (x86)\Cypress\PSoC Creator\4.4\PSoC Creator\1\CapSense_CSD_P4_Design01.cydsn\Generated_Source\PSoC4\CapSense_CSD_TunerHelper.c ****         {
 106:C:\Program Files (x86)\Cypress\PSoC Creator\4.4\PSoC Creator\1\CapSense_CSD_P4_Design01.cydsn\Generated_Source\PSoC4\CapSense_CSD_TunerHelper.c ****             /* Apply new settings */
 107:C:\Program Files (x86)\Cypress\PSoC Creator\4.4\PSoC Creator\1\CapSense_CSD_P4_Design01.cydsn\Generated_Source\PSoC4\CapSense_CSD_TunerHelper.c ****             #if((CapSense_CSD_TUNING_METHOD != CapSense_CSD__TUNING_NONE) &&\
 108:C:\Program Files (x86)\Cypress\PSoC Creator\4.4\PSoC Creator\1\CapSense_CSD_P4_Design01.cydsn\Generated_Source\PSoC4\CapSense_CSD_TunerHelper.c ****                 (0u != CapSense_CSD_TOTAL_TRACKPAD_GESTURES_COUNT) ||\
ARM GAS  C:\Users\taips\AppData\Local\Temp\ccSZ4MjB.s 			page 4


 109:C:\Program Files (x86)\Cypress\PSoC Creator\4.4\PSoC Creator\1\CapSense_CSD_P4_Design01.cydsn\Generated_Source\PSoC4\CapSense_CSD_TunerHelper.c ****                 (CapSense_CSD_TUNING_METHOD == CapSense_CSD__TUNING_MANUAL))
 110:C:\Program Files (x86)\Cypress\PSoC Creator\4.4\PSoC Creator\1\CapSense_CSD_P4_Design01.cydsn\Generated_Source\PSoC4\CapSense_CSD_TunerHelper.c **** 
 111:C:\Program Files (x86)\Cypress\PSoC Creator\4.4\PSoC Creator\1\CapSense_CSD_P4_Design01.cydsn\Generated_Source\PSoC4\CapSense_CSD_TunerHelper.c ****                 CapSense_CSD_ReadMessage(&CapSense_CSD_mailboxesComm.csdMailbox);
 112:C:\Program Files (x86)\Cypress\PSoC Creator\4.4\PSoC Creator\1\CapSense_CSD_P4_Design01.cydsn\Generated_Source\PSoC4\CapSense_CSD_TunerHelper.c **** 
 113:C:\Program Files (x86)\Cypress\PSoC Creator\4.4\PSoC Creator\1\CapSense_CSD_P4_Design01.cydsn\Generated_Source\PSoC4\CapSense_CSD_TunerHelper.c ****             #endif  /* ((CapSense_CSD_TUNING_METHOD != CapSense_CSD__TUNING_NONE) &&\
 114:C:\Program Files (x86)\Cypress\PSoC Creator\4.4\PSoC Creator\1\CapSense_CSD_P4_Design01.cydsn\Generated_Source\PSoC4\CapSense_CSD_TunerHelper.c ****                         (0u != CapSense_CSD_TOTAL_TRACKPAD_GESTURES_COUNT) ||\
 115:C:\Program Files (x86)\Cypress\PSoC Creator\4.4\PSoC Creator\1\CapSense_CSD_P4_Design01.cydsn\Generated_Source\PSoC4\CapSense_CSD_TunerHelper.c ****                         (CapSense_CSD_TUNING_METHOD == CapSense_CSD__TUNING_MANUAL)) */
 116:C:\Program Files (x86)\Cypress\PSoC Creator\4.4\PSoC Creator\1\CapSense_CSD_P4_Design01.cydsn\Generated_Source\PSoC4\CapSense_CSD_TunerHelper.c **** 
 117:C:\Program Files (x86)\Cypress\PSoC Creator\4.4\PSoC Creator\1\CapSense_CSD_P4_Design01.cydsn\Generated_Source\PSoC4\CapSense_CSD_TunerHelper.c ****             #if(0u != CapSense_CSD_CSHL_API_GENERATE)
 118:C:\Program Files (x86)\Cypress\PSoC Creator\4.4\PSoC Creator\1\CapSense_CSD_P4_Design01.cydsn\Generated_Source\PSoC4\CapSense_CSD_TunerHelper.c ****                 /* Update all baselines and process all widgets */
 119:C:\Program Files (x86)\Cypress\PSoC Creator\4.4\PSoC Creator\1\CapSense_CSD_P4_Design01.cydsn\Generated_Source\PSoC4\CapSense_CSD_TunerHelper.c ****                 CapSense_CSD_UpdateEnabledBaselines();
 120:C:\Program Files (x86)\Cypress\PSoC Creator\4.4\PSoC Creator\1\CapSense_CSD_P4_Design01.cydsn\Generated_Source\PSoC4\CapSense_CSD_TunerHelper.c ****                 CapSense_CSD_ProcessAllWidgets(&CapSense_CSD_mailboxesComm.csdMailbox.outbox);
 121:C:\Program Files (x86)\Cypress\PSoC Creator\4.4\PSoC Creator\1\CapSense_CSD_P4_Design01.cydsn\Generated_Source\PSoC4\CapSense_CSD_TunerHelper.c ****             #endif /* (0u != CapSense_CSD_CSHL_API_GENERATE) */
 122:C:\Program Files (x86)\Cypress\PSoC Creator\4.4\PSoC Creator\1\CapSense_CSD_P4_Design01.cydsn\Generated_Source\PSoC4\CapSense_CSD_TunerHelper.c **** 
 123:C:\Program Files (x86)\Cypress\PSoC Creator\4.4\PSoC Creator\1\CapSense_CSD_P4_Design01.cydsn\Generated_Source\PSoC4\CapSense_CSD_TunerHelper.c ****             CapSense_CSD_PostMessage(&CapSense_CSD_mailboxesComm.csdMailbox);
 124:C:\Program Files (x86)\Cypress\PSoC Creator\4.4\PSoC Creator\1\CapSense_CSD_P4_Design01.cydsn\Generated_Source\PSoC4\CapSense_CSD_TunerHelper.c **** 
 125:C:\Program Files (x86)\Cypress\PSoC Creator\4.4\PSoC Creator\1\CapSense_CSD_P4_Design01.cydsn\Generated_Source\PSoC4\CapSense_CSD_TunerHelper.c ****             /* Enable EZI2C interrupts, after scan complete */
 126:C:\Program Files (x86)\Cypress\PSoC Creator\4.4\PSoC Creator\1\CapSense_CSD_P4_Design01.cydsn\Generated_Source\PSoC4\CapSense_CSD_TunerHelper.c ****             SCB_EnableInt();
 127:C:\Program Files (x86)\Cypress\PSoC Creator\4.4\PSoC Creator\1\CapSense_CSD_P4_Design01.cydsn\Generated_Source\PSoC4\CapSense_CSD_TunerHelper.c **** 
 128:C:\Program Files (x86)\Cypress\PSoC Creator\4.4\PSoC Creator\1\CapSense_CSD_P4_Design01.cydsn\Generated_Source\PSoC4\CapSense_CSD_TunerHelper.c ****             while((CapSense_CSD_mailboxesComm.csdMailbox.type != CapSense_CSD_TYPE_ID) ||
 129:C:\Program Files (x86)\Cypress\PSoC Creator\4.4\PSoC Creator\1\CapSense_CSD_P4_Design01.cydsn\Generated_Source\PSoC4\CapSense_CSD_TunerHelper.c ****                   (0u != (SCB_EzI2CGetActivity() & SCB_EZI2C_STATUS_BUSY))){}
 130:C:\Program Files (x86)\Cypress\PSoC Creator\4.4\PSoC Creator\1\CapSense_CSD_P4_Design01.cydsn\Generated_Source\PSoC4\CapSense_CSD_TunerHelper.c **** 
 131:C:\Program Files (x86)\Cypress\PSoC Creator\4.4\PSoC Creator\1\CapSense_CSD_P4_Design01.cydsn\Generated_Source\PSoC4\CapSense_CSD_TunerHelper.c ****             /* Disable EZI2C interrupts, while scanning */
 132:C:\Program Files (x86)\Cypress\PSoC Creator\4.4\PSoC Creator\1\CapSense_CSD_P4_Design01.cydsn\Generated_Source\PSoC4\CapSense_CSD_TunerHelper.c ****             SCB_DisableInt();
 133:C:\Program Files (x86)\Cypress\PSoC Creator\4.4\PSoC Creator\1\CapSense_CSD_P4_Design01.cydsn\Generated_Source\PSoC4\CapSense_CSD_TunerHelper.c **** 
 134:C:\Program Files (x86)\Cypress\PSoC Creator\4.4\PSoC Creator\1\CapSense_CSD_P4_Design01.cydsn\Generated_Source\PSoC4\CapSense_CSD_TunerHelper.c ****             /* Start scan all sensors */
 135:C:\Program Files (x86)\Cypress\PSoC Creator\4.4\PSoC Creator\1\CapSense_CSD_P4_Design01.cydsn\Generated_Source\PSoC4\CapSense_CSD_TunerHelper.c ****             CapSense_CSD_ScanEnabledWidgets();
 136:C:\Program Files (x86)\Cypress\PSoC Creator\4.4\PSoC Creator\1\CapSense_CSD_P4_Design01.cydsn\Generated_Source\PSoC4\CapSense_CSD_TunerHelper.c ****         }
 137:C:\Program Files (x86)\Cypress\PSoC Creator\4.4\PSoC Creator\1\CapSense_CSD_P4_Design01.cydsn\Generated_Source\PSoC4\CapSense_CSD_TunerHelper.c ****     #endif /* (0u != CapSense_CSD_TUNER_API_GENERATE) */
 138:C:\Program Files (x86)\Cypress\PSoC Creator\4.4\PSoC Creator\1\CapSense_CSD_P4_Design01.cydsn\Generated_Source\PSoC4\CapSense_CSD_TunerHelper.c **** }
  64              		.loc 1 138 0
  65 0004 C046     		nop
  66 0006 BD46     		mov	sp, r7
  67              		@ sp needed
  68 0008 80BD     		pop	{r7, pc}
  69              		.cfi_endproc
  70              	.LFE33:
  71              		.size	CapSense_CSD_TunerComm, .-CapSense_CSD_TunerComm
  72              		.text
  73              	.Letext0:
  74              		.section	.debug_info,"",%progbits
  75              	.Ldebug_info0:
  76 0000 AD000000 		.4byte	0xad
  77 0004 0400     		.2byte	0x4
  78 0006 00000000 		.4byte	.Ldebug_abbrev0
  79 000a 04       		.byte	0x4
  80 000b 01       		.uleb128 0x1
  81 000c AB000000 		.4byte	.LASF16
  82 0010 0C       		.byte	0xc
  83 0011 1B000000 		.4byte	.LASF17
  84 0015 A3010000 		.4byte	.LASF18
  85 0019 00000000 		.4byte	.Ldebug_ranges0+0
  86 001d 00000000 		.4byte	0
  87 0021 00000000 		.4byte	.Ldebug_line0
  88 0025 02       		.uleb128 0x2
  89 0026 01       		.byte	0x1
  90 0027 06       		.byte	0x6
ARM GAS  C:\Users\taips\AppData\Local\Temp\ccSZ4MjB.s 			page 5


  91 0028 14020000 		.4byte	.LASF0
  92 002c 02       		.uleb128 0x2
  93 002d 01       		.byte	0x1
  94 002e 08       		.byte	0x8
  95 002f 80010000 		.4byte	.LASF1
  96 0033 02       		.uleb128 0x2
  97 0034 02       		.byte	0x2
  98 0035 05       		.byte	0x5
  99 0036 2C020000 		.4byte	.LASF2
 100 003a 02       		.uleb128 0x2
 101 003b 02       		.byte	0x2
 102 003c 07       		.byte	0x7
 103 003d 01020000 		.4byte	.LASF3
 104 0041 02       		.uleb128 0x2
 105 0042 04       		.byte	0x4
 106 0043 05       		.byte	0x5
 107 0044 93010000 		.4byte	.LASF4
 108 0048 02       		.uleb128 0x2
 109 0049 04       		.byte	0x4
 110 004a 07       		.byte	0x7
 111 004b 39010000 		.4byte	.LASF5
 112 004f 02       		.uleb128 0x2
 113 0050 08       		.byte	0x8
 114 0051 05       		.byte	0x5
 115 0052 00000000 		.4byte	.LASF6
 116 0056 02       		.uleb128 0x2
 117 0057 08       		.byte	0x8
 118 0058 07       		.byte	0x7
 119 0059 4B010000 		.4byte	.LASF7
 120 005d 03       		.uleb128 0x3
 121 005e 04       		.byte	0x4
 122 005f 05       		.byte	0x5
 123 0060 696E7400 		.ascii	"int\000"
 124 0064 02       		.uleb128 0x2
 125 0065 04       		.byte	0x4
 126 0066 07       		.byte	0x7
 127 0067 0E000000 		.4byte	.LASF8
 128 006b 02       		.uleb128 0x2
 129 006c 04       		.byte	0x4
 130 006d 04       		.byte	0x4
 131 006e 62010000 		.4byte	.LASF9
 132 0072 02       		.uleb128 0x2
 133 0073 08       		.byte	0x8
 134 0074 04       		.byte	0x4
 135 0075 9C010000 		.4byte	.LASF10
 136 0079 02       		.uleb128 0x2
 137 007a 01       		.byte	0x1
 138 007b 08       		.byte	0x8
 139 007c 8E010000 		.4byte	.LASF11
 140 0080 02       		.uleb128 0x2
 141 0081 04       		.byte	0x4
 142 0082 07       		.byte	0x7
 143 0083 4D020000 		.4byte	.LASF12
 144 0087 02       		.uleb128 0x2
 145 0088 08       		.byte	0x8
 146 0089 04       		.byte	0x4
 147 008a 20020000 		.4byte	.LASF13
ARM GAS  C:\Users\taips\AppData\Local\Temp\ccSZ4MjB.s 			page 6


 148 008e 04       		.uleb128 0x4
 149 008f 68010000 		.4byte	.LASF14
 150 0093 01       		.byte	0x1
 151 0094 32       		.byte	0x32
 152 0095 00000000 		.4byte	.LFB32
 153 0099 0A000000 		.4byte	.LFE32-.LFB32
 154 009d 01       		.uleb128 0x1
 155 009e 9C       		.byte	0x9c
 156 009f 04       		.uleb128 0x4
 157 00a0 36020000 		.4byte	.LASF15
 158 00a4 01       		.byte	0x1
 159 00a5 65       		.byte	0x65
 160 00a6 00000000 		.4byte	.LFB33
 161 00aa 0A000000 		.4byte	.LFE33-.LFB33
 162 00ae 01       		.uleb128 0x1
 163 00af 9C       		.byte	0x9c
 164 00b0 00       		.byte	0
 165              		.section	.debug_abbrev,"",%progbits
 166              	.Ldebug_abbrev0:
 167 0000 01       		.uleb128 0x1
 168 0001 11       		.uleb128 0x11
 169 0002 01       		.byte	0x1
 170 0003 25       		.uleb128 0x25
 171 0004 0E       		.uleb128 0xe
 172 0005 13       		.uleb128 0x13
 173 0006 0B       		.uleb128 0xb
 174 0007 03       		.uleb128 0x3
 175 0008 0E       		.uleb128 0xe
 176 0009 1B       		.uleb128 0x1b
 177 000a 0E       		.uleb128 0xe
 178 000b 55       		.uleb128 0x55
 179 000c 17       		.uleb128 0x17
 180 000d 11       		.uleb128 0x11
 181 000e 01       		.uleb128 0x1
 182 000f 10       		.uleb128 0x10
 183 0010 17       		.uleb128 0x17
 184 0011 00       		.byte	0
 185 0012 00       		.byte	0
 186 0013 02       		.uleb128 0x2
 187 0014 24       		.uleb128 0x24
 188 0015 00       		.byte	0
 189 0016 0B       		.uleb128 0xb
 190 0017 0B       		.uleb128 0xb
 191 0018 3E       		.uleb128 0x3e
 192 0019 0B       		.uleb128 0xb
 193 001a 03       		.uleb128 0x3
 194 001b 0E       		.uleb128 0xe
 195 001c 00       		.byte	0
 196 001d 00       		.byte	0
 197 001e 03       		.uleb128 0x3
 198 001f 24       		.uleb128 0x24
 199 0020 00       		.byte	0
 200 0021 0B       		.uleb128 0xb
 201 0022 0B       		.uleb128 0xb
 202 0023 3E       		.uleb128 0x3e
 203 0024 0B       		.uleb128 0xb
 204 0025 03       		.uleb128 0x3
ARM GAS  C:\Users\taips\AppData\Local\Temp\ccSZ4MjB.s 			page 7


 205 0026 08       		.uleb128 0x8
 206 0027 00       		.byte	0
 207 0028 00       		.byte	0
 208 0029 04       		.uleb128 0x4
 209 002a 2E       		.uleb128 0x2e
 210 002b 00       		.byte	0
 211 002c 3F       		.uleb128 0x3f
 212 002d 19       		.uleb128 0x19
 213 002e 03       		.uleb128 0x3
 214 002f 0E       		.uleb128 0xe
 215 0030 3A       		.uleb128 0x3a
 216 0031 0B       		.uleb128 0xb
 217 0032 3B       		.uleb128 0x3b
 218 0033 0B       		.uleb128 0xb
 219 0034 27       		.uleb128 0x27
 220 0035 19       		.uleb128 0x19
 221 0036 11       		.uleb128 0x11
 222 0037 01       		.uleb128 0x1
 223 0038 12       		.uleb128 0x12
 224 0039 06       		.uleb128 0x6
 225 003a 40       		.uleb128 0x40
 226 003b 18       		.uleb128 0x18
 227 003c 9742     		.uleb128 0x2117
 228 003e 19       		.uleb128 0x19
 229 003f 00       		.byte	0
 230 0040 00       		.byte	0
 231 0041 00       		.byte	0
 232              		.section	.debug_aranges,"",%progbits
 233 0000 24000000 		.4byte	0x24
 234 0004 0200     		.2byte	0x2
 235 0006 00000000 		.4byte	.Ldebug_info0
 236 000a 04       		.byte	0x4
 237 000b 00       		.byte	0
 238 000c 0000     		.2byte	0
 239 000e 0000     		.2byte	0
 240 0010 00000000 		.4byte	.LFB32
 241 0014 0A000000 		.4byte	.LFE32-.LFB32
 242 0018 00000000 		.4byte	.LFB33
 243 001c 0A000000 		.4byte	.LFE33-.LFB33
 244 0020 00000000 		.4byte	0
 245 0024 00000000 		.4byte	0
 246              		.section	.debug_ranges,"",%progbits
 247              	.Ldebug_ranges0:
 248 0000 00000000 		.4byte	.LFB32
 249 0004 0A000000 		.4byte	.LFE32
 250 0008 00000000 		.4byte	.LFB33
 251 000c 0A000000 		.4byte	.LFE33
 252 0010 00000000 		.4byte	0
 253 0014 00000000 		.4byte	0
 254              		.section	.debug_line,"",%progbits
 255              	.Ldebug_line0:
 256 0000 D1000000 		.section	.debug_str,"MS",%progbits,1
 256      0200A600 
 256      00000201 
 256      FB0E0D00 
 256      01010101 
 257              	.LASF6:
ARM GAS  C:\Users\taips\AppData\Local\Temp\ccSZ4MjB.s 			page 8


 258 0000 6C6F6E67 		.ascii	"long long int\000"
 258      206C6F6E 
 258      6720696E 
 258      7400
 259              	.LASF8:
 260 000e 756E7369 		.ascii	"unsigned int\000"
 260      676E6564 
 260      20696E74 
 260      00
 261              	.LASF17:
 262 001b 433A5C50 		.ascii	"C:\\Program Files (x86)\\Cypress\\PSoC Creator\\4.4"
 262      726F6772 
 262      616D2046 
 262      696C6573 
 262      20287838 
 263 004a 5C50536F 		.ascii	"\\PSoC Creator\\1\\CapSense_CSD_P4_Design01.cydsn\\"
 263      43204372 
 263      6561746F 
 263      725C315C 
 263      43617053 
 264 0079 47656E65 		.ascii	"Generated_Source\\PSoC4\\CapSense_CSD_TunerHelper.c"
 264      72617465 
 264      645F536F 
 264      75726365 
 264      5C50536F 
 265 00aa 00       		.ascii	"\000"
 266              	.LASF16:
 267 00ab 474E5520 		.ascii	"GNU C11 5.4.1 20160609 (release) [ARM/embedded-5-br"
 267      43313120 
 267      352E342E 
 267      31203230 
 267      31363036 
 268 00de 616E6368 		.ascii	"anch revision 237715] -mcpu=cortex-m0 -mthumb -g -O"
 268      20726576 
 268      6973696F 
 268      6E203233 
 268      37373135 
 269 0111 30202D66 		.ascii	"0 -ffunction-sections -ffat-lto-objects\000"
 269      66756E63 
 269      74696F6E 
 269      2D736563 
 269      74696F6E 
 270              	.LASF5:
 271 0139 6C6F6E67 		.ascii	"long unsigned int\000"
 271      20756E73 
 271      69676E65 
 271      6420696E 
 271      7400
 272              	.LASF7:
 273 014b 6C6F6E67 		.ascii	"long long unsigned int\000"
 273      206C6F6E 
 273      6720756E 
 273      7369676E 
 273      65642069 
 274              	.LASF9:
 275 0162 666C6F61 		.ascii	"float\000"
 275      7400
ARM GAS  C:\Users\taips\AppData\Local\Temp\ccSZ4MjB.s 			page 9


 276              	.LASF14:
 277 0168 43617053 		.ascii	"CapSense_CSD_TunerStart\000"
 277      656E7365 
 277      5F435344 
 277      5F54756E 
 277      65725374 
 278              	.LASF1:
 279 0180 756E7369 		.ascii	"unsigned char\000"
 279      676E6564 
 279      20636861 
 279      7200
 280              	.LASF11:
 281 018e 63686172 		.ascii	"char\000"
 281      00
 282              	.LASF4:
 283 0193 6C6F6E67 		.ascii	"long int\000"
 283      20696E74 
 283      00
 284              	.LASF10:
 285 019c 646F7562 		.ascii	"double\000"
 285      6C6500
 286              	.LASF18:
 287 01a3 433A5C50 		.ascii	"C:\\Program Files (x86)\\Cypress\\PSoC Creator\\4.4"
 287      726F6772 
 287      616D2046 
 287      696C6573 
 287      20287838 
 288 01d2 5C50536F 		.ascii	"\\PSoC Creator\\1\\CapSense_CSD_P4_Design01.cydsn\000"
 288      43204372 
 288      6561746F 
 288      725C315C 
 288      43617053 
 289              	.LASF3:
 290 0201 73686F72 		.ascii	"short unsigned int\000"
 290      7420756E 
 290      7369676E 
 290      65642069 
 290      6E7400
 291              	.LASF0:
 292 0214 7369676E 		.ascii	"signed char\000"
 292      65642063 
 292      68617200 
 293              	.LASF13:
 294 0220 6C6F6E67 		.ascii	"long double\000"
 294      20646F75 
 294      626C6500 
 295              	.LASF2:
 296 022c 73686F72 		.ascii	"short int\000"
 296      7420696E 
 296      7400
 297              	.LASF15:
 298 0236 43617053 		.ascii	"CapSense_CSD_TunerComm\000"
 298      656E7365 
 298      5F435344 
 298      5F54756E 
 298      6572436F 
 299              	.LASF12:
ARM GAS  C:\Users\taips\AppData\Local\Temp\ccSZ4MjB.s 			page 10


 300 024d 73697A65 		.ascii	"sizetype\000"
 300      74797065 
 300      00
 301              		.ident	"GCC: (GNU Tools for ARM Embedded Processors) 5.4.1 20160609 (release) [ARM/embedded-5-bran
