Archive member included to satisfy reference by file (symbol)

.\CortexM0\ARM_GCC_541\Debug\CapSense_CSD_P4_Design01.a(CapSense_CSD.o)
                              .\CortexM0\ARM_GCC_541\Debug\main.o (CapSense_CSD_Start)
.\CortexM0\ARM_GCC_541\Debug\CapSense_CSD_P4_Design01.a(CapSense_CSD_CSHL.o)
                              .\CortexM0\ARM_GCC_541\Debug\CapSense_CSD_P4_Design01.a(CapSense_CSD.o) (CapSense_CSD_rawDataIndex)
.\CortexM0\ARM_GCC_541\Debug\CapSense_CSD_P4_Design01.a(CapSense_CSD_INT.o)
                              .\CortexM0\ARM_GCC_541\Debug\CapSense_CSD_P4_Design01.a(CapSense_CSD.o) (CapSense_CSD_ISR)
.\CortexM0\ARM_GCC_541\Debug\CapSense_CSD_P4_Design01.a(CapSense_CSD_SMS.o)
                              .\CortexM0\ARM_GCC_541\Debug\CapSense_CSD_P4_Design01.a(CapSense_CSD_CSHL.o) (CapSense_CSD_config)
.\CortexM0\ARM_GCC_541\Debug\CapSense_CSD_P4_Design01.a(LED_CONTROL.o)
                              .\CortexM0\ARM_GCC_541\Debug\main.o (LED_CONTROL_WriteCompare)
.\CortexM0\ARM_GCC_541\Debug\CapSense_CSD_P4_Design01.a(CapSense_CSD_SampleClk.o)
                              .\CortexM0\ARM_GCC_541\Debug\CapSense_CSD_P4_Design01.a(CapSense_CSD.o) (CapSense_CSD_SampleClk_Start)
.\CortexM0\ARM_GCC_541\Debug\CapSense_CSD_P4_Design01.a(CapSense_CSD_SenseClk.o)
                              .\CortexM0\ARM_GCC_541\Debug\CapSense_CSD_P4_Design01.a(CapSense_CSD.o) (CapSense_CSD_SenseClk_Start)
.\CortexM0\ARM_GCC_541\Debug\CapSense_CSD_P4_Design01.a(CyLib.o)
                              .\CortexM0\ARM_GCC_541\Debug\cyfitter_cfg.o (CySysClkWriteImoFreq)
.\CortexM0\ARM_GCC_541\Debug\CapSense_CSD_P4_Design01.a(CyBootAsmGnu.o)
                              .\CortexM0\ARM_GCC_541\Debug\CapSense_CSD_P4_Design01.a(CapSense_CSD.o) (CyDelayCycles)
C:\Program Files (x86)\Cypress\PSoC Creator\4.4\PSoC Creator\psoc\content\CyComponentLibrary\CyComponentLibrary.cylib\CapSense_CSD_P4_v2_60\PSoC4\Library\CapsenseP4Library_GCC.a(CSD_P4_SmartSense_v2_60.o)
                              .\CortexM0\ARM_GCC_541\Debug\CapSense_CSD_P4_Design01.a(CapSense_CSD_SMS.o) (CalibrateSensors_P4_v2_60)
c:/program files (x86)/cypress/psoc creator/4.4/psoc creator/import/gnu/arm/5.4.1/bin/../lib/gcc/arm-none-eabi/5.4.1/armv6-m\libgcc.a(_udivsi3.o)
                              .\CortexM0\ARM_GCC_541\Debug\CapSense_CSD_P4_Design01.a(CapSense_CSD_SMS.o) (__aeabi_uidiv)
c:/program files (x86)/cypress/psoc creator/4.4/psoc creator/import/gnu/arm/5.4.1/bin/../lib/gcc/arm-none-eabi/5.4.1/armv6-m\libgcc.a(_divsi3.o)
                              .\CortexM0\ARM_GCC_541\Debug\CapSense_CSD_P4_Design01.a(CapSense_CSD_CSHL.o) (__aeabi_idiv)
c:/program files (x86)/cypress/psoc creator/4.4/psoc creator/import/gnu/arm/5.4.1/bin/../lib/gcc/arm-none-eabi/5.4.1/armv6-m\libgcc.a(_dvmd_tls.o)
                              c:/program files (x86)/cypress/psoc creator/4.4/psoc creator/import/gnu/arm/5.4.1/bin/../lib/gcc/arm-none-eabi/5.4.1/armv6-m\libgcc.a(_udivsi3.o) (__aeabi_idiv0)
c:/program files (x86)/cypress/psoc creator/4.4/psoc creator/import/gnu/arm/5.4.1/bin/../lib/gcc/arm-none-eabi/5.4.1/../../../../arm-none-eabi/lib/armv6-m\libg_nano.a(lib_a-errno.o)
                              .\CortexM0\ARM_GCC_541\Debug\Cm0Start.o (__errno)
c:/program files (x86)/cypress/psoc creator/4.4/psoc creator/import/gnu/arm/5.4.1/bin/../lib/gcc/arm-none-eabi/5.4.1/../../../../arm-none-eabi/lib/armv6-m\libg_nano.a(lib_a-exit.o)
                              c:/program files (x86)/cypress/psoc creator/4.4/psoc creator/import/gnu/arm/5.4.1/bin/../lib/gcc/arm-none-eabi/5.4.1/../../../../arm-none-eabi/lib/armv6-m/crt0.o (exit)
c:/program files (x86)/cypress/psoc creator/4.4/psoc creator/import/gnu/arm/5.4.1/bin/../lib/gcc/arm-none-eabi/5.4.1/../../../../arm-none-eabi/lib/armv6-m\libg_nano.a(lib_a-impure.o)
                              c:/program files (x86)/cypress/psoc creator/4.4/psoc creator/import/gnu/arm/5.4.1/bin/../lib/gcc/arm-none-eabi/5.4.1/../../../../arm-none-eabi/lib/armv6-m\libg_nano.a(lib_a-exit.o) (_global_impure_ptr)
c:/program files (x86)/cypress/psoc creator/4.4/psoc creator/import/gnu/arm/5.4.1/bin/../lib/gcc/arm-none-eabi/5.4.1/../../../../arm-none-eabi/lib/armv6-m\libg_nano.a(lib_a-init.o)
                              c:/program files (x86)/cypress/psoc creator/4.4/psoc creator/import/gnu/arm/5.4.1/bin/../lib/gcc/arm-none-eabi/5.4.1/../../../../arm-none-eabi/lib/armv6-m/crt0.o (__libc_init_array)
c:/program files (x86)/cypress/psoc creator/4.4/psoc creator/import/gnu/arm/5.4.1/bin/../lib/gcc/arm-none-eabi/5.4.1/../../../../arm-none-eabi/lib/armv6-m\libg_nano.a(lib_a-memcpy-stub.o)
                              .\CortexM0\ARM_GCC_541\Debug\cyfitter_cfg.o (memcpy)
c:/program files (x86)/cypress/psoc creator/4.4/psoc creator/import/gnu/arm/5.4.1/bin/../lib/gcc/arm-none-eabi/5.4.1/../../../../arm-none-eabi/lib/armv6-m\libg_nano.a(lib_a-memset.o)
                              c:/program files (x86)/cypress/psoc creator/4.4/psoc creator/import/gnu/arm/5.4.1/bin/../lib/gcc/arm-none-eabi/5.4.1/../../../../arm-none-eabi/lib/armv6-m/crt0.o (memset)

Allocating common symbols
Common symbol       size              file

curPos              0x2               .\CortexM0\ARM_GCC_541\Debug\main.o
CapSense_CSD_fingerThreshold
                    0x1               .\CortexM0\ARM_GCC_541\Debug\CapSense_CSD_P4_Design01.a(CapSense_CSD_CSHL.o)
CapSense_CSD_noiseEnvelopeTbl
                    0x5               .\CortexM0\ARM_GCC_541\Debug\CapSense_CSD_P4_Design01.a(CapSense_CSD_SMS.o)
CapSense_CSD_runningDifferenceTbl
                    0x5               .\CortexM0\ARM_GCC_541\Debug\CapSense_CSD_P4_Design01.a(CapSense_CSD_SMS.o)
CapSense_CSD_config
                    0xc               .\CortexM0\ARM_GCC_541\Debug\CapSense_CSD_P4_Design01.a(CapSense_CSD_SMS.o)
CapSense_CSD_previousSampleTbl
                    0xa               .\CortexM0\ARM_GCC_541\Debug\CapSense_CSD_P4_Design01.a(CapSense_CSD_SMS.o)
CapSense_CSD_negativeNoiseThreshold
                    0x1               .\CortexM0\ARM_GCC_541\Debug\CapSense_CSD_P4_Design01.a(CapSense_CSD_CSHL.o)
CapSense_CSD_csdTrim1
                    0x1               .\CortexM0\ARM_GCC_541\Debug\CapSense_CSD_P4_Design01.a(CapSense_CSD.o)
CapSense_CSD_scanSpeedTbl
                    0x1               .\CortexM0\ARM_GCC_541\Debug\CapSense_CSD_P4_Design01.a(CapSense_CSD.o)
CapSense_CSD_sampleMaxTbl
                    0xa               .\CortexM0\ARM_GCC_541\Debug\CapSense_CSD_P4_Design01.a(CapSense_CSD_SMS.o)
CapSense_CSD_hysteresis
                    0x1               .\CortexM0\ARM_GCC_541\Debug\CapSense_CSD_P4_Design01.a(CapSense_CSD_CSHL.o)
CapSense_CSD_signRegisterTbl
                    0x5               .\CortexM0\ARM_GCC_541\Debug\CapSense_CSD_P4_Design01.a(CapSense_CSD_SMS.o)
oldPos              0x2               .\CortexM0\ARM_GCC_541\Debug\main.o
CapSense_CSD_rawFilterData1
                    0xa               .\CortexM0\ARM_GCC_541\Debug\CapSense_CSD_P4_Design01.a(CapSense_CSD_CSHL.o)
CapSense_CSD_compensationIDAC
                    0x5               .\CortexM0\ARM_GCC_541\Debug\CapSense_CSD_P4_Design01.a(CapSense_CSD.o)
CapSense_CSD_sampleMinTbl
                    0xa               .\CortexM0\ARM_GCC_541\Debug\CapSense_CSD_P4_Design01.a(CapSense_CSD_SMS.o)
CapSense_CSD_senseClkDividerVal
                    0x5               .\CortexM0\ARM_GCC_541\Debug\CapSense_CSD_P4_Design01.a(CapSense_CSD.o)
CapSense_CSD_sensorEnableMaskBackup
                    0x1               .\CortexM0\ARM_GCC_541\Debug\CapSense_CSD_P4_Design01.a(CapSense_CSD.o)
CapSense_CSD_unscannedSnsDriveMode
                    0x5               .\CortexM0\ARM_GCC_541\Debug\CapSense_CSD_P4_Design01.a(CapSense_CSD.o)
CapSense_CSD_noiseThreshold
                    0x1               .\CortexM0\ARM_GCC_541\Debug\CapSense_CSD_P4_Design01.a(CapSense_CSD_CSHL.o)
CapSense_CSD_lowBaselineResetCnt
                    0x5               .\CortexM0\ARM_GCC_541\Debug\CapSense_CSD_P4_Design01.a(CapSense_CSD_CSHL.o)
CapSense_CSD_modulationIDAC
                    0x5               .\CortexM0\ARM_GCC_541\Debug\CapSense_CSD_P4_Design01.a(CapSense_CSD.o)
CapSense_CSD_sampleClkDividerVal
                    0x5               .\CortexM0\ARM_GCC_541\Debug\CapSense_CSD_P4_Design01.a(CapSense_CSD.o)
CapSense_CSD_kValueTbl
                    0x5               .\CortexM0\ARM_GCC_541\Debug\CapSense_CSD_P4_Design01.a(CapSense_CSD_SMS.o)

Discarded input sections

 .text          0x00000000        0x0 c:/program files (x86)/cypress/psoc creator/4.4/psoc creator/import/gnu/arm/5.4.1/bin/../lib/gcc/arm-none-eabi/5.4.1/armv6-m/crti.o
 .data          0x00000000        0x0 c:/program files (x86)/cypress/psoc creator/4.4/psoc creator/import/gnu/arm/5.4.1/bin/../lib/gcc/arm-none-eabi/5.4.1/armv6-m/crti.o
 .bss           0x00000000        0x0 c:/program files (x86)/cypress/psoc creator/4.4/psoc creator/import/gnu/arm/5.4.1/bin/../lib/gcc/arm-none-eabi/5.4.1/armv6-m/crti.o
 .data          0x00000000        0x4 c:/program files (x86)/cypress/psoc creator/4.4/psoc creator/import/gnu/arm/5.4.1/bin/../lib/gcc/arm-none-eabi/5.4.1/armv6-m/crtbegin.o
 .text          0x00000000       0x78 c:/program files (x86)/cypress/psoc creator/4.4/psoc creator/import/gnu/arm/5.4.1/bin/../lib/gcc/arm-none-eabi/5.4.1/../../../../arm-none-eabi/lib/armv6-m/crt0.o
 .data          0x00000000        0x0 c:/program files (x86)/cypress/psoc creator/4.4/psoc creator/import/gnu/arm/5.4.1/bin/../lib/gcc/arm-none-eabi/5.4.1/../../../../arm-none-eabi/lib/armv6-m/crt0.o
 .bss           0x00000000        0x0 c:/program files (x86)/cypress/psoc creator/4.4/psoc creator/import/gnu/arm/5.4.1/bin/../lib/gcc/arm-none-eabi/5.4.1/../../../../arm-none-eabi/lib/armv6-m/crt0.o
 .ARM.extab     0x00000000        0x0 c:/program files (x86)/cypress/psoc creator/4.4/psoc creator/import/gnu/arm/5.4.1/bin/../lib/gcc/arm-none-eabi/5.4.1/../../../../arm-none-eabi/lib/armv6-m/crt0.o
 .ARM.exidx     0x00000000        0x8 c:/program files (x86)/cypress/psoc creator/4.4/psoc creator/import/gnu/arm/5.4.1/bin/../lib/gcc/arm-none-eabi/5.4.1/../../../../arm-none-eabi/lib/armv6-m/crt0.o
 .text          0x00000000        0x0 .\CortexM0\ARM_GCC_541\Debug\main.o
 .data          0x00000000        0x0 .\CortexM0\ARM_GCC_541\Debug\main.o
 .bss           0x00000000        0x0 .\CortexM0\ARM_GCC_541\Debug\main.o
 .text          0x00000000        0x0 .\CortexM0\ARM_GCC_541\Debug\cyfitter_cfg.o
 .data          0x00000000        0x0 .\CortexM0\ARM_GCC_541\Debug\cyfitter_cfg.o
 .bss           0x00000000        0x0 .\CortexM0\ARM_GCC_541\Debug\cyfitter_cfg.o
 .text.CYCONFIGCPY
                0x00000000       0x20 .\CortexM0\ARM_GCC_541\Debug\cyfitter_cfg.o
 .text.CYCONFIGCPYCODE
                0x00000000       0x20 .\CortexM0\ARM_GCC_541\Debug\cyfitter_cfg.o
 .text          0x00000000        0x0 .\CortexM0\ARM_GCC_541\Debug\cymetadata.o
 .data          0x00000000        0x0 .\CortexM0\ARM_GCC_541\Debug\cymetadata.o
 .bss           0x00000000        0x0 .\CortexM0\ARM_GCC_541\Debug\cymetadata.o
 .text          0x00000000        0x0 .\CortexM0\ARM_GCC_541\Debug\Cm0Start.o
 .data          0x00000000        0x4 .\CortexM0\ARM_GCC_541\Debug\Cm0Start.o
 .bss           0x00000000        0x0 .\CortexM0\ARM_GCC_541\Debug\Cm0Start.o
 .text._exit    0x00000000       0x14 .\CortexM0\ARM_GCC_541\Debug\Cm0Start.o
 .text._sbrk    0x00000000       0x54 .\CortexM0\ARM_GCC_541\Debug\Cm0Start.o
 .text          0x00000000        0x0 .\CortexM0\ARM_GCC_541\Debug\CapSense_CSD_P4_Design01.a(CapSense_CSD.o)
 .text.CapSense_CSD_Stop
                0x00000000       0x38 .\CortexM0\ARM_GCC_541\Debug\CapSense_CSD_P4_Design01.a(CapSense_CSD.o)
 .text.CapSense_CSD_ScanWidget
                0x00000000       0xdc .\CortexM0\ARM_GCC_541\Debug\CapSense_CSD_P4_Design01.a(CapSense_CSD.o)
 .text.CapSense_CSD_WriteSensorRaw
                0x00000000       0x28 .\CortexM0\ARM_GCC_541\Debug\CapSense_CSD_P4_Design01.a(CapSense_CSD.o)
 .text.CapSense_CSD_SetScanResolution
                0x00000000       0x20 .\CortexM0\ARM_GCC_541\Debug\CapSense_CSD_P4_Design01.a(CapSense_CSD.o)
 .text.CapSense_CSD_GetScanResolution
                0x00000000       0x1c .\CortexM0\ARM_GCC_541\Debug\CapSense_CSD_P4_Design01.a(CapSense_CSD.o)
 .text.CapSense_CSD_SetDriveModeAllPins
                0x00000000       0x6c .\CortexM0\ARM_GCC_541\Debug\CapSense_CSD_P4_Design01.a(CapSense_CSD.o)
 .text.CapSense_CSD_RestoreDriveModeAllPins
                0x00000000       0x3c .\CortexM0\ARM_GCC_541\Debug\CapSense_CSD_P4_Design01.a(CapSense_CSD.o)
 .text.CapSense_CSD_SetPinDriveMode
                0x00000000       0x58 .\CortexM0\ARM_GCC_541\Debug\CapSense_CSD_P4_Design01.a(CapSense_CSD.o)
 .text.CapSense_CSD_EnableShieldElectrode
                0x00000000       0x7c .\CortexM0\ARM_GCC_541\Debug\CapSense_CSD_P4_Design01.a(CapSense_CSD.o)
 .text.CapSense_CSD_ReadCurrentScanningSensor
                0x00000000       0x2c .\CortexM0\ARM_GCC_541\Debug\CapSense_CSD_P4_Design01.a(CapSense_CSD.o)
 .text.CapSense_CSD_GetSenseClkDivider
                0x00000000       0x1c .\CortexM0\ARM_GCC_541\Debug\CapSense_CSD_P4_Design01.a(CapSense_CSD.o)
 .text.CapSense_CSD_SetSenseClkDivider
                0x00000000       0x24 .\CortexM0\ARM_GCC_541\Debug\CapSense_CSD_P4_Design01.a(CapSense_CSD.o)
 .text.CapSense_CSD_GetModulatorClkDivider
                0x00000000       0x1c .\CortexM0\ARM_GCC_541\Debug\CapSense_CSD_P4_Design01.a(CapSense_CSD.o)
 .text.CapSense_CSD_SetModulatorClkDivider
                0x00000000       0x24 .\CortexM0\ARM_GCC_541\Debug\CapSense_CSD_P4_Design01.a(CapSense_CSD.o)
 .text.CapSense_CSD_GetModulationIDAC
                0x00000000       0x1c .\CortexM0\ARM_GCC_541\Debug\CapSense_CSD_P4_Design01.a(CapSense_CSD.o)
 .text.CapSense_CSD_SetModulationIDAC
                0x00000000       0x24 .\CortexM0\ARM_GCC_541\Debug\CapSense_CSD_P4_Design01.a(CapSense_CSD.o)
 .text.CapSense_CSD_GetCompensationIDAC
                0x00000000       0x1c .\CortexM0\ARM_GCC_541\Debug\CapSense_CSD_P4_Design01.a(CapSense_CSD.o)
 .text.CapSense_CSD_SetCompensationIDAC
                0x00000000       0x24 .\CortexM0\ARM_GCC_541\Debug\CapSense_CSD_P4_Design01.a(CapSense_CSD.o)
 .text.CapSense_CSD_GetIDACRange
                0x00000000       0x20 .\CortexM0\ARM_GCC_541\Debug\CapSense_CSD_P4_Design01.a(CapSense_CSD.o)
 .text.CapSense_CSD_SetIDACRange
                0x00000000       0x3c .\CortexM0\ARM_GCC_541\Debug\CapSense_CSD_P4_Design01.a(CapSense_CSD.o)
 .text          0x00000000        0x0 .\CortexM0\ARM_GCC_541\Debug\CapSense_CSD_P4_Design01.a(CapSense_CSD_CSHL.o)
 .text.CapSense_CSD_InitializeEnabledBaselines
                0x00000000       0x50 .\CortexM0\ARM_GCC_541\Debug\CapSense_CSD_P4_Design01.a(CapSense_CSD_CSHL.o)
 .text.CapSense_CSD_UpdateWidgetBaseline
                0x00000000       0x58 .\CortexM0\ARM_GCC_541\Debug\CapSense_CSD_P4_Design01.a(CapSense_CSD_CSHL.o)
 .text.CapSense_CSD_GetBaselineData
                0x00000000       0x1c .\CortexM0\ARM_GCC_541\Debug\CapSense_CSD_P4_Design01.a(CapSense_CSD_CSHL.o)
 .text.CapSense_CSD_SetBaselineData
                0x00000000       0x28 .\CortexM0\ARM_GCC_541\Debug\CapSense_CSD_P4_Design01.a(CapSense_CSD_CSHL.o)
 .text.CapSense_CSD_GetDiffCountData
                0x00000000       0x1c .\CortexM0\ARM_GCC_541\Debug\CapSense_CSD_P4_Design01.a(CapSense_CSD_CSHL.o)
 .text.CapSense_CSD_SetDiffCountData
                0x00000000       0x28 .\CortexM0\ARM_GCC_541\Debug\CapSense_CSD_P4_Design01.a(CapSense_CSD_CSHL.o)
 .text.CapSense_CSD_GetFingerThreshold
                0x00000000       0x1c .\CortexM0\ARM_GCC_541\Debug\CapSense_CSD_P4_Design01.a(CapSense_CSD_CSHL.o)
 .text.CapSense_CSD_GetNoiseThreshold
                0x00000000       0x1c .\CortexM0\ARM_GCC_541\Debug\CapSense_CSD_P4_Design01.a(CapSense_CSD_CSHL.o)
 .text.CapSense_CSD_GetFingerHysteresis
                0x00000000       0x1c .\CortexM0\ARM_GCC_541\Debug\CapSense_CSD_P4_Design01.a(CapSense_CSD_CSHL.o)
 .text.CapSense_CSD_GetNegativeNoiseThreshold
                0x00000000       0x1c .\CortexM0\ARM_GCC_541\Debug\CapSense_CSD_P4_Design01.a(CapSense_CSD_CSHL.o)
 .text.CapSense_CSD_SetFingerThreshold
                0x00000000       0x28 .\CortexM0\ARM_GCC_541\Debug\CapSense_CSD_P4_Design01.a(CapSense_CSD_CSHL.o)
 .text.CapSense_CSD_SetNoiseThreshold
                0x00000000       0x28 .\CortexM0\ARM_GCC_541\Debug\CapSense_CSD_P4_Design01.a(CapSense_CSD_CSHL.o)
 .text.CapSense_CSD_SetFingerHysteresis
                0x00000000       0x28 .\CortexM0\ARM_GCC_541\Debug\CapSense_CSD_P4_Design01.a(CapSense_CSD_CSHL.o)
 .text.CapSense_CSD_SetNegativeNoiseThreshold
                0x00000000       0x28 .\CortexM0\ARM_GCC_541\Debug\CapSense_CSD_P4_Design01.a(CapSense_CSD_CSHL.o)
 .text.CapSense_CSD_SetDebounce
                0x00000000       0x28 .\CortexM0\ARM_GCC_541\Debug\CapSense_CSD_P4_Design01.a(CapSense_CSD_CSHL.o)
 .text.CapSense_CSD_SetLowBaselineReset
                0x00000000       0x28 .\CortexM0\ARM_GCC_541\Debug\CapSense_CSD_P4_Design01.a(CapSense_CSD_CSHL.o)
 .text.CapSense_CSD_CheckIsSensorActive
                0x00000000      0x138 .\CortexM0\ARM_GCC_541\Debug\CapSense_CSD_P4_Design01.a(CapSense_CSD_CSHL.o)
 .text.CapSense_CSD_CheckIsWidgetActive
                0x00000000       0x44 .\CortexM0\ARM_GCC_541\Debug\CapSense_CSD_P4_Design01.a(CapSense_CSD_CSHL.o)
 .text.CapSense_CSD_CheckIsAnyWidgetActive
                0x00000000       0x38 .\CortexM0\ARM_GCC_541\Debug\CapSense_CSD_P4_Design01.a(CapSense_CSD_CSHL.o)
 .text.CapSense_CSD_EnableWidget
                0x00000000       0x5c .\CortexM0\ARM_GCC_541\Debug\CapSense_CSD_P4_Design01.a(CapSense_CSD_CSHL.o)
 .text.CapSense_CSD_DisableWidget
                0x00000000       0x5c .\CortexM0\ARM_GCC_541\Debug\CapSense_CSD_P4_Design01.a(CapSense_CSD_CSHL.o)
 .text.CapSense_CSD_GetRadialCentroidPos
                0x00000000       0x98 .\CortexM0\ARM_GCC_541\Debug\CapSense_CSD_P4_Design01.a(CapSense_CSD_CSHL.o)
 .text.CapSense_CSD_MedianFilter
                0x00000000       0x78 .\CortexM0\ARM_GCC_541\Debug\CapSense_CSD_P4_Design01.a(CapSense_CSD_CSHL.o)
 .text.CapSense_CSD_GetWidgetNumber
                0x00000000       0x1c .\CortexM0\ARM_GCC_541\Debug\CapSense_CSD_P4_Design01.a(CapSense_CSD_CSHL.o)
 .text.CapSense_CSD_GetLowBaselineReset
                0x00000000       0x1c .\CortexM0\ARM_GCC_541\Debug\CapSense_CSD_P4_Design01.a(CapSense_CSD_CSHL.o)
 .text.CapSense_CSD_GetDebounce
                0x00000000       0x1c .\CortexM0\ARM_GCC_541\Debug\CapSense_CSD_P4_Design01.a(CapSense_CSD_CSHL.o)
 .text.CapSense_CSD_EnableRawDataFilters
                0x00000000       0x14 .\CortexM0\ARM_GCC_541\Debug\CapSense_CSD_P4_Design01.a(CapSense_CSD_CSHL.o)
 .text.CapSense_CSD_DisableRawDataFilters
                0x00000000       0x14 .\CortexM0\ARM_GCC_541\Debug\CapSense_CSD_P4_Design01.a(CapSense_CSD_CSHL.o)
 .text          0x00000000        0x0 .\CortexM0\ARM_GCC_541\Debug\CapSense_CSD_P4_Design01.a(CapSense_CSD_INT.o)
 .data          0x00000000        0x0 .\CortexM0\ARM_GCC_541\Debug\CapSense_CSD_P4_Design01.a(CapSense_CSD_INT.o)
 .text          0x00000000        0x0 .\CortexM0\ARM_GCC_541\Debug\CapSense_CSD_P4_Design01.a(CapSense_CSD_SMS.o)
 .bss           0x00000000        0x0 .\CortexM0\ARM_GCC_541\Debug\CapSense_CSD_P4_Design01.a(CapSense_CSD_SMS.o)
 .text.CapSense_CSD_SetSensitivity
                0x00000000       0x58 .\CortexM0\ARM_GCC_541\Debug\CapSense_CSD_P4_Design01.a(CapSense_CSD_SMS.o)
 .text.CapSense_CSD_GetSensitivityCoefficient
                0x00000000       0x1c .\CortexM0\ARM_GCC_541\Debug\CapSense_CSD_P4_Design01.a(CapSense_CSD_SMS.o)
 .text.CapSense_CSD_GetNoiseEnvelope
                0x00000000       0x28 .\CortexM0\ARM_GCC_541\Debug\CapSense_CSD_P4_Design01.a(CapSense_CSD_SMS.o)
 .text.CapSense_CSD_GetNormalizedDiffCountData
                0x00000000       0x34 .\CortexM0\ARM_GCC_541\Debug\CapSense_CSD_P4_Design01.a(CapSense_CSD_SMS.o)
 .text          0x00000000        0x0 .\CortexM0\ARM_GCC_541\Debug\CapSense_CSD_P4_Design01.a(LED_CONTROL.o)
 .data          0x00000000        0x0 .\CortexM0\ARM_GCC_541\Debug\CapSense_CSD_P4_Design01.a(LED_CONTROL.o)
 .text.LED_CONTROL_Stop
                0x00000000       0x34 .\CortexM0\ARM_GCC_541\Debug\CapSense_CSD_P4_Design01.a(LED_CONTROL.o)
 .text.LED_CONTROL_SetMode
                0x00000000       0x48 .\CortexM0\ARM_GCC_541\Debug\CapSense_CSD_P4_Design01.a(LED_CONTROL.o)
 .text.LED_CONTROL_SetQDMode
                0x00000000       0x48 .\CortexM0\ARM_GCC_541\Debug\CapSense_CSD_P4_Design01.a(LED_CONTROL.o)
 .text.LED_CONTROL_SetPrescaler
                0x00000000       0x48 .\CortexM0\ARM_GCC_541\Debug\CapSense_CSD_P4_Design01.a(LED_CONTROL.o)
 .text.LED_CONTROL_SetOneShot
                0x00000000       0x50 .\CortexM0\ARM_GCC_541\Debug\CapSense_CSD_P4_Design01.a(LED_CONTROL.o)
 .text.LED_CONTROL_SetPWMMode
                0x00000000       0x20 .\CortexM0\ARM_GCC_541\Debug\CapSense_CSD_P4_Design01.a(LED_CONTROL.o)
 .text.LED_CONTROL_SetPWMSyncKill
                0x00000000       0x4c .\CortexM0\ARM_GCC_541\Debug\CapSense_CSD_P4_Design01.a(LED_CONTROL.o)
 .text.LED_CONTROL_SetPWMStopOnKill
                0x00000000       0x4c .\CortexM0\ARM_GCC_541\Debug\CapSense_CSD_P4_Design01.a(LED_CONTROL.o)
 .text.LED_CONTROL_SetPWMDeadTime
                0x00000000       0x50 .\CortexM0\ARM_GCC_541\Debug\CapSense_CSD_P4_Design01.a(LED_CONTROL.o)
 .text.LED_CONTROL_SetPWMInvert
                0x00000000       0x48 .\CortexM0\ARM_GCC_541\Debug\CapSense_CSD_P4_Design01.a(LED_CONTROL.o)
 .text.LED_CONTROL_ReadCounter
                0x00000000       0x18 .\CortexM0\ARM_GCC_541\Debug\CapSense_CSD_P4_Design01.a(LED_CONTROL.o)
 .text.LED_CONTROL_SetCounterMode
                0x00000000       0x48 .\CortexM0\ARM_GCC_541\Debug\CapSense_CSD_P4_Design01.a(LED_CONTROL.o)
 .text.LED_CONTROL_ReadPeriod
                0x00000000       0x18 .\CortexM0\ARM_GCC_541\Debug\CapSense_CSD_P4_Design01.a(LED_CONTROL.o)
 .text.LED_CONTROL_SetCompareSwap
                0x00000000       0x48 .\CortexM0\ARM_GCC_541\Debug\CapSense_CSD_P4_Design01.a(LED_CONTROL.o)
 .text.LED_CONTROL_WritePeriodBuf
                0x00000000       0x20 .\CortexM0\ARM_GCC_541\Debug\CapSense_CSD_P4_Design01.a(LED_CONTROL.o)
 .text.LED_CONTROL_ReadPeriodBuf
                0x00000000       0x18 .\CortexM0\ARM_GCC_541\Debug\CapSense_CSD_P4_Design01.a(LED_CONTROL.o)
 .text.LED_CONTROL_SetPeriodSwap
                0x00000000       0x4c .\CortexM0\ARM_GCC_541\Debug\CapSense_CSD_P4_Design01.a(LED_CONTROL.o)
 .text.LED_CONTROL_ReadCompare
                0x00000000       0x18 .\CortexM0\ARM_GCC_541\Debug\CapSense_CSD_P4_Design01.a(LED_CONTROL.o)
 .text.LED_CONTROL_WriteCompareBuf
                0x00000000       0x20 .\CortexM0\ARM_GCC_541\Debug\CapSense_CSD_P4_Design01.a(LED_CONTROL.o)
 .text.LED_CONTROL_ReadCompareBuf
                0x00000000       0x18 .\CortexM0\ARM_GCC_541\Debug\CapSense_CSD_P4_Design01.a(LED_CONTROL.o)
 .text.LED_CONTROL_ReadCapture
                0x00000000       0x18 .\CortexM0\ARM_GCC_541\Debug\CapSense_CSD_P4_Design01.a(LED_CONTROL.o)
 .text.LED_CONTROL_ReadCaptureBuf
                0x00000000       0x18 .\CortexM0\ARM_GCC_541\Debug\CapSense_CSD_P4_Design01.a(LED_CONTROL.o)
 .text.LED_CONTROL_SetCaptureMode
                0x00000000       0x44 .\CortexM0\ARM_GCC_541\Debug\CapSense_CSD_P4_Design01.a(LED_CONTROL.o)
 .text.LED_CONTROL_SetReloadMode
                0x00000000       0x48 .\CortexM0\ARM_GCC_541\Debug\CapSense_CSD_P4_Design01.a(LED_CONTROL.o)
 .text.LED_CONTROL_SetStartMode
                0x00000000       0x4c .\CortexM0\ARM_GCC_541\Debug\CapSense_CSD_P4_Design01.a(LED_CONTROL.o)
 .text.LED_CONTROL_SetStopMode
                0x00000000       0x48 .\CortexM0\ARM_GCC_541\Debug\CapSense_CSD_P4_Design01.a(LED_CONTROL.o)
 .text.LED_CONTROL_SetCountMode
                0x00000000       0x48 .\CortexM0\ARM_GCC_541\Debug\CapSense_CSD_P4_Design01.a(LED_CONTROL.o)
 .text.LED_CONTROL_ReadStatus
                0x00000000       0x20 .\CortexM0\ARM_GCC_541\Debug\CapSense_CSD_P4_Design01.a(LED_CONTROL.o)
 .text.LED_CONTROL_GetInterruptSourceMasked
                0x00000000       0x14 .\CortexM0\ARM_GCC_541\Debug\CapSense_CSD_P4_Design01.a(LED_CONTROL.o)
 .text.LED_CONTROL_GetInterruptSource
                0x00000000       0x14 .\CortexM0\ARM_GCC_541\Debug\CapSense_CSD_P4_Design01.a(LED_CONTROL.o)
 .text.LED_CONTROL_ClearInterrupt
                0x00000000       0x1c .\CortexM0\ARM_GCC_541\Debug\CapSense_CSD_P4_Design01.a(LED_CONTROL.o)
 .text.LED_CONTROL_SetInterrupt
                0x00000000       0x1c .\CortexM0\ARM_GCC_541\Debug\CapSense_CSD_P4_Design01.a(LED_CONTROL.o)
 .text          0x00000000        0x0 .\CortexM0\ARM_GCC_541\Debug\CapSense_CSD_P4_Design01.a(CapSense_CSD_SampleClk.o)
 .data          0x00000000        0x0 .\CortexM0\ARM_GCC_541\Debug\CapSense_CSD_P4_Design01.a(CapSense_CSD_SampleClk.o)
 .bss           0x00000000        0x0 .\CortexM0\ARM_GCC_541\Debug\CapSense_CSD_P4_Design01.a(CapSense_CSD_SampleClk.o)
 .text.CapSense_CSD_SampleClk_GetDividerRegister
                0x00000000       0x14 .\CortexM0\ARM_GCC_541\Debug\CapSense_CSD_P4_Design01.a(CapSense_CSD_SampleClk.o)
 .text.CapSense_CSD_SampleClk_GetFractionalDividerRegister
                0x00000000        0xc .\CortexM0\ARM_GCC_541\Debug\CapSense_CSD_P4_Design01.a(CapSense_CSD_SampleClk.o)
 .text          0x00000000        0x0 .\CortexM0\ARM_GCC_541\Debug\CapSense_CSD_P4_Design01.a(CapSense_CSD_SenseClk.o)
 .data          0x00000000        0x0 .\CortexM0\ARM_GCC_541\Debug\CapSense_CSD_P4_Design01.a(CapSense_CSD_SenseClk.o)
 .bss           0x00000000        0x0 .\CortexM0\ARM_GCC_541\Debug\CapSense_CSD_P4_Design01.a(CapSense_CSD_SenseClk.o)
 .text.CapSense_CSD_SenseClk_GetDividerRegister
                0x00000000       0x14 .\CortexM0\ARM_GCC_541\Debug\CapSense_CSD_P4_Design01.a(CapSense_CSD_SenseClk.o)
 .text.CapSense_CSD_SenseClk_GetFractionalDividerRegister
                0x00000000        0xc .\CortexM0\ARM_GCC_541\Debug\CapSense_CSD_P4_Design01.a(CapSense_CSD_SenseClk.o)
 .text          0x00000000        0x0 .\CortexM0\ARM_GCC_541\Debug\CapSense_CSD_P4_Design01.a(CyLib.o)
 .bss           0x00000000       0x18 .\CortexM0\ARM_GCC_541\Debug\CapSense_CSD_P4_Design01.a(CyLib.o)
 .text.CySysClkImoStart
                0x00000000       0x1c .\CortexM0\ARM_GCC_541\Debug\CapSense_CSD_P4_Design01.a(CyLib.o)
 .text.CySysClkImoStop
                0x00000000       0x1c .\CortexM0\ARM_GCC_541\Debug\CapSense_CSD_P4_Design01.a(CyLib.o)
 .text.CySysClkWriteHfclkDirect
                0x00000000       0x48 .\CortexM0\ARM_GCC_541\Debug\CapSense_CSD_P4_Design01.a(CyLib.o)
 .text.CySysEnablePumpClock
                0x00000000       0x50 .\CortexM0\ARM_GCC_541\Debug\CapSense_CSD_P4_Design01.a(CyLib.o)
 .text.CySysClkGetSysclkSource
                0x00000000       0x34 .\CortexM0\ARM_GCC_541\Debug\CapSense_CSD_P4_Design01.a(CyLib.o)
 .text.CySysClkWriteSysclkDiv
                0x00000000       0x48 .\CortexM0\ARM_GCC_541\Debug\CapSense_CSD_P4_Design01.a(CyLib.o)
 .text.CySysLvdEnable
                0x00000000       0x64 .\CortexM0\ARM_GCC_541\Debug\CapSense_CSD_P4_Design01.a(CyLib.o)
 .text.CySysLvdDisable
                0x00000000       0x2c .\CortexM0\ARM_GCC_541\Debug\CapSense_CSD_P4_Design01.a(CyLib.o)
 .text.CySysLvdGetInterruptSource
                0x00000000       0x18 .\CortexM0\ARM_GCC_541\Debug\CapSense_CSD_P4_Design01.a(CyLib.o)
 .text.CySysLvdClearInterrupt
                0x00000000       0x14 .\CortexM0\ARM_GCC_541\Debug\CapSense_CSD_P4_Design01.a(CyLib.o)
 .text.CySysGetResetReason
                0x00000000       0x30 .\CortexM0\ARM_GCC_541\Debug\CapSense_CSD_P4_Design01.a(CyLib.o)
 .text.CyDisableInts
                0x00000000       0x24 .\CortexM0\ARM_GCC_541\Debug\CapSense_CSD_P4_Design01.a(CyLib.o)
 .text.CyEnableInts
                0x00000000       0x1c .\CortexM0\ARM_GCC_541\Debug\CapSense_CSD_P4_Design01.a(CyLib.o)
 .text.CyIntSetSysVector
                0x00000000       0x48 .\CortexM0\ARM_GCC_541\Debug\CapSense_CSD_P4_Design01.a(CyLib.o)
 .text.CyIntGetSysVector
                0x00000000       0x34 .\CortexM0\ARM_GCC_541\Debug\CapSense_CSD_P4_Design01.a(CyLib.o)
 .text.CyIntGetVector
                0x00000000       0x38 .\CortexM0\ARM_GCC_541\Debug\CapSense_CSD_P4_Design01.a(CyLib.o)
 .text.CyIntGetPriority
                0x00000000       0x58 .\CortexM0\ARM_GCC_541\Debug\CapSense_CSD_P4_Design01.a(CyLib.o)
 .text.CyIntGetState
                0x00000000       0x30 .\CortexM0\ARM_GCC_541\Debug\CapSense_CSD_P4_Design01.a(CyLib.o)
 .text.CyIntSetPending
                0x00000000       0x2c .\CortexM0\ARM_GCC_541\Debug\CapSense_CSD_P4_Design01.a(CyLib.o)
 .text.CyIntClearPending
                0x00000000       0x2c .\CortexM0\ARM_GCC_541\Debug\CapSense_CSD_P4_Design01.a(CyLib.o)
 .text.CySoftwareReset
                0x00000000       0x24 .\CortexM0\ARM_GCC_541\Debug\CapSense_CSD_P4_Design01.a(CyLib.o)
 .text.CyDelay  0x00000000       0x4c .\CortexM0\ARM_GCC_541\Debug\CapSense_CSD_P4_Design01.a(CyLib.o)
 .text.CyDelayFreq
                0x00000000       0x84 .\CortexM0\ARM_GCC_541\Debug\CapSense_CSD_P4_Design01.a(CyLib.o)
 .text.CySysTickStart
                0x00000000       0x24 .\CortexM0\ARM_GCC_541\Debug\CapSense_CSD_P4_Design01.a(CyLib.o)
 .text.CySysTickInit
                0x00000000       0x5c .\CortexM0\ARM_GCC_541\Debug\CapSense_CSD_P4_Design01.a(CyLib.o)
 .text.CySysTickEnable
                0x00000000       0x20 .\CortexM0\ARM_GCC_541\Debug\CapSense_CSD_P4_Design01.a(CyLib.o)
 .text.CySysTickStop
                0x00000000       0x1c .\CortexM0\ARM_GCC_541\Debug\CapSense_CSD_P4_Design01.a(CyLib.o)
 .text.CySysTickEnableInterrupt
                0x00000000       0x1c .\CortexM0\ARM_GCC_541\Debug\CapSense_CSD_P4_Design01.a(CyLib.o)
 .text.CySysTickDisableInterrupt
                0x00000000       0x1c .\CortexM0\ARM_GCC_541\Debug\CapSense_CSD_P4_Design01.a(CyLib.o)
 .text.CySysTickSetReload
                0x00000000       0x20 .\CortexM0\ARM_GCC_541\Debug\CapSense_CSD_P4_Design01.a(CyLib.o)
 .text.CySysTickGetReload
                0x00000000       0x18 .\CortexM0\ARM_GCC_541\Debug\CapSense_CSD_P4_Design01.a(CyLib.o)
 .text.CySysTickGetValue
                0x00000000       0x18 .\CortexM0\ARM_GCC_541\Debug\CapSense_CSD_P4_Design01.a(CyLib.o)
 .text.CySysTickGetCountFlag
                0x00000000       0x18 .\CortexM0\ARM_GCC_541\Debug\CapSense_CSD_P4_Design01.a(CyLib.o)
 .text.CySysTickClear
                0x00000000       0x14 .\CortexM0\ARM_GCC_541\Debug\CapSense_CSD_P4_Design01.a(CyLib.o)
 .text.CySysTickSetCallback
                0x00000000       0x2c .\CortexM0\ARM_GCC_541\Debug\CapSense_CSD_P4_Design01.a(CyLib.o)
 .text.CySysTickGetCallback
                0x00000000       0x1c .\CortexM0\ARM_GCC_541\Debug\CapSense_CSD_P4_Design01.a(CyLib.o)
 .text.CySysTickServiceCallbacks
                0x00000000       0x44 .\CortexM0\ARM_GCC_541\Debug\CapSense_CSD_P4_Design01.a(CyLib.o)
 .text.CyGetUniqueId
                0x00000000       0xc0 .\CortexM0\ARM_GCC_541\Debug\CapSense_CSD_P4_Design01.a(CyLib.o)
 .data          0x00000000        0x0 .\CortexM0\ARM_GCC_541\Debug\CapSense_CSD_P4_Design01.a(CyBootAsmGnu.o)
 .bss           0x00000000        0x0 .\CortexM0\ARM_GCC_541\Debug\CapSense_CSD_P4_Design01.a(CyBootAsmGnu.o)
 .text          0x00000000        0x0 C:\Program Files (x86)\Cypress\PSoC Creator\4.4\PSoC Creator\psoc\content\CyComponentLibrary\CyComponentLibrary.cylib\CapSense_CSD_P4_v2_60\PSoC4\Library\CapsenseP4Library_GCC.a(CSD_P4_SmartSense_v2_60.o)
 .data          0x00000000        0x0 C:\Program Files (x86)\Cypress\PSoC Creator\4.4\PSoC Creator\psoc\content\CyComponentLibrary\CyComponentLibrary.cylib\CapSense_CSD_P4_v2_60\PSoC4\Library\CapsenseP4Library_GCC.a(CSD_P4_SmartSense_v2_60.o)
 .bss           0x00000000        0x0 C:\Program Files (x86)\Cypress\PSoC Creator\4.4\PSoC Creator\psoc\content\CyComponentLibrary\CyComponentLibrary.cylib\CapSense_CSD_P4_v2_60\PSoC4\Library\CapsenseP4Library_GCC.a(CSD_P4_SmartSense_v2_60.o)
 .data          0x00000000        0x0 c:/program files (x86)/cypress/psoc creator/4.4/psoc creator/import/gnu/arm/5.4.1/bin/../lib/gcc/arm-none-eabi/5.4.1/armv6-m\libgcc.a(_udivsi3.o)
 .bss           0x00000000        0x0 c:/program files (x86)/cypress/psoc creator/4.4/psoc creator/import/gnu/arm/5.4.1/bin/../lib/gcc/arm-none-eabi/5.4.1/armv6-m\libgcc.a(_udivsi3.o)
 .data          0x00000000        0x0 c:/program files (x86)/cypress/psoc creator/4.4/psoc creator/import/gnu/arm/5.4.1/bin/../lib/gcc/arm-none-eabi/5.4.1/armv6-m\libgcc.a(_divsi3.o)
 .bss           0x00000000        0x0 c:/program files (x86)/cypress/psoc creator/4.4/psoc creator/import/gnu/arm/5.4.1/bin/../lib/gcc/arm-none-eabi/5.4.1/armv6-m\libgcc.a(_divsi3.o)
 .data          0x00000000        0x0 c:/program files (x86)/cypress/psoc creator/4.4/psoc creator/import/gnu/arm/5.4.1/bin/../lib/gcc/arm-none-eabi/5.4.1/armv6-m\libgcc.a(_dvmd_tls.o)
 .bss           0x00000000        0x0 c:/program files (x86)/cypress/psoc creator/4.4/psoc creator/import/gnu/arm/5.4.1/bin/../lib/gcc/arm-none-eabi/5.4.1/armv6-m\libgcc.a(_dvmd_tls.o)
 .text          0x00000000        0x0 c:/program files (x86)/cypress/psoc creator/4.4/psoc creator/import/gnu/arm/5.4.1/bin/../lib/gcc/arm-none-eabi/5.4.1/../../../../arm-none-eabi/lib/armv6-m\libg_nano.a(lib_a-errno.o)
 .data          0x00000000        0x0 c:/program files (x86)/cypress/psoc creator/4.4/psoc creator/import/gnu/arm/5.4.1/bin/../lib/gcc/arm-none-eabi/5.4.1/../../../../arm-none-eabi/lib/armv6-m\libg_nano.a(lib_a-errno.o)
 .bss           0x00000000        0x0 c:/program files (x86)/cypress/psoc creator/4.4/psoc creator/import/gnu/arm/5.4.1/bin/../lib/gcc/arm-none-eabi/5.4.1/../../../../arm-none-eabi/lib/armv6-m\libg_nano.a(lib_a-errno.o)
 .text          0x00000000        0x0 c:/program files (x86)/cypress/psoc creator/4.4/psoc creator/import/gnu/arm/5.4.1/bin/../lib/gcc/arm-none-eabi/5.4.1/../../../../arm-none-eabi/lib/armv6-m\libg_nano.a(lib_a-exit.o)
 .data          0x00000000        0x0 c:/program files (x86)/cypress/psoc creator/4.4/psoc creator/import/gnu/arm/5.4.1/bin/../lib/gcc/arm-none-eabi/5.4.1/../../../../arm-none-eabi/lib/armv6-m\libg_nano.a(lib_a-exit.o)
 .bss           0x00000000        0x0 c:/program files (x86)/cypress/psoc creator/4.4/psoc creator/import/gnu/arm/5.4.1/bin/../lib/gcc/arm-none-eabi/5.4.1/../../../../arm-none-eabi/lib/armv6-m\libg_nano.a(lib_a-exit.o)
 .text.exit     0x00000000       0x2c c:/program files (x86)/cypress/psoc creator/4.4/psoc creator/import/gnu/arm/5.4.1/bin/../lib/gcc/arm-none-eabi/5.4.1/../../../../arm-none-eabi/lib/armv6-m\libg_nano.a(lib_a-exit.o)
 .text          0x00000000        0x0 c:/program files (x86)/cypress/psoc creator/4.4/psoc creator/import/gnu/arm/5.4.1/bin/../lib/gcc/arm-none-eabi/5.4.1/../../../../arm-none-eabi/lib/armv6-m\libg_nano.a(lib_a-impure.o)
 .data          0x00000000        0x0 c:/program files (x86)/cypress/psoc creator/4.4/psoc creator/import/gnu/arm/5.4.1/bin/../lib/gcc/arm-none-eabi/5.4.1/../../../../arm-none-eabi/lib/armv6-m\libg_nano.a(lib_a-impure.o)
 .bss           0x00000000        0x0 c:/program files (x86)/cypress/psoc creator/4.4/psoc creator/import/gnu/arm/5.4.1/bin/../lib/gcc/arm-none-eabi/5.4.1/../../../../arm-none-eabi/lib/armv6-m\libg_nano.a(lib_a-impure.o)
 .rodata._global_impure_ptr
                0x00000000        0x4 c:/program files (x86)/cypress/psoc creator/4.4/psoc creator/import/gnu/arm/5.4.1/bin/../lib/gcc/arm-none-eabi/5.4.1/../../../../arm-none-eabi/lib/armv6-m\libg_nano.a(lib_a-impure.o)
 .text          0x00000000        0x0 c:/program files (x86)/cypress/psoc creator/4.4/psoc creator/import/gnu/arm/5.4.1/bin/../lib/gcc/arm-none-eabi/5.4.1/../../../../arm-none-eabi/lib/armv6-m\libg_nano.a(lib_a-init.o)
 .data          0x00000000        0x0 c:/program files (x86)/cypress/psoc creator/4.4/psoc creator/import/gnu/arm/5.4.1/bin/../lib/gcc/arm-none-eabi/5.4.1/../../../../arm-none-eabi/lib/armv6-m\libg_nano.a(lib_a-init.o)
 .bss           0x00000000        0x0 c:/program files (x86)/cypress/psoc creator/4.4/psoc creator/import/gnu/arm/5.4.1/bin/../lib/gcc/arm-none-eabi/5.4.1/../../../../arm-none-eabi/lib/armv6-m\libg_nano.a(lib_a-init.o)
 .text          0x00000000        0x0 c:/program files (x86)/cypress/psoc creator/4.4/psoc creator/import/gnu/arm/5.4.1/bin/../lib/gcc/arm-none-eabi/5.4.1/../../../../arm-none-eabi/lib/armv6-m\libg_nano.a(lib_a-memcpy-stub.o)
 .data          0x00000000        0x0 c:/program files (x86)/cypress/psoc creator/4.4/psoc creator/import/gnu/arm/5.4.1/bin/../lib/gcc/arm-none-eabi/5.4.1/../../../../arm-none-eabi/lib/armv6-m\libg_nano.a(lib_a-memcpy-stub.o)
 .bss           0x00000000        0x0 c:/program files (x86)/cypress/psoc creator/4.4/psoc creator/import/gnu/arm/5.4.1/bin/../lib/gcc/arm-none-eabi/5.4.1/../../../../arm-none-eabi/lib/armv6-m\libg_nano.a(lib_a-memcpy-stub.o)
 .text.memcpy   0x00000000       0x12 c:/program files (x86)/cypress/psoc creator/4.4/psoc creator/import/gnu/arm/5.4.1/bin/../lib/gcc/arm-none-eabi/5.4.1/../../../../arm-none-eabi/lib/armv6-m\libg_nano.a(lib_a-memcpy-stub.o)
 .text          0x00000000        0x0 c:/program files (x86)/cypress/psoc creator/4.4/psoc creator/import/gnu/arm/5.4.1/bin/../lib/gcc/arm-none-eabi/5.4.1/../../../../arm-none-eabi/lib/armv6-m\libg_nano.a(lib_a-memset.o)
 .data          0x00000000        0x0 c:/program files (x86)/cypress/psoc creator/4.4/psoc creator/import/gnu/arm/5.4.1/bin/../lib/gcc/arm-none-eabi/5.4.1/../../../../arm-none-eabi/lib/armv6-m\libg_nano.a(lib_a-memset.o)
 .bss           0x00000000        0x0 c:/program files (x86)/cypress/psoc creator/4.4/psoc creator/import/gnu/arm/5.4.1/bin/../lib/gcc/arm-none-eabi/5.4.1/../../../../arm-none-eabi/lib/armv6-m\libg_nano.a(lib_a-memset.o)
 .text          0x00000000        0x0 c:/program files (x86)/cypress/psoc creator/4.4/psoc creator/import/gnu/arm/5.4.1/bin/../lib/gcc/arm-none-eabi/5.4.1/armv6-m/crtend.o
 .data          0x00000000        0x0 c:/program files (x86)/cypress/psoc creator/4.4/psoc creator/import/gnu/arm/5.4.1/bin/../lib/gcc/arm-none-eabi/5.4.1/armv6-m/crtend.o
 .bss           0x00000000        0x0 c:/program files (x86)/cypress/psoc creator/4.4/psoc creator/import/gnu/arm/5.4.1/bin/../lib/gcc/arm-none-eabi/5.4.1/armv6-m/crtend.o
 .text          0x00000000        0x0 c:/program files (x86)/cypress/psoc creator/4.4/psoc creator/import/gnu/arm/5.4.1/bin/../lib/gcc/arm-none-eabi/5.4.1/armv6-m/crtn.o
 .data          0x00000000        0x0 c:/program files (x86)/cypress/psoc creator/4.4/psoc creator/import/gnu/arm/5.4.1/bin/../lib/gcc/arm-none-eabi/5.4.1/armv6-m/crtn.o
 .bss           0x00000000        0x0 c:/program files (x86)/cypress/psoc creator/4.4/psoc creator/import/gnu/arm/5.4.1/bin/../lib/gcc/arm-none-eabi/5.4.1/armv6-m/crtn.o

Memory Configuration

Name             Origin             Length             Attributes
rom              0x00000000         0x00008000         xr
ram              0x20000000         0x00001000         xrw
*default*        0x00000000         0xffffffff

Linker script and memory map

LOAD c:/program files (x86)/cypress/psoc creator/4.4/psoc creator/import/gnu/arm/5.4.1/bin/../lib/gcc/arm-none-eabi/5.4.1/armv6-m/crti.o
LOAD c:/program files (x86)/cypress/psoc creator/4.4/psoc creator/import/gnu/arm/5.4.1/bin/../lib/gcc/arm-none-eabi/5.4.1/armv6-m/crtbegin.o
LOAD c:/program files (x86)/cypress/psoc creator/4.4/psoc creator/import/gnu/arm/5.4.1/bin/../lib/gcc/arm-none-eabi/5.4.1/../../../../arm-none-eabi/lib/armv6-m/crt0.o
START GROUP
LOAD .\CortexM0\ARM_GCC_541\Debug\main.o
LOAD .\CortexM0\ARM_GCC_541\Debug\cyfitter_cfg.o
LOAD .\CortexM0\ARM_GCC_541\Debug\cymetadata.o
LOAD .\CortexM0\ARM_GCC_541\Debug\Cm0Start.o
LOAD .\CortexM0\ARM_GCC_541\Debug\CapSense_CSD_P4_Design01.a
LOAD C:\Program Files (x86)\Cypress\PSoC Creator\4.4\PSoC Creator\psoc\content\CyComponentLibrary\CyComponentLibrary.cylib\CapSense_CSD_P4_v2_60\PSoC4\Library\CapsenseP4Library_GCC.a
END GROUP
START GROUP
LOAD c:/program files (x86)/cypress/psoc creator/4.4/psoc creator/import/gnu/arm/5.4.1/bin/../lib/gcc/arm-none-eabi/5.4.1/armv6-m\libgcc.a
LOAD c:/program files (x86)/cypress/psoc creator/4.4/psoc creator/import/gnu/arm/5.4.1/bin/../lib/gcc/arm-none-eabi/5.4.1/../../../../arm-none-eabi/lib/armv6-m\libg_nano.a
LOAD c:/program files (x86)/cypress/psoc creator/4.4/psoc creator/import/gnu/arm/5.4.1/bin/../lib/gcc/arm-none-eabi/5.4.1/../../../../arm-none-eabi/lib/armv6-m\libc_nano.a
END GROUP
START GROUP
LOAD c:/program files (x86)/cypress/psoc creator/4.4/psoc creator/import/gnu/arm/5.4.1/bin/../lib/gcc/arm-none-eabi/5.4.1/armv6-m\libgcc.a
LOAD c:/program files (x86)/cypress/psoc creator/4.4/psoc creator/import/gnu/arm/5.4.1/bin/../lib/gcc/arm-none-eabi/5.4.1/../../../../arm-none-eabi/lib/armv6-m\libc_nano.a
END GROUP
LOAD c:/program files (x86)/cypress/psoc creator/4.4/psoc creator/import/gnu/arm/5.4.1/bin/../lib/gcc/arm-none-eabi/5.4.1/armv6-m/crtend.o
LOAD c:/program files (x86)/cypress/psoc creator/4.4/psoc creator/import/gnu/arm/5.4.1/bin/../lib/gcc/arm-none-eabi/5.4.1/armv6-m/crtn.o
START GROUP
LOAD c:/program files (x86)/cypress/psoc creator/4.4/psoc creator/import/gnu/arm/5.4.1/bin/../lib/gcc/arm-none-eabi/5.4.1/armv6-m\libgcc.a
LOAD c:/program files (x86)/cypress/psoc creator/4.4/psoc creator/import/gnu/arm/5.4.1/bin/../lib/gcc/arm-none-eabi/5.4.1/../../../../arm-none-eabi/lib/armv6-m\libc.a
LOAD c:/program files (x86)/cypress/psoc creator/4.4/psoc creator/import/gnu/arm/5.4.1/bin/../lib/gcc/arm-none-eabi/5.4.1/../../../../arm-none-eabi/lib/armv6-m\libnosys.a
END GROUP
                0x00000000                CY_APPL_ORIGIN = 0x0
                0x00000080                CY_FLASH_ROW_SIZE = 0x80
                0x00000001                CY_APPL_NUM = 0x1
                0x00000001                CY_APPL_MAX = 0x1
                0x00000040                CY_METADATA_SIZE = 0x40
                0x00000000                CY_APPL_LOADABLE = 0x0
                0x00000000                CY_CHECKSUM_EXCLUDE_SIZE = ALIGN (0x0, CY_FLASH_ROW_SIZE)
                0x00000000                CY_APP_FOR_STACK_AND_COPIER = 0x0
                [!provide]                PROVIDE (__cy_heap_start, _end)
                0x00000001                PROVIDE (__cy_region_num, ((__cy_regions_end - __cy_regions) / 0x10))
                0x20001000                PROVIDE (__cy_stack, (ORIGIN (ram) + LENGTH (ram)))
                [!provide]                PROVIDE (__cy_heap_end, (__cy_stack - 0x400))

.cybootloader   0x00000000        0x0
 *(.cybootloader)
                0x00000000                appl1_start = CY_APPL_ORIGIN?CY_APPL_ORIGIN:ALIGN (CY_FLASH_ROW_SIZE)
                0x00003f80                appl2_start = (appl1_start + ALIGN ((((LENGTH (rom) - appl1_start) - (0x2 * CY_FLASH_ROW_SIZE)) / 0x2), CY_FLASH_ROW_SIZE))
                0x00000000                appl_start = (CY_APPL_NUM == 0x1)?appl1_start:appl2_start
                0x00000001                cy_project_type_bootloader = (appl_start == 0x0)?0x1:0x0
                0x00000000                cy_project_type_app_for_stack_and_copier = (CY_APP_FOR_STACK_AND_COPIER == 0x1)?0x1:0x0

.text           0x00000000     0x24b4
 CREATE_OBJECT_SYMBOLS
                0x00000000                PROVIDE (__cy_interrupt_vector, RomVectors)
 *(.romvectors)
 .romvectors    0x00000000       0x10 .\CortexM0\ARM_GCC_541\Debug\Cm0Start.o
                0x00000000                RomVectors
                0x00000001                ASSERT ((. != __cy_interrupt_vector), No interrupt vector)
                0x00000001                ASSERT (CY_APPL_ORIGIN?(SIZEOF (.cybootloader) <= CY_APPL_ORIGIN):0x1, Wrong image location)
                0x00000010                PROVIDE (__cy_reset, Reset)
 *(.text.Reset)
 .text.Reset    0x00000010        0x8 .\CortexM0\ARM_GCC_541\Debug\Cm0Start.o
                0x00000010                Reset
                0x00000001                ASSERT ((. != __cy_reset), No reset code)
 *(.psocinit)
 .psocinit      0x00000018      0x1f8 .\CortexM0\ARM_GCC_541\Debug\cyfitter_cfg.o
                0x000000bc                cyfitter_cfg
                0x00000210                . = MAX (., 0x100)
 *(.text .text.* .gnu.linkonce.t.*)
 .text          0x00000210       0x60 c:/program files (x86)/cypress/psoc creator/4.4/psoc creator/import/gnu/arm/5.4.1/bin/../lib/gcc/arm-none-eabi/5.4.1/armv6-m/crtbegin.o
 .text.main     0x00000270       0x28 .\CortexM0\ARM_GCC_541\Debug\main.o
                0x00000270                main
 .text.CapSense_DisplayState
                0x00000298       0x5c .\CortexM0\ARM_GCC_541\Debug\main.o
                0x00000298                CapSense_DisplayState
 .text.CYMEMZERO
                0x000002f4       0x20 .\CortexM0\ARM_GCC_541\Debug\cyfitter_cfg.o
 .text.cfg_write_bytes32
                0x00000314       0x84 .\CortexM0\ARM_GCC_541\Debug\cyfitter_cfg.o
 .text.AnalogSetDefault
                0x00000398       0x10 .\CortexM0\ARM_GCC_541\Debug\cyfitter_cfg.o
 .text.SetAnalogRoutingPumps
                0x000003a8       0x70 .\CortexM0\ARM_GCC_541\Debug\cyfitter_cfg.o
                0x000003a8                SetAnalogRoutingPumps
 .text.IntDefaultHandler
                0x00000418       0x14 .\CortexM0\ARM_GCC_541\Debug\Cm0Start.o
                0x00000418                IntDefaultHandler
 .text.Start_c  0x0000042c       0x98 .\CortexM0\ARM_GCC_541\Debug\Cm0Start.o
                0x0000042c                Start_c
 .text.initialize_psoc
                0x000004c4       0x64 .\CortexM0\ARM_GCC_541\Debug\Cm0Start.o
                0x000004c4                initialize_psoc
 .text.CapSense_CSD_Init
                0x00000528       0x38 .\CortexM0\ARM_GCC_541\Debug\CapSense_CSD_P4_Design01.a(CapSense_CSD.o)
                0x00000528                CapSense_CSD_Init
 .text.CapSense_CSD_CsdHwBlockInit
                0x00000560       0xc4 .\CortexM0\ARM_GCC_541\Debug\CapSense_CSD_P4_Design01.a(CapSense_CSD.o)
                0x00000560                CapSense_CSD_CsdHwBlockInit
 .text.CapSense_CSD_Enable
                0x00000624       0x50 .\CortexM0\ARM_GCC_541\Debug\CapSense_CSD_P4_Design01.a(CapSense_CSD.o)
                0x00000624                CapSense_CSD_Enable
 .text.CapSense_CSD_Start
                0x00000674       0x44 .\CortexM0\ARM_GCC_541\Debug\CapSense_CSD_P4_Design01.a(CapSense_CSD.o)
                0x00000674                CapSense_CSD_Start
 .text.CapSense_CSD_FindNextSensor
                0x000006b8       0x4c .\CortexM0\ARM_GCC_541\Debug\CapSense_CSD_P4_Design01.a(CapSense_CSD.o)
                0x000006b8                CapSense_CSD_FindNextSensor
 .text.CapSense_CSD_ScanSensor
                0x00000704       0x34 .\CortexM0\ARM_GCC_541\Debug\CapSense_CSD_P4_Design01.a(CapSense_CSD.o)
                0x00000704                CapSense_CSD_ScanSensor
 .text.CapSense_CSD_ScanEnabledWidgets
                0x00000738       0x58 .\CortexM0\ARM_GCC_541\Debug\CapSense_CSD_P4_Design01.a(CapSense_CSD.o)
                0x00000738                CapSense_CSD_ScanEnabledWidgets
 .text.CapSense_CSD_IsBusy
                0x00000790       0x1c .\CortexM0\ARM_GCC_541\Debug\CapSense_CSD_P4_Design01.a(CapSense_CSD.o)
                0x00000790                CapSense_CSD_IsBusy
 .text.CapSense_CSD_ReadSensorRaw
                0x000007ac       0x1c .\CortexM0\ARM_GCC_541\Debug\CapSense_CSD_P4_Design01.a(CapSense_CSD.o)
                0x000007ac                CapSense_CSD_ReadSensorRaw
 .text.CapSense_CSD_ClearSensors
                0x000007c8       0x28 .\CortexM0\ARM_GCC_541\Debug\CapSense_CSD_P4_Design01.a(CapSense_CSD.o)
                0x000007c8                CapSense_CSD_ClearSensors
 .text.CapSense_CSD_EnableSensor
                0x000007f0       0xcc .\CortexM0\ARM_GCC_541\Debug\CapSense_CSD_P4_Design01.a(CapSense_CSD.o)
                0x000007f0                CapSense_CSD_EnableSensor
 .text.CapSense_CSD_DisableSensor
                0x000008bc      0x11c .\CortexM0\ARM_GCC_541\Debug\CapSense_CSD_P4_Design01.a(CapSense_CSD.o)
                0x000008bc                CapSense_CSD_DisableSensor
 .text.CapSense_CSD_PreScan
                0x000009d8      0x138 .\CortexM0\ARM_GCC_541\Debug\CapSense_CSD_P4_Design01.a(CapSense_CSD.o)
                0x000009d8                CapSense_CSD_PreScan
 .text.CapSense_CSD_PostScan
                0x00000b10       0x74 .\CortexM0\ARM_GCC_541\Debug\CapSense_CSD_P4_Design01.a(CapSense_CSD.o)
                0x00000b10                CapSense_CSD_PostScan
 .text.CapSense_CSD_SetShieldDelay
                0x00000b84       0x34 .\CortexM0\ARM_GCC_541\Debug\CapSense_CSD_P4_Design01.a(CapSense_CSD.o)
                0x00000b84                CapSense_CSD_SetShieldDelay
 .text.CapSense_CSD_GetBitValue
                0x00000bb8       0x44 .\CortexM0\ARM_GCC_541\Debug\CapSense_CSD_P4_Design01.a(CapSense_CSD.o)
                0x00000bb8                CapSense_CSD_GetBitValue
 .text.CapSense_CSD_SetBitValue
                0x00000bfc       0x6c .\CortexM0\ARM_GCC_541\Debug\CapSense_CSD_P4_Design01.a(CapSense_CSD.o)
                0x00000bfc                CapSense_CSD_SetBitValue
 .text.CapSense_CSD_GetSensorRaw
                0x00000c68       0x50 .\CortexM0\ARM_GCC_541\Debug\CapSense_CSD_P4_Design01.a(CapSense_CSD.o)
                0x00000c68                CapSense_CSD_GetSensorRaw
 .text.CapSense_CSD_SetUnscannedSensorState
                0x00000cb8       0x24 .\CortexM0\ARM_GCC_541\Debug\CapSense_CSD_P4_Design01.a(CapSense_CSD.o)
                0x00000cb8                CapSense_CSD_SetUnscannedSensorState
 .text.CapSense_CSD_NormalizeWidgets
                0x00000cdc       0xa0 .\CortexM0\ARM_GCC_541\Debug\CapSense_CSD_P4_Design01.a(CapSense_CSD.o)
                0x00000cdc                CapSense_CSD_NormalizeWidgets
 .text.CapSense_CSD_BaseInit
                0x00000d7c       0x58 .\CortexM0\ARM_GCC_541\Debug\CapSense_CSD_P4_Design01.a(CapSense_CSD_CSHL.o)
                0x00000d7c                CapSense_CSD_BaseInit
 .text.CapSense_CSD_InitializeSensorBaseline
                0x00000dd4       0x2c .\CortexM0\ARM_GCC_541\Debug\CapSense_CSD_P4_Design01.a(CapSense_CSD_CSHL.o)
                0x00000dd4                CapSense_CSD_InitializeSensorBaseline
 .text.CapSense_CSD_InitializeAllBaselines
                0x00000e00       0x28 .\CortexM0\ARM_GCC_541\Debug\CapSense_CSD_P4_Design01.a(CapSense_CSD_CSHL.o)
                0x00000e00                CapSense_CSD_InitializeAllBaselines
 .text.CapSense_CSD_UpdateBaselineNoThreshold
                0x00000e28      0x234 .\CortexM0\ARM_GCC_541\Debug\CapSense_CSD_P4_Design01.a(CapSense_CSD_CSHL.o)
                0x00000e28                CapSense_CSD_UpdateBaselineNoThreshold
 .text.CapSense_CSD_UpdateSensorBaseline
                0x0000105c       0x20 .\CortexM0\ARM_GCC_541\Debug\CapSense_CSD_P4_Design01.a(CapSense_CSD_CSHL.o)
                0x0000105c                CapSense_CSD_UpdateSensorBaseline
 .text.CapSense_CSD_UpdateEnabledBaselines
                0x0000107c       0x44 .\CortexM0\ARM_GCC_541\Debug\CapSense_CSD_P4_Design01.a(CapSense_CSD_CSHL.o)
                0x0000107c                CapSense_CSD_UpdateEnabledBaselines
 .text.CapSense_CSD_FindMaximum
                0x000010c0       0xb8 .\CortexM0\ARM_GCC_541\Debug\CapSense_CSD_P4_Design01.a(CapSense_CSD_CSHL.o)
                0x000010c0                CapSense_CSD_FindMaximum
 .text.CapSense_CSD_CalcCentroid
                0x00001178      0x1a0 .\CortexM0\ARM_GCC_541\Debug\CapSense_CSD_P4_Design01.a(CapSense_CSD_CSHL.o)
                0x00001178                CapSense_CSD_CalcCentroid
 .text.CapSense_CSD_GetCentroidPos
                0x00001318      0x15c .\CortexM0\ARM_GCC_541\Debug\CapSense_CSD_P4_Design01.a(CapSense_CSD_CSHL.o)
                0x00001318                CapSense_CSD_GetCentroidPos
 .text.CapSense_CSD_IIR4Filter
                0x00001474       0x3c .\CortexM0\ARM_GCC_541\Debug\CapSense_CSD_P4_Design01.a(CapSense_CSD_CSHL.o)
                0x00001474                CapSense_CSD_IIR4Filter
 .text.CapSense_CSD_JitterFilter
                0x000014b0       0x4c .\CortexM0\ARM_GCC_541\Debug\CapSense_CSD_P4_Design01.a(CapSense_CSD_CSHL.o)
                0x000014b0                CapSense_CSD_JitterFilter
 .text.CapSense_CSD_ISR
                0x000014fc       0xd8 .\CortexM0\ARM_GCC_541\Debug\CapSense_CSD_P4_Design01.a(CapSense_CSD_INT.o)
                0x000014fc                CapSense_CSD_ISR
 .text.CapSense_CSD_AutoTune
                0x000015d4      0x110 .\CortexM0\ARM_GCC_541\Debug\CapSense_CSD_P4_Design01.a(CapSense_CSD_SMS.o)
                0x000015d4                CapSense_CSD_AutoTune
 .text.CapSense_CSD_UpdateThresholds
                0x000016e4       0xf4 .\CortexM0\ARM_GCC_541\Debug\CapSense_CSD_P4_Design01.a(CapSense_CSD_SMS.o)
                0x000016e4                CapSense_CSD_UpdateThresholds
 .text.CapSense_CSD_SetAnalogSwitchesSrcDirect
                0x000017d8       0x1c .\CortexM0\ARM_GCC_541\Debug\CapSense_CSD_P4_Design01.a(CapSense_CSD_SMS.o)
                0x000017d8                CapSense_CSD_SetAnalogSwitchesSrcDirect
 .text.CapSense_CSD_DisableBaselineIDAC
                0x000017f4       0x34 .\CortexM0\ARM_GCC_541\Debug\CapSense_CSD_P4_Design01.a(CapSense_CSD_SMS.o)
                0x000017f4                CapSense_CSD_DisableBaselineIDAC
 .text.CapSense_CSD_EnableBaselineIDAC
                0x00001828       0x94 .\CortexM0\ARM_GCC_541\Debug\CapSense_CSD_P4_Design01.a(CapSense_CSD_SMS.o)
                0x00001828                CapSense_CSD_EnableBaselineIDAC
 .text.LED_CONTROL_Init
                0x000018bc       0x58 .\CortexM0\ARM_GCC_541\Debug\CapSense_CSD_P4_Design01.a(LED_CONTROL.o)
                0x000018bc                LED_CONTROL_Init
 .text.LED_CONTROL_Enable
                0x00001914       0x3c .\CortexM0\ARM_GCC_541\Debug\CapSense_CSD_P4_Design01.a(LED_CONTROL.o)
                0x00001914                LED_CONTROL_Enable
 .text.LED_CONTROL_Start
                0x00001950       0x24 .\CortexM0\ARM_GCC_541\Debug\CapSense_CSD_P4_Design01.a(LED_CONTROL.o)
                0x00001950                LED_CONTROL_Start
 .text.LED_CONTROL_WriteCounter
                0x00001974       0x20 .\CortexM0\ARM_GCC_541\Debug\CapSense_CSD_P4_Design01.a(LED_CONTROL.o)
                0x00001974                LED_CONTROL_WriteCounter
 .text.LED_CONTROL_WritePeriod
                0x00001994       0x20 .\CortexM0\ARM_GCC_541\Debug\CapSense_CSD_P4_Design01.a(LED_CONTROL.o)
                0x00001994                LED_CONTROL_WritePeriod
 .text.LED_CONTROL_WriteCompare
                0x000019b4       0x20 .\CortexM0\ARM_GCC_541\Debug\CapSense_CSD_P4_Design01.a(LED_CONTROL.o)
                0x000019b4                LED_CONTROL_WriteCompare
 .text.LED_CONTROL_TriggerCommand
                0x000019d4       0x3c .\CortexM0\ARM_GCC_541\Debug\CapSense_CSD_P4_Design01.a(LED_CONTROL.o)
                0x000019d4                LED_CONTROL_TriggerCommand
 .text.LED_CONTROL_SetInterruptMode
                0x00001a10       0x1c .\CortexM0\ARM_GCC_541\Debug\CapSense_CSD_P4_Design01.a(LED_CONTROL.o)
                0x00001a10                LED_CONTROL_SetInterruptMode
 .text.CapSense_CSD_SampleClk_Start
                0x00001a2c       0x1c .\CortexM0\ARM_GCC_541\Debug\CapSense_CSD_P4_Design01.a(CapSense_CSD_SampleClk.o)
                0x00001a2c                CapSense_CSD_SampleClk_Start
 .text.CapSense_CSD_SampleClk_Stop
                0x00001a48       0x1c .\CortexM0\ARM_GCC_541\Debug\CapSense_CSD_P4_Design01.a(CapSense_CSD_SampleClk.o)
                0x00001a48                CapSense_CSD_SampleClk_Stop
 .text.CapSense_CSD_SampleClk_SetFractionalDividerRegister
                0x00001a64       0x38 .\CortexM0\ARM_GCC_541\Debug\CapSense_CSD_P4_Design01.a(CapSense_CSD_SampleClk.o)
                0x00001a64                CapSense_CSD_SampleClk_SetFractionalDividerRegister
 .text.CapSense_CSD_SenseClk_Start
                0x00001a9c       0x1c .\CortexM0\ARM_GCC_541\Debug\CapSense_CSD_P4_Design01.a(CapSense_CSD_SenseClk.o)
                0x00001a9c                CapSense_CSD_SenseClk_Start
 .text.CapSense_CSD_SenseClk_Stop
                0x00001ab8       0x1c .\CortexM0\ARM_GCC_541\Debug\CapSense_CSD_P4_Design01.a(CapSense_CSD_SenseClk.o)
                0x00001ab8                CapSense_CSD_SenseClk_Stop
 .text.CapSense_CSD_SenseClk_SetFractionalDividerRegister
                0x00001ad4       0x38 .\CortexM0\ARM_GCC_541\Debug\CapSense_CSD_P4_Design01.a(CapSense_CSD_SenseClk.o)
                0x00001ad4                CapSense_CSD_SenseClk_SetFractionalDividerRegister
 .text.CySysClkWriteImoFreq
                0x00001b0c      0x1ec .\CortexM0\ARM_GCC_541\Debug\CapSense_CSD_P4_Design01.a(CyLib.o)
                0x00001b0c                CySysClkWriteImoFreq
 .text.CyIntSetVector
                0x00001cf8       0x4c .\CortexM0\ARM_GCC_541\Debug\CapSense_CSD_P4_Design01.a(CyLib.o)
                0x00001cf8                CyIntSetVector
 .text.CyIntSetPriority
                0x00001d44       0xa8 .\CortexM0\ARM_GCC_541\Debug\CapSense_CSD_P4_Design01.a(CyLib.o)
                0x00001d44                CyIntSetPriority
 .text.CyIntEnable
                0x00001dec       0x2c .\CortexM0\ARM_GCC_541\Debug\CapSense_CSD_P4_Design01.a(CyLib.o)
                0x00001dec                CyIntEnable
 .text.CyIntDisable
                0x00001e18       0x2c .\CortexM0\ARM_GCC_541\Debug\CapSense_CSD_P4_Design01.a(CyLib.o)
                0x00001e18                CyIntDisable
 .text.CyHalt   0x00001e44       0x18 .\CortexM0\ARM_GCC_541\Debug\CapSense_CSD_P4_Design01.a(CyLib.o)
                0x00001e44                CyHalt
 .text.CyDelayUs
                0x00001e5c       0x28 .\CortexM0\ARM_GCC_541\Debug\CapSense_CSD_P4_Design01.a(CyLib.o)
                0x00001e5c                CyDelayUs
 *fill*         0x00001e84        0x4 
 .text          0x00001e88       0x24 .\CortexM0\ARM_GCC_541\Debug\CapSense_CSD_P4_Design01.a(CyBootAsmGnu.o)
                0x00001e88                CyDelayCycles
                0x00001e9c                CyEnterCriticalSection
                0x00001ea4                CyExitCriticalSection
 .text.CalibrateOneDAC_P4_v2_60
                0x00001eac       0x40 C:\Program Files (x86)\Cypress\PSoC Creator\4.4\PSoC Creator\psoc\content\CyComponentLibrary\CyComponentLibrary.cylib\CapSense_CSD_P4_v2_60\PSoC4\Library\CapsenseP4Library_GCC.a(CSD_P4_SmartSense_v2_60.o)
                0x00001eac                CalibrateOneDAC_P4_v2_60
 .text.CalibrateSensors_P4_v2_60
                0x00001eec       0x22 C:\Program Files (x86)\Cypress\PSoC Creator\4.4\PSoC Creator\psoc\content\CyComponentLibrary\CyComponentLibrary.cylib\CapSense_CSD_P4_v2_60\PSoC4\Library\CapsenseP4Library_GCC.a(CSD_P4_SmartSense_v2_60.o)
                0x00001eec                CalibrateSensors_P4_v2_60
 .text.TunePrescalers_P4_v2_60
                0x00001f0e       0x42 C:\Program Files (x86)\Cypress\PSoC Creator\4.4\PSoC Creator\psoc\content\CyComponentLibrary\CyComponentLibrary.cylib\CapSense_CSD_P4_v2_60\PSoC4\Library\CapsenseP4Library_GCC.a(CSD_P4_SmartSense_v2_60.o)
                0x00001f0e                TunePrescalers_P4_v2_60
 .text.TuneSensitivity_P4_v2_60
                0x00001f50       0xdc C:\Program Files (x86)\Cypress\PSoC Creator\4.4\PSoC Creator\psoc\content\CyComponentLibrary\CyComponentLibrary.cylib\CapSense_CSD_P4_v2_60\PSoC4\Library\CapsenseP4Library_GCC.a(CSD_P4_SmartSense_v2_60.o)
                0x00001f50                TuneSensitivity_P4_v2_60
 .text.MeasureNoiseEnvelope_P4_v2_60
                0x0000202c       0xfc C:\Program Files (x86)\Cypress\PSoC Creator\4.4\PSoC Creator\psoc\content\CyComponentLibrary\CyComponentLibrary.cylib\CapSense_CSD_P4_v2_60\PSoC4\Library\CapsenseP4Library_GCC.a(CSD_P4_SmartSense_v2_60.o)
                0x0000202c                MeasureNoiseEnvelope_P4_v2_60
 .text.CalculateThresholds_P4_v2_60
                0x00002128       0x36 C:\Program Files (x86)\Cypress\PSoC Creator\4.4\PSoC Creator\psoc\content\CyComponentLibrary\CyComponentLibrary.cylib\CapSense_CSD_P4_v2_60\PSoC4\Library\CapsenseP4Library_GCC.a(CSD_P4_SmartSense_v2_60.o)
                0x00002128                CalculateThresholds_P4_v2_60
 *fill*         0x0000215e        0x2 
 .text          0x00002160      0x114 c:/program files (x86)/cypress/psoc creator/4.4/psoc creator/import/gnu/arm/5.4.1/bin/../lib/gcc/arm-none-eabi/5.4.1/armv6-m\libgcc.a(_udivsi3.o)
                0x00002160                __aeabi_uidiv
                0x00002160                __udivsi3
                0x0000226c                __aeabi_uidivmod
 .text          0x00002274      0x1d4 c:/program files (x86)/cypress/psoc creator/4.4/psoc creator/import/gnu/arm/5.4.1/bin/../lib/gcc/arm-none-eabi/5.4.1/armv6-m\libgcc.a(_divsi3.o)
                0x00002274                __divsi3
                0x00002274                __aeabi_idiv
                0x00002440                __aeabi_idivmod
 .text          0x00002448        0x4 c:/program files (x86)/cypress/psoc creator/4.4/psoc creator/import/gnu/arm/5.4.1/bin/../lib/gcc/arm-none-eabi/5.4.1/armv6-m\libgcc.a(_dvmd_tls.o)
                0x00002448                __aeabi_idiv0
                0x00002448                __aeabi_ldiv0
 .text.__errno  0x0000244c        0xc c:/program files (x86)/cypress/psoc creator/4.4/psoc creator/import/gnu/arm/5.4.1/bin/../lib/gcc/arm-none-eabi/5.4.1/../../../../arm-none-eabi/lib/armv6-m\libg_nano.a(lib_a-errno.o)
                0x0000244c                __errno
 .text.__libc_init_array
                0x00002458       0x4c c:/program files (x86)/cypress/psoc creator/4.4/psoc creator/import/gnu/arm/5.4.1/bin/../lib/gcc/arm-none-eabi/5.4.1/../../../../arm-none-eabi/lib/armv6-m\libg_nano.a(lib_a-init.o)
                0x00002458                __libc_init_array
 .text.memset   0x000024a4       0x10 c:/program files (x86)/cypress/psoc creator/4.4/psoc creator/import/gnu/arm/5.4.1/bin/../lib/gcc/arm-none-eabi/5.4.1/../../../../arm-none-eabi/lib/armv6-m\libg_nano.a(lib_a-memset.o)
                0x000024a4                memset
 *(.plt)
 *(.gnu.warning)
 *(.glue_7t)
 .glue_7t       0x000024b4        0x0 linker stubs
 *(.glue_7)
 .glue_7        0x000024b4        0x0 linker stubs
 *(.vfp11_veneer)
 .vfp11_veneer  0x000024b4        0x0 linker stubs
 *(.bootloader)
 *(.ARM.extab* .gnu.linkonce.armextab.*)
 *(.gcc_except_table)

.v4_bx          0x000024b4        0x0
 .v4_bx         0x000024b4        0x0 linker stubs

.iplt           0x000024b4        0x0
 .iplt          0x000024b4        0x0 c:/program files (x86)/cypress/psoc creator/4.4/psoc creator/import/gnu/arm/5.4.1/bin/../lib/gcc/arm-none-eabi/5.4.1/armv6-m/crtbegin.o

.eh_frame_hdr
 *(.eh_frame_hdr)

.eh_frame       0x000024b4        0x4
 *(.eh_frame)
 .eh_frame      0x000024b4        0x0 c:/program files (x86)/cypress/psoc creator/4.4/psoc creator/import/gnu/arm/5.4.1/bin/../lib/gcc/arm-none-eabi/5.4.1/armv6-m/crtbegin.o
 .eh_frame      0x000024b4        0x4 c:/program files (x86)/cypress/psoc creator/4.4/psoc creator/import/gnu/arm/5.4.1/bin/../lib/gcc/arm-none-eabi/5.4.1/armv6-m/crtend.o
                [!provide]                PROVIDE (__exidx_start, .)

.ARM.exidx
 *(.ARM.exidx* .gnu.linkonce.armexidx.*)
                0x000024b8                __exidx_end = .

.rodata         0x000024b8      0x1b0
 *(.rodata .rodata.* .gnu.linkonce.r.*)
 .rodata        0x000024b8       0x68 .\CortexM0\ARM_GCC_541\Debug\cyfitter_cfg.o
 .rodata        0x00002520       0x68 .\CortexM0\ARM_GCC_541\Debug\CapSense_CSD_P4_Design01.a(CapSense_CSD.o)
                0x00002520                CapSense_CSD_portTable
                0x00002528                CapSense_CSD_maskTable
                0x0000253c                CapSense_CSD_pinShiftTbl
                0x00002544                CapSense_CSD_widgetNumber
                0x0000254c                CapSense_CSD_prtSelTbl
                0x00002560                CapSense_CSD_prtCfgTbl
                0x00002574                CapSense_CSD_prtDRTbl
 .rodata        0x00002588        0xa .\CortexM0\ARM_GCC_541\Debug\CapSense_CSD_P4_Design01.a(CapSense_CSD_CSHL.o)
                0x00002588                CapSense_CSD_rawDataIndex
                0x0000258c                CapSense_CSD_numberOfSensors
 *fill*         0x00002592        0x2 
 .rodata        0x00002594       0x6c .\CortexM0\ARM_GCC_541\Debug\CapSense_CSD_P4_Design01.a(CapSense_CSD_SMS.o)
                0x00002594                CapSense_CSD_prescalerTable
                0x000025a4                CapSense_CSD_configPointers
 .rodata        0x00002600       0x2e .\CortexM0\ARM_GCC_541\Debug\CapSense_CSD_P4_Design01.a(CyLib.o)
                0x00002600                cyImoFreqMhz2Reg
 .rodata.str1.1
                0x0000262e        0x2 c:/program files (x86)/cypress/psoc creator/4.4/psoc creator/import/gnu/arm/5.4.1/bin/../lib/gcc/arm-none-eabi/5.4.1/../../../../arm-none-eabi/lib/armv6-m\libg_nano.a(lib_a-impure.o)
                0x00002630                . = ALIGN (0x4)
 *(.init)
 .init          0x00002630        0x4 c:/program files (x86)/cypress/psoc creator/4.4/psoc creator/import/gnu/arm/5.4.1/bin/../lib/gcc/arm-none-eabi/5.4.1/armv6-m/crti.o
                0x00002630                _init
 .init          0x00002634        0x8 c:/program files (x86)/cypress/psoc creator/4.4/psoc creator/import/gnu/arm/5.4.1/bin/../lib/gcc/arm-none-eabi/5.4.1/armv6-m/crtn.o
                0x0000263c                . = ALIGN (0x4)
                0x0000263c                __preinit_array_start = .
 *(.preinit_array)
                0x0000263c                __preinit_array_end = .
                0x0000263c                . = ALIGN (0x4)
                0x0000263c                __init_array_start = .
 *(SORT(.init_array.*))
 *(.init_array)
 .init_array    0x0000263c        0x4 c:/program files (x86)/cypress/psoc creator/4.4/psoc creator/import/gnu/arm/5.4.1/bin/../lib/gcc/arm-none-eabi/5.4.1/armv6-m/crtbegin.o
 .init_array    0x00002640        0x4 .\CortexM0\ARM_GCC_541\Debug\Cm0Start.o
                0x00002644                __init_array_end = .
                0x00002644                . = ALIGN (0x4)
 *(.fini)
 .fini          0x00002644        0x4 c:/program files (x86)/cypress/psoc creator/4.4/psoc creator/import/gnu/arm/5.4.1/bin/../lib/gcc/arm-none-eabi/5.4.1/armv6-m/crti.o
                0x00002644                _fini
 .fini          0x00002648        0x8 c:/program files (x86)/cypress/psoc creator/4.4/psoc creator/import/gnu/arm/5.4.1/bin/../lib/gcc/arm-none-eabi/5.4.1/armv6-m/crtn.o
                0x00002650                . = ALIGN (0x4)
                0x00002650                __fini_array_start = .
 *(.fini_array)
 .fini_array    0x00002650        0x4 c:/program files (x86)/cypress/psoc creator/4.4/psoc creator/import/gnu/arm/5.4.1/bin/../lib/gcc/arm-none-eabi/5.4.1/armv6-m/crtbegin.o
 *(SORT(.fini_array.*))
                0x00002654                __fini_array_end = .
                0x00002654                . = ALIGN (0x4)
 *crtbegin.o(.ctors)
 *(EXCLUDE_FILE(*crtend.o) .ctors)
 *(SORT(.ctors.*))
 *crtend.o(.ctors)
                0x00002654                . = ALIGN (0x4)
 *crtbegin.o(.dtors)
 *(EXCLUDE_FILE(*crtend.o) .dtors)
 *(SORT(.dtors.*))
 *crtend.o(.dtors)
                0x00002654                . = ALIGN (0x4)
                0x00002654                __cy_regions = .
                0x00002654        0x4 LONG 0x2668 __cy_region_init_ram
                0x00002658        0x4 LONG 0x200000c8 __cy_region_start_data
                0x0000265c        0x4 LONG 0xb8 __cy_region_init_size_ram
                0x00002660        0x4 LONG 0x108 __cy_region_zero_size_ram
                0x00002664                __cy_regions_end = .
                0x00002668                . = ALIGN (0x8)
 *fill*         0x00002664        0x4 
                0x00002668                _etext = .

.cy_checksum_exclude
                0x00002668        0x0
 *(.cy_checksum_exclude)

.ramvectors     0x20000000       0xc0
                0x20000000                __cy_region_start_ram = .
 *(.ramvectors)
 .ramvectors    0x20000000       0xc0 .\CortexM0\ARM_GCC_541\Debug\Cm0Start.o
                0x20000000                CyRamVectors

.noinit         0x200000c0        0x4
 *(.noinit)
 .noinit        0x200000c0        0x4 .\CortexM0\ARM_GCC_541\Debug\Cm0Start.o

.data           0x200000c8       0xb8 load address 0x00002668
                0x200000c8                __cy_region_start_data = .
 *(.jcr)
 .jcr           0x200000c8        0x0 c:/program files (x86)/cypress/psoc creator/4.4/psoc creator/import/gnu/arm/5.4.1/bin/../lib/gcc/arm-none-eabi/5.4.1/armv6-m/crtbegin.o
 .jcr           0x200000c8        0x4 c:/program files (x86)/cypress/psoc creator/4.4/psoc creator/import/gnu/arm/5.4.1/bin/../lib/gcc/arm-none-eabi/5.4.1/armv6-m/crtend.o
 *(.got.plt)
 *(.got)
 *(.shdata)
 *(.data .data.* .gnu.linkonce.d.*)
 .data          0x200000cc       0x1c .\CortexM0\ARM_GCC_541\Debug\CapSense_CSD_P4_Design01.a(CapSense_CSD.o)
                0x200000cc                CapSense_CSD_sensorEnableMask
                0x200000d0                CapSense_CSD_pcTable
                0x200000e4                CapSense_CSD_widgetResolution
 .data          0x200000e8       0x13 .\CortexM0\ARM_GCC_541\Debug\CapSense_CSD_P4_Design01.a(CapSense_CSD_CSHL.o)
                0x200000e8                CapSense_CSD_lowBaselineReset
                0x200000ed                CapSense_CSD_enableRawFilters
                0x200000f0                CapSense_CSD_debounce
 *fill*         0x200000fb        0x1 
 .data          0x200000fc        0x5 .\CortexM0\ARM_GCC_541\Debug\CapSense_CSD_P4_Design01.a(CapSense_CSD_SMS.o)
                0x200000fc                CapSense_CSD_sensorSensitivity
 *fill*         0x20000101        0x3 
 .data          0x20000104       0x14 .\CortexM0\ARM_GCC_541\Debug\CapSense_CSD_P4_Design01.a(CyLib.o)
                0x20000104                cydelayFreqHz
                0x20000108                cydelayFreqKhz
                0x2000010c                cydelayFreqMhz
                0x20000110                cydelay32kMs
                0x20000114                CySysClkPumpConfig
 .data.impure_data
                0x20000118       0x60 c:/program files (x86)/cypress/psoc creator/4.4/psoc creator/import/gnu/arm/5.4.1/bin/../lib/gcc/arm-none-eabi/5.4.1/../../../../arm-none-eabi/lib/armv6-m\libg_nano.a(lib_a-impure.o)
 .data._impure_ptr
                0x20000178        0x4 c:/program files (x86)/cypress/psoc creator/4.4/psoc creator/import/gnu/arm/5.4.1/bin/../lib/gcc/arm-none-eabi/5.4.1/../../../../arm-none-eabi/lib/armv6-m\libg_nano.a(lib_a-impure.o)
                0x20000178                _impure_ptr
                0x20000180                . = ALIGN (0x8)
 *fill*         0x2000017c        0x4 
 *(.ram)
                0x20000180                _edata = .

.igot.plt       0x20000180        0x0 load address 0x00002720
 .igot.plt      0x20000180        0x0 c:/program files (x86)/cypress/psoc creator/4.4/psoc creator/import/gnu/arm/5.4.1/bin/../lib/gcc/arm-none-eabi/5.4.1/armv6-m/crtbegin.o

.bss            0x20000180      0x108 load address 0x00002720
                0x20000180                PROVIDE (__bss_start__, .)
 *(.shbss)
 *(.bss .bss.* .gnu.linkonce.b.*)
 .bss           0x20000180       0x1c c:/program files (x86)/cypress/psoc creator/4.4/psoc creator/import/gnu/arm/5.4.1/bin/../lib/gcc/arm-none-eabi/5.4.1/armv6-m/crtbegin.o
 .bss           0x2000019c        0xf .\CortexM0\ARM_GCC_541\Debug\CapSense_CSD_P4_Design01.a(CapSense_CSD.o)
                0x2000019c                CapSense_CSD_lowLevelTuningDone
                0x2000019d                CapSense_CSD_prescalersTuningDone
                0x2000019e                CapSense_CSD_csdStatusVar
                0x2000019f                CapSense_CSD_sensorIndex
                0x200001a0                CapSense_CSD_sensorRaw
 *fill*         0x200001ab        0x1 
 .bss           0x200001ac       0x27 .\CortexM0\ARM_GCC_541\Debug\CapSense_CSD_P4_Design01.a(CapSense_CSD_CSHL.o)
                0x200001ac                CapSense_CSD_sensorBaseline
                0x200001b8                CapSense_CSD_sensorBaselineLow
                0x200001c0                CapSense_CSD_sensorSignal
                0x200001c8                CapSense_CSD_sensorOnMask
 .bss           0x200001d3        0x1 .\CortexM0\ARM_GCC_541\Debug\CapSense_CSD_P4_Design01.a(CapSense_CSD_INT.o)
 .bss           0x200001d4        0x1 .\CortexM0\ARM_GCC_541\Debug\CapSense_CSD_P4_Design01.a(LED_CONTROL.o)
                0x200001d4                LED_CONTROL_initVar
 *(COMMON)
 *fill*         0x200001d5        0x1 
 COMMON         0x200001d6        0x4 .\CortexM0\ARM_GCC_541\Debug\main.o
                0x200001d6                curPos
                0x200001d8                oldPos
 *fill*         0x200001da        0x2 
 COMMON         0x200001dc       0x31 .\CortexM0\ARM_GCC_541\Debug\CapSense_CSD_P4_Design01.a(CapSense_CSD.o)
                0x200001dc                CapSense_CSD_csdTrim1
                0x200001e0                CapSense_CSD_scanSpeedTbl
                0x200001e4                CapSense_CSD_compensationIDAC
                0x200001ec                CapSense_CSD_senseClkDividerVal
                0x200001f4                CapSense_CSD_sensorEnableMaskBackup
                0x200001f8                CapSense_CSD_unscannedSnsDriveMode
                0x20000200                CapSense_CSD_modulationIDAC
                0x20000208                CapSense_CSD_sampleClkDividerVal
 *fill*         0x2000020d        0x3 
 COMMON         0x20000210       0x21 .\CortexM0\ARM_GCC_541\Debug\CapSense_CSD_P4_Design01.a(CapSense_CSD_CSHL.o)
                0x20000210                CapSense_CSD_fingerThreshold
                0x20000214                CapSense_CSD_negativeNoiseThreshold
                0x20000218                CapSense_CSD_hysteresis
                0x2000021c                CapSense_CSD_rawFilterData1
                0x20000228                CapSense_CSD_noiseThreshold
                0x2000022c                CapSense_CSD_lowBaselineResetCnt
 *fill*         0x20000231        0x3 
 COMMON         0x20000234       0x4d .\CortexM0\ARM_GCC_541\Debug\CapSense_CSD_P4_Design01.a(CapSense_CSD_SMS.o)
                0x20000234                CapSense_CSD_noiseEnvelopeTbl
                0x2000023c                CapSense_CSD_runningDifferenceTbl
                0x20000244                CapSense_CSD_config
                0x20000250                CapSense_CSD_previousSampleTbl
                0x2000025c                CapSense_CSD_sampleMaxTbl
                0x20000268                CapSense_CSD_signRegisterTbl
                0x20000270                CapSense_CSD_sampleMinTbl
                0x2000027c                CapSense_CSD_kValueTbl
                0x20000288                . = ALIGN (0x8)
 *fill*         0x20000281        0x7 
 *(.ram.b)
                0x20000288                _end = .
                0x20000288                __end = .
                0x20000288                PROVIDE (end, .)
                0x20000288                PROVIDE (__bss_end__, .)
                0x00002668                __cy_region_init_ram = LOADADDR (.data)
                0x000000b8                __cy_region_init_size_ram = (_edata - ADDR (.data))
                0x00000108                __cy_region_zero_size_ram = (_end - _edata)

.heap           0x20000288      0x100 load address 0x00002720
                0x20000288                . = _end
                0x20000388                . = (. + 0x100)
 *fill*         0x20000288      0x100 
                0x20000388                __cy_heap_limit = .

.stack          0x20000c00      0x400
                0x20000c00                __cy_stack_limit = .
                0x20001000                . = (. + 0x400)
 *fill*         0x20000c00      0x400 
                0x00000001                ASSERT ((__cy_stack_limit >= __cy_heap_limit), region RAM overflowed with stack)
                0x00000000                cy_checksum_exclude_size = (CY_APPL_LOADABLE == 0x1)?SIZEOF (.cy_checksum_exclude):0x0
                0x00000001                ASSERT ((cy_checksum_exclude_size <= CY_CHECKSUM_EXCLUDE_SIZE), CY_BOOT: Section .cy_checksum_exclude size exceedes specified limit.)
                0x00007fc0                cyloadermeta_start = (cy_project_type_bootloader || cy_project_type_app_for_stack_and_copier)?(LENGTH (rom) - CY_METADATA_SIZE):0xf0000000

.cyloadermeta
 *(.cyloadermeta)
                0x00007fc0                cyloadablemeta_start = cy_project_type_app_for_stack_and_copier?((LENGTH (rom) - CY_FLASH_ROW_SIZE) - CY_METADATA_SIZE):((LENGTH (rom) - (CY_FLASH_ROW_SIZE * (CY_APPL_NUM - 0x1))) - CY_METADATA_SIZE)

.cyloadablemeta
 *(.cyloadablemeta)

.cyflashprotect
                0x90400000       0x20
 *(.cyflashprotect)
 .cyflashprotect
                0x90400000       0x20 .\CortexM0\ARM_GCC_541\Debug\cymetadata.o
                0x90400000                cy_meta_flashprotect

.cymeta         0x90500000        0xc
 *(.cymeta)
 .cymeta        0x90500000        0xc .\CortexM0\ARM_GCC_541\Debug\cymetadata.o
                0x90500000                cy_metadata

.cychipprotect  0x90600000        0x1
 *(.cychipprotect)
 .cychipprotect
                0x90600000        0x1 .\CortexM0\ARM_GCC_541\Debug\cymetadata.o
                0x90600000                cy_meta_chipprotect

.rel.dyn        0x00002720        0x0 load address 0x90600004
 .rel.iplt      0x00002720        0x0 c:/program files (x86)/cypress/psoc creator/4.4/psoc creator/import/gnu/arm/5.4.1/bin/../lib/gcc/arm-none-eabi/5.4.1/armv6-m/crtbegin.o

.stab
 *(.stab)

.stabstr
 *(.stabstr)

.debug
 *(.debug)

.line
 *(.line)

.debug_srcinfo
 *(.debug_srcinfo)

.debug_sfnames
 *(.debug_sfnames)

.debug_aranges  0x00000000      0x7c8
 *(.debug_aranges)
 .debug_aranges
                0x00000000       0x28 .\CortexM0\ARM_GCC_541\Debug\main.o
 .debug_aranges
                0x00000028       0x58 .\CortexM0\ARM_GCC_541\Debug\cyfitter_cfg.o
 .debug_aranges
                0x00000080       0x18 .\CortexM0\ARM_GCC_541\Debug\cymetadata.o
 .debug_aranges
                0x00000098       0x48 .\CortexM0\ARM_GCC_541\Debug\Cm0Start.o
 .debug_aranges
                0x000000e0      0x158 .\CortexM0\ARM_GCC_541\Debug\CapSense_CSD_P4_Design01.a(CapSense_CSD.o)
 .debug_aranges
                0x00000238      0x150 .\CortexM0\ARM_GCC_541\Debug\CapSense_CSD_P4_Design01.a(CapSense_CSD_CSHL.o)
 .debug_aranges
                0x00000388       0x20 .\CortexM0\ARM_GCC_541\Debug\CapSense_CSD_P4_Design01.a(CapSense_CSD_INT.o)
 .debug_aranges
                0x000003a8       0x60 .\CortexM0\ARM_GCC_541\Debug\CapSense_CSD_P4_Design01.a(CapSense_CSD_SMS.o)
 .debug_aranges
                0x00000408      0x158 .\CortexM0\ARM_GCC_541\Debug\CapSense_CSD_P4_Design01.a(LED_CONTROL.o)
 .debug_aranges
                0x00000560       0x40 .\CortexM0\ARM_GCC_541\Debug\CapSense_CSD_P4_Design01.a(CapSense_CSD_SampleClk.o)
 .debug_aranges
                0x000005a0       0x40 .\CortexM0\ARM_GCC_541\Debug\CapSense_CSD_P4_Design01.a(CapSense_CSD_SenseClk.o)
 .debug_aranges
                0x000005e0      0x180 .\CortexM0\ARM_GCC_541\Debug\CapSense_CSD_P4_Design01.a(CyLib.o)
 .debug_aranges
                0x00000760       0x20 .\CortexM0\ARM_GCC_541\Debug\CapSense_CSD_P4_Design01.a(CyBootAsmGnu.o)
 .debug_aranges
                0x00000780       0x48 C:\Program Files (x86)\Cypress\PSoC Creator\4.4\PSoC Creator\psoc\content\CyComponentLibrary\CyComponentLibrary.cylib\CapSense_CSD_P4_v2_60\PSoC4\Library\CapsenseP4Library_GCC.a(CSD_P4_SmartSense_v2_60.o)

.debug_pubnames
 *(.debug_pubnames)

.debug_info     0x00000000     0x43ea
 *(.debug_info .gnu.linkonce.wi.*)
 .debug_info    0x00000000       0xef .\CortexM0\ARM_GCC_541\Debug\main.o
 .debug_info    0x000000ef      0x393 .\CortexM0\ARM_GCC_541\Debug\cyfitter_cfg.o
 .debug_info    0x00000482       0xf8 .\CortexM0\ARM_GCC_541\Debug\cymetadata.o
 .debug_info    0x0000057a      0x312 .\CortexM0\ARM_GCC_541\Debug\Cm0Start.o
 .debug_info    0x0000088c      0xc28 .\CortexM0\ARM_GCC_541\Debug\CapSense_CSD_P4_Design01.a(CapSense_CSD.o)
 .debug_info    0x000014b4      0xea0 .\CortexM0\ARM_GCC_541\Debug\CapSense_CSD_P4_Design01.a(CapSense_CSD_CSHL.o)
 .debug_info    0x00002354      0x124 .\CortexM0\ARM_GCC_541\Debug\CapSense_CSD_P4_Design01.a(CapSense_CSD_INT.o)
 .debug_info    0x00002478      0x66a .\CortexM0\ARM_GCC_541\Debug\CapSense_CSD_P4_Design01.a(CapSense_CSD_SMS.o)
 .debug_info    0x00002ae2      0x6fb .\CortexM0\ARM_GCC_541\Debug\CapSense_CSD_P4_Design01.a(LED_CONTROL.o)
 .debug_info    0x000031dd      0x150 .\CortexM0\ARM_GCC_541\Debug\CapSense_CSD_P4_Design01.a(CapSense_CSD_SampleClk.o)
 .debug_info    0x0000332d      0x150 .\CortexM0\ARM_GCC_541\Debug\CapSense_CSD_P4_Design01.a(CapSense_CSD_SenseClk.o)
 .debug_info    0x0000347d      0x8ef .\CortexM0\ARM_GCC_541\Debug\CapSense_CSD_P4_Design01.a(CyLib.o)
 .debug_info    0x00003d6c       0x9c .\CortexM0\ARM_GCC_541\Debug\CapSense_CSD_P4_Design01.a(CyBootAsmGnu.o)
 .debug_info    0x00003e08      0x5e2 C:\Program Files (x86)\Cypress\PSoC Creator\4.4\PSoC Creator\psoc\content\CyComponentLibrary\CyComponentLibrary.cylib\CapSense_CSD_P4_v2_60\PSoC4\Library\CapsenseP4Library_GCC.a(CSD_P4_SmartSense_v2_60.o)

.debug_abbrev   0x00000000      0xf19
 *(.debug_abbrev)
 .debug_abbrev  0x00000000       0x78 .\CortexM0\ARM_GCC_541\Debug\main.o
 .debug_abbrev  0x00000078      0x1b3 .\CortexM0\ARM_GCC_541\Debug\cyfitter_cfg.o
 .debug_abbrev  0x0000022b       0x5d .\CortexM0\ARM_GCC_541\Debug\cymetadata.o
 .debug_abbrev  0x00000288      0x1c8 .\CortexM0\ARM_GCC_541\Debug\Cm0Start.o
 .debug_abbrev  0x00000450      0x167 .\CortexM0\ARM_GCC_541\Debug\CapSense_CSD_P4_Design01.a(CapSense_CSD.o)
 .debug_abbrev  0x000005b7      0x1d1 .\CortexM0\ARM_GCC_541\Debug\CapSense_CSD_P4_Design01.a(CapSense_CSD_CSHL.o)
 .debug_abbrev  0x00000788       0x8a .\CortexM0\ARM_GCC_541\Debug\CapSense_CSD_P4_Design01.a(CapSense_CSD_INT.o)
 .debug_abbrev  0x00000812      0x1a0 .\CortexM0\ARM_GCC_541\Debug\CapSense_CSD_P4_Design01.a(CapSense_CSD_SMS.o)
 .debug_abbrev  0x000009b2       0xfc .\CortexM0\ARM_GCC_541\Debug\CapSense_CSD_P4_Design01.a(LED_CONTROL.o)
 .debug_abbrev  0x00000aae       0xa8 .\CortexM0\ARM_GCC_541\Debug\CapSense_CSD_P4_Design01.a(CapSense_CSD_SampleClk.o)
 .debug_abbrev  0x00000b56       0xa8 .\CortexM0\ARM_GCC_541\Debug\CapSense_CSD_P4_Design01.a(CapSense_CSD_SenseClk.o)
 .debug_abbrev  0x00000bfe      0x1a7 .\CortexM0\ARM_GCC_541\Debug\CapSense_CSD_P4_Design01.a(CyLib.o)
 .debug_abbrev  0x00000da5       0x14 .\CortexM0\ARM_GCC_541\Debug\CapSense_CSD_P4_Design01.a(CyBootAsmGnu.o)
 .debug_abbrev  0x00000db9      0x160 C:\Program Files (x86)\Cypress\PSoC Creator\4.4\PSoC Creator\psoc\content\CyComponentLibrary\CyComponentLibrary.cylib\CapSense_CSD_P4_v2_60\PSoC4\Library\CapsenseP4Library_GCC.a(CSD_P4_SmartSense_v2_60.o)

.debug_line     0x00000000     0x1cd1
 *(.debug_line)
 .debug_line    0x00000000       0x7b .\CortexM0\ARM_GCC_541\Debug\main.o
 .debug_line    0x0000007b      0x1b4 .\CortexM0\ARM_GCC_541\Debug\cyfitter_cfg.o
 .debug_line    0x0000022f      0x141 .\CortexM0\ARM_GCC_541\Debug\cymetadata.o
 .debug_line    0x00000370      0x1cf .\CortexM0\ARM_GCC_541\Debug\Cm0Start.o
 .debug_line    0x0000053f      0x4d9 .\CortexM0\ARM_GCC_541\Debug\CapSense_CSD_P4_Design01.a(CapSense_CSD.o)
 .debug_line    0x00000a18      0x4bd .\CortexM0\ARM_GCC_541\Debug\CapSense_CSD_P4_Design01.a(CapSense_CSD_CSHL.o)
 .debug_line    0x00000ed5       0x97 .\CortexM0\ARM_GCC_541\Debug\CapSense_CSD_P4_Design01.a(CapSense_CSD_INT.o)
 .debug_line    0x00000f6c      0x1c1 .\CortexM0\ARM_GCC_541\Debug\CapSense_CSD_P4_Design01.a(CapSense_CSD_SMS.o)
 .debug_line    0x0000112d      0x379 .\CortexM0\ARM_GCC_541\Debug\CapSense_CSD_P4_Design01.a(LED_CONTROL.o)
 .debug_line    0x000014a6       0xbd .\CortexM0\ARM_GCC_541\Debug\CapSense_CSD_P4_Design01.a(CapSense_CSD_SampleClk.o)
 .debug_line    0x00001563       0xbc .\CortexM0\ARM_GCC_541\Debug\CapSense_CSD_P4_Design01.a(CapSense_CSD_SenseClk.o)
 .debug_line    0x0000161f      0x47a .\CortexM0\ARM_GCC_541\Debug\CapSense_CSD_P4_Design01.a(CyLib.o)
 .debug_line    0x00001a99       0x69 .\CortexM0\ARM_GCC_541\Debug\CapSense_CSD_P4_Design01.a(CyBootAsmGnu.o)
 .debug_line    0x00001b02      0x1cf C:\Program Files (x86)\Cypress\PSoC Creator\4.4\PSoC Creator\psoc\content\CyComponentLibrary\CyComponentLibrary.cylib\CapSense_CSD_P4_v2_60\PSoC4\Library\CapsenseP4Library_GCC.a(CSD_P4_SmartSense_v2_60.o)

.debug_frame    0x00000000     0x1b60
 *(.debug_frame)
 .debug_frame   0x00000000       0x48 .\CortexM0\ARM_GCC_541\Debug\main.o
 .debug_frame   0x00000048      0x108 .\CortexM0\ARM_GCC_541\Debug\cyfitter_cfg.o
 .debug_frame   0x00000150       0xc8 .\CortexM0\ARM_GCC_541\Debug\Cm0Start.o
 .debug_frame   0x00000218      0x504 .\CortexM0\ARM_GCC_541\Debug\CapSense_CSD_P4_Design01.a(CapSense_CSD.o)
 .debug_frame   0x0000071c      0x50c .\CortexM0\ARM_GCC_541\Debug\CapSense_CSD_P4_Design01.a(CapSense_CSD_CSHL.o)
 .debug_frame   0x00000c28       0x2c .\CortexM0\ARM_GCC_541\Debug\CapSense_CSD_P4_Design01.a(CapSense_CSD_INT.o)
 .debug_frame   0x00000c54      0x130 .\CortexM0\ARM_GCC_541\Debug\CapSense_CSD_P4_Design01.a(CapSense_CSD_SMS.o)
 .debug_frame   0x00000d84      0x52c .\CortexM0\ARM_GCC_541\Debug\CapSense_CSD_P4_Design01.a(LED_CONTROL.o)
 .debug_frame   0x000012b0       0xa0 .\CortexM0\ARM_GCC_541\Debug\CapSense_CSD_P4_Design01.a(CapSense_CSD_SampleClk.o)
 .debug_frame   0x00001350       0xa0 .\CortexM0\ARM_GCC_541\Debug\CapSense_CSD_P4_Design01.a(CapSense_CSD_SenseClk.o)
 .debug_frame   0x000013f0      0x588 .\CortexM0\ARM_GCC_541\Debug\CapSense_CSD_P4_Design01.a(CyLib.o)
 .debug_frame   0x00001978       0xec C:\Program Files (x86)\Cypress\PSoC Creator\4.4\PSoC Creator\psoc\content\CyComponentLibrary\CyComponentLibrary.cylib\CapSense_CSD_P4_v2_60\PSoC4\Library\CapsenseP4Library_GCC.a(CSD_P4_SmartSense_v2_60.o)
 .debug_frame   0x00001a64       0x20 c:/program files (x86)/cypress/psoc creator/4.4/psoc creator/import/gnu/arm/5.4.1/bin/../lib/gcc/arm-none-eabi/5.4.1/armv6-m\libgcc.a(_udivsi3.o)
 .debug_frame   0x00001a84       0x20 c:/program files (x86)/cypress/psoc creator/4.4/psoc creator/import/gnu/arm/5.4.1/bin/../lib/gcc/arm-none-eabi/5.4.1/armv6-m\libgcc.a(_divsi3.o)
 .debug_frame   0x00001aa4       0x20 c:/program files (x86)/cypress/psoc creator/4.4/psoc creator/import/gnu/arm/5.4.1/bin/../lib/gcc/arm-none-eabi/5.4.1/../../../../arm-none-eabi/lib/armv6-m\libg_nano.a(lib_a-errno.o)
 .debug_frame   0x00001ac4       0x28 c:/program files (x86)/cypress/psoc creator/4.4/psoc creator/import/gnu/arm/5.4.1/bin/../lib/gcc/arm-none-eabi/5.4.1/../../../../arm-none-eabi/lib/armv6-m\libg_nano.a(lib_a-exit.o)
 .debug_frame   0x00001aec       0x2c c:/program files (x86)/cypress/psoc creator/4.4/psoc creator/import/gnu/arm/5.4.1/bin/../lib/gcc/arm-none-eabi/5.4.1/../../../../arm-none-eabi/lib/armv6-m\libg_nano.a(lib_a-init.o)
 .debug_frame   0x00001b18       0x28 c:/program files (x86)/cypress/psoc creator/4.4/psoc creator/import/gnu/arm/5.4.1/bin/../lib/gcc/arm-none-eabi/5.4.1/../../../../arm-none-eabi/lib/armv6-m\libg_nano.a(lib_a-memcpy-stub.o)
 .debug_frame   0x00001b40       0x20 c:/program files (x86)/cypress/psoc creator/4.4/psoc creator/import/gnu/arm/5.4.1/bin/../lib/gcc/arm-none-eabi/5.4.1/../../../../arm-none-eabi/lib/armv6-m\libg_nano.a(lib_a-memset.o)

.debug_str      0x00000000     0x27e7
 *(.debug_str)
 .debug_str     0x00000000      0x185 .\CortexM0\ARM_GCC_541\Debug\main.o
                                0x1c5 (size before relaxing)
 .debug_str     0x00000185      0x13b .\CortexM0\ARM_GCC_541\Debug\cyfitter_cfg.o
                                0x2f3 (size before relaxing)
 .debug_str     0x000002c0       0x63 .\CortexM0\ARM_GCC_541\Debug\cymetadata.o
                                0x1d4 (size before relaxing)
 .debug_str     0x00000323      0x120 .\CortexM0\ARM_GCC_541\Debug\Cm0Start.o
                                0x2da (size before relaxing)
 .debug_str     0x00000443      0x8f4 .\CortexM0\ARM_GCC_541\Debug\CapSense_CSD_P4_Design01.a(CapSense_CSD.o)
                                0xaad (size before relaxing)
 .debug_str     0x00000d37      0x90f .\CortexM0\ARM_GCC_541\Debug\CapSense_CSD_P4_Design01.a(CapSense_CSD_CSHL.o)
                                0xc79 (size before relaxing)
 .debug_str     0x00001646       0x54 .\CortexM0\ARM_GCC_541\Debug\CapSense_CSD_P4_Design01.a(CapSense_CSD_INT.o)
                                0x263 (size before relaxing)
 .debug_str     0x0000169a      0x26e .\CortexM0\ARM_GCC_541\Debug\CapSense_CSD_P4_Design01.a(CapSense_CSD_SMS.o)
                                0x80c (size before relaxing)
 .debug_str     0x00001908      0x4ec .\CortexM0\ARM_GCC_541\Debug\CapSense_CSD_P4_Design01.a(LED_CONTROL.o)
                                0x68c (size before relaxing)
 .debug_str     0x00001df4      0x123 .\CortexM0\ARM_GCC_541\Debug\CapSense_CSD_P4_Design01.a(CapSense_CSD_SampleClk.o)
                                0x2af (size before relaxing)
 .debug_str     0x00001f17       0xf5 .\CortexM0\ARM_GCC_541\Debug\CapSense_CSD_P4_Design01.a(CapSense_CSD_SenseClk.o)
                                0x2a9 (size before relaxing)
 .debug_str     0x0000200c      0x4c0 .\CortexM0\ARM_GCC_541\Debug\CapSense_CSD_P4_Design01.a(CyLib.o)
                                0x695 (size before relaxing)
 .debug_str     0x000024cc      0x31b C:\Program Files (x86)\Cypress\PSoC Creator\4.4\PSoC Creator\psoc\content\CyComponentLibrary\CyComponentLibrary.cylib\CapSense_CSD_P4_v2_60\PSoC4\Library\CapsenseP4Library_GCC.a(CSD_P4_SmartSense_v2_60.o)
                                0x59d (size before relaxing)

.debug_loc      0x00000000      0x68e
 *(.debug_loc)
 .debug_loc     0x00000000      0x68e C:\Program Files (x86)\Cypress\PSoC Creator\4.4\PSoC Creator\psoc\content\CyComponentLibrary\CyComponentLibrary.cylib\CapSense_CSD_P4_v2_60\PSoC4\Library\CapsenseP4Library_GCC.a(CSD_P4_SmartSense_v2_60.o)

.debug_macinfo
 *(.debug_macinfo)

.debug_ranges   0x00000000      0x6d0
 *(.debug_ranges)
 .debug_ranges  0x00000000       0x18 .\CortexM0\ARM_GCC_541\Debug\main.o
 .debug_ranges  0x00000018       0x48 .\CortexM0\ARM_GCC_541\Debug\cyfitter_cfg.o
 .debug_ranges  0x00000060       0x38 .\CortexM0\ARM_GCC_541\Debug\Cm0Start.o
 .debug_ranges  0x00000098      0x148 .\CortexM0\ARM_GCC_541\Debug\CapSense_CSD_P4_Design01.a(CapSense_CSD.o)
 .debug_ranges  0x000001e0      0x140 .\CortexM0\ARM_GCC_541\Debug\CapSense_CSD_P4_Design01.a(CapSense_CSD_CSHL.o)
 .debug_ranges  0x00000320       0x10 .\CortexM0\ARM_GCC_541\Debug\CapSense_CSD_P4_Design01.a(CapSense_CSD_INT.o)
 .debug_ranges  0x00000330       0x50 .\CortexM0\ARM_GCC_541\Debug\CapSense_CSD_P4_Design01.a(CapSense_CSD_SMS.o)
 .debug_ranges  0x00000380      0x148 .\CortexM0\ARM_GCC_541\Debug\CapSense_CSD_P4_Design01.a(LED_CONTROL.o)
 .debug_ranges  0x000004c8       0x30 .\CortexM0\ARM_GCC_541\Debug\CapSense_CSD_P4_Design01.a(CapSense_CSD_SampleClk.o)
 .debug_ranges  0x000004f8       0x30 .\CortexM0\ARM_GCC_541\Debug\CapSense_CSD_P4_Design01.a(CapSense_CSD_SenseClk.o)
 .debug_ranges  0x00000528      0x170 .\CortexM0\ARM_GCC_541\Debug\CapSense_CSD_P4_Design01.a(CyLib.o)
 .debug_ranges  0x00000698       0x38 C:\Program Files (x86)\Cypress\PSoC Creator\4.4\PSoC Creator\psoc\content\CyComponentLibrary\CyComponentLibrary.cylib\CapSense_CSD_P4_v2_60\PSoC4\Library\CapsenseP4Library_GCC.a(CSD_P4_SmartSense_v2_60.o)

.comment        0x00000000       0xde
 .comment       0x00000000       0x6e .\CortexM0\ARM_GCC_541\Debug\main.o
                                 0x6f (size before relaxing)
 .comment       0x0000006e       0x6f .\CortexM0\ARM_GCC_541\Debug\cyfitter_cfg.o
 .comment       0x0000006e       0x6f .\CortexM0\ARM_GCC_541\Debug\cymetadata.o
 .comment       0x0000006e       0x6f .\CortexM0\ARM_GCC_541\Debug\Cm0Start.o
 .comment       0x0000006e       0x6f .\CortexM0\ARM_GCC_541\Debug\CapSense_CSD_P4_Design01.a(CapSense_CSD.o)
 .comment       0x0000006e       0x6f .\CortexM0\ARM_GCC_541\Debug\CapSense_CSD_P4_Design01.a(CapSense_CSD_CSHL.o)
 .comment       0x0000006e       0x6f .\CortexM0\ARM_GCC_541\Debug\CapSense_CSD_P4_Design01.a(CapSense_CSD_INT.o)
 .comment       0x0000006e       0x6f .\CortexM0\ARM_GCC_541\Debug\CapSense_CSD_P4_Design01.a(CapSense_CSD_SMS.o)
 .comment       0x0000006e       0x6f .\CortexM0\ARM_GCC_541\Debug\CapSense_CSD_P4_Design01.a(LED_CONTROL.o)
 .comment       0x0000006e       0x6f .\CortexM0\ARM_GCC_541\Debug\CapSense_CSD_P4_Design01.a(CapSense_CSD_SampleClk.o)
 .comment       0x0000006e       0x6f .\CortexM0\ARM_GCC_541\Debug\CapSense_CSD_P4_Design01.a(CapSense_CSD_SenseClk.o)
 .comment       0x0000006e       0x6f .\CortexM0\ARM_GCC_541\Debug\CapSense_CSD_P4_Design01.a(CyLib.o)
 .comment       0x0000006e       0x70 C:\Program Files (x86)\Cypress\PSoC Creator\4.4\PSoC Creator\psoc\content\CyComponentLibrary\CyComponentLibrary.cylib\CapSense_CSD_P4_v2_60\PSoC4\Library\CapsenseP4Library_GCC.a(CSD_P4_SmartSense_v2_60.o)
                                 0x71 (size before relaxing)

.debug_weaknames
 *(.debug_weaknames)

.debug_funcnames
 *(.debug_funcnames)

.debug_typenames
 *(.debug_typenames)

.debug_varnames
 *(.debug_varnames)

.note.gnu.arm.ident
 *(.note.gnu.arm.ident)

.ARM.attributes
                0x00000000       0x28
 *(.ARM.attributes)
 .ARM.attributes
                0x00000000       0x1e c:/program files (x86)/cypress/psoc creator/4.4/psoc creator/import/gnu/arm/5.4.1/bin/../lib/gcc/arm-none-eabi/5.4.1/armv6-m/crti.o
 .ARM.attributes
                0x0000001e       0x2c c:/program files (x86)/cypress/psoc creator/4.4/psoc creator/import/gnu/arm/5.4.1/bin/../lib/gcc/arm-none-eabi/5.4.1/armv6-m/crtbegin.o
 .ARM.attributes
                0x0000004a       0x1b c:/program files (x86)/cypress/psoc creator/4.4/psoc creator/import/gnu/arm/5.4.1/bin/../lib/gcc/arm-none-eabi/5.4.1/../../../../arm-none-eabi/lib/armv6-m/crt0.o
 .ARM.attributes
                0x00000065       0x31 .\CortexM0\ARM_GCC_541\Debug\main.o
 .ARM.attributes
                0x00000096       0x31 .\CortexM0\ARM_GCC_541\Debug\cyfitter_cfg.o
 .ARM.attributes
                0x000000c7       0x31 .\CortexM0\ARM_GCC_541\Debug\cymetadata.o
 .ARM.attributes
                0x000000f8       0x31 .\CortexM0\ARM_GCC_541\Debug\Cm0Start.o
 .ARM.attributes
                0x00000129       0x31 .\CortexM0\ARM_GCC_541\Debug\CapSense_CSD_P4_Design01.a(CapSense_CSD.o)
 .ARM.attributes
                0x0000015a       0x31 .\CortexM0\ARM_GCC_541\Debug\CapSense_CSD_P4_Design01.a(CapSense_CSD_CSHL.o)
 .ARM.attributes
                0x0000018b       0x31 .\CortexM0\ARM_GCC_541\Debug\CapSense_CSD_P4_Design01.a(CapSense_CSD_INT.o)
 .ARM.attributes
                0x000001bc       0x31 .\CortexM0\ARM_GCC_541\Debug\CapSense_CSD_P4_Design01.a(CapSense_CSD_SMS.o)
 .ARM.attributes
                0x000001ed       0x31 .\CortexM0\ARM_GCC_541\Debug\CapSense_CSD_P4_Design01.a(LED_CONTROL.o)
 .ARM.attributes
                0x0000021e       0x31 .\CortexM0\ARM_GCC_541\Debug\CapSense_CSD_P4_Design01.a(CapSense_CSD_SampleClk.o)
 .ARM.attributes
                0x0000024f       0x31 .\CortexM0\ARM_GCC_541\Debug\CapSense_CSD_P4_Design01.a(CapSense_CSD_SenseClk.o)
 .ARM.attributes
                0x00000280       0x31 .\CortexM0\ARM_GCC_541\Debug\CapSense_CSD_P4_Design01.a(CyLib.o)
 .ARM.attributes
                0x000002b1       0x21 .\CortexM0\ARM_GCC_541\Debug\CapSense_CSD_P4_Design01.a(CyBootAsmGnu.o)
 .ARM.attributes
                0x000002d2       0x31 C:\Program Files (x86)\Cypress\PSoC Creator\4.4\PSoC Creator\psoc\content\CyComponentLibrary\CyComponentLibrary.cylib\CapSense_CSD_P4_v2_60\PSoC4\Library\CapsenseP4Library_GCC.a(CSD_P4_SmartSense_v2_60.o)
 .ARM.attributes
                0x00000303       0x1e c:/program files (x86)/cypress/psoc creator/4.4/psoc creator/import/gnu/arm/5.4.1/bin/../lib/gcc/arm-none-eabi/5.4.1/armv6-m\libgcc.a(_udivsi3.o)
 .ARM.attributes
                0x00000321       0x1e c:/program files (x86)/cypress/psoc creator/4.4/psoc creator/import/gnu/arm/5.4.1/bin/../lib/gcc/arm-none-eabi/5.4.1/armv6-m\libgcc.a(_divsi3.o)
 .ARM.attributes
                0x0000033f       0x1e c:/program files (x86)/cypress/psoc creator/4.4/psoc creator/import/gnu/arm/5.4.1/bin/../lib/gcc/arm-none-eabi/5.4.1/armv6-m\libgcc.a(_dvmd_tls.o)
 .ARM.attributes
                0x0000035d       0x2c c:/program files (x86)/cypress/psoc creator/4.4/psoc creator/import/gnu/arm/5.4.1/bin/../lib/gcc/arm-none-eabi/5.4.1/../../../../arm-none-eabi/lib/armv6-m\libg_nano.a(lib_a-errno.o)
 .ARM.attributes
                0x00000389       0x2c c:/program files (x86)/cypress/psoc creator/4.4/psoc creator/import/gnu/arm/5.4.1/bin/../lib/gcc/arm-none-eabi/5.4.1/../../../../arm-none-eabi/lib/armv6-m\libg_nano.a(lib_a-exit.o)
 .ARM.attributes
                0x000003b5       0x2c c:/program files (x86)/cypress/psoc creator/4.4/psoc creator/import/gnu/arm/5.4.1/bin/../lib/gcc/arm-none-eabi/5.4.1/../../../../arm-none-eabi/lib/armv6-m\libg_nano.a(lib_a-impure.o)
 .ARM.attributes
                0x000003e1       0x2c c:/program files (x86)/cypress/psoc creator/4.4/psoc creator/import/gnu/arm/5.4.1/bin/../lib/gcc/arm-none-eabi/5.4.1/../../../../arm-none-eabi/lib/armv6-m\libg_nano.a(lib_a-init.o)
 .ARM.attributes
                0x0000040d       0x2c c:/program files (x86)/cypress/psoc creator/4.4/psoc creator/import/gnu/arm/5.4.1/bin/../lib/gcc/arm-none-eabi/5.4.1/../../../../arm-none-eabi/lib/armv6-m\libg_nano.a(lib_a-memcpy-stub.o)
 .ARM.attributes
                0x00000439       0x2c c:/program files (x86)/cypress/psoc creator/4.4/psoc creator/import/gnu/arm/5.4.1/bin/../lib/gcc/arm-none-eabi/5.4.1/../../../../arm-none-eabi/lib/armv6-m\libg_nano.a(lib_a-memset.o)
 .ARM.attributes
                0x00000465       0x2c c:/program files (x86)/cypress/psoc creator/4.4/psoc creator/import/gnu/arm/5.4.1/bin/../lib/gcc/arm-none-eabi/5.4.1/armv6-m/crtend.o
 .ARM.attributes
                0x00000491       0x1e c:/program files (x86)/cypress/psoc creator/4.4/psoc creator/import/gnu/arm/5.4.1/bin/../lib/gcc/arm-none-eabi/5.4.1/armv6-m/crtn.o

/DISCARD/
 *(.note.GNU-stack)
OUTPUT(C:\Users\Maks\Documents\PSoC Creator\CSN_UzhNU\CapSense_CSD_P4_Design01.cydsn\CortexM0\ARM_GCC_541\Debug\CapSense_CSD_P4_Design01.elf elf32-littlearm)
