ARM GAS  C:\Users\taips\AppData\Local\Temp\cc20Y4oX.s 			page 1


   1              		.syntax unified
   2              		.cpu cortex-m0
   3              		.fpu softvfp
   4              		.eabi_attribute 20, 1
   5              		.eabi_attribute 21, 1
   6              		.eabi_attribute 23, 3
   7              		.eabi_attribute 24, 1
   8              		.eabi_attribute 25, 1
   9              		.eabi_attribute 26, 1
  10              		.eabi_attribute 30, 6
  11              		.eabi_attribute 34, 0
  12              		.eabi_attribute 18, 4
  13              		.thumb
  14              		.syntax unified
  15              		.file	"LED_2_PM.c"
  16              		.text
  17              	.Ltext0:
  18              		.cfi_sections	.debug_frame
  19              		.bss
  20              		.align	2
  21              	LED_2_backup:
  22 0000 00000000 		.space	12
  22      00000000 
  22      00000000 
  23              		.section	.text.LED_2_Sleep,"ax",%progbits
  24              		.align	2
  25              		.global	LED_2_Sleep
  26              		.code	16
  27              		.thumb_func
  28              		.type	LED_2_Sleep, %function
  29              	LED_2_Sleep:
  30              	.LFB0:
  31              		.file 1 "C:\\Program Files (x86)\\Cypress\\PSoC Creator\\4.4\\PSoC Creator\\1\\CapSense_CSD_P4_Des
   1:C:\Program Files (x86)\Cypress\PSoC Creator\4.4\PSoC Creator\1\CapSense_CSD_P4_Design01.cydsn\Generated_Source\PSoC4\LED_2_PM.c **** /*******************************************************************************
   2:C:\Program Files (x86)\Cypress\PSoC Creator\4.4\PSoC Creator\1\CapSense_CSD_P4_Design01.cydsn\Generated_Source\PSoC4\LED_2_PM.c **** * File Name: LED_2.c  
   3:C:\Program Files (x86)\Cypress\PSoC Creator\4.4\PSoC Creator\1\CapSense_CSD_P4_Design01.cydsn\Generated_Source\PSoC4\LED_2_PM.c **** * Version 2.20
   4:C:\Program Files (x86)\Cypress\PSoC Creator\4.4\PSoC Creator\1\CapSense_CSD_P4_Design01.cydsn\Generated_Source\PSoC4\LED_2_PM.c **** *
   5:C:\Program Files (x86)\Cypress\PSoC Creator\4.4\PSoC Creator\1\CapSense_CSD_P4_Design01.cydsn\Generated_Source\PSoC4\LED_2_PM.c **** * Description:
   6:C:\Program Files (x86)\Cypress\PSoC Creator\4.4\PSoC Creator\1\CapSense_CSD_P4_Design01.cydsn\Generated_Source\PSoC4\LED_2_PM.c **** *  This file contains APIs to set up the Pins component for low power modes.
   7:C:\Program Files (x86)\Cypress\PSoC Creator\4.4\PSoC Creator\1\CapSense_CSD_P4_Design01.cydsn\Generated_Source\PSoC4\LED_2_PM.c **** *
   8:C:\Program Files (x86)\Cypress\PSoC Creator\4.4\PSoC Creator\1\CapSense_CSD_P4_Design01.cydsn\Generated_Source\PSoC4\LED_2_PM.c **** * Note:
   9:C:\Program Files (x86)\Cypress\PSoC Creator\4.4\PSoC Creator\1\CapSense_CSD_P4_Design01.cydsn\Generated_Source\PSoC4\LED_2_PM.c **** *
  10:C:\Program Files (x86)\Cypress\PSoC Creator\4.4\PSoC Creator\1\CapSense_CSD_P4_Design01.cydsn\Generated_Source\PSoC4\LED_2_PM.c **** ********************************************************************************
  11:C:\Program Files (x86)\Cypress\PSoC Creator\4.4\PSoC Creator\1\CapSense_CSD_P4_Design01.cydsn\Generated_Source\PSoC4\LED_2_PM.c **** * Copyright 2015, Cypress Semiconductor Corporation.  All rights reserved.
  12:C:\Program Files (x86)\Cypress\PSoC Creator\4.4\PSoC Creator\1\CapSense_CSD_P4_Design01.cydsn\Generated_Source\PSoC4\LED_2_PM.c **** * You may use this file only in accordance with the license, terms, conditions, 
  13:C:\Program Files (x86)\Cypress\PSoC Creator\4.4\PSoC Creator\1\CapSense_CSD_P4_Design01.cydsn\Generated_Source\PSoC4\LED_2_PM.c **** * disclaimers, and limitations in the end user license agreement accompanying 
  14:C:\Program Files (x86)\Cypress\PSoC Creator\4.4\PSoC Creator\1\CapSense_CSD_P4_Design01.cydsn\Generated_Source\PSoC4\LED_2_PM.c **** * the software package with which this file was provided.
  15:C:\Program Files (x86)\Cypress\PSoC Creator\4.4\PSoC Creator\1\CapSense_CSD_P4_Design01.cydsn\Generated_Source\PSoC4\LED_2_PM.c **** *******************************************************************************/
  16:C:\Program Files (x86)\Cypress\PSoC Creator\4.4\PSoC Creator\1\CapSense_CSD_P4_Design01.cydsn\Generated_Source\PSoC4\LED_2_PM.c **** 
  17:C:\Program Files (x86)\Cypress\PSoC Creator\4.4\PSoC Creator\1\CapSense_CSD_P4_Design01.cydsn\Generated_Source\PSoC4\LED_2_PM.c **** #include "cytypes.h"
  18:C:\Program Files (x86)\Cypress\PSoC Creator\4.4\PSoC Creator\1\CapSense_CSD_P4_Design01.cydsn\Generated_Source\PSoC4\LED_2_PM.c **** #include "LED_2.h"
  19:C:\Program Files (x86)\Cypress\PSoC Creator\4.4\PSoC Creator\1\CapSense_CSD_P4_Design01.cydsn\Generated_Source\PSoC4\LED_2_PM.c **** 
  20:C:\Program Files (x86)\Cypress\PSoC Creator\4.4\PSoC Creator\1\CapSense_CSD_P4_Design01.cydsn\Generated_Source\PSoC4\LED_2_PM.c **** static LED_2_BACKUP_STRUCT  LED_2_backup = {0u, 0u, 0u};
  21:C:\Program Files (x86)\Cypress\PSoC Creator\4.4\PSoC Creator\1\CapSense_CSD_P4_Design01.cydsn\Generated_Source\PSoC4\LED_2_PM.c **** 
  22:C:\Program Files (x86)\Cypress\PSoC Creator\4.4\PSoC Creator\1\CapSense_CSD_P4_Design01.cydsn\Generated_Source\PSoC4\LED_2_PM.c **** 
  23:C:\Program Files (x86)\Cypress\PSoC Creator\4.4\PSoC Creator\1\CapSense_CSD_P4_Design01.cydsn\Generated_Source\PSoC4\LED_2_PM.c **** /*******************************************************************************
  24:C:\Program Files (x86)\Cypress\PSoC Creator\4.4\PSoC Creator\1\CapSense_CSD_P4_Design01.cydsn\Generated_Source\PSoC4\LED_2_PM.c **** * Function Name: LED_2_Sleep
ARM GAS  C:\Users\taips\AppData\Local\Temp\cc20Y4oX.s 			page 2


  25:C:\Program Files (x86)\Cypress\PSoC Creator\4.4\PSoC Creator\1\CapSense_CSD_P4_Design01.cydsn\Generated_Source\PSoC4\LED_2_PM.c **** ****************************************************************************//**
  26:C:\Program Files (x86)\Cypress\PSoC Creator\4.4\PSoC Creator\1\CapSense_CSD_P4_Design01.cydsn\Generated_Source\PSoC4\LED_2_PM.c **** *
  27:C:\Program Files (x86)\Cypress\PSoC Creator\4.4\PSoC Creator\1\CapSense_CSD_P4_Design01.cydsn\Generated_Source\PSoC4\LED_2_PM.c **** * \brief Stores the pin configuration and prepares the pin for entering chip 
  28:C:\Program Files (x86)\Cypress\PSoC Creator\4.4\PSoC Creator\1\CapSense_CSD_P4_Design01.cydsn\Generated_Source\PSoC4\LED_2_PM.c **** *  deep-sleep/hibernate modes. This function applies only to SIO and USBIO pins.
  29:C:\Program Files (x86)\Cypress\PSoC Creator\4.4\PSoC Creator\1\CapSense_CSD_P4_Design01.cydsn\Generated_Source\PSoC4\LED_2_PM.c **** *  It should not be called for GPIO or GPIO_OVT pins.
  30:C:\Program Files (x86)\Cypress\PSoC Creator\4.4\PSoC Creator\1\CapSense_CSD_P4_Design01.cydsn\Generated_Source\PSoC4\LED_2_PM.c **** *
  31:C:\Program Files (x86)\Cypress\PSoC Creator\4.4\PSoC Creator\1\CapSense_CSD_P4_Design01.cydsn\Generated_Source\PSoC4\LED_2_PM.c **** * <b>Note</b> This function is available in PSoC 4 only.
  32:C:\Program Files (x86)\Cypress\PSoC Creator\4.4\PSoC Creator\1\CapSense_CSD_P4_Design01.cydsn\Generated_Source\PSoC4\LED_2_PM.c **** *
  33:C:\Program Files (x86)\Cypress\PSoC Creator\4.4\PSoC Creator\1\CapSense_CSD_P4_Design01.cydsn\Generated_Source\PSoC4\LED_2_PM.c **** * \return 
  34:C:\Program Files (x86)\Cypress\PSoC Creator\4.4\PSoC Creator\1\CapSense_CSD_P4_Design01.cydsn\Generated_Source\PSoC4\LED_2_PM.c **** *  None 
  35:C:\Program Files (x86)\Cypress\PSoC Creator\4.4\PSoC Creator\1\CapSense_CSD_P4_Design01.cydsn\Generated_Source\PSoC4\LED_2_PM.c **** *  
  36:C:\Program Files (x86)\Cypress\PSoC Creator\4.4\PSoC Creator\1\CapSense_CSD_P4_Design01.cydsn\Generated_Source\PSoC4\LED_2_PM.c **** * \sideeffect
  37:C:\Program Files (x86)\Cypress\PSoC Creator\4.4\PSoC Creator\1\CapSense_CSD_P4_Design01.cydsn\Generated_Source\PSoC4\LED_2_PM.c **** *  For SIO pins, this function configures the pin input threshold to CMOS and
  38:C:\Program Files (x86)\Cypress\PSoC Creator\4.4\PSoC Creator\1\CapSense_CSD_P4_Design01.cydsn\Generated_Source\PSoC4\LED_2_PM.c **** *  drive level to Vddio. This is needed for SIO pins when in device 
  39:C:\Program Files (x86)\Cypress\PSoC Creator\4.4\PSoC Creator\1\CapSense_CSD_P4_Design01.cydsn\Generated_Source\PSoC4\LED_2_PM.c **** *  deep-sleep/hibernate modes.
  40:C:\Program Files (x86)\Cypress\PSoC Creator\4.4\PSoC Creator\1\CapSense_CSD_P4_Design01.cydsn\Generated_Source\PSoC4\LED_2_PM.c **** *
  41:C:\Program Files (x86)\Cypress\PSoC Creator\4.4\PSoC Creator\1\CapSense_CSD_P4_Design01.cydsn\Generated_Source\PSoC4\LED_2_PM.c **** * \funcusage
  42:C:\Program Files (x86)\Cypress\PSoC Creator\4.4\PSoC Creator\1\CapSense_CSD_P4_Design01.cydsn\Generated_Source\PSoC4\LED_2_PM.c **** *  \snippet LED_2_SUT.c usage_LED_2_Sleep_Wakeup
  43:C:\Program Files (x86)\Cypress\PSoC Creator\4.4\PSoC Creator\1\CapSense_CSD_P4_Design01.cydsn\Generated_Source\PSoC4\LED_2_PM.c **** *******************************************************************************/
  44:C:\Program Files (x86)\Cypress\PSoC Creator\4.4\PSoC Creator\1\CapSense_CSD_P4_Design01.cydsn\Generated_Source\PSoC4\LED_2_PM.c **** void LED_2_Sleep(void)
  45:C:\Program Files (x86)\Cypress\PSoC Creator\4.4\PSoC Creator\1\CapSense_CSD_P4_Design01.cydsn\Generated_Source\PSoC4\LED_2_PM.c **** {
  32              		.loc 1 45 0
  33              		.cfi_startproc
  34              		@ args = 0, pretend = 0, frame = 0
  35              		@ frame_needed = 1, uses_anonymous_args = 0
  36 0000 80B5     		push	{r7, lr}
  37              		.cfi_def_cfa_offset 8
  38              		.cfi_offset 7, -8
  39              		.cfi_offset 14, -4
  40 0002 00AF     		add	r7, sp, #0
  41              		.cfi_def_cfa_register 7
  46:C:\Program Files (x86)\Cypress\PSoC Creator\4.4\PSoC Creator\1\CapSense_CSD_P4_Design01.cydsn\Generated_Source\PSoC4\LED_2_PM.c ****     #if defined(LED_2__PC)
  47:C:\Program Files (x86)\Cypress\PSoC Creator\4.4\PSoC Creator\1\CapSense_CSD_P4_Design01.cydsn\Generated_Source\PSoC4\LED_2_PM.c ****         LED_2_backup.pcState = LED_2_PC;
  42              		.loc 1 47 0
  43 0004 034B     		ldr	r3, .L2
  44 0006 1A68     		ldr	r2, [r3]
  45 0008 034B     		ldr	r3, .L2+4
  46 000a 1A60     		str	r2, [r3]
  48:C:\Program Files (x86)\Cypress\PSoC Creator\4.4\PSoC Creator\1\CapSense_CSD_P4_Design01.cydsn\Generated_Source\PSoC4\LED_2_PM.c ****     #else
  49:C:\Program Files (x86)\Cypress\PSoC Creator\4.4\PSoC Creator\1\CapSense_CSD_P4_Design01.cydsn\Generated_Source\PSoC4\LED_2_PM.c ****         #if (CY_PSOC4_4200L)
  50:C:\Program Files (x86)\Cypress\PSoC Creator\4.4\PSoC Creator\1\CapSense_CSD_P4_Design01.cydsn\Generated_Source\PSoC4\LED_2_PM.c ****             /* Save the regulator state and put the PHY into suspend mode */
  51:C:\Program Files (x86)\Cypress\PSoC Creator\4.4\PSoC Creator\1\CapSense_CSD_P4_Design01.cydsn\Generated_Source\PSoC4\LED_2_PM.c ****             LED_2_backup.usbState = LED_2_CR1_REG;
  52:C:\Program Files (x86)\Cypress\PSoC Creator\4.4\PSoC Creator\1\CapSense_CSD_P4_Design01.cydsn\Generated_Source\PSoC4\LED_2_PM.c ****             LED_2_USB_POWER_REG |= LED_2_USBIO_ENTER_SLEEP;
  53:C:\Program Files (x86)\Cypress\PSoC Creator\4.4\PSoC Creator\1\CapSense_CSD_P4_Design01.cydsn\Generated_Source\PSoC4\LED_2_PM.c ****             LED_2_CR1_REG &= LED_2_USBIO_CR1_OFF;
  54:C:\Program Files (x86)\Cypress\PSoC Creator\4.4\PSoC Creator\1\CapSense_CSD_P4_Design01.cydsn\Generated_Source\PSoC4\LED_2_PM.c ****         #endif
  55:C:\Program Files (x86)\Cypress\PSoC Creator\4.4\PSoC Creator\1\CapSense_CSD_P4_Design01.cydsn\Generated_Source\PSoC4\LED_2_PM.c ****     #endif
  56:C:\Program Files (x86)\Cypress\PSoC Creator\4.4\PSoC Creator\1\CapSense_CSD_P4_Design01.cydsn\Generated_Source\PSoC4\LED_2_PM.c ****     #if defined(CYIPBLOCK_m0s8ioss_VERSION) && defined(LED_2__SIO)
  57:C:\Program Files (x86)\Cypress\PSoC Creator\4.4\PSoC Creator\1\CapSense_CSD_P4_Design01.cydsn\Generated_Source\PSoC4\LED_2_PM.c ****         LED_2_backup.sioState = LED_2_SIO_REG;
  58:C:\Program Files (x86)\Cypress\PSoC Creator\4.4\PSoC Creator\1\CapSense_CSD_P4_Design01.cydsn\Generated_Source\PSoC4\LED_2_PM.c ****         /* SIO requires unregulated output buffer and single ended input buffer */
  59:C:\Program Files (x86)\Cypress\PSoC Creator\4.4\PSoC Creator\1\CapSense_CSD_P4_Design01.cydsn\Generated_Source\PSoC4\LED_2_PM.c ****         LED_2_SIO_REG &= (uint32)(~LED_2_SIO_LPM_MASK);
  60:C:\Program Files (x86)\Cypress\PSoC Creator\4.4\PSoC Creator\1\CapSense_CSD_P4_Design01.cydsn\Generated_Source\PSoC4\LED_2_PM.c ****     #endif  
  61:C:\Program Files (x86)\Cypress\PSoC Creator\4.4\PSoC Creator\1\CapSense_CSD_P4_Design01.cydsn\Generated_Source\PSoC4\LED_2_PM.c **** }
  47              		.loc 1 61 0
  48 000c C046     		nop
  49 000e BD46     		mov	sp, r7
  50              		@ sp needed
  51 0010 80BD     		pop	{r7, pc}
ARM GAS  C:\Users\taips\AppData\Local\Temp\cc20Y4oX.s 			page 3


  52              	.L3:
  53 0012 C046     		.align	2
  54              	.L2:
  55 0014 08000440 		.word	1074003976
  56 0018 00000000 		.word	LED_2_backup
  57              		.cfi_endproc
  58              	.LFE0:
  59              		.size	LED_2_Sleep, .-LED_2_Sleep
  60              		.section	.text.LED_2_Wakeup,"ax",%progbits
  61              		.align	2
  62              		.global	LED_2_Wakeup
  63              		.code	16
  64              		.thumb_func
  65              		.type	LED_2_Wakeup, %function
  66              	LED_2_Wakeup:
  67              	.LFB1:
  62:C:\Program Files (x86)\Cypress\PSoC Creator\4.4\PSoC Creator\1\CapSense_CSD_P4_Design01.cydsn\Generated_Source\PSoC4\LED_2_PM.c **** 
  63:C:\Program Files (x86)\Cypress\PSoC Creator\4.4\PSoC Creator\1\CapSense_CSD_P4_Design01.cydsn\Generated_Source\PSoC4\LED_2_PM.c **** 
  64:C:\Program Files (x86)\Cypress\PSoC Creator\4.4\PSoC Creator\1\CapSense_CSD_P4_Design01.cydsn\Generated_Source\PSoC4\LED_2_PM.c **** /*******************************************************************************
  65:C:\Program Files (x86)\Cypress\PSoC Creator\4.4\PSoC Creator\1\CapSense_CSD_P4_Design01.cydsn\Generated_Source\PSoC4\LED_2_PM.c **** * Function Name: LED_2_Wakeup
  66:C:\Program Files (x86)\Cypress\PSoC Creator\4.4\PSoC Creator\1\CapSense_CSD_P4_Design01.cydsn\Generated_Source\PSoC4\LED_2_PM.c **** ****************************************************************************//**
  67:C:\Program Files (x86)\Cypress\PSoC Creator\4.4\PSoC Creator\1\CapSense_CSD_P4_Design01.cydsn\Generated_Source\PSoC4\LED_2_PM.c **** *
  68:C:\Program Files (x86)\Cypress\PSoC Creator\4.4\PSoC Creator\1\CapSense_CSD_P4_Design01.cydsn\Generated_Source\PSoC4\LED_2_PM.c **** * \brief Restores the pin configuration that was saved during Pin_Sleep(). This 
  69:C:\Program Files (x86)\Cypress\PSoC Creator\4.4\PSoC Creator\1\CapSense_CSD_P4_Design01.cydsn\Generated_Source\PSoC4\LED_2_PM.c **** * function applies only to SIO and USBIO pins. It should not be called for
  70:C:\Program Files (x86)\Cypress\PSoC Creator\4.4\PSoC Creator\1\CapSense_CSD_P4_Design01.cydsn\Generated_Source\PSoC4\LED_2_PM.c **** * GPIO or GPIO_OVT pins.
  71:C:\Program Files (x86)\Cypress\PSoC Creator\4.4\PSoC Creator\1\CapSense_CSD_P4_Design01.cydsn\Generated_Source\PSoC4\LED_2_PM.c **** *
  72:C:\Program Files (x86)\Cypress\PSoC Creator\4.4\PSoC Creator\1\CapSense_CSD_P4_Design01.cydsn\Generated_Source\PSoC4\LED_2_PM.c **** * For USBIO pins, the wakeup is only triggered for falling edge interrupts.
  73:C:\Program Files (x86)\Cypress\PSoC Creator\4.4\PSoC Creator\1\CapSense_CSD_P4_Design01.cydsn\Generated_Source\PSoC4\LED_2_PM.c **** *
  74:C:\Program Files (x86)\Cypress\PSoC Creator\4.4\PSoC Creator\1\CapSense_CSD_P4_Design01.cydsn\Generated_Source\PSoC4\LED_2_PM.c **** * <b>Note</b> This function is available in PSoC 4 only.
  75:C:\Program Files (x86)\Cypress\PSoC Creator\4.4\PSoC Creator\1\CapSense_CSD_P4_Design01.cydsn\Generated_Source\PSoC4\LED_2_PM.c **** *
  76:C:\Program Files (x86)\Cypress\PSoC Creator\4.4\PSoC Creator\1\CapSense_CSD_P4_Design01.cydsn\Generated_Source\PSoC4\LED_2_PM.c **** * \return 
  77:C:\Program Files (x86)\Cypress\PSoC Creator\4.4\PSoC Creator\1\CapSense_CSD_P4_Design01.cydsn\Generated_Source\PSoC4\LED_2_PM.c **** *  None
  78:C:\Program Files (x86)\Cypress\PSoC Creator\4.4\PSoC Creator\1\CapSense_CSD_P4_Design01.cydsn\Generated_Source\PSoC4\LED_2_PM.c **** *  
  79:C:\Program Files (x86)\Cypress\PSoC Creator\4.4\PSoC Creator\1\CapSense_CSD_P4_Design01.cydsn\Generated_Source\PSoC4\LED_2_PM.c **** * \funcusage
  80:C:\Program Files (x86)\Cypress\PSoC Creator\4.4\PSoC Creator\1\CapSense_CSD_P4_Design01.cydsn\Generated_Source\PSoC4\LED_2_PM.c **** *  Refer to LED_2_Sleep() for an example usage.
  81:C:\Program Files (x86)\Cypress\PSoC Creator\4.4\PSoC Creator\1\CapSense_CSD_P4_Design01.cydsn\Generated_Source\PSoC4\LED_2_PM.c **** *******************************************************************************/
  82:C:\Program Files (x86)\Cypress\PSoC Creator\4.4\PSoC Creator\1\CapSense_CSD_P4_Design01.cydsn\Generated_Source\PSoC4\LED_2_PM.c **** void LED_2_Wakeup(void)
  83:C:\Program Files (x86)\Cypress\PSoC Creator\4.4\PSoC Creator\1\CapSense_CSD_P4_Design01.cydsn\Generated_Source\PSoC4\LED_2_PM.c **** {
  68              		.loc 1 83 0
  69              		.cfi_startproc
  70              		@ args = 0, pretend = 0, frame = 0
  71              		@ frame_needed = 1, uses_anonymous_args = 0
  72 0000 80B5     		push	{r7, lr}
  73              		.cfi_def_cfa_offset 8
  74              		.cfi_offset 7, -8
  75              		.cfi_offset 14, -4
  76 0002 00AF     		add	r7, sp, #0
  77              		.cfi_def_cfa_register 7
  84:C:\Program Files (x86)\Cypress\PSoC Creator\4.4\PSoC Creator\1\CapSense_CSD_P4_Design01.cydsn\Generated_Source\PSoC4\LED_2_PM.c ****     #if defined(LED_2__PC)
  85:C:\Program Files (x86)\Cypress\PSoC Creator\4.4\PSoC Creator\1\CapSense_CSD_P4_Design01.cydsn\Generated_Source\PSoC4\LED_2_PM.c ****         LED_2_PC = LED_2_backup.pcState;
  78              		.loc 1 85 0
  79 0004 034A     		ldr	r2, .L5
  80 0006 044B     		ldr	r3, .L5+4
  81 0008 1B68     		ldr	r3, [r3]
  82 000a 1360     		str	r3, [r2]
  86:C:\Program Files (x86)\Cypress\PSoC Creator\4.4\PSoC Creator\1\CapSense_CSD_P4_Design01.cydsn\Generated_Source\PSoC4\LED_2_PM.c ****     #else
  87:C:\Program Files (x86)\Cypress\PSoC Creator\4.4\PSoC Creator\1\CapSense_CSD_P4_Design01.cydsn\Generated_Source\PSoC4\LED_2_PM.c ****         #if (CY_PSOC4_4200L)
ARM GAS  C:\Users\taips\AppData\Local\Temp\cc20Y4oX.s 			page 4


  88:C:\Program Files (x86)\Cypress\PSoC Creator\4.4\PSoC Creator\1\CapSense_CSD_P4_Design01.cydsn\Generated_Source\PSoC4\LED_2_PM.c ****             /* Restore the regulator state and come out of suspend mode */
  89:C:\Program Files (x86)\Cypress\PSoC Creator\4.4\PSoC Creator\1\CapSense_CSD_P4_Design01.cydsn\Generated_Source\PSoC4\LED_2_PM.c ****             LED_2_USB_POWER_REG &= LED_2_USBIO_EXIT_SLEEP_PH1;
  90:C:\Program Files (x86)\Cypress\PSoC Creator\4.4\PSoC Creator\1\CapSense_CSD_P4_Design01.cydsn\Generated_Source\PSoC4\LED_2_PM.c ****             LED_2_CR1_REG = LED_2_backup.usbState;
  91:C:\Program Files (x86)\Cypress\PSoC Creator\4.4\PSoC Creator\1\CapSense_CSD_P4_Design01.cydsn\Generated_Source\PSoC4\LED_2_PM.c ****             LED_2_USB_POWER_REG &= LED_2_USBIO_EXIT_SLEEP_PH2;
  92:C:\Program Files (x86)\Cypress\PSoC Creator\4.4\PSoC Creator\1\CapSense_CSD_P4_Design01.cydsn\Generated_Source\PSoC4\LED_2_PM.c ****         #endif
  93:C:\Program Files (x86)\Cypress\PSoC Creator\4.4\PSoC Creator\1\CapSense_CSD_P4_Design01.cydsn\Generated_Source\PSoC4\LED_2_PM.c ****     #endif
  94:C:\Program Files (x86)\Cypress\PSoC Creator\4.4\PSoC Creator\1\CapSense_CSD_P4_Design01.cydsn\Generated_Source\PSoC4\LED_2_PM.c ****     #if defined(CYIPBLOCK_m0s8ioss_VERSION) && defined(LED_2__SIO)
  95:C:\Program Files (x86)\Cypress\PSoC Creator\4.4\PSoC Creator\1\CapSense_CSD_P4_Design01.cydsn\Generated_Source\PSoC4\LED_2_PM.c ****         LED_2_SIO_REG = LED_2_backup.sioState;
  96:C:\Program Files (x86)\Cypress\PSoC Creator\4.4\PSoC Creator\1\CapSense_CSD_P4_Design01.cydsn\Generated_Source\PSoC4\LED_2_PM.c ****     #endif
  97:C:\Program Files (x86)\Cypress\PSoC Creator\4.4\PSoC Creator\1\CapSense_CSD_P4_Design01.cydsn\Generated_Source\PSoC4\LED_2_PM.c **** }
  83              		.loc 1 97 0
  84 000c C046     		nop
  85 000e BD46     		mov	sp, r7
  86              		@ sp needed
  87 0010 80BD     		pop	{r7, pc}
  88              	.L6:
  89 0012 C046     		.align	2
  90              	.L5:
  91 0014 08000440 		.word	1074003976
  92 0018 00000000 		.word	LED_2_backup
  93              		.cfi_endproc
  94              	.LFE1:
  95              		.size	LED_2_Wakeup, .-LED_2_Wakeup
  96              		.text
  97              	.Letext0:
  98              		.file 2 "C:\\Program Files (x86)\\Cypress\\PSoC Creator\\4.4\\PSoC Creator\\1\\CapSense_CSD_P4_Des
  99              		.file 3 "C:\\Program Files (x86)\\Cypress\\PSoC Creator\\4.4\\PSoC Creator\\1\\CapSense_CSD_P4_Des
 100              		.section	.debug_info,"",%progbits
 101              	.Ldebug_info0:
 102 0000 01010000 		.4byte	0x101
 103 0004 0400     		.2byte	0x4
 104 0006 00000000 		.4byte	.Ldebug_abbrev0
 105 000a 04       		.byte	0x4
 106 000b 01       		.uleb128 0x1
 107 000c 55000000 		.4byte	.LASF20
 108 0010 0C       		.byte	0xc
 109 0011 F7000000 		.4byte	.LASF21
 110 0015 00000000 		.4byte	.Ldebug_ranges0+0
 111 0019 00000000 		.4byte	0
 112 001d 00000000 		.4byte	.Ldebug_line0
 113 0021 02       		.uleb128 0x2
 114 0022 01       		.byte	0x1
 115 0023 06       		.byte	0x6
 116 0024 F9010000 		.4byte	.LASF0
 117 0028 02       		.uleb128 0x2
 118 0029 01       		.byte	0x1
 119 002a 08       		.byte	0x8
 120 002b 22000000 		.4byte	.LASF1
 121 002f 02       		.uleb128 0x2
 122 0030 02       		.byte	0x2
 123 0031 05       		.byte	0x5
 124 0032 CA010000 		.4byte	.LASF2
 125 0036 02       		.uleb128 0x2
 126 0037 02       		.byte	0x2
 127 0038 07       		.byte	0x7
 128 0039 42000000 		.4byte	.LASF3
 129 003d 02       		.uleb128 0x2
ARM GAS  C:\Users\taips\AppData\Local\Temp\cc20Y4oX.s 			page 5


 130 003e 04       		.byte	0x4
 131 003f 05       		.byte	0x5
 132 0040 DC010000 		.4byte	.LASF4
 133 0044 02       		.uleb128 0x2
 134 0045 04       		.byte	0x4
 135 0046 07       		.byte	0x7
 136 0047 30000000 		.4byte	.LASF5
 137 004b 02       		.uleb128 0x2
 138 004c 08       		.byte	0x8
 139 004d 05       		.byte	0x5
 140 004e B7010000 		.4byte	.LASF6
 141 0052 02       		.uleb128 0x2
 142 0053 08       		.byte	0x8
 143 0054 07       		.byte	0x7
 144 0055 97010000 		.4byte	.LASF7
 145 0059 03       		.uleb128 0x3
 146 005a 04       		.byte	0x4
 147 005b 05       		.byte	0x5
 148 005c 696E7400 		.ascii	"int\000"
 149 0060 02       		.uleb128 0x2
 150 0061 04       		.byte	0x4
 151 0062 07       		.byte	0x7
 152 0063 8A010000 		.4byte	.LASF8
 153 0067 04       		.uleb128 0x4
 154 0068 77010000 		.4byte	.LASF12
 155 006c 02       		.byte	0x2
 156 006d D401     		.2byte	0x1d4
 157 006f 44000000 		.4byte	0x44
 158 0073 02       		.uleb128 0x2
 159 0074 04       		.byte	0x4
 160 0075 04       		.byte	0x4
 161 0076 1C000000 		.4byte	.LASF9
 162 007a 02       		.uleb128 0x2
 163 007b 08       		.byte	0x8
 164 007c 04       		.byte	0x4
 165 007d F0000000 		.4byte	.LASF10
 166 0081 02       		.uleb128 0x2
 167 0082 01       		.byte	0x1
 168 0083 08       		.byte	0x8
 169 0084 C5010000 		.4byte	.LASF11
 170 0088 04       		.uleb128 0x4
 171 0089 00000000 		.4byte	.LASF13
 172 008d 02       		.byte	0x2
 173 008e 7E02     		.2byte	0x27e
 174 0090 94000000 		.4byte	0x94
 175 0094 05       		.uleb128 0x5
 176 0095 67000000 		.4byte	0x67
 177 0099 06       		.uleb128 0x6
 178 009a 0C       		.byte	0xc
 179 009b 03       		.byte	0x3
 180 009c 21       		.byte	0x21
 181 009d C6000000 		.4byte	0xc6
 182 00a1 07       		.uleb128 0x7
 183 00a2 D4010000 		.4byte	.LASF14
 184 00a6 03       		.byte	0x3
 185 00a7 23       		.byte	0x23
 186 00a8 67000000 		.4byte	0x67
ARM GAS  C:\Users\taips\AppData\Local\Temp\cc20Y4oX.s 			page 6


 187 00ac 00       		.byte	0
 188 00ad 07       		.uleb128 0x7
 189 00ae AE010000 		.4byte	.LASF15
 190 00b2 03       		.byte	0x3
 191 00b3 24       		.byte	0x24
 192 00b4 67000000 		.4byte	0x67
 193 00b8 04       		.byte	0x4
 194 00b9 07       		.uleb128 0x7
 195 00ba 06000000 		.4byte	.LASF16
 196 00be 03       		.byte	0x3
 197 00bf 25       		.byte	0x25
 198 00c0 67000000 		.4byte	0x67
 199 00c4 08       		.byte	0x8
 200 00c5 00       		.byte	0
 201 00c6 08       		.uleb128 0x8
 202 00c7 E5010000 		.4byte	.LASF17
 203 00cb 03       		.byte	0x3
 204 00cc 26       		.byte	0x26
 205 00cd 99000000 		.4byte	0x99
 206 00d1 09       		.uleb128 0x9
 207 00d2 7E010000 		.4byte	.LASF18
 208 00d6 01       		.byte	0x1
 209 00d7 2C       		.byte	0x2c
 210 00d8 00000000 		.4byte	.LFB0
 211 00dc 1C000000 		.4byte	.LFE0-.LFB0
 212 00e0 01       		.uleb128 0x1
 213 00e1 9C       		.byte	0x9c
 214 00e2 09       		.uleb128 0x9
 215 00e3 E3000000 		.4byte	.LASF19
 216 00e7 01       		.byte	0x1
 217 00e8 52       		.byte	0x52
 218 00e9 00000000 		.4byte	.LFB1
 219 00ed 1C000000 		.4byte	.LFE1-.LFB1
 220 00f1 01       		.uleb128 0x1
 221 00f2 9C       		.byte	0x9c
 222 00f3 0A       		.uleb128 0xa
 223 00f4 0F000000 		.4byte	.LASF22
 224 00f8 01       		.byte	0x1
 225 00f9 14       		.byte	0x14
 226 00fa C6000000 		.4byte	0xc6
 227 00fe 05       		.uleb128 0x5
 228 00ff 03       		.byte	0x3
 229 0100 00000000 		.4byte	LED_2_backup
 230 0104 00       		.byte	0
 231              		.section	.debug_abbrev,"",%progbits
 232              	.Ldebug_abbrev0:
 233 0000 01       		.uleb128 0x1
 234 0001 11       		.uleb128 0x11
 235 0002 01       		.byte	0x1
 236 0003 25       		.uleb128 0x25
 237 0004 0E       		.uleb128 0xe
 238 0005 13       		.uleb128 0x13
 239 0006 0B       		.uleb128 0xb
 240 0007 03       		.uleb128 0x3
 241 0008 0E       		.uleb128 0xe
 242 0009 55       		.uleb128 0x55
 243 000a 17       		.uleb128 0x17
ARM GAS  C:\Users\taips\AppData\Local\Temp\cc20Y4oX.s 			page 7


 244 000b 11       		.uleb128 0x11
 245 000c 01       		.uleb128 0x1
 246 000d 10       		.uleb128 0x10
 247 000e 17       		.uleb128 0x17
 248 000f 00       		.byte	0
 249 0010 00       		.byte	0
 250 0011 02       		.uleb128 0x2
 251 0012 24       		.uleb128 0x24
 252 0013 00       		.byte	0
 253 0014 0B       		.uleb128 0xb
 254 0015 0B       		.uleb128 0xb
 255 0016 3E       		.uleb128 0x3e
 256 0017 0B       		.uleb128 0xb
 257 0018 03       		.uleb128 0x3
 258 0019 0E       		.uleb128 0xe
 259 001a 00       		.byte	0
 260 001b 00       		.byte	0
 261 001c 03       		.uleb128 0x3
 262 001d 24       		.uleb128 0x24
 263 001e 00       		.byte	0
 264 001f 0B       		.uleb128 0xb
 265 0020 0B       		.uleb128 0xb
 266 0021 3E       		.uleb128 0x3e
 267 0022 0B       		.uleb128 0xb
 268 0023 03       		.uleb128 0x3
 269 0024 08       		.uleb128 0x8
 270 0025 00       		.byte	0
 271 0026 00       		.byte	0
 272 0027 04       		.uleb128 0x4
 273 0028 16       		.uleb128 0x16
 274 0029 00       		.byte	0
 275 002a 03       		.uleb128 0x3
 276 002b 0E       		.uleb128 0xe
 277 002c 3A       		.uleb128 0x3a
 278 002d 0B       		.uleb128 0xb
 279 002e 3B       		.uleb128 0x3b
 280 002f 05       		.uleb128 0x5
 281 0030 49       		.uleb128 0x49
 282 0031 13       		.uleb128 0x13
 283 0032 00       		.byte	0
 284 0033 00       		.byte	0
 285 0034 05       		.uleb128 0x5
 286 0035 35       		.uleb128 0x35
 287 0036 00       		.byte	0
 288 0037 49       		.uleb128 0x49
 289 0038 13       		.uleb128 0x13
 290 0039 00       		.byte	0
 291 003a 00       		.byte	0
 292 003b 06       		.uleb128 0x6
 293 003c 13       		.uleb128 0x13
 294 003d 01       		.byte	0x1
 295 003e 0B       		.uleb128 0xb
 296 003f 0B       		.uleb128 0xb
 297 0040 3A       		.uleb128 0x3a
 298 0041 0B       		.uleb128 0xb
 299 0042 3B       		.uleb128 0x3b
 300 0043 0B       		.uleb128 0xb
ARM GAS  C:\Users\taips\AppData\Local\Temp\cc20Y4oX.s 			page 8


 301 0044 01       		.uleb128 0x1
 302 0045 13       		.uleb128 0x13
 303 0046 00       		.byte	0
 304 0047 00       		.byte	0
 305 0048 07       		.uleb128 0x7
 306 0049 0D       		.uleb128 0xd
 307 004a 00       		.byte	0
 308 004b 03       		.uleb128 0x3
 309 004c 0E       		.uleb128 0xe
 310 004d 3A       		.uleb128 0x3a
 311 004e 0B       		.uleb128 0xb
 312 004f 3B       		.uleb128 0x3b
 313 0050 0B       		.uleb128 0xb
 314 0051 49       		.uleb128 0x49
 315 0052 13       		.uleb128 0x13
 316 0053 38       		.uleb128 0x38
 317 0054 0B       		.uleb128 0xb
 318 0055 00       		.byte	0
 319 0056 00       		.byte	0
 320 0057 08       		.uleb128 0x8
 321 0058 16       		.uleb128 0x16
 322 0059 00       		.byte	0
 323 005a 03       		.uleb128 0x3
 324 005b 0E       		.uleb128 0xe
 325 005c 3A       		.uleb128 0x3a
 326 005d 0B       		.uleb128 0xb
 327 005e 3B       		.uleb128 0x3b
 328 005f 0B       		.uleb128 0xb
 329 0060 49       		.uleb128 0x49
 330 0061 13       		.uleb128 0x13
 331 0062 00       		.byte	0
 332 0063 00       		.byte	0
 333 0064 09       		.uleb128 0x9
 334 0065 2E       		.uleb128 0x2e
 335 0066 00       		.byte	0
 336 0067 3F       		.uleb128 0x3f
 337 0068 19       		.uleb128 0x19
 338 0069 03       		.uleb128 0x3
 339 006a 0E       		.uleb128 0xe
 340 006b 3A       		.uleb128 0x3a
 341 006c 0B       		.uleb128 0xb
 342 006d 3B       		.uleb128 0x3b
 343 006e 0B       		.uleb128 0xb
 344 006f 27       		.uleb128 0x27
 345 0070 19       		.uleb128 0x19
 346 0071 11       		.uleb128 0x11
 347 0072 01       		.uleb128 0x1
 348 0073 12       		.uleb128 0x12
 349 0074 06       		.uleb128 0x6
 350 0075 40       		.uleb128 0x40
 351 0076 18       		.uleb128 0x18
 352 0077 9742     		.uleb128 0x2117
 353 0079 19       		.uleb128 0x19
 354 007a 00       		.byte	0
 355 007b 00       		.byte	0
 356 007c 0A       		.uleb128 0xa
 357 007d 34       		.uleb128 0x34
ARM GAS  C:\Users\taips\AppData\Local\Temp\cc20Y4oX.s 			page 9


 358 007e 00       		.byte	0
 359 007f 03       		.uleb128 0x3
 360 0080 0E       		.uleb128 0xe
 361 0081 3A       		.uleb128 0x3a
 362 0082 0B       		.uleb128 0xb
 363 0083 3B       		.uleb128 0x3b
 364 0084 0B       		.uleb128 0xb
 365 0085 49       		.uleb128 0x49
 366 0086 13       		.uleb128 0x13
 367 0087 02       		.uleb128 0x2
 368 0088 18       		.uleb128 0x18
 369 0089 00       		.byte	0
 370 008a 00       		.byte	0
 371 008b 00       		.byte	0
 372              		.section	.debug_aranges,"",%progbits
 373 0000 24000000 		.4byte	0x24
 374 0004 0200     		.2byte	0x2
 375 0006 00000000 		.4byte	.Ldebug_info0
 376 000a 04       		.byte	0x4
 377 000b 00       		.byte	0
 378 000c 0000     		.2byte	0
 379 000e 0000     		.2byte	0
 380 0010 00000000 		.4byte	.LFB0
 381 0014 1C000000 		.4byte	.LFE0-.LFB0
 382 0018 00000000 		.4byte	.LFB1
 383 001c 1C000000 		.4byte	.LFE1-.LFB1
 384 0020 00000000 		.4byte	0
 385 0024 00000000 		.4byte	0
 386              		.section	.debug_ranges,"",%progbits
 387              	.Ldebug_ranges0:
 388 0000 00000000 		.4byte	.LFB0
 389 0004 1C000000 		.4byte	.LFE0
 390 0008 00000000 		.4byte	.LFB1
 391 000c 1C000000 		.4byte	.LFE1
 392 0010 00000000 		.4byte	0
 393 0014 00000000 		.4byte	0
 394              		.section	.debug_line,"",%progbits
 395              	.Ldebug_line0:
 396 0000 DB000000 		.section	.debug_str,"MS",%progbits,1
 396      0200AE00 
 396      00000201 
 396      FB0E0D00 
 396      01010101 
 397              	.LASF13:
 398 0000 72656733 		.ascii	"reg32\000"
 398      3200
 399              	.LASF16:
 400 0006 75736253 		.ascii	"usbState\000"
 400      74617465 
 400      00
 401              	.LASF22:
 402 000f 4C45445F 		.ascii	"LED_2_backup\000"
 402      325F6261 
 402      636B7570 
 402      00
 403              	.LASF9:
 404 001c 666C6F61 		.ascii	"float\000"
ARM GAS  C:\Users\taips\AppData\Local\Temp\cc20Y4oX.s 			page 10


 404      7400
 405              	.LASF1:
 406 0022 756E7369 		.ascii	"unsigned char\000"
 406      676E6564 
 406      20636861 
 406      7200
 407              	.LASF5:
 408 0030 6C6F6E67 		.ascii	"long unsigned int\000"
 408      20756E73 
 408      69676E65 
 408      6420696E 
 408      7400
 409              	.LASF3:
 410 0042 73686F72 		.ascii	"short unsigned int\000"
 410      7420756E 
 410      7369676E 
 410      65642069 
 410      6E7400
 411              	.LASF20:
 412 0055 474E5520 		.ascii	"GNU C11 5.4.1 20160609 (release) [ARM/embedded-5-br"
 412      43313120 
 412      352E342E 
 412      31203230 
 412      31363036 
 413 0088 616E6368 		.ascii	"anch revision 237715] -mcpu=cortex-m0 -mthumb -g -O"
 413      20726576 
 413      6973696F 
 413      6E203233 
 413      37373135 
 414 00bb 30202D66 		.ascii	"0 -ffunction-sections -ffat-lto-objects\000"
 414      66756E63 
 414      74696F6E 
 414      2D736563 
 414      74696F6E 
 415              	.LASF19:
 416 00e3 4C45445F 		.ascii	"LED_2_Wakeup\000"
 416      325F5761 
 416      6B657570 
 416      00
 417              	.LASF10:
 418 00f0 646F7562 		.ascii	"double\000"
 418      6C6500
 419              	.LASF21:
 420 00f7 433A5C50 		.ascii	"C:\\Program Files (x86)\\Cypress\\PSoC Creator\\4.4"
 420      726F6772 
 420      616D2046 
 420      696C6573 
 420      20287838 
 421 0126 5C50536F 		.ascii	"\\PSoC Creator\\1\\CapSense_CSD_P4_Design01.cydsn\\"
 421      43204372 
 421      6561746F 
 421      725C315C 
 421      43617053 
 422 0155 47656E65 		.ascii	"Generated_Source\\PSoC4\\LED_2_PM.c\000"
 422      72617465 
 422      645F536F 
 422      75726365 
ARM GAS  C:\Users\taips\AppData\Local\Temp\cc20Y4oX.s 			page 11


 422      5C50536F 
 423              	.LASF12:
 424 0177 75696E74 		.ascii	"uint32\000"
 424      333200
 425              	.LASF18:
 426 017e 4C45445F 		.ascii	"LED_2_Sleep\000"
 426      325F536C 
 426      65657000 
 427              	.LASF8:
 428 018a 756E7369 		.ascii	"unsigned int\000"
 428      676E6564 
 428      20696E74 
 428      00
 429              	.LASF7:
 430 0197 6C6F6E67 		.ascii	"long long unsigned int\000"
 430      206C6F6E 
 430      6720756E 
 430      7369676E 
 430      65642069 
 431              	.LASF15:
 432 01ae 73696F53 		.ascii	"sioState\000"
 432      74617465 
 432      00
 433              	.LASF6:
 434 01b7 6C6F6E67 		.ascii	"long long int\000"
 434      206C6F6E 
 434      6720696E 
 434      7400
 435              	.LASF11:
 436 01c5 63686172 		.ascii	"char\000"
 436      00
 437              	.LASF2:
 438 01ca 73686F72 		.ascii	"short int\000"
 438      7420696E 
 438      7400
 439              	.LASF14:
 440 01d4 70635374 		.ascii	"pcState\000"
 440      61746500 
 441              	.LASF4:
 442 01dc 6C6F6E67 		.ascii	"long int\000"
 442      20696E74 
 442      00
 443              	.LASF17:
 444 01e5 4C45445F 		.ascii	"LED_2_BACKUP_STRUCT\000"
 444      325F4241 
 444      434B5550 
 444      5F535452 
 444      55435400 
 445              	.LASF0:
 446 01f9 7369676E 		.ascii	"signed char\000"
 446      65642063 
 446      68617200 
 447              		.ident	"GCC: (GNU Tools for ARM Embedded Processors) 5.4.1 20160609 (release) [ARM/embedded-5-bran
