--------------- Clean Started: 10/04/2025 12:58:52 Project: LWO1, Configuration: ARM GCC 5.4-2016-q2-update Debug ---------------
Deleting file ".\CortexM0\ARM_GCC_541\Debug\main.o"
Deleting file ".\CortexM0\ARM_GCC_541\Debug\cyfitter_cfg.o"
Deleting file ".\CortexM0\ARM_GCC_541\Debug\cymetadata.o"
Deleting file ".\CortexM0\ARM_GCC_541\Debug\Button.o"
Deleting file ".\CortexM0\ARM_GCC_541\Debug\Button_PM.o"
Deleting file ".\CortexM0\ARM_GCC_541\Debug\Cm0Start.o"
Deleting file ".\CortexM0\ARM_GCC_541\Debug\CyFlash.o"
Deleting file ".\CortexM0\ARM_GCC_541\Debug\CyLib.o"
Deleting file ".\CortexM0\ARM_GCC_541\Debug\cyPm.o"
Deleting file ".\CortexM0\ARM_GCC_541\Debug\cyutils.o"
Deleting file ".\CortexM0\ARM_GCC_541\Debug\CyBootAsmGnu.o"
Deleting file ".\CortexM0\ARM_GCC_541\Debug\CyLFClk.o"
Deleting file ".\CortexM0\ARM_GCC_541\Debug\cy_em_eeprom.o"
Deleting file ".\CortexM0\ARM_GCC_541\Debug\LED_R.o"
Deleting file ".\CortexM0\ARM_GCC_541\Debug\LED_R_PM.o"
Deleting file ".\CortexM0\ARM_GCC_541\Debug\LED_B.o"
Deleting file ".\CortexM0\ARM_GCC_541\Debug\LED_B_PM.o"
Deleting file ".\CortexM0\ARM_GCC_541\Debug\LED_G.o"
Deleting file ".\CortexM0\ARM_GCC_541\Debug\LED_G_PM.o"
Deleting file ".\CortexM0\ARM_GCC_541\Debug\LWO1.hex"
Deleting file ".\CortexM0\ARM_GCC_541\Debug\LWO1.elf"
Deleting file ".\CortexM0\ARM_GCC_541\Debug\LWO1.map"
Deleting file ".\LWO1.cycdx"
Deleting file ".\LWO1.rpt"
Deleting file ".\LWO1_timing.html"
Deleting file ".\CortexM0\ARM_GCC_541\Debug\.deps\SOURCE_C__ARM_GCC_GENERIC.P"
Deleting file ".\CortexM0\ARM_GCC_541\Debug\.deps\SOURCE_ASM__ARM_GCC_GENERIC.P"
--------------- Clean Succeeded: 10/04/2025 12:58:52 ---------------
