--------------- Rebuild Started: 10/08/2025 15:56:09 Project: LWO1, Configuration: ARM GCC 5.4-2016-q2-update Debug ---------------
Deleting file ".\CortexM0\ARM_GCC_541\Debug\main.o"
Deleting file ".\CortexM0\ARM_GCC_541\Debug\cyfitter_cfg.o"
Deleting file ".\CortexM0\ARM_GCC_541\Debug\cymetadata.o"
Deleting file ".\CortexM0\ARM_GCC_541\Debug\Button.o"
Deleting file ".\CortexM0\ARM_GCC_541\Debug\Button_PM.o"
Deleting file ".\CortexM0\ARM_GCC_541\Debug\Cm0Start.o"
Deleting file ".\CortexM0\ARM_GCC_541\Debug\CyFlash.o"
Deleting file ".\CortexM0\ARM_GCC_541\Debug\CyLib.o"
Deleting file ".\CortexM0\ARM_GCC_541\Debug\cyPm.o"
Deleting file ".\CortexM0\ARM_GCC_541\Debug\cyutils.o"
Deleting file ".\CortexM0\ARM_GCC_541\Debug\CyBootAsmGnu.o"
Deleting file ".\CortexM0\ARM_GCC_541\Debug\CyLFClk.o"
Deleting file ".\CortexM0\ARM_GCC_541\Debug\cy_em_eeprom.o"
Deleting file ".\CortexM0\ARM_GCC_541\Debug\LED_R.o"
Deleting file ".\CortexM0\ARM_GCC_541\Debug\LED_R_PM.o"
Deleting file ".\CortexM0\ARM_GCC_541\Debug\LED_B.o"
Deleting file ".\CortexM0\ARM_GCC_541\Debug\LED_B_PM.o"
Deleting file ".\CortexM0\ARM_GCC_541\Debug\LED_G.o"
Deleting file ".\CortexM0\ARM_GCC_541\Debug\LED_G_PM.o"
Deleting file ".\CortexM0\ARM_GCC_541\Debug\SW_Tx_UART_AsmGnu.o"
Deleting file ".\CortexM0\ARM_GCC_541\Debug\SW_Tx_UART.o"
Deleting file ".\CortexM0\ARM_GCC_541\Debug\LWO1.hex"
Deleting file ".\CortexM0\ARM_GCC_541\Debug\LWO1.elf"
Deleting file ".\CortexM0\ARM_GCC_541\Debug\LWO1.map"
Deleting file ".\LWO1.rpt"
Deleting file ".\LWO1_timing.html"
Deleting file ".\CortexM0\ARM_GCC_541\Debug\.deps\SOURCE_C__ARM_GCC_GENERIC.P"
Deleting file ".\CortexM0\ARM_GCC_541\Debug\.deps\SOURCE_ASM__ARM_GCC_GENERIC.P"
cydsfit.exe -.appdatapath "C:\Users\Maks\AppData\Local\Cypress Semiconductor\PSoC Creator\4.4" -.fdsnotice -.fdswarpdepfile=warp_dependencies.txt -.fdselabdepfile=elab_dependencies.txt -.fdsbldfile=generated_files.txt -.fdsreffile=referenced_files.txt -p "C:\Users\Maks\Documents\PSoC Creator\CSN_UzhNU\LWO1.cydsn\LWO1.cyprj" -d CY8C4245AXQ-483 -s "C:\Users\Maks\Documents\PSoC Creator\CSN_UzhNU\LWO1.cydsn\Generated_Source\PSoC4" -- -yv2 -q10 -ygs -o2 -v3 -.fftcfgtype=LE
Error: prj.M0094: LWO1.cydwr: The design wide resource file has unexpected errors: (File not found.). (File=C:\Users\Maks\Documents\PSoC Creator\CSN_UzhNU\LWO1.cydsn\LWO1.cydwr)
Elaborating Design...
Error: bse.M0106: TopDesign.cysch: Unable to open the file for reading. File not found (File=C:\Users\Maks\Documents\PSoC Creator\CSN_UzhNU\LWO1.cydsn\TopDesign\TopDesign.cysch)
Error: fit.M0050: The fitter aborted due to errors, please address all errors and rebuild. (App=cydsfit)
--------------- Rebuild Failed: 10/08/2025 15:57:30 ---------------
