Archive member included to satisfy reference by file (symbol)

.\CortexM0\ARM_GCC_541\Debug\LWO5.a(CyLib.o)
                              .\CortexM0\ARM_GCC_541\Debug\cyfitter_cfg.o (CyIntEnable)
.\CortexM0\ARM_GCC_541\Debug\LWO5.a(CyLFClk.o)
                              .\CortexM0\ARM_GCC_541\Debug\cyfitter_cfg.o (CySysWdtIsr)
.\CortexM0\ARM_GCC_541\Debug\LWO5.a(COLUMN_0.o)
                              .\CortexM0\ARM_GCC_541\Debug\main.o (COLUMN_0_SetDriveMode)
.\CortexM0\ARM_GCC_541\Debug\LWO5.a(COLUMN_1.o)
                              .\CortexM0\ARM_GCC_541\Debug\main.o (COLUMN_1_SetDriveMode)
.\CortexM0\ARM_GCC_541\Debug\LWO5.a(COLUMN_2.o)
                              .\CortexM0\ARM_GCC_541\Debug\main.o (COLUMN_2_SetDriveMode)
.\CortexM0\ARM_GCC_541\Debug\LWO5.a(ROW_0.o)
                              .\CortexM0\ARM_GCC_541\Debug\main.o (ROW_0_Read)
.\CortexM0\ARM_GCC_541\Debug\LWO5.a(ROW_1.o)
                              .\CortexM0\ARM_GCC_541\Debug\main.o (ROW_1_Read)
.\CortexM0\ARM_GCC_541\Debug\LWO5.a(ROW_2.o)
                              .\CortexM0\ARM_GCC_541\Debug\main.o (ROW_2_Read)
.\CortexM0\ARM_GCC_541\Debug\LWO5.a(ROW_3.o)
                              .\CortexM0\ARM_GCC_541\Debug\main.o (ROW_3_Read)
.\CortexM0\ARM_GCC_541\Debug\LWO5.a(Pin_Latch.o)
                              .\CortexM0\ARM_GCC_541\Debug\main.o (Pin_Latch_Write)
.\CortexM0\ARM_GCC_541\Debug\LWO5.a(Pin_CLK.o)
                              .\CortexM0\ARM_GCC_541\Debug\main.o (Pin_CLK_Write)
.\CortexM0\ARM_GCC_541\Debug\LWO5.a(Pin_DO.o)
                              .\CortexM0\ARM_GCC_541\Debug\main.o (Pin_DO_Write)
.\CortexM0\ARM_GCC_541\Debug\LWO5.a(Timer_Int.o)
                              .\CortexM0\ARM_GCC_541\Debug\main.o (Timer_Int_StartEx)
.\CortexM0\ARM_GCC_541\Debug\LWO5.a(Timer.o)
                              .\CortexM0\ARM_GCC_541\Debug\main.o (Timer_Start)
.\CortexM0\ARM_GCC_541\Debug\LWO5.a(CyBootAsmGnu.o)
                              .\CortexM0\ARM_GCC_541\Debug\LWO5.a(CyLib.o) (CyDelayCycles)
.\CortexM0\ARM_GCC_541\Debug\LWO5.a(cyutils.o)
                              .\CortexM0\ARM_GCC_541\Debug\LWO5.a(Timer.o) (CySetReg24)
c:/program files (x86)/cypress/psoc creator/4.4/psoc creator/import/gnu/arm/5.4.1/bin/../lib/gcc/arm-none-eabi/5.4.1/armv6-m\libgcc.a(_udivsi3.o)
                              .\CortexM0\ARM_GCC_541\Debug\LWO5.a(CyLib.o) (__aeabi_uidiv)
c:/program files (x86)/cypress/psoc creator/4.4/psoc creator/import/gnu/arm/5.4.1/bin/../lib/gcc/arm-none-eabi/5.4.1/armv6-m\libgcc.a(_dvmd_tls.o)
                              c:/program files (x86)/cypress/psoc creator/4.4/psoc creator/import/gnu/arm/5.4.1/bin/../lib/gcc/arm-none-eabi/5.4.1/armv6-m\libgcc.a(_udivsi3.o) (__aeabi_idiv0)
c:/program files (x86)/cypress/psoc creator/4.4/psoc creator/import/gnu/arm/5.4.1/bin/../lib/gcc/arm-none-eabi/5.4.1/../../../../arm-none-eabi/lib/armv6-m\libg_nano.a(lib_a-errno.o)
                              .\CortexM0\ARM_GCC_541\Debug\Cm0Start.o (__errno)
c:/program files (x86)/cypress/psoc creator/4.4/psoc creator/import/gnu/arm/5.4.1/bin/../lib/gcc/arm-none-eabi/5.4.1/../../../../arm-none-eabi/lib/armv6-m\libg_nano.a(lib_a-exit.o)
                              c:/program files (x86)/cypress/psoc creator/4.4/psoc creator/import/gnu/arm/5.4.1/bin/../lib/gcc/arm-none-eabi/5.4.1/../../../../arm-none-eabi/lib/armv6-m/crt0.o (exit)
c:/program files (x86)/cypress/psoc creator/4.4/psoc creator/import/gnu/arm/5.4.1/bin/../lib/gcc/arm-none-eabi/5.4.1/../../../../arm-none-eabi/lib/armv6-m\libg_nano.a(lib_a-impure.o)
                              c:/program files (x86)/cypress/psoc creator/4.4/psoc creator/import/gnu/arm/5.4.1/bin/../lib/gcc/arm-none-eabi/5.4.1/../../../../arm-none-eabi/lib/armv6-m\libg_nano.a(lib_a-exit.o) (_global_impure_ptr)
c:/program files (x86)/cypress/psoc creator/4.4/psoc creator/import/gnu/arm/5.4.1/bin/../lib/gcc/arm-none-eabi/5.4.1/../../../../arm-none-eabi/lib/armv6-m\libg_nano.a(lib_a-init.o)
                              c:/program files (x86)/cypress/psoc creator/4.4/psoc creator/import/gnu/arm/5.4.1/bin/../lib/gcc/arm-none-eabi/5.4.1/../../../../arm-none-eabi/lib/armv6-m/crt0.o (__libc_init_array)
c:/program files (x86)/cypress/psoc creator/4.4/psoc creator/import/gnu/arm/5.4.1/bin/../lib/gcc/arm-none-eabi/5.4.1/../../../../arm-none-eabi/lib/armv6-m\libg_nano.a(lib_a-memcpy-stub.o)
                              .\CortexM0\ARM_GCC_541\Debug\main.o (memcpy)
c:/program files (x86)/cypress/psoc creator/4.4/psoc creator/import/gnu/arm/5.4.1/bin/../lib/gcc/arm-none-eabi/5.4.1/../../../../arm-none-eabi/lib/armv6-m\libg_nano.a(lib_a-memset.o)
                              c:/program files (x86)/cypress/psoc creator/4.4/psoc creator/import/gnu/arm/5.4.1/bin/../lib/gcc/arm-none-eabi/5.4.1/../../../../arm-none-eabi/lib/armv6-m/crt0.o (memset)

Discarded input sections

 .text          0x00000000        0x0 c:/program files (x86)/cypress/psoc creator/4.4/psoc creator/import/gnu/arm/5.4.1/bin/../lib/gcc/arm-none-eabi/5.4.1/armv6-m/crti.o
 .data          0x00000000        0x0 c:/program files (x86)/cypress/psoc creator/4.4/psoc creator/import/gnu/arm/5.4.1/bin/../lib/gcc/arm-none-eabi/5.4.1/armv6-m/crti.o
 .bss           0x00000000        0x0 c:/program files (x86)/cypress/psoc creator/4.4/psoc creator/import/gnu/arm/5.4.1/bin/../lib/gcc/arm-none-eabi/5.4.1/armv6-m/crti.o
 .data          0x00000000        0x4 c:/program files (x86)/cypress/psoc creator/4.4/psoc creator/import/gnu/arm/5.4.1/bin/../lib/gcc/arm-none-eabi/5.4.1/armv6-m/crtbegin.o
 .text          0x00000000       0x78 c:/program files (x86)/cypress/psoc creator/4.4/psoc creator/import/gnu/arm/5.4.1/bin/../lib/gcc/arm-none-eabi/5.4.1/../../../../arm-none-eabi/lib/armv6-m/crt0.o
 .data          0x00000000        0x0 c:/program files (x86)/cypress/psoc creator/4.4/psoc creator/import/gnu/arm/5.4.1/bin/../lib/gcc/arm-none-eabi/5.4.1/../../../../arm-none-eabi/lib/armv6-m/crt0.o
 .bss           0x00000000        0x0 c:/program files (x86)/cypress/psoc creator/4.4/psoc creator/import/gnu/arm/5.4.1/bin/../lib/gcc/arm-none-eabi/5.4.1/../../../../arm-none-eabi/lib/armv6-m/crt0.o
 .ARM.extab     0x00000000        0x0 c:/program files (x86)/cypress/psoc creator/4.4/psoc creator/import/gnu/arm/5.4.1/bin/../lib/gcc/arm-none-eabi/5.4.1/../../../../arm-none-eabi/lib/armv6-m/crt0.o
 .ARM.exidx     0x00000000        0x8 c:/program files (x86)/cypress/psoc creator/4.4/psoc creator/import/gnu/arm/5.4.1/bin/../lib/gcc/arm-none-eabi/5.4.1/../../../../arm-none-eabi/lib/armv6-m/crt0.o
 .text          0x00000000        0x0 .\CortexM0\ARM_GCC_541\Debug\main.o
 .text          0x00000000        0x0 .\CortexM0\ARM_GCC_541\Debug\cyfitter_cfg.o
 .data          0x00000000        0x0 .\CortexM0\ARM_GCC_541\Debug\cyfitter_cfg.o
 .bss           0x00000000        0x0 .\CortexM0\ARM_GCC_541\Debug\cyfitter_cfg.o
 .text          0x00000000        0x0 .\CortexM0\ARM_GCC_541\Debug\cymetadata.o
 .data          0x00000000        0x0 .\CortexM0\ARM_GCC_541\Debug\cymetadata.o
 .bss           0x00000000        0x0 .\CortexM0\ARM_GCC_541\Debug\cymetadata.o
 .text          0x00000000        0x0 .\CortexM0\ARM_GCC_541\Debug\Cm0Start.o
 .data          0x00000000        0x4 .\CortexM0\ARM_GCC_541\Debug\Cm0Start.o
 .bss           0x00000000        0x0 .\CortexM0\ARM_GCC_541\Debug\Cm0Start.o
 .text._exit    0x00000000        0xc .\CortexM0\ARM_GCC_541\Debug\Cm0Start.o
 .text._sbrk    0x00000000       0x30 .\CortexM0\ARM_GCC_541\Debug\Cm0Start.o
 .text          0x00000000        0x0 .\CortexM0\ARM_GCC_541\Debug\LWO5.a(CyLib.o)
 .bss           0x00000000       0x18 .\CortexM0\ARM_GCC_541\Debug\LWO5.a(CyLib.o)
 .text.CySysClkImoStart
                0x00000000       0x14 .\CortexM0\ARM_GCC_541\Debug\LWO5.a(CyLib.o)
 .text.CySysClkImoStop
                0x00000000       0x10 .\CortexM0\ARM_GCC_541\Debug\LWO5.a(CyLib.o)
 .text.CySysClkWriteHfclkDirect
                0x00000000       0x20 .\CortexM0\ARM_GCC_541\Debug\LWO5.a(CyLib.o)
 .text.CySysEnablePumpClock
                0x00000000       0x38 .\CortexM0\ARM_GCC_541\Debug\LWO5.a(CyLib.o)
 .text.CySysClkGetSysclkSource
                0x00000000       0x1c .\CortexM0\ARM_GCC_541\Debug\LWO5.a(CyLib.o)
 .text.CySysClkWriteSysclkDiv
                0x00000000       0x30 .\CortexM0\ARM_GCC_541\Debug\LWO5.a(CyLib.o)
 .text.CySysLvdDisable
                0x00000000       0x20 .\CortexM0\ARM_GCC_541\Debug\LWO5.a(CyLib.o)
 .text.CySysLvdGetInterruptSource
                0x00000000       0x10 .\CortexM0\ARM_GCC_541\Debug\LWO5.a(CyLib.o)
 .text.CySysLvdClearInterrupt
                0x00000000        0xc .\CortexM0\ARM_GCC_541\Debug\LWO5.a(CyLib.o)
 .text.CySysGetResetReason
                0x00000000       0x14 .\CortexM0\ARM_GCC_541\Debug\LWO5.a(CyLib.o)
 .text.CyDisableInts
                0x00000000       0x10 .\CortexM0\ARM_GCC_541\Debug\LWO5.a(CyLib.o)
 .text.CyEnableInts
                0x00000000        0xc .\CortexM0\ARM_GCC_541\Debug\LWO5.a(CyLib.o)
 .text.CyIntGetState
                0x00000000       0x18 .\CortexM0\ARM_GCC_541\Debug\LWO5.a(CyLib.o)
 .text.CyIntDisable
                0x00000000       0x14 .\CortexM0\ARM_GCC_541\Debug\LWO5.a(CyLib.o)
 .text.CyIntSetPending
                0x00000000       0x14 .\CortexM0\ARM_GCC_541\Debug\LWO5.a(CyLib.o)
 .text.CyIntClearPending
                0x00000000       0x14 .\CortexM0\ARM_GCC_541\Debug\LWO5.a(CyLib.o)
 .text.CyIntSetSysVector
                0x00000000       0x20 .\CortexM0\ARM_GCC_541\Debug\LWO5.a(CyLib.o)
 .text.CyIntGetSysVector
                0x00000000       0x1c .\CortexM0\ARM_GCC_541\Debug\LWO5.a(CyLib.o)
 .text.CyIntGetVector
                0x00000000       0x20 .\CortexM0\ARM_GCC_541\Debug\LWO5.a(CyLib.o)
 .text.CyIntSetPriority
                0x00000000       0x4c .\CortexM0\ARM_GCC_541\Debug\LWO5.a(CyLib.o)
 .text.CyIntGetPriority
                0x00000000       0x2c .\CortexM0\ARM_GCC_541\Debug\LWO5.a(CyLib.o)
 .text.CySoftwareReset
                0x00000000       0x18 .\CortexM0\ARM_GCC_541\Debug\LWO5.a(CyLib.o)
 .text.CySysLvdEnable
                0x00000000       0x44 .\CortexM0\ARM_GCC_541\Debug\LWO5.a(CyLib.o)
 .text.CyDelayFreq
                0x00000000       0x4c .\CortexM0\ARM_GCC_541\Debug\LWO5.a(CyLib.o)
 .text.CySysTickStop
                0x00000000       0x10 .\CortexM0\ARM_GCC_541\Debug\LWO5.a(CyLib.o)
 .text.CySysTickEnableInterrupt
                0x00000000       0x10 .\CortexM0\ARM_GCC_541\Debug\LWO5.a(CyLib.o)
 .text.CySysTickEnable
                0x00000000       0x18 .\CortexM0\ARM_GCC_541\Debug\LWO5.a(CyLib.o)
 .text.CySysTickDisableInterrupt
                0x00000000       0x10 .\CortexM0\ARM_GCC_541\Debug\LWO5.a(CyLib.o)
 .text.CySysTickSetReload
                0x00000000       0x10 .\CortexM0\ARM_GCC_541\Debug\LWO5.a(CyLib.o)
 .text.CySysTickGetReload
                0x00000000       0x10 .\CortexM0\ARM_GCC_541\Debug\LWO5.a(CyLib.o)
 .text.CySysTickGetValue
                0x00000000       0x10 .\CortexM0\ARM_GCC_541\Debug\LWO5.a(CyLib.o)
 .text.CySysTickGetCountFlag
                0x00000000       0x10 .\CortexM0\ARM_GCC_541\Debug\LWO5.a(CyLib.o)
 .text.CySysTickServiceCallbacks
                0x00000000       0x28 .\CortexM0\ARM_GCC_541\Debug\LWO5.a(CyLib.o)
 .text.CySysTickClear
                0x00000000        0xc .\CortexM0\ARM_GCC_541\Debug\LWO5.a(CyLib.o)
 .text.CySysTickInit
                0x00000000       0x40 .\CortexM0\ARM_GCC_541\Debug\LWO5.a(CyLib.o)
 .text.CySysTickStart
                0x00000000       0x20 .\CortexM0\ARM_GCC_541\Debug\LWO5.a(CyLib.o)
 .text.CySysTickSetCallback
                0x00000000       0x10 .\CortexM0\ARM_GCC_541\Debug\LWO5.a(CyLib.o)
 .text.CySysTickGetCallback
                0x00000000        0xc .\CortexM0\ARM_GCC_541\Debug\LWO5.a(CyLib.o)
 .text.CyGetUniqueId
                0x00000000       0x70 .\CortexM0\ARM_GCC_541\Debug\LWO5.a(CyLib.o)
 .text          0x00000000        0x0 .\CortexM0\ARM_GCC_541\Debug\LWO5.a(CyLFClk.o)
 .text.CySysClkIloEnabled
                0x00000000       0x14 .\CortexM0\ARM_GCC_541\Debug\LWO5.a(CyLFClk.o)
 .text.CySysClkIloStart
                0x00000000       0x14 .\CortexM0\ARM_GCC_541\Debug\LWO5.a(CyLFClk.o)
 .text.CySysClkIloStartMeasurement
                0x00000000       0x34 .\CortexM0\ARM_GCC_541\Debug\LWO5.a(CyLFClk.o)
 .text.CySysClkIloStopMeasurement
                0x00000000       0x14 .\CortexM0\ARM_GCC_541\Debug\LWO5.a(CyLFClk.o)
 .text.CySysClkIloCompensate
                0x00000000      0x104 .\CortexM0\ARM_GCC_541\Debug\LWO5.a(CyLFClk.o)
 .text.CySysWdtGetEnabledStatus
                0x00000000       0x24 .\CortexM0\ARM_GCC_541\Debug\LWO5.a(CyLFClk.o)
 .text.CySysWdtSetMode
                0x00000000       0x38 .\CortexM0\ARM_GCC_541\Debug\LWO5.a(CyLFClk.o)
 .text.CySysClkLfclkPosedgeRestore
                0x00000000       0x2c .\CortexM0\ARM_GCC_541\Debug\LWO5.a(CyLFClk.o)
 .text.CySysWdtGetMode
                0x00000000       0x14 .\CortexM0\ARM_GCC_541\Debug\LWO5.a(CyLFClk.o)
 .text.CySysWdtSetClearOnMatch
                0x00000000       0x34 .\CortexM0\ARM_GCC_541\Debug\LWO5.a(CyLFClk.o)
 .text.CySysWdtGetClearOnMatch
                0x00000000       0x24 .\CortexM0\ARM_GCC_541\Debug\LWO5.a(CyLFClk.o)
 .text.CySysWdtEnable
                0x00000000       0x40 .\CortexM0\ARM_GCC_541\Debug\LWO5.a(CyLFClk.o)
 .text.CySysWdtDisable
                0x00000000       0x44 .\CortexM0\ARM_GCC_541\Debug\LWO5.a(CyLFClk.o)
 .text.CySysWdtSetCascade
                0x00000000       0x34 .\CortexM0\ARM_GCC_541\Debug\LWO5.a(CyLFClk.o)
 .text.CySysWdtGetCascade
                0x00000000       0x14 .\CortexM0\ARM_GCC_541\Debug\LWO5.a(CyLFClk.o)
 .text.CySysWdtSetMatch
                0x00000000       0x38 .\CortexM0\ARM_GCC_541\Debug\LWO5.a(CyLFClk.o)
 .text.CySysWdtSetToggleBit
                0x00000000       0x30 .\CortexM0\ARM_GCC_541\Debug\LWO5.a(CyLFClk.o)
 .text.CySysWdtGetToggleBit
                0x00000000       0x10 .\CortexM0\ARM_GCC_541\Debug\LWO5.a(CyLFClk.o)
 .text.CySysWdtGetMatch
                0x00000000       0x20 .\CortexM0\ARM_GCC_541\Debug\LWO5.a(CyLFClk.o)
 .text.CySysWdtGetCount
                0x00000000       0x3c .\CortexM0\ARM_GCC_541\Debug\LWO5.a(CyLFClk.o)
 .text.CySysClkLfclkPosedgeCatch
                0x00000000       0x74 .\CortexM0\ARM_GCC_541\Debug\LWO5.a(CyLFClk.o)
 .text.CySysClkIloStop
                0x00000000       0x38 .\CortexM0\ARM_GCC_541\Debug\LWO5.a(CyLFClk.o)
 .text.CySysWdtGetInterruptSource
                0x00000000       0x14 .\CortexM0\ARM_GCC_541\Debug\LWO5.a(CyLFClk.o)
 .text.CySysWdtResetCounters
                0x00000000       0x20 .\CortexM0\ARM_GCC_541\Debug\LWO5.a(CyLFClk.o)
 .text.CySysWdtSetInterruptCallback
                0x00000000       0x20 .\CortexM0\ARM_GCC_541\Debug\LWO5.a(CyLFClk.o)
 .text.CySysWdtGetInterruptCallback
                0x00000000       0x20 .\CortexM0\ARM_GCC_541\Debug\LWO5.a(CyLFClk.o)
 .text.CySysWdtEnableCounterIsr
                0x00000000       0x34 .\CortexM0\ARM_GCC_541\Debug\LWO5.a(CyLFClk.o)
 .text.CySysWdtDisableCounterIsr
                0x00000000       0x28 .\CortexM0\ARM_GCC_541\Debug\LWO5.a(CyLFClk.o)
 .text.CySysWatchdogFeed
                0x00000000       0x60 .\CortexM0\ARM_GCC_541\Debug\LWO5.a(CyLFClk.o)
 .text.CySysTimerDelayUntilMatch
                0x00000000       0x6c .\CortexM0\ARM_GCC_541\Debug\LWO5.a(CyLFClk.o)
 .text.CySysTimerDelay
                0x00000000       0x3c .\CortexM0\ARM_GCC_541\Debug\LWO5.a(CyLFClk.o)
 .rodata        0x00000000        0xc .\CortexM0\ARM_GCC_541\Debug\LWO5.a(CyLFClk.o)
 .text          0x00000000        0x0 .\CortexM0\ARM_GCC_541\Debug\LWO5.a(COLUMN_0.o)
 .data          0x00000000        0x0 .\CortexM0\ARM_GCC_541\Debug\LWO5.a(COLUMN_0.o)
 .bss           0x00000000        0x0 .\CortexM0\ARM_GCC_541\Debug\LWO5.a(COLUMN_0.o)
 .text.COLUMN_0_Read
                0x00000000       0x10 .\CortexM0\ARM_GCC_541\Debug\LWO5.a(COLUMN_0.o)
 .text.COLUMN_0_ReadDataReg
                0x00000000       0x10 .\CortexM0\ARM_GCC_541\Debug\LWO5.a(COLUMN_0.o)
 .text.COLUMN_0_SetInterruptMode
                0x00000000       0x14 .\CortexM0\ARM_GCC_541\Debug\LWO5.a(COLUMN_0.o)
 .text.COLUMN_0_ClearInterrupt
                0x00000000       0x10 .\CortexM0\ARM_GCC_541\Debug\LWO5.a(COLUMN_0.o)
 .text          0x00000000        0x0 .\CortexM0\ARM_GCC_541\Debug\LWO5.a(COLUMN_1.o)
 .data          0x00000000        0x0 .\CortexM0\ARM_GCC_541\Debug\LWO5.a(COLUMN_1.o)
 .bss           0x00000000        0x0 .\CortexM0\ARM_GCC_541\Debug\LWO5.a(COLUMN_1.o)
 .text.COLUMN_1_Read
                0x00000000       0x10 .\CortexM0\ARM_GCC_541\Debug\LWO5.a(COLUMN_1.o)
 .text.COLUMN_1_ReadDataReg
                0x00000000       0x10 .\CortexM0\ARM_GCC_541\Debug\LWO5.a(COLUMN_1.o)
 .text.COLUMN_1_SetInterruptMode
                0x00000000       0x14 .\CortexM0\ARM_GCC_541\Debug\LWO5.a(COLUMN_1.o)
 .text.COLUMN_1_ClearInterrupt
                0x00000000       0x14 .\CortexM0\ARM_GCC_541\Debug\LWO5.a(COLUMN_1.o)
 .text          0x00000000        0x0 .\CortexM0\ARM_GCC_541\Debug\LWO5.a(COLUMN_2.o)
 .data          0x00000000        0x0 .\CortexM0\ARM_GCC_541\Debug\LWO5.a(COLUMN_2.o)
 .bss           0x00000000        0x0 .\CortexM0\ARM_GCC_541\Debug\LWO5.a(COLUMN_2.o)
 .text.COLUMN_2_Read
                0x00000000       0x10 .\CortexM0\ARM_GCC_541\Debug\LWO5.a(COLUMN_2.o)
 .text.COLUMN_2_ReadDataReg
                0x00000000       0x10 .\CortexM0\ARM_GCC_541\Debug\LWO5.a(COLUMN_2.o)
 .text.COLUMN_2_SetInterruptMode
                0x00000000       0x14 .\CortexM0\ARM_GCC_541\Debug\LWO5.a(COLUMN_2.o)
 .text.COLUMN_2_ClearInterrupt
                0x00000000       0x10 .\CortexM0\ARM_GCC_541\Debug\LWO5.a(COLUMN_2.o)
 .text          0x00000000        0x0 .\CortexM0\ARM_GCC_541\Debug\LWO5.a(ROW_0.o)
 .data          0x00000000        0x0 .\CortexM0\ARM_GCC_541\Debug\LWO5.a(ROW_0.o)
 .bss           0x00000000        0x0 .\CortexM0\ARM_GCC_541\Debug\LWO5.a(ROW_0.o)
 .text.ROW_0_SetDriveMode
                0x00000000       0x14 .\CortexM0\ARM_GCC_541\Debug\LWO5.a(ROW_0.o)
 .text.ROW_0_Write
                0x00000000       0x18 .\CortexM0\ARM_GCC_541\Debug\LWO5.a(ROW_0.o)
 .text.ROW_0_ReadDataReg
                0x00000000       0x10 .\CortexM0\ARM_GCC_541\Debug\LWO5.a(ROW_0.o)
 .text.ROW_0_SetInterruptMode
                0x00000000       0x14 .\CortexM0\ARM_GCC_541\Debug\LWO5.a(ROW_0.o)
 .text.ROW_0_ClearInterrupt
                0x00000000       0x14 .\CortexM0\ARM_GCC_541\Debug\LWO5.a(ROW_0.o)
 .text          0x00000000        0x0 .\CortexM0\ARM_GCC_541\Debug\LWO5.a(ROW_1.o)
 .data          0x00000000        0x0 .\CortexM0\ARM_GCC_541\Debug\LWO5.a(ROW_1.o)
 .bss           0x00000000        0x0 .\CortexM0\ARM_GCC_541\Debug\LWO5.a(ROW_1.o)
 .text.ROW_1_SetDriveMode
                0x00000000       0x18 .\CortexM0\ARM_GCC_541\Debug\LWO5.a(ROW_1.o)
 .text.ROW_1_Write
                0x00000000       0x18 .\CortexM0\ARM_GCC_541\Debug\LWO5.a(ROW_1.o)
 .text.ROW_1_ReadDataReg
                0x00000000       0x10 .\CortexM0\ARM_GCC_541\Debug\LWO5.a(ROW_1.o)
 .text.ROW_1_SetInterruptMode
                0x00000000       0x14 .\CortexM0\ARM_GCC_541\Debug\LWO5.a(ROW_1.o)
 .text.ROW_1_ClearInterrupt
                0x00000000       0x14 .\CortexM0\ARM_GCC_541\Debug\LWO5.a(ROW_1.o)
 .text          0x00000000        0x0 .\CortexM0\ARM_GCC_541\Debug\LWO5.a(ROW_2.o)
 .data          0x00000000        0x0 .\CortexM0\ARM_GCC_541\Debug\LWO5.a(ROW_2.o)
 .bss           0x00000000        0x0 .\CortexM0\ARM_GCC_541\Debug\LWO5.a(ROW_2.o)
 .text.ROW_2_SetDriveMode
                0x00000000       0x18 .\CortexM0\ARM_GCC_541\Debug\LWO5.a(ROW_2.o)
 .text.ROW_2_Write
                0x00000000       0x18 .\CortexM0\ARM_GCC_541\Debug\LWO5.a(ROW_2.o)
 .text.ROW_2_ReadDataReg
                0x00000000       0x10 .\CortexM0\ARM_GCC_541\Debug\LWO5.a(ROW_2.o)
 .text.ROW_2_SetInterruptMode
                0x00000000       0x14 .\CortexM0\ARM_GCC_541\Debug\LWO5.a(ROW_2.o)
 .text.ROW_2_ClearInterrupt
                0x00000000       0x14 .\CortexM0\ARM_GCC_541\Debug\LWO5.a(ROW_2.o)
 .text          0x00000000        0x0 .\CortexM0\ARM_GCC_541\Debug\LWO5.a(ROW_3.o)
 .data          0x00000000        0x0 .\CortexM0\ARM_GCC_541\Debug\LWO5.a(ROW_3.o)
 .bss           0x00000000        0x0 .\CortexM0\ARM_GCC_541\Debug\LWO5.a(ROW_3.o)
 .text.ROW_3_SetDriveMode
                0x00000000       0x18 .\CortexM0\ARM_GCC_541\Debug\LWO5.a(ROW_3.o)
 .text.ROW_3_Write
                0x00000000       0x18 .\CortexM0\ARM_GCC_541\Debug\LWO5.a(ROW_3.o)
 .text.ROW_3_ReadDataReg
                0x00000000       0x10 .\CortexM0\ARM_GCC_541\Debug\LWO5.a(ROW_3.o)
 .text.ROW_3_SetInterruptMode
                0x00000000       0x14 .\CortexM0\ARM_GCC_541\Debug\LWO5.a(ROW_3.o)
 .text.ROW_3_ClearInterrupt
                0x00000000       0x14 .\CortexM0\ARM_GCC_541\Debug\LWO5.a(ROW_3.o)
 .text          0x00000000        0x0 .\CortexM0\ARM_GCC_541\Debug\LWO5.a(Pin_Latch.o)
 .data          0x00000000        0x0 .\CortexM0\ARM_GCC_541\Debug\LWO5.a(Pin_Latch.o)
 .bss           0x00000000        0x0 .\CortexM0\ARM_GCC_541\Debug\LWO5.a(Pin_Latch.o)
 .text.Pin_Latch_SetDriveMode
                0x00000000       0x18 .\CortexM0\ARM_GCC_541\Debug\LWO5.a(Pin_Latch.o)
 .text.Pin_Latch_Read
                0x00000000       0x10 .\CortexM0\ARM_GCC_541\Debug\LWO5.a(Pin_Latch.o)
 .text.Pin_Latch_ReadDataReg
                0x00000000       0x10 .\CortexM0\ARM_GCC_541\Debug\LWO5.a(Pin_Latch.o)
 .text.Pin_Latch_SetInterruptMode
                0x00000000       0x14 .\CortexM0\ARM_GCC_541\Debug\LWO5.a(Pin_Latch.o)
 .text.Pin_Latch_ClearInterrupt
                0x00000000       0x14 .\CortexM0\ARM_GCC_541\Debug\LWO5.a(Pin_Latch.o)
 .text          0x00000000        0x0 .\CortexM0\ARM_GCC_541\Debug\LWO5.a(Pin_CLK.o)
 .data          0x00000000        0x0 .\CortexM0\ARM_GCC_541\Debug\LWO5.a(Pin_CLK.o)
 .bss           0x00000000        0x0 .\CortexM0\ARM_GCC_541\Debug\LWO5.a(Pin_CLK.o)
 .text.Pin_CLK_SetDriveMode
                0x00000000       0x18 .\CortexM0\ARM_GCC_541\Debug\LWO5.a(Pin_CLK.o)
 .text.Pin_CLK_Read
                0x00000000       0x10 .\CortexM0\ARM_GCC_541\Debug\LWO5.a(Pin_CLK.o)
 .text.Pin_CLK_ReadDataReg
                0x00000000       0x10 .\CortexM0\ARM_GCC_541\Debug\LWO5.a(Pin_CLK.o)
 .text.Pin_CLK_SetInterruptMode
                0x00000000       0x14 .\CortexM0\ARM_GCC_541\Debug\LWO5.a(Pin_CLK.o)
 .text.Pin_CLK_ClearInterrupt
                0x00000000       0x14 .\CortexM0\ARM_GCC_541\Debug\LWO5.a(Pin_CLK.o)
 .text          0x00000000        0x0 .\CortexM0\ARM_GCC_541\Debug\LWO5.a(Pin_DO.o)
 .data          0x00000000        0x0 .\CortexM0\ARM_GCC_541\Debug\LWO5.a(Pin_DO.o)
 .bss           0x00000000        0x0 .\CortexM0\ARM_GCC_541\Debug\LWO5.a(Pin_DO.o)
 .text.Pin_DO_SetDriveMode
                0x00000000       0x14 .\CortexM0\ARM_GCC_541\Debug\LWO5.a(Pin_DO.o)
 .text.Pin_DO_Read
                0x00000000       0x10 .\CortexM0\ARM_GCC_541\Debug\LWO5.a(Pin_DO.o)
 .text.Pin_DO_ReadDataReg
                0x00000000       0x10 .\CortexM0\ARM_GCC_541\Debug\LWO5.a(Pin_DO.o)
 .text.Pin_DO_SetInterruptMode
                0x00000000       0x14 .\CortexM0\ARM_GCC_541\Debug\LWO5.a(Pin_DO.o)
 .text.Pin_DO_ClearInterrupt
                0x00000000       0x10 .\CortexM0\ARM_GCC_541\Debug\LWO5.a(Pin_DO.o)
 .text          0x00000000        0x0 .\CortexM0\ARM_GCC_541\Debug\LWO5.a(Timer_Int.o)
 .data          0x00000000        0x0 .\CortexM0\ARM_GCC_541\Debug\LWO5.a(Timer_Int.o)
 .bss           0x00000000        0x0 .\CortexM0\ARM_GCC_541\Debug\LWO5.a(Timer_Int.o)
 .text.Timer_Int_Interrupt
                0x00000000        0x4 .\CortexM0\ARM_GCC_541\Debug\LWO5.a(Timer_Int.o)
 .text.Timer_Int_GetVector
                0x00000000        0xc .\CortexM0\ARM_GCC_541\Debug\LWO5.a(Timer_Int.o)
 .text.Timer_Int_GetPriority
                0x00000000       0x10 .\CortexM0\ARM_GCC_541\Debug\LWO5.a(Timer_Int.o)
 .text.Timer_Int_GetState
                0x00000000       0x10 .\CortexM0\ARM_GCC_541\Debug\LWO5.a(Timer_Int.o)
 .text.Timer_Int_Start
                0x00000000       0x1c .\CortexM0\ARM_GCC_541\Debug\LWO5.a(Timer_Int.o)
 .text.Timer_Int_Stop
                0x00000000       0x14 .\CortexM0\ARM_GCC_541\Debug\LWO5.a(Timer_Int.o)
 .text.Timer_Int_SetPending
                0x00000000        0xc .\CortexM0\ARM_GCC_541\Debug\LWO5.a(Timer_Int.o)
 .text.Timer_Int_ClearPending
                0x00000000        0xc .\CortexM0\ARM_GCC_541\Debug\LWO5.a(Timer_Int.o)
 .text          0x00000000        0x0 .\CortexM0\ARM_GCC_541\Debug\LWO5.a(Timer.o)
 .data          0x00000000        0x0 .\CortexM0\ARM_GCC_541\Debug\LWO5.a(Timer.o)
 .text.Timer_Stop
                0x00000000       0x10 .\CortexM0\ARM_GCC_541\Debug\LWO5.a(Timer.o)
 .text.Timer_SoftwareCapture
                0x00000000        0xc .\CortexM0\ARM_GCC_541\Debug\LWO5.a(Timer.o)
 .text.Timer_ReadControlRegister
                0x00000000        0xc .\CortexM0\ARM_GCC_541\Debug\LWO5.a(Timer.o)
 .text.Timer_WriteControlRegister
                0x00000000        0xc .\CortexM0\ARM_GCC_541\Debug\LWO5.a(Timer.o)
 .text.Timer_ReadPeriod
                0x00000000       0x10 .\CortexM0\ARM_GCC_541\Debug\LWO5.a(Timer.o)
 .text.Timer_ReadCounter
                0x00000000       0x18 .\CortexM0\ARM_GCC_541\Debug\LWO5.a(Timer.o)
 .data          0x00000000        0x0 .\CortexM0\ARM_GCC_541\Debug\LWO5.a(CyBootAsmGnu.o)
 .bss           0x00000000        0x0 .\CortexM0\ARM_GCC_541\Debug\LWO5.a(CyBootAsmGnu.o)
 .text          0x00000000        0x0 .\CortexM0\ARM_GCC_541\Debug\LWO5.a(cyutils.o)
 .data          0x00000000        0x0 .\CortexM0\ARM_GCC_541\Debug\LWO5.a(cyutils.o)
 .bss           0x00000000        0x0 .\CortexM0\ARM_GCC_541\Debug\LWO5.a(cyutils.o)
 .text          0x00000000      0x114 c:/program files (x86)/cypress/psoc creator/4.4/psoc creator/import/gnu/arm/5.4.1/bin/../lib/gcc/arm-none-eabi/5.4.1/armv6-m\libgcc.a(_udivsi3.o)
 .data          0x00000000        0x0 c:/program files (x86)/cypress/psoc creator/4.4/psoc creator/import/gnu/arm/5.4.1/bin/../lib/gcc/arm-none-eabi/5.4.1/armv6-m\libgcc.a(_udivsi3.o)
 .bss           0x00000000        0x0 c:/program files (x86)/cypress/psoc creator/4.4/psoc creator/import/gnu/arm/5.4.1/bin/../lib/gcc/arm-none-eabi/5.4.1/armv6-m\libgcc.a(_udivsi3.o)
 .text          0x00000000        0x4 c:/program files (x86)/cypress/psoc creator/4.4/psoc creator/import/gnu/arm/5.4.1/bin/../lib/gcc/arm-none-eabi/5.4.1/armv6-m\libgcc.a(_dvmd_tls.o)
 .data          0x00000000        0x0 c:/program files (x86)/cypress/psoc creator/4.4/psoc creator/import/gnu/arm/5.4.1/bin/../lib/gcc/arm-none-eabi/5.4.1/armv6-m\libgcc.a(_dvmd_tls.o)
 .bss           0x00000000        0x0 c:/program files (x86)/cypress/psoc creator/4.4/psoc creator/import/gnu/arm/5.4.1/bin/../lib/gcc/arm-none-eabi/5.4.1/armv6-m\libgcc.a(_dvmd_tls.o)
 .text          0x00000000        0x0 c:/program files (x86)/cypress/psoc creator/4.4/psoc creator/import/gnu/arm/5.4.1/bin/../lib/gcc/arm-none-eabi/5.4.1/../../../../arm-none-eabi/lib/armv6-m\libg_nano.a(lib_a-errno.o)
 .data          0x00000000        0x0 c:/program files (x86)/cypress/psoc creator/4.4/psoc creator/import/gnu/arm/5.4.1/bin/../lib/gcc/arm-none-eabi/5.4.1/../../../../arm-none-eabi/lib/armv6-m\libg_nano.a(lib_a-errno.o)
 .bss           0x00000000        0x0 c:/program files (x86)/cypress/psoc creator/4.4/psoc creator/import/gnu/arm/5.4.1/bin/../lib/gcc/arm-none-eabi/5.4.1/../../../../arm-none-eabi/lib/armv6-m\libg_nano.a(lib_a-errno.o)
 .text          0x00000000        0x0 c:/program files (x86)/cypress/psoc creator/4.4/psoc creator/import/gnu/arm/5.4.1/bin/../lib/gcc/arm-none-eabi/5.4.1/../../../../arm-none-eabi/lib/armv6-m\libg_nano.a(lib_a-exit.o)
 .data          0x00000000        0x0 c:/program files (x86)/cypress/psoc creator/4.4/psoc creator/import/gnu/arm/5.4.1/bin/../lib/gcc/arm-none-eabi/5.4.1/../../../../arm-none-eabi/lib/armv6-m\libg_nano.a(lib_a-exit.o)
 .bss           0x00000000        0x0 c:/program files (x86)/cypress/psoc creator/4.4/psoc creator/import/gnu/arm/5.4.1/bin/../lib/gcc/arm-none-eabi/5.4.1/../../../../arm-none-eabi/lib/armv6-m\libg_nano.a(lib_a-exit.o)
 .text.exit     0x00000000       0x2c c:/program files (x86)/cypress/psoc creator/4.4/psoc creator/import/gnu/arm/5.4.1/bin/../lib/gcc/arm-none-eabi/5.4.1/../../../../arm-none-eabi/lib/armv6-m\libg_nano.a(lib_a-exit.o)
 .text          0x00000000        0x0 c:/program files (x86)/cypress/psoc creator/4.4/psoc creator/import/gnu/arm/5.4.1/bin/../lib/gcc/arm-none-eabi/5.4.1/../../../../arm-none-eabi/lib/armv6-m\libg_nano.a(lib_a-impure.o)
 .data          0x00000000        0x0 c:/program files (x86)/cypress/psoc creator/4.4/psoc creator/import/gnu/arm/5.4.1/bin/../lib/gcc/arm-none-eabi/5.4.1/../../../../arm-none-eabi/lib/armv6-m\libg_nano.a(lib_a-impure.o)
 .bss           0x00000000        0x0 c:/program files (x86)/cypress/psoc creator/4.4/psoc creator/import/gnu/arm/5.4.1/bin/../lib/gcc/arm-none-eabi/5.4.1/../../../../arm-none-eabi/lib/armv6-m\libg_nano.a(lib_a-impure.o)
 .rodata._global_impure_ptr
                0x00000000        0x4 c:/program files (x86)/cypress/psoc creator/4.4/psoc creator/import/gnu/arm/5.4.1/bin/../lib/gcc/arm-none-eabi/5.4.1/../../../../arm-none-eabi/lib/armv6-m\libg_nano.a(lib_a-impure.o)
 .text          0x00000000        0x0 c:/program files (x86)/cypress/psoc creator/4.4/psoc creator/import/gnu/arm/5.4.1/bin/../lib/gcc/arm-none-eabi/5.4.1/../../../../arm-none-eabi/lib/armv6-m\libg_nano.a(lib_a-init.o)
 .data          0x00000000        0x0 c:/program files (x86)/cypress/psoc creator/4.4/psoc creator/import/gnu/arm/5.4.1/bin/../lib/gcc/arm-none-eabi/5.4.1/../../../../arm-none-eabi/lib/armv6-m\libg_nano.a(lib_a-init.o)
 .bss           0x00000000        0x0 c:/program files (x86)/cypress/psoc creator/4.4/psoc creator/import/gnu/arm/5.4.1/bin/../lib/gcc/arm-none-eabi/5.4.1/../../../../arm-none-eabi/lib/armv6-m\libg_nano.a(lib_a-init.o)
 .text          0x00000000        0x0 c:/program files (x86)/cypress/psoc creator/4.4/psoc creator/import/gnu/arm/5.4.1/bin/../lib/gcc/arm-none-eabi/5.4.1/../../../../arm-none-eabi/lib/armv6-m\libg_nano.a(lib_a-memcpy-stub.o)
 .data          0x00000000        0x0 c:/program files (x86)/cypress/psoc creator/4.4/psoc creator/import/gnu/arm/5.4.1/bin/../lib/gcc/arm-none-eabi/5.4.1/../../../../arm-none-eabi/lib/armv6-m\libg_nano.a(lib_a-memcpy-stub.o)
 .bss           0x00000000        0x0 c:/program files (x86)/cypress/psoc creator/4.4/psoc creator/import/gnu/arm/5.4.1/bin/../lib/gcc/arm-none-eabi/5.4.1/../../../../arm-none-eabi/lib/armv6-m\libg_nano.a(lib_a-memcpy-stub.o)
 .text          0x00000000        0x0 c:/program files (x86)/cypress/psoc creator/4.4/psoc creator/import/gnu/arm/5.4.1/bin/../lib/gcc/arm-none-eabi/5.4.1/../../../../arm-none-eabi/lib/armv6-m\libg_nano.a(lib_a-memset.o)
 .data          0x00000000        0x0 c:/program files (x86)/cypress/psoc creator/4.4/psoc creator/import/gnu/arm/5.4.1/bin/../lib/gcc/arm-none-eabi/5.4.1/../../../../arm-none-eabi/lib/armv6-m\libg_nano.a(lib_a-memset.o)
 .bss           0x00000000        0x0 c:/program files (x86)/cypress/psoc creator/4.4/psoc creator/import/gnu/arm/5.4.1/bin/../lib/gcc/arm-none-eabi/5.4.1/../../../../arm-none-eabi/lib/armv6-m\libg_nano.a(lib_a-memset.o)
 .text          0x00000000        0x0 c:/program files (x86)/cypress/psoc creator/4.4/psoc creator/import/gnu/arm/5.4.1/bin/../lib/gcc/arm-none-eabi/5.4.1/armv6-m/crtend.o
 .data          0x00000000        0x0 c:/program files (x86)/cypress/psoc creator/4.4/psoc creator/import/gnu/arm/5.4.1/bin/../lib/gcc/arm-none-eabi/5.4.1/armv6-m/crtend.o
 .bss           0x00000000        0x0 c:/program files (x86)/cypress/psoc creator/4.4/psoc creator/import/gnu/arm/5.4.1/bin/../lib/gcc/arm-none-eabi/5.4.1/armv6-m/crtend.o
 .text          0x00000000        0x0 c:/program files (x86)/cypress/psoc creator/4.4/psoc creator/import/gnu/arm/5.4.1/bin/../lib/gcc/arm-none-eabi/5.4.1/armv6-m/crtn.o
 .data          0x00000000        0x0 c:/program files (x86)/cypress/psoc creator/4.4/psoc creator/import/gnu/arm/5.4.1/bin/../lib/gcc/arm-none-eabi/5.4.1/armv6-m/crtn.o
 .bss           0x00000000        0x0 c:/program files (x86)/cypress/psoc creator/4.4/psoc creator/import/gnu/arm/5.4.1/bin/../lib/gcc/arm-none-eabi/5.4.1/armv6-m/crtn.o

Memory Configuration

Name             Origin             Length             Attributes
rom              0x00000000         0x00008000         xr
ram              0x20000000         0x00001000         xrw
*default*        0x00000000         0xffffffff

Linker script and memory map

LOAD c:/program files (x86)/cypress/psoc creator/4.4/psoc creator/import/gnu/arm/5.4.1/bin/../lib/gcc/arm-none-eabi/5.4.1/armv6-m/crti.o
LOAD c:/program files (x86)/cypress/psoc creator/4.4/psoc creator/import/gnu/arm/5.4.1/bin/../lib/gcc/arm-none-eabi/5.4.1/armv6-m/crtbegin.o
LOAD c:/program files (x86)/cypress/psoc creator/4.4/psoc creator/import/gnu/arm/5.4.1/bin/../lib/gcc/arm-none-eabi/5.4.1/../../../../arm-none-eabi/lib/armv6-m/crt0.o
START GROUP
LOAD .\CortexM0\ARM_GCC_541\Debug\main.o
LOAD .\CortexM0\ARM_GCC_541\Debug\cyfitter_cfg.o
LOAD .\CortexM0\ARM_GCC_541\Debug\cymetadata.o
LOAD .\CortexM0\ARM_GCC_541\Debug\Cm0Start.o
LOAD .\CortexM0\ARM_GCC_541\Debug\LWO5.a
END GROUP
START GROUP
LOAD c:/program files (x86)/cypress/psoc creator/4.4/psoc creator/import/gnu/arm/5.4.1/bin/../lib/gcc/arm-none-eabi/5.4.1/armv6-m\libgcc.a
LOAD c:/program files (x86)/cypress/psoc creator/4.4/psoc creator/import/gnu/arm/5.4.1/bin/../lib/gcc/arm-none-eabi/5.4.1/../../../../arm-none-eabi/lib/armv6-m\libg_nano.a
LOAD c:/program files (x86)/cypress/psoc creator/4.4/psoc creator/import/gnu/arm/5.4.1/bin/../lib/gcc/arm-none-eabi/5.4.1/../../../../arm-none-eabi/lib/armv6-m\libc_nano.a
END GROUP
START GROUP
LOAD c:/program files (x86)/cypress/psoc creator/4.4/psoc creator/import/gnu/arm/5.4.1/bin/../lib/gcc/arm-none-eabi/5.4.1/armv6-m\libgcc.a
LOAD c:/program files (x86)/cypress/psoc creator/4.4/psoc creator/import/gnu/arm/5.4.1/bin/../lib/gcc/arm-none-eabi/5.4.1/../../../../arm-none-eabi/lib/armv6-m\libc_nano.a
END GROUP
LOAD c:/program files (x86)/cypress/psoc creator/4.4/psoc creator/import/gnu/arm/5.4.1/bin/../lib/gcc/arm-none-eabi/5.4.1/armv6-m/crtend.o
LOAD c:/program files (x86)/cypress/psoc creator/4.4/psoc creator/import/gnu/arm/5.4.1/bin/../lib/gcc/arm-none-eabi/5.4.1/armv6-m/crtn.o
START GROUP
LOAD c:/program files (x86)/cypress/psoc creator/4.4/psoc creator/import/gnu/arm/5.4.1/bin/../lib/gcc/arm-none-eabi/5.4.1/armv6-m\libgcc.a
LOAD c:/program files (x86)/cypress/psoc creator/4.4/psoc creator/import/gnu/arm/5.4.1/bin/../lib/gcc/arm-none-eabi/5.4.1/../../../../arm-none-eabi/lib/armv6-m\libc.a
LOAD c:/program files (x86)/cypress/psoc creator/4.4/psoc creator/import/gnu/arm/5.4.1/bin/../lib/gcc/arm-none-eabi/5.4.1/../../../../arm-none-eabi/lib/armv6-m\libnosys.a
END GROUP
                0x00000000                CY_APPL_ORIGIN = 0x0
                0x00000080                CY_FLASH_ROW_SIZE = 0x80
                0x00000001                CY_APPL_NUM = 0x1
                0x00000001                CY_APPL_MAX = 0x1
                0x00000040                CY_METADATA_SIZE = 0x40
                0x00000000                CY_APPL_LOADABLE = 0x0
                0x00000000                CY_CHECKSUM_EXCLUDE_SIZE = ALIGN (0x0, CY_FLASH_ROW_SIZE)
                0x00000000                CY_APP_FOR_STACK_AND_COPIER = 0x0
                [!provide]                PROVIDE (__cy_heap_start, _end)
                0x00000001                PROVIDE (__cy_region_num, ((__cy_regions_end - __cy_regions) / 0x10))
                0x20001000                PROVIDE (__cy_stack, (ORIGIN (ram) + LENGTH (ram)))
                [!provide]                PROVIDE (__cy_heap_end, (__cy_stack - 0x400))

.cybootloader   0x00000000        0x0
 *(.cybootloader)
                0x00000000                appl1_start = CY_APPL_ORIGIN?CY_APPL_ORIGIN:ALIGN (CY_FLASH_ROW_SIZE)
                0x00003f80                appl2_start = (appl1_start + ALIGN ((((LENGTH (rom) - appl1_start) - (0x2 * CY_FLASH_ROW_SIZE)) / 0x2), CY_FLASH_ROW_SIZE))
                0x00000000                appl_start = (CY_APPL_NUM == 0x1)?appl1_start:appl2_start
                0x00000001                cy_project_type_bootloader = (appl_start == 0x0)?0x1:0x0
                0x00000000                cy_project_type_app_for_stack_and_copier = (CY_APP_FOR_STACK_AND_COPIER == 0x1)?0x1:0x0

.text           0x00000000      0xd06
 CREATE_OBJECT_SYMBOLS
                0x00000000                PROVIDE (__cy_interrupt_vector, RomVectors)
 *(.romvectors)
 .romvectors    0x00000000       0x10 .\CortexM0\ARM_GCC_541\Debug\Cm0Start.o
                0x00000000                RomVectors
                0x00000001                ASSERT ((. != __cy_interrupt_vector), No interrupt vector)
                0x00000001                ASSERT (CY_APPL_ORIGIN?(SIZEOF (.cybootloader) <= CY_APPL_ORIGIN):0x1, Wrong image location)
                0x00000010                PROVIDE (__cy_reset, Reset)
 *(.text.Reset)
 .text.Reset    0x00000010        0x8 .\CortexM0\ARM_GCC_541\Debug\Cm0Start.o
                0x00000010                Reset
                0x00000001                ASSERT ((. != __cy_reset), No reset code)
 *(.psocinit)
 .psocinit      0x00000018      0x168 .\CortexM0\ARM_GCC_541\Debug\cyfitter_cfg.o
                0x00000074                cyfitter_cfg
                0x00000180                . = MAX (., 0x100)
 *(.text .text.* .gnu.linkonce.t.*)
 .text          0x00000180       0x60 c:/program files (x86)/cypress/psoc creator/4.4/psoc creator/import/gnu/arm/5.4.1/bin/../lib/gcc/arm-none-eabi/5.4.1/armv6-m/crtbegin.o
 .text.cyclicDisplay
                0x000001e0       0x3c .\CortexM0\ARM_GCC_541\Debug\main.o
 .text.initMatrix
                0x0000021c       0x20 .\CortexM0\ARM_GCC_541\Debug\main.o
 .text.readMatrix
                0x0000023c       0x54 .\CortexM0\ARM_GCC_541\Debug\main.o
 .text.FourDigit74HC595_sendData
                0x00000290       0x34 .\CortexM0\ARM_GCC_541\Debug\main.o
 .text.FourDigit74HC595_sendOneDigit
                0x000002c4       0x58 .\CortexM0\ARM_GCC_541\Debug\main.o
 .text.Timer_Int_Handler2
                0x0000031c       0x50 .\CortexM0\ARM_GCC_541\Debug\main.o
                0x0000031c                Timer_Int_Handler2
 .text.showSuccessAnimation
                0x0000036c       0x60 .\CortexM0\ARM_GCC_541\Debug\main.o
 .text.showFailAnimation
                0x000003cc       0x64 .\CortexM0\ARM_GCC_541\Debug\main.o
 .text.checkPassword
                0x00000430       0x54 .\CortexM0\ARM_GCC_541\Debug\main.o
 .text.main     0x00000484      0x178 .\CortexM0\ARM_GCC_541\Debug\main.o
                0x00000484                main
 .text.cfg_write_bytes32
                0x000005fc       0x34 .\CortexM0\ARM_GCC_541\Debug\cyfitter_cfg.o
 .text.CYMEMZERO
                0x00000630        0xc .\CortexM0\ARM_GCC_541\Debug\cyfitter_cfg.o
 .text.IntDefaultHandler
                0x0000063c       0x10 .\CortexM0\ARM_GCC_541\Debug\Cm0Start.o
                0x0000063c                IntDefaultHandler
 .text.Start_c  0x0000064c       0x48 .\CortexM0\ARM_GCC_541\Debug\Cm0Start.o
                0x0000064c                Start_c
 .text.initialize_psoc
                0x00000694       0x40 .\CortexM0\ARM_GCC_541\Debug\Cm0Start.o
                0x00000694                initialize_psoc
 .text.CyIntEnable
                0x000006d4       0x14 .\CortexM0\ARM_GCC_541\Debug\LWO5.a(CyLib.o)
                0x000006d4                CyIntEnable
 .text.CyHalt   0x000006e8        0x4 .\CortexM0\ARM_GCC_541\Debug\LWO5.a(CyLib.o)
                0x000006e8                CyHalt
 .text.CyIntSetVector
                0x000006ec       0x24 .\CortexM0\ARM_GCC_541\Debug\LWO5.a(CyLib.o)
                0x000006ec                CyIntSetVector
 .text.CyDelay  0x00000710       0x30 .\CortexM0\ARM_GCC_541\Debug\LWO5.a(CyLib.o)
                0x00000710                CyDelay
 .text.CyDelayUs
                0x00000740       0x14 .\CortexM0\ARM_GCC_541\Debug\LWO5.a(CyLib.o)
                0x00000740                CyDelayUs
 .text.CySysClkWriteImoFreq
                0x00000754      0x164 .\CortexM0\ARM_GCC_541\Debug\LWO5.a(CyLib.o)
                0x00000754                CySysClkWriteImoFreq
 .text.CySysWdtLocked
                0x000008b8       0x14 .\CortexM0\ARM_GCC_541\Debug\LWO5.a(CyLFClk.o)
 .text.CySysWdtLock
                0x000008cc       0x1c .\CortexM0\ARM_GCC_541\Debug\LWO5.a(CyLFClk.o)
                0x000008cc                CySysWdtLock
 .text.CySysWdtUnlock
                0x000008e8       0x30 .\CortexM0\ARM_GCC_541\Debug\LWO5.a(CyLFClk.o)
                0x000008e8                CySysWdtUnlock
 .text.CySysWdtClearInterrupt
                0x00000918       0x4c .\CortexM0\ARM_GCC_541\Debug\LWO5.a(CyLFClk.o)
                0x00000918                CySysWdtClearInterrupt
 .text.CySysWdtIsr
                0x00000964       0xa4 .\CortexM0\ARM_GCC_541\Debug\LWO5.a(CyLFClk.o)
                0x00000964                CySysWdtIsr
 .text.COLUMN_0_SetDriveMode
                0x00000a08       0x14 .\CortexM0\ARM_GCC_541\Debug\LWO5.a(COLUMN_0.o)
                0x00000a08                COLUMN_0_SetDriveMode
 .text.COLUMN_0_Write
                0x00000a1c       0x18 .\CortexM0\ARM_GCC_541\Debug\LWO5.a(COLUMN_0.o)
                0x00000a1c                COLUMN_0_Write
 .text.COLUMN_1_SetDriveMode
                0x00000a34       0x14 .\CortexM0\ARM_GCC_541\Debug\LWO5.a(COLUMN_1.o)
                0x00000a34                COLUMN_1_SetDriveMode
 .text.COLUMN_1_Write
                0x00000a48       0x18 .\CortexM0\ARM_GCC_541\Debug\LWO5.a(COLUMN_1.o)
                0x00000a48                COLUMN_1_Write
 .text.COLUMN_2_SetDriveMode
                0x00000a60       0x14 .\CortexM0\ARM_GCC_541\Debug\LWO5.a(COLUMN_2.o)
                0x00000a60                COLUMN_2_SetDriveMode
 .text.COLUMN_2_Write
                0x00000a74       0x18 .\CortexM0\ARM_GCC_541\Debug\LWO5.a(COLUMN_2.o)
                0x00000a74                COLUMN_2_Write
 .text.ROW_0_Read
                0x00000a8c       0x10 .\CortexM0\ARM_GCC_541\Debug\LWO5.a(ROW_0.o)
                0x00000a8c                ROW_0_Read
 .text.ROW_1_Read
                0x00000a9c       0x10 .\CortexM0\ARM_GCC_541\Debug\LWO5.a(ROW_1.o)
                0x00000a9c                ROW_1_Read
 .text.ROW_2_Read
                0x00000aac       0x10 .\CortexM0\ARM_GCC_541\Debug\LWO5.a(ROW_2.o)
                0x00000aac                ROW_2_Read
 .text.ROW_3_Read
                0x00000abc       0x10 .\CortexM0\ARM_GCC_541\Debug\LWO5.a(ROW_3.o)
                0x00000abc                ROW_3_Read
 .text.Pin_Latch_Write
                0x00000acc       0x18 .\CortexM0\ARM_GCC_541\Debug\LWO5.a(Pin_Latch.o)
                0x00000acc                Pin_Latch_Write
 .text.Pin_CLK_Write
                0x00000ae4       0x18 .\CortexM0\ARM_GCC_541\Debug\LWO5.a(Pin_CLK.o)
                0x00000ae4                Pin_CLK_Write
 .text.Pin_DO_Write
                0x00000afc       0x18 .\CortexM0\ARM_GCC_541\Debug\LWO5.a(Pin_DO.o)
                0x00000afc                Pin_DO_Write
 .text.Timer_Int_SetVector
                0x00000b14        0xc .\CortexM0\ARM_GCC_541\Debug\LWO5.a(Timer_Int.o)
                0x00000b14                Timer_Int_SetVector
 .text.Timer_Int_SetPriority
                0x00000b20       0x20 .\CortexM0\ARM_GCC_541\Debug\LWO5.a(Timer_Int.o)
                0x00000b20                Timer_Int_SetPriority
 .text.Timer_Int_Enable
                0x00000b40        0xc .\CortexM0\ARM_GCC_541\Debug\LWO5.a(Timer_Int.o)
                0x00000b40                Timer_Int_Enable
 .text.Timer_Int_Disable
                0x00000b4c        0xc .\CortexM0\ARM_GCC_541\Debug\LWO5.a(Timer_Int.o)
                0x00000b4c                Timer_Int_Disable
 .text.Timer_Int_StartEx
                0x00000b58       0x1c .\CortexM0\ARM_GCC_541\Debug\LWO5.a(Timer_Int.o)
                0x00000b58                Timer_Int_StartEx
 .text.Timer_Enable
                0x00000b74       0x14 .\CortexM0\ARM_GCC_541\Debug\LWO5.a(Timer.o)
                0x00000b74                Timer_Enable
 .text.Timer_SetInterruptMode
                0x00000b88        0xc .\CortexM0\ARM_GCC_541\Debug\LWO5.a(Timer.o)
                0x00000b88                Timer_SetInterruptMode
 .text.Timer_ReadStatusRegister
                0x00000b94        0xc .\CortexM0\ARM_GCC_541\Debug\LWO5.a(Timer.o)
                0x00000b94                Timer_ReadStatusRegister
 .text.Timer_WritePeriod
                0x00000ba0       0x10 .\CortexM0\ARM_GCC_541\Debug\LWO5.a(Timer.o)
                0x00000ba0                Timer_WritePeriod
 .text.Timer_ReadCapture
                0x00000bb0       0x10 .\CortexM0\ARM_GCC_541\Debug\LWO5.a(Timer.o)
                0x00000bb0                Timer_ReadCapture
 .text.Timer_WriteCounter
                0x00000bc0       0x10 .\CortexM0\ARM_GCC_541\Debug\LWO5.a(Timer.o)
                0x00000bc0                Timer_WriteCounter
 .text.Timer_ClearFIFO
                0x00000bd0       0x14 .\CortexM0\ARM_GCC_541\Debug\LWO5.a(Timer.o)
                0x00000bd0                Timer_ClearFIFO
 .text.Timer_Init
                0x00000be4       0x38 .\CortexM0\ARM_GCC_541\Debug\LWO5.a(Timer.o)
                0x00000be4                Timer_Init
 .text.Timer_Start
                0x00000c1c       0x20 .\CortexM0\ARM_GCC_541\Debug\LWO5.a(Timer.o)
                0x00000c1c                Timer_Start
 *fill*         0x00000c3c        0x4 
 .text          0x00000c40       0x24 .\CortexM0\ARM_GCC_541\Debug\LWO5.a(CyBootAsmGnu.o)
                0x00000c40                CyDelayCycles
                0x00000c54                CyEnterCriticalSection
                0x00000c5c                CyExitCriticalSection
 .text.CySetReg24
                0x00000c64       0x14 .\CortexM0\ARM_GCC_541\Debug\LWO5.a(cyutils.o)
                0x00000c64                CySetReg24
 .text.CyGetReg24
                0x00000c78       0x14 .\CortexM0\ARM_GCC_541\Debug\LWO5.a(cyutils.o)
                0x00000c78                CyGetReg24
 .text.__errno  0x00000c8c        0xc c:/program files (x86)/cypress/psoc creator/4.4/psoc creator/import/gnu/arm/5.4.1/bin/../lib/gcc/arm-none-eabi/5.4.1/../../../../arm-none-eabi/lib/armv6-m\libg_nano.a(lib_a-errno.o)
                0x00000c8c                __errno
 .text.__libc_init_array
                0x00000c98       0x4c c:/program files (x86)/cypress/psoc creator/4.4/psoc creator/import/gnu/arm/5.4.1/bin/../lib/gcc/arm-none-eabi/5.4.1/../../../../arm-none-eabi/lib/armv6-m\libg_nano.a(lib_a-init.o)
                0x00000c98                __libc_init_array
 .text.memcpy   0x00000ce4       0x12 c:/program files (x86)/cypress/psoc creator/4.4/psoc creator/import/gnu/arm/5.4.1/bin/../lib/gcc/arm-none-eabi/5.4.1/../../../../arm-none-eabi/lib/armv6-m\libg_nano.a(lib_a-memcpy-stub.o)
                0x00000ce4                memcpy
 .text.memset   0x00000cf6       0x10 c:/program files (x86)/cypress/psoc creator/4.4/psoc creator/import/gnu/arm/5.4.1/bin/../lib/gcc/arm-none-eabi/5.4.1/../../../../arm-none-eabi/lib/armv6-m\libg_nano.a(lib_a-memset.o)
                0x00000cf6                memset
 *(.plt)
 *(.gnu.warning)
 *(.glue_7t)
 .glue_7t       0x00000d06        0x0 linker stubs
 *(.glue_7)
 .glue_7        0x00000d06        0x0 linker stubs
 *(.vfp11_veneer)
 .vfp11_veneer  0x00000d06        0x0 linker stubs
 *(.bootloader)
 *(.ARM.extab* .gnu.linkonce.armextab.*)
 *(.gcc_except_table)

.v4_bx          0x00000d08        0x0
 .v4_bx         0x00000d08        0x0 linker stubs

.iplt           0x00000d08        0x0
 .iplt          0x00000d08        0x0 c:/program files (x86)/cypress/psoc creator/4.4/psoc creator/import/gnu/arm/5.4.1/bin/../lib/gcc/arm-none-eabi/5.4.1/armv6-m/crtbegin.o

.eh_frame_hdr
 *(.eh_frame_hdr)

.eh_frame       0x00000d08        0x4
 *(.eh_frame)
 .eh_frame      0x00000d08        0x0 c:/program files (x86)/cypress/psoc creator/4.4/psoc creator/import/gnu/arm/5.4.1/bin/../lib/gcc/arm-none-eabi/5.4.1/armv6-m/crtbegin.o
 .eh_frame      0x00000d08        0x4 c:/program files (x86)/cypress/psoc creator/4.4/psoc creator/import/gnu/arm/5.4.1/bin/../lib/gcc/arm-none-eabi/5.4.1/armv6-m/crtend.o
                [!provide]                PROVIDE (__exidx_start, .)

.ARM.exidx
 *(.ARM.exidx* .gnu.linkonce.armexidx.*)
                0x00000d0c                __exidx_end = .

.rodata         0x00000d0c      0x1b4
 *(.rodata .rodata.* .gnu.linkonce.r.*)
 .rodata        0x00000d0c       0x48 .\CortexM0\ARM_GCC_541\Debug\main.o
 .rodata        0x00000d54      0x104 .\CortexM0\ARM_GCC_541\Debug\cyfitter_cfg.o
 .rodata        0x00000e58       0x2e .\CortexM0\ARM_GCC_541\Debug\LWO5.a(CyLib.o)
                0x00000e58                cyImoFreqMhz2Reg
 .rodata.str1.1
                0x00000e86        0x2 c:/program files (x86)/cypress/psoc creator/4.4/psoc creator/import/gnu/arm/5.4.1/bin/../lib/gcc/arm-none-eabi/5.4.1/../../../../arm-none-eabi/lib/armv6-m\libg_nano.a(lib_a-impure.o)
                0x00000e88                . = ALIGN (0x4)
 *(.init)
 .init          0x00000e88        0x4 c:/program files (x86)/cypress/psoc creator/4.4/psoc creator/import/gnu/arm/5.4.1/bin/../lib/gcc/arm-none-eabi/5.4.1/armv6-m/crti.o
                0x00000e88                _init
 .init          0x00000e8c        0x8 c:/program files (x86)/cypress/psoc creator/4.4/psoc creator/import/gnu/arm/5.4.1/bin/../lib/gcc/arm-none-eabi/5.4.1/armv6-m/crtn.o
                0x00000e94                . = ALIGN (0x4)
                0x00000e94                __preinit_array_start = .
 *(.preinit_array)
                0x00000e94                __preinit_array_end = .
                0x00000e94                . = ALIGN (0x4)
                0x00000e94                __init_array_start = .
 *(SORT(.init_array.*))
 *(.init_array)
 .init_array    0x00000e94        0x4 c:/program files (x86)/cypress/psoc creator/4.4/psoc creator/import/gnu/arm/5.4.1/bin/../lib/gcc/arm-none-eabi/5.4.1/armv6-m/crtbegin.o
 .init_array    0x00000e98        0x4 .\CortexM0\ARM_GCC_541\Debug\Cm0Start.o
                0x00000e9c                __init_array_end = .
                0x00000e9c                . = ALIGN (0x4)
 *(.fini)
 .fini          0x00000e9c        0x4 c:/program files (x86)/cypress/psoc creator/4.4/psoc creator/import/gnu/arm/5.4.1/bin/../lib/gcc/arm-none-eabi/5.4.1/armv6-m/crti.o
                0x00000e9c                _fini
 .fini          0x00000ea0        0x8 c:/program files (x86)/cypress/psoc creator/4.4/psoc creator/import/gnu/arm/5.4.1/bin/../lib/gcc/arm-none-eabi/5.4.1/armv6-m/crtn.o
                0x00000ea8                . = ALIGN (0x4)
                0x00000ea8                __fini_array_start = .
 *(.fini_array)
 .fini_array    0x00000ea8        0x4 c:/program files (x86)/cypress/psoc creator/4.4/psoc creator/import/gnu/arm/5.4.1/bin/../lib/gcc/arm-none-eabi/5.4.1/armv6-m/crtbegin.o
 *(SORT(.fini_array.*))
                0x00000eac                __fini_array_end = .
                0x00000eac                . = ALIGN (0x4)
 *crtbegin.o(.ctors)
 *(EXCLUDE_FILE(*crtend.o) .ctors)
 *(SORT(.ctors.*))
 *crtend.o(.ctors)
                0x00000eac                . = ALIGN (0x4)
 *crtbegin.o(.dtors)
 *(EXCLUDE_FILE(*crtend.o) .dtors)
 *(SORT(.dtors.*))
 *crtend.o(.dtors)
                0x00000eac                . = ALIGN (0x4)
                0x00000eac                __cy_regions = .
                0x00000eac        0x4 LONG 0xec0 __cy_region_init_ram
                0x00000eb0        0x4 LONG 0x200000c0 __cy_region_start_data
                0x00000eb4        0x4 LONG 0x98 __cy_region_init_size_ram
                0x00000eb8        0x4 LONG 0x50 __cy_region_zero_size_ram
                0x00000ebc                __cy_regions_end = .
                0x00000ec0                . = ALIGN (0x8)
 *fill*         0x00000ebc        0x4 
                0x00000ec0                _etext = .

.cy_checksum_exclude
                0x00000ec0        0x0
 *(.cy_checksum_exclude)

.ramvectors     0x20000000       0xc0
                0x20000000                __cy_region_start_ram = .
 *(.ramvectors)
 .ramvectors    0x20000000       0xc0 .\CortexM0\ARM_GCC_541\Debug\Cm0Start.o
                0x20000000                CyRamVectors

.noinit
 *(.noinit)

.data           0x200000c0       0x98 load address 0x00000ec0
                0x200000c0                __cy_region_start_data = .
 *(.jcr)
 .jcr           0x200000c0        0x0 c:/program files (x86)/cypress/psoc creator/4.4/psoc creator/import/gnu/arm/5.4.1/bin/../lib/gcc/arm-none-eabi/5.4.1/armv6-m/crtbegin.o
 .jcr           0x200000c0        0x4 c:/program files (x86)/cypress/psoc creator/4.4/psoc creator/import/gnu/arm/5.4.1/bin/../lib/gcc/arm-none-eabi/5.4.1/armv6-m/crtend.o
 *(.got.plt)
 *(.got)
 *(.shdata)
 *(.data .data.* .gnu.linkonce.d.*)
 .data          0x200000c4       0x14 .\CortexM0\ARM_GCC_541\Debug\main.o
 .data          0x200000d8       0x14 .\CortexM0\ARM_GCC_541\Debug\LWO5.a(CyLib.o)
                0x200000d8                CySysClkPumpConfig
                0x200000dc                cydelay32kMs
                0x200000e0                cydelayFreqKhz
                0x200000e4                cydelayFreqMhz
                0x200000e8                cydelayFreqHz
 .data          0x200000ec        0x4 .\CortexM0\ARM_GCC_541\Debug\LWO5.a(CyLFClk.o)
 .data.impure_data
                0x200000f0       0x60 c:/program files (x86)/cypress/psoc creator/4.4/psoc creator/import/gnu/arm/5.4.1/bin/../lib/gcc/arm-none-eabi/5.4.1/../../../../arm-none-eabi/lib/armv6-m\libg_nano.a(lib_a-impure.o)
 .data._impure_ptr
                0x20000150        0x4 c:/program files (x86)/cypress/psoc creator/4.4/psoc creator/import/gnu/arm/5.4.1/bin/../lib/gcc/arm-none-eabi/5.4.1/../../../../arm-none-eabi/lib/armv6-m\libg_nano.a(lib_a-impure.o)
                0x20000150                _impure_ptr
                0x20000158                . = ALIGN (0x8)
 *fill*         0x20000154        0x4 
 *(.ram)
                0x20000158                _edata = .

.igot.plt       0x20000158        0x0 load address 0x00000f58
 .igot.plt      0x20000158        0x0 c:/program files (x86)/cypress/psoc creator/4.4/psoc creator/import/gnu/arm/5.4.1/bin/../lib/gcc/arm-none-eabi/5.4.1/armv6-m/crtbegin.o

.bss            0x20000158       0x50 load address 0x00000f58
                0x20000158                PROVIDE (__bss_start__, .)
 *(.shbss)
 *(.bss .bss.* .gnu.linkonce.b.*)
 .bss           0x20000158       0x1c c:/program files (x86)/cypress/psoc creator/4.4/psoc creator/import/gnu/arm/5.4.1/bin/../lib/gcc/arm-none-eabi/5.4.1/armv6-m/crtbegin.o
 .bss           0x20000174        0xd .\CortexM0\ARM_GCC_541\Debug\main.o
 *fill*         0x20000181        0x3 
 .bss           0x20000184       0x20 .\CortexM0\ARM_GCC_541\Debug\LWO5.a(CyLFClk.o)
 .bss           0x200001a4        0x1 .\CortexM0\ARM_GCC_541\Debug\LWO5.a(Timer.o)
                0x200001a4                Timer_initVar
 *(COMMON)
                0x200001a8                . = ALIGN (0x8)
 *fill*         0x200001a5        0x3 
 *(.ram.b)
                0x200001a8                _end = .
                0x200001a8                __end = .
                0x200001a8                PROVIDE (end, .)
                0x200001a8                PROVIDE (__bss_end__, .)
                0x00000ec0                __cy_region_init_ram = LOADADDR (.data)
                0x00000098                __cy_region_init_size_ram = (_edata - ADDR (.data))
                0x00000050                __cy_region_zero_size_ram = (_end - _edata)

.heap           0x200001a8       0x80 load address 0x00000f58
                0x200001a8                . = _end
                0x20000228                . = (. + 0x80)
 *fill*         0x200001a8       0x80 
                0x20000228                __cy_heap_limit = .

.stack          0x20000c00      0x400
                0x20000c00                __cy_stack_limit = .
                0x20001000                . = (. + 0x400)
 *fill*         0x20000c00      0x400 
                0x00000001                ASSERT ((__cy_stack_limit >= __cy_heap_limit), region RAM overflowed with stack)
                0x00000000                cy_checksum_exclude_size = (CY_APPL_LOADABLE == 0x1)?SIZEOF (.cy_checksum_exclude):0x0
                0x00000001                ASSERT ((cy_checksum_exclude_size <= CY_CHECKSUM_EXCLUDE_SIZE), CY_BOOT: Section .cy_checksum_exclude size exceedes specified limit.)
                0x00007fc0                cyloadermeta_start = (cy_project_type_bootloader || cy_project_type_app_for_stack_and_copier)?(LENGTH (rom) - CY_METADATA_SIZE):0xf0000000

.cyloadermeta
 *(.cyloadermeta)
                0x00007fc0                cyloadablemeta_start = cy_project_type_app_for_stack_and_copier?((LENGTH (rom) - CY_FLASH_ROW_SIZE) - CY_METADATA_SIZE):((LENGTH (rom) - (CY_FLASH_ROW_SIZE * (CY_APPL_NUM - 0x1))) - CY_METADATA_SIZE)

.cyloadablemeta
 *(.cyloadablemeta)

.cyflashprotect
                0x90400000       0x20
 *(.cyflashprotect)
 .cyflashprotect
                0x90400000       0x20 .\CortexM0\ARM_GCC_541\Debug\cymetadata.o
                0x90400000                cy_meta_flashprotect

.cymeta         0x90500000        0xc
 *(.cymeta)
 .cymeta        0x90500000        0xc .\CortexM0\ARM_GCC_541\Debug\cymetadata.o
                0x90500000                cy_metadata

.cychipprotect  0x90600000        0x1
 *(.cychipprotect)
 .cychipprotect
                0x90600000        0x1 .\CortexM0\ARM_GCC_541\Debug\cymetadata.o
                0x90600000                cy_meta_chipprotect

.rel.dyn        0x00000f58        0x0 load address 0x90600004
 .rel.iplt      0x00000f58        0x0 c:/program files (x86)/cypress/psoc creator/4.4/psoc creator/import/gnu/arm/5.4.1/bin/../lib/gcc/arm-none-eabi/5.4.1/armv6-m/crtbegin.o

.stab
 *(.stab)

.stabstr
 *(.stabstr)

.debug
 *(.debug)

.line
 *(.line)

.debug_srcinfo
 *(.debug_srcinfo)

.debug_sfnames
 *(.debug_sfnames)

.debug_aranges  0x00000000      0x7e0
 *(.debug_aranges)
 .debug_aranges
                0x00000000       0x68 .\CortexM0\ARM_GCC_541\Debug\main.o
 .debug_aranges
                0x00000068       0x38 .\CortexM0\ARM_GCC_541\Debug\cyfitter_cfg.o
 .debug_aranges
                0x000000a0       0x18 .\CortexM0\ARM_GCC_541\Debug\cymetadata.o
 .debug_aranges
                0x000000b8       0x48 .\CortexM0\ARM_GCC_541\Debug\Cm0Start.o
 .debug_aranges
                0x00000100      0x180 .\CortexM0\ARM_GCC_541\Debug\LWO5.a(CyLib.o)
 .debug_aranges
                0x00000280      0x138 .\CortexM0\ARM_GCC_541\Debug\LWO5.a(CyLFClk.o)
 .debug_aranges
                0x000003b8       0x48 .\CortexM0\ARM_GCC_541\Debug\LWO5.a(COLUMN_0.o)
 .debug_aranges
                0x00000400       0x48 .\CortexM0\ARM_GCC_541\Debug\LWO5.a(COLUMN_1.o)
 .debug_aranges
                0x00000448       0x48 .\CortexM0\ARM_GCC_541\Debug\LWO5.a(COLUMN_2.o)
 .debug_aranges
                0x00000490       0x48 .\CortexM0\ARM_GCC_541\Debug\LWO5.a(ROW_0.o)
 .debug_aranges
                0x000004d8       0x48 .\CortexM0\ARM_GCC_541\Debug\LWO5.a(ROW_1.o)
 .debug_aranges
                0x00000520       0x48 .\CortexM0\ARM_GCC_541\Debug\LWO5.a(ROW_2.o)
 .debug_aranges
                0x00000568       0x48 .\CortexM0\ARM_GCC_541\Debug\LWO5.a(ROW_3.o)
 .debug_aranges
                0x000005b0       0x48 .\CortexM0\ARM_GCC_541\Debug\LWO5.a(Pin_Latch.o)
 .debug_aranges
                0x000005f8       0x48 .\CortexM0\ARM_GCC_541\Debug\LWO5.a(Pin_CLK.o)
 .debug_aranges
                0x00000640       0x48 .\CortexM0\ARM_GCC_541\Debug\LWO5.a(Pin_DO.o)
 .debug_aranges
                0x00000688       0x80 .\CortexM0\ARM_GCC_541\Debug\LWO5.a(Timer_Int.o)
 .debug_aranges
                0x00000708       0x90 .\CortexM0\ARM_GCC_541\Debug\LWO5.a(Timer.o)
 .debug_aranges
                0x00000798       0x20 .\CortexM0\ARM_GCC_541\Debug\LWO5.a(CyBootAsmGnu.o)
 .debug_aranges
                0x000007b8       0x28 .\CortexM0\ARM_GCC_541\Debug\LWO5.a(cyutils.o)

.debug_pubnames
 *(.debug_pubnames)

.debug_info     0x00000000     0x408b
 *(.debug_info .gnu.linkonce.wi.*)
 .debug_info    0x00000000      0x7ec .\CortexM0\ARM_GCC_541\Debug\main.o
 .debug_info    0x000007ec      0x3a0 .\CortexM0\ARM_GCC_541\Debug\cyfitter_cfg.o
 .debug_info    0x00000b8c       0xf8 .\CortexM0\ARM_GCC_541\Debug\cymetadata.o
 .debug_info    0x00000c84      0x3a2 .\CortexM0\ARM_GCC_541\Debug\Cm0Start.o
 .debug_info    0x00001026      0xaed .\CortexM0\ARM_GCC_541\Debug\LWO5.a(CyLib.o)
 .debug_info    0x00001b13      0xcfe .\CortexM0\ARM_GCC_541\Debug\LWO5.a(CyLFClk.o)
 .debug_info    0x00002811      0x19b .\CortexM0\ARM_GCC_541\Debug\LWO5.a(COLUMN_0.o)
 .debug_info    0x000029ac      0x19d .\CortexM0\ARM_GCC_541\Debug\LWO5.a(COLUMN_1.o)
 .debug_info    0x00002b49      0x19b .\CortexM0\ARM_GCC_541\Debug\LWO5.a(COLUMN_2.o)
 .debug_info    0x00002ce4      0x19d .\CortexM0\ARM_GCC_541\Debug\LWO5.a(ROW_0.o)
 .debug_info    0x00002e81      0x19d .\CortexM0\ARM_GCC_541\Debug\LWO5.a(ROW_1.o)
 .debug_info    0x0000301e      0x19d .\CortexM0\ARM_GCC_541\Debug\LWO5.a(ROW_2.o)
 .debug_info    0x000031bb      0x19d .\CortexM0\ARM_GCC_541\Debug\LWO5.a(ROW_3.o)
 .debug_info    0x00003358      0x19d .\CortexM0\ARM_GCC_541\Debug\LWO5.a(Pin_Latch.o)
 .debug_info    0x000034f5      0x19d .\CortexM0\ARM_GCC_541\Debug\LWO5.a(Pin_CLK.o)
 .debug_info    0x00003692      0x19b .\CortexM0\ARM_GCC_541\Debug\LWO5.a(Pin_DO.o)
 .debug_info    0x0000382d      0x305 .\CortexM0\ARM_GCC_541\Debug\LWO5.a(Timer_Int.o)
 .debug_info    0x00003b32      0x386 .\CortexM0\ARM_GCC_541\Debug\LWO5.a(Timer.o)
 .debug_info    0x00003eb8       0x88 .\CortexM0\ARM_GCC_541\Debug\LWO5.a(CyBootAsmGnu.o)
 .debug_info    0x00003f40      0x14b .\CortexM0\ARM_GCC_541\Debug\LWO5.a(cyutils.o)

.debug_abbrev   0x00000000     0x1539
 *(.debug_abbrev)
 .debug_abbrev  0x00000000      0x1e4 .\CortexM0\ARM_GCC_541\Debug\main.o
 .debug_abbrev  0x000001e4      0x199 .\CortexM0\ARM_GCC_541\Debug\cyfitter_cfg.o
 .debug_abbrev  0x0000037d       0x5d .\CortexM0\ARM_GCC_541\Debug\cymetadata.o
 .debug_abbrev  0x000003da      0x1d7 .\CortexM0\ARM_GCC_541\Debug\Cm0Start.o
 .debug_abbrev  0x000005b1      0x1d3 .\CortexM0\ARM_GCC_541\Debug\LWO5.a(CyLib.o)
 .debug_abbrev  0x00000784      0x210 .\CortexM0\ARM_GCC_541\Debug\LWO5.a(CyLFClk.o)
 .debug_abbrev  0x00000994       0xc8 .\CortexM0\ARM_GCC_541\Debug\LWO5.a(COLUMN_0.o)
 .debug_abbrev  0x00000a5c       0xc8 .\CortexM0\ARM_GCC_541\Debug\LWO5.a(COLUMN_1.o)
 .debug_abbrev  0x00000b24       0xc8 .\CortexM0\ARM_GCC_541\Debug\LWO5.a(COLUMN_2.o)
 .debug_abbrev  0x00000bec       0xc8 .\CortexM0\ARM_GCC_541\Debug\LWO5.a(ROW_0.o)
 .debug_abbrev  0x00000cb4       0xc8 .\CortexM0\ARM_GCC_541\Debug\LWO5.a(ROW_1.o)
 .debug_abbrev  0x00000d7c       0xc8 .\CortexM0\ARM_GCC_541\Debug\LWO5.a(ROW_2.o)
 .debug_abbrev  0x00000e44       0xc8 .\CortexM0\ARM_GCC_541\Debug\LWO5.a(ROW_3.o)
 .debug_abbrev  0x00000f0c       0xc8 .\CortexM0\ARM_GCC_541\Debug\LWO5.a(Pin_Latch.o)
 .debug_abbrev  0x00000fd4       0xc8 .\CortexM0\ARM_GCC_541\Debug\LWO5.a(Pin_CLK.o)
 .debug_abbrev  0x0000109c       0xc8 .\CortexM0\ARM_GCC_541\Debug\LWO5.a(Pin_DO.o)
 .debug_abbrev  0x00001164      0x19a .\CortexM0\ARM_GCC_541\Debug\LWO5.a(Timer_Int.o)
 .debug_abbrev  0x000012fe      0x167 .\CortexM0\ARM_GCC_541\Debug\LWO5.a(Timer.o)
 .debug_abbrev  0x00001465       0x14 .\CortexM0\ARM_GCC_541\Debug\LWO5.a(CyBootAsmGnu.o)
 .debug_abbrev  0x00001479       0xc0 .\CortexM0\ARM_GCC_541\Debug\LWO5.a(cyutils.o)

.debug_line     0x00000000     0x1cfe
 *(.debug_line)
 .debug_line    0x00000000      0x44a .\CortexM0\ARM_GCC_541\Debug\main.o
 .debug_line    0x0000044a      0x162 .\CortexM0\ARM_GCC_541\Debug\cyfitter_cfg.o
 .debug_line    0x000005ac      0x141 .\CortexM0\ARM_GCC_541\Debug\cymetadata.o
 .debug_line    0x000006ed      0x235 .\CortexM0\ARM_GCC_541\Debug\Cm0Start.o
 .debug_line    0x00000922      0x460 .\CortexM0\ARM_GCC_541\Debug\LWO5.a(CyLib.o)
 .debug_line    0x00000d82      0x466 .\CortexM0\ARM_GCC_541\Debug\LWO5.a(CyLFClk.o)
 .debug_line    0x000011e8       0xbf .\CortexM0\ARM_GCC_541\Debug\LWO5.a(COLUMN_0.o)
 .debug_line    0x000012a7       0xc0 .\CortexM0\ARM_GCC_541\Debug\LWO5.a(COLUMN_1.o)
 .debug_line    0x00001367       0xbf .\CortexM0\ARM_GCC_541\Debug\LWO5.a(COLUMN_2.o)
 .debug_line    0x00001426       0xbd .\CortexM0\ARM_GCC_541\Debug\LWO5.a(ROW_0.o)
 .debug_line    0x000014e3       0xbd .\CortexM0\ARM_GCC_541\Debug\LWO5.a(ROW_1.o)
 .debug_line    0x000015a0       0xbd .\CortexM0\ARM_GCC_541\Debug\LWO5.a(ROW_2.o)
 .debug_line    0x0000165d       0xbd .\CortexM0\ARM_GCC_541\Debug\LWO5.a(ROW_3.o)
 .debug_line    0x0000171a       0xc1 .\CortexM0\ARM_GCC_541\Debug\LWO5.a(Pin_Latch.o)
 .debug_line    0x000017db       0xbf .\CortexM0\ARM_GCC_541\Debug\LWO5.a(Pin_CLK.o)
 .debug_line    0x0000189a       0xbd .\CortexM0\ARM_GCC_541\Debug\LWO5.a(Pin_DO.o)
 .debug_line    0x00001957      0x151 .\CortexM0\ARM_GCC_541\Debug\LWO5.a(Timer_Int.o)
 .debug_line    0x00001aa8      0x179 .\CortexM0\ARM_GCC_541\Debug\LWO5.a(Timer.o)
 .debug_line    0x00001c21       0x69 .\CortexM0\ARM_GCC_541\Debug\LWO5.a(CyBootAsmGnu.o)
 .debug_line    0x00001c8a       0x74 .\CortexM0\ARM_GCC_541\Debug\LWO5.a(cyutils.o)

.debug_frame    0x00000000     0x11dc
 *(.debug_frame)
 .debug_frame   0x00000000      0x130 .\CortexM0\ARM_GCC_541\Debug\main.o
 .debug_frame   0x00000130       0x8c .\CortexM0\ARM_GCC_541\Debug\cyfitter_cfg.o
 .debug_frame   0x000001bc       0xbc .\CortexM0\ARM_GCC_541\Debug\Cm0Start.o
 .debug_frame   0x00000278      0x3e0 .\CortexM0\ARM_GCC_541\Debug\LWO5.a(CyLib.o)
 .debug_frame   0x00000658      0x3a8 .\CortexM0\ARM_GCC_541\Debug\LWO5.a(CyLFClk.o)
 .debug_frame   0x00000a00       0x70 .\CortexM0\ARM_GCC_541\Debug\LWO5.a(COLUMN_0.o)
 .debug_frame   0x00000a70       0x70 .\CortexM0\ARM_GCC_541\Debug\LWO5.a(COLUMN_1.o)
 .debug_frame   0x00000ae0       0x70 .\CortexM0\ARM_GCC_541\Debug\LWO5.a(COLUMN_2.o)
 .debug_frame   0x00000b50       0x70 .\CortexM0\ARM_GCC_541\Debug\LWO5.a(ROW_0.o)
 .debug_frame   0x00000bc0       0x70 .\CortexM0\ARM_GCC_541\Debug\LWO5.a(ROW_1.o)
 .debug_frame   0x00000c30       0x70 .\CortexM0\ARM_GCC_541\Debug\LWO5.a(ROW_2.o)
 .debug_frame   0x00000ca0       0x70 .\CortexM0\ARM_GCC_541\Debug\LWO5.a(ROW_3.o)
 .debug_frame   0x00000d10       0x70 .\CortexM0\ARM_GCC_541\Debug\LWO5.a(Pin_Latch.o)
 .debug_frame   0x00000d80       0x70 .\CortexM0\ARM_GCC_541\Debug\LWO5.a(Pin_CLK.o)
 .debug_frame   0x00000df0       0x70 .\CortexM0\ARM_GCC_541\Debug\LWO5.a(Pin_DO.o)
 .debug_frame   0x00000e60      0x110 .\CortexM0\ARM_GCC_541\Debug\LWO5.a(Timer_Int.o)
 .debug_frame   0x00000f70      0x160 .\CortexM0\ARM_GCC_541\Debug\LWO5.a(Timer.o)
 .debug_frame   0x000010d0       0x30 .\CortexM0\ARM_GCC_541\Debug\LWO5.a(cyutils.o)
 .debug_frame   0x00001100       0x20 c:/program files (x86)/cypress/psoc creator/4.4/psoc creator/import/gnu/arm/5.4.1/bin/../lib/gcc/arm-none-eabi/5.4.1/armv6-m\libgcc.a(_udivsi3.o)
 .debug_frame   0x00001120       0x20 c:/program files (x86)/cypress/psoc creator/4.4/psoc creator/import/gnu/arm/5.4.1/bin/../lib/gcc/arm-none-eabi/5.4.1/../../../../arm-none-eabi/lib/armv6-m\libg_nano.a(lib_a-errno.o)
 .debug_frame   0x00001140       0x28 c:/program files (x86)/cypress/psoc creator/4.4/psoc creator/import/gnu/arm/5.4.1/bin/../lib/gcc/arm-none-eabi/5.4.1/../../../../arm-none-eabi/lib/armv6-m\libg_nano.a(lib_a-exit.o)
 .debug_frame   0x00001168       0x2c c:/program files (x86)/cypress/psoc creator/4.4/psoc creator/import/gnu/arm/5.4.1/bin/../lib/gcc/arm-none-eabi/5.4.1/../../../../arm-none-eabi/lib/armv6-m\libg_nano.a(lib_a-init.o)
 .debug_frame   0x00001194       0x28 c:/program files (x86)/cypress/psoc creator/4.4/psoc creator/import/gnu/arm/5.4.1/bin/../lib/gcc/arm-none-eabi/5.4.1/../../../../arm-none-eabi/lib/armv6-m\libg_nano.a(lib_a-memcpy-stub.o)
 .debug_frame   0x000011bc       0x20 c:/program files (x86)/cypress/psoc creator/4.4/psoc creator/import/gnu/arm/5.4.1/bin/../lib/gcc/arm-none-eabi/5.4.1/../../../../arm-none-eabi/lib/armv6-m\libg_nano.a(lib_a-memset.o)

.debug_str      0x00000000     0x187e
 *(.debug_str)
 .debug_str     0x00000000      0x38d .\CortexM0\ARM_GCC_541\Debug\main.o
                                0x3e3 (size before relaxing)
 .debug_str     0x0000038d      0x11b .\CortexM0\ARM_GCC_541\Debug\cyfitter_cfg.o
                                0x2bd (size before relaxing)
 .debug_str     0x000004a8       0x59 .\CortexM0\ARM_GCC_541\Debug\cymetadata.o
                                0x1c0 (size before relaxing)
 .debug_str     0x00000501      0x13a .\CortexM0\ARM_GCC_541\Debug\Cm0Start.o
                                0x2f9 (size before relaxing)
 .debug_str     0x0000063b      0x4ac .\CortexM0\ARM_GCC_541\Debug\LWO5.a(CyLib.o)
                                0x6ae (size before relaxing)
 .debug_str     0x00000ae7      0x52b .\CortexM0\ARM_GCC_541\Debug\LWO5.a(CyLFClk.o)
                                0x735 (size before relaxing)
 .debug_str     0x00001012       0xb7 .\CortexM0\ARM_GCC_541\Debug\LWO5.a(COLUMN_0.o)
                                0x243 (size before relaxing)
 .debug_str     0x000010c9       0x9c .\CortexM0\ARM_GCC_541\Debug\LWO5.a(COLUMN_1.o)
                                0x243 (size before relaxing)
 .debug_str     0x00001165       0x9c .\CortexM0\ARM_GCC_541\Debug\LWO5.a(COLUMN_2.o)
                                0x243 (size before relaxing)
 .debug_str     0x00001201       0x87 .\CortexM0\ARM_GCC_541\Debug\LWO5.a(ROW_0.o)
                                0x22e (size before relaxing)
 .debug_str     0x00001288       0x87 .\CortexM0\ARM_GCC_541\Debug\LWO5.a(ROW_1.o)
                                0x22e (size before relaxing)
 .debug_str     0x0000130f       0x87 .\CortexM0\ARM_GCC_541\Debug\LWO5.a(ROW_2.o)
                                0x22e (size before relaxing)
 .debug_str     0x00001396       0x87 .\CortexM0\ARM_GCC_541\Debug\LWO5.a(ROW_3.o)
                                0x22e (size before relaxing)
 .debug_str     0x0000141d       0x93 .\CortexM0\ARM_GCC_541\Debug\LWO5.a(Pin_Latch.o)
                                0x24a (size before relaxing)
 .debug_str     0x000014b0       0x87 .\CortexM0\ARM_GCC_541\Debug\LWO5.a(Pin_CLK.o)
                                0x23c (size before relaxing)
 .debug_str     0x00001537       0x81 .\CortexM0\ARM_GCC_541\Debug\LWO5.a(Pin_DO.o)
                                0x235 (size before relaxing)
 .debug_str     0x000015b8      0x11b .\CortexM0\ARM_GCC_541\Debug\LWO5.a(Timer_Int.o)
                                0x31a (size before relaxing)
 .debug_str     0x000016d3      0x17d .\CortexM0\ARM_GCC_541\Debug\LWO5.a(Timer.o)
                                0x349 (size before relaxing)
 .debug_str     0x00001850       0x2e .\CortexM0\ARM_GCC_541\Debug\LWO5.a(cyutils.o)
                                0x1b5 (size before relaxing)

.debug_loc      0x00000000     0x1cae
 *(.debug_loc)
 .debug_loc     0x00000000      0x38a .\CortexM0\ARM_GCC_541\Debug\main.o
 .debug_loc     0x0000038a      0x118 .\CortexM0\ARM_GCC_541\Debug\cyfitter_cfg.o
 .debug_loc     0x000004a2      0x14f .\CortexM0\ARM_GCC_541\Debug\Cm0Start.o
 .debug_loc     0x000005f1      0x599 .\CortexM0\ARM_GCC_541\Debug\LWO5.a(CyLib.o)
 .debug_loc     0x00000b8a      0x9b5 .\CortexM0\ARM_GCC_541\Debug\LWO5.a(CyLFClk.o)
 .debug_loc     0x0000153f       0x81 .\CortexM0\ARM_GCC_541\Debug\LWO5.a(COLUMN_0.o)
 .debug_loc     0x000015c0       0xa2 .\CortexM0\ARM_GCC_541\Debug\LWO5.a(COLUMN_1.o)
 .debug_loc     0x00001662       0x81 .\CortexM0\ARM_GCC_541\Debug\LWO5.a(COLUMN_2.o)
 .debug_loc     0x000016e3       0xa2 .\CortexM0\ARM_GCC_541\Debug\LWO5.a(ROW_0.o)
 .debug_loc     0x00001785       0xa2 .\CortexM0\ARM_GCC_541\Debug\LWO5.a(ROW_1.o)
 .debug_loc     0x00001827       0xa2 .\CortexM0\ARM_GCC_541\Debug\LWO5.a(ROW_2.o)
 .debug_loc     0x000018c9       0xa2 .\CortexM0\ARM_GCC_541\Debug\LWO5.a(ROW_3.o)
 .debug_loc     0x0000196b       0xa2 .\CortexM0\ARM_GCC_541\Debug\LWO5.a(Pin_Latch.o)
 .debug_loc     0x00001a0d       0xa2 .\CortexM0\ARM_GCC_541\Debug\LWO5.a(Pin_CLK.o)
 .debug_loc     0x00001aaf       0x81 .\CortexM0\ARM_GCC_541\Debug\LWO5.a(Pin_DO.o)
 .debug_loc     0x00001b30       0x82 .\CortexM0\ARM_GCC_541\Debug\LWO5.a(Timer_Int.o)
 .debug_loc     0x00001bb2       0x6b .\CortexM0\ARM_GCC_541\Debug\LWO5.a(Timer.o)
 .debug_loc     0x00001c1d       0x91 .\CortexM0\ARM_GCC_541\Debug\LWO5.a(cyutils.o)

.debug_macinfo
 *(.debug_macinfo)

.debug_ranges   0x00000000      0x700
 *(.debug_ranges)
 .debug_ranges  0x00000000       0xd0 .\CortexM0\ARM_GCC_541\Debug\main.o
 .debug_ranges  0x000000d0       0x28 .\CortexM0\ARM_GCC_541\Debug\cyfitter_cfg.o
 .debug_ranges  0x000000f8       0x38 .\CortexM0\ARM_GCC_541\Debug\Cm0Start.o
 .debug_ranges  0x00000130      0x170 .\CortexM0\ARM_GCC_541\Debug\LWO5.a(CyLib.o)
 .debug_ranges  0x000002a0      0x128 .\CortexM0\ARM_GCC_541\Debug\LWO5.a(CyLFClk.o)
 .debug_ranges  0x000003c8       0x38 .\CortexM0\ARM_GCC_541\Debug\LWO5.a(COLUMN_0.o)
 .debug_ranges  0x00000400       0x38 .\CortexM0\ARM_GCC_541\Debug\LWO5.a(COLUMN_1.o)
 .debug_ranges  0x00000438       0x38 .\CortexM0\ARM_GCC_541\Debug\LWO5.a(COLUMN_2.o)
 .debug_ranges  0x00000470       0x38 .\CortexM0\ARM_GCC_541\Debug\LWO5.a(ROW_0.o)
 .debug_ranges  0x000004a8       0x38 .\CortexM0\ARM_GCC_541\Debug\LWO5.a(ROW_1.o)
 .debug_ranges  0x000004e0       0x38 .\CortexM0\ARM_GCC_541\Debug\LWO5.a(ROW_2.o)
 .debug_ranges  0x00000518       0x38 .\CortexM0\ARM_GCC_541\Debug\LWO5.a(ROW_3.o)
 .debug_ranges  0x00000550       0x38 .\CortexM0\ARM_GCC_541\Debug\LWO5.a(Pin_Latch.o)
 .debug_ranges  0x00000588       0x38 .\CortexM0\ARM_GCC_541\Debug\LWO5.a(Pin_CLK.o)
 .debug_ranges  0x000005c0       0x38 .\CortexM0\ARM_GCC_541\Debug\LWO5.a(Pin_DO.o)
 .debug_ranges  0x000005f8       0x70 .\CortexM0\ARM_GCC_541\Debug\LWO5.a(Timer_Int.o)
 .debug_ranges  0x00000668       0x80 .\CortexM0\ARM_GCC_541\Debug\LWO5.a(Timer.o)
 .debug_ranges  0x000006e8       0x18 .\CortexM0\ARM_GCC_541\Debug\LWO5.a(cyutils.o)

.comment        0x00000000       0x6e
 .comment       0x00000000       0x6e .\CortexM0\ARM_GCC_541\Debug\main.o
                                 0x6f (size before relaxing)
 .comment       0x0000006e       0x6f .\CortexM0\ARM_GCC_541\Debug\cyfitter_cfg.o
 .comment       0x0000006e       0x6f .\CortexM0\ARM_GCC_541\Debug\cymetadata.o
 .comment       0x0000006e       0x6f .\CortexM0\ARM_GCC_541\Debug\Cm0Start.o
 .comment       0x0000006e       0x6f .\CortexM0\ARM_GCC_541\Debug\LWO5.a(CyLib.o)
 .comment       0x0000006e       0x6f .\CortexM0\ARM_GCC_541\Debug\LWO5.a(CyLFClk.o)
 .comment       0x0000006e       0x6f .\CortexM0\ARM_GCC_541\Debug\LWO5.a(COLUMN_0.o)
 .comment       0x0000006e       0x6f .\CortexM0\ARM_GCC_541\Debug\LWO5.a(COLUMN_1.o)
 .comment       0x0000006e       0x6f .\CortexM0\ARM_GCC_541\Debug\LWO5.a(COLUMN_2.o)
 .comment       0x0000006e       0x6f .\CortexM0\ARM_GCC_541\Debug\LWO5.a(ROW_0.o)
 .comment       0x0000006e       0x6f .\CortexM0\ARM_GCC_541\Debug\LWO5.a(ROW_1.o)
 .comment       0x0000006e       0x6f .\CortexM0\ARM_GCC_541\Debug\LWO5.a(ROW_2.o)
 .comment       0x0000006e       0x6f .\CortexM0\ARM_GCC_541\Debug\LWO5.a(ROW_3.o)
 .comment       0x0000006e       0x6f .\CortexM0\ARM_GCC_541\Debug\LWO5.a(Pin_Latch.o)
 .comment       0x0000006e       0x6f .\CortexM0\ARM_GCC_541\Debug\LWO5.a(Pin_CLK.o)
 .comment       0x0000006e       0x6f .\CortexM0\ARM_GCC_541\Debug\LWO5.a(Pin_DO.o)
 .comment       0x0000006e       0x6f .\CortexM0\ARM_GCC_541\Debug\LWO5.a(Timer_Int.o)
 .comment       0x0000006e       0x6f .\CortexM0\ARM_GCC_541\Debug\LWO5.a(Timer.o)
 .comment       0x0000006e       0x6f .\CortexM0\ARM_GCC_541\Debug\LWO5.a(cyutils.o)

.debug_weaknames
 *(.debug_weaknames)

.debug_funcnames
 *(.debug_funcnames)

.debug_typenames
 *(.debug_typenames)

.debug_varnames
 *(.debug_varnames)

.note.gnu.arm.ident
 *(.note.gnu.arm.ident)

.ARM.attributes
                0x00000000       0x28
 *(.ARM.attributes)
 .ARM.attributes
                0x00000000       0x1e c:/program files (x86)/cypress/psoc creator/4.4/psoc creator/import/gnu/arm/5.4.1/bin/../lib/gcc/arm-none-eabi/5.4.1/armv6-m/crti.o
 .ARM.attributes
                0x0000001e       0x2c c:/program files (x86)/cypress/psoc creator/4.4/psoc creator/import/gnu/arm/5.4.1/bin/../lib/gcc/arm-none-eabi/5.4.1/armv6-m/crtbegin.o
 .ARM.attributes
                0x0000004a       0x1b c:/program files (x86)/cypress/psoc creator/4.4/psoc creator/import/gnu/arm/5.4.1/bin/../lib/gcc/arm-none-eabi/5.4.1/../../../../arm-none-eabi/lib/armv6-m/crt0.o
 .ARM.attributes
                0x00000065       0x31 .\CortexM0\ARM_GCC_541\Debug\main.o
 .ARM.attributes
                0x00000096       0x31 .\CortexM0\ARM_GCC_541\Debug\cyfitter_cfg.o
 .ARM.attributes
                0x000000c7       0x31 .\CortexM0\ARM_GCC_541\Debug\cymetadata.o
 .ARM.attributes
                0x000000f8       0x31 .\CortexM0\ARM_GCC_541\Debug\Cm0Start.o
 .ARM.attributes
                0x00000129       0x31 .\CortexM0\ARM_GCC_541\Debug\LWO5.a(CyLib.o)
 .ARM.attributes
                0x0000015a       0x31 .\CortexM0\ARM_GCC_541\Debug\LWO5.a(CyLFClk.o)
 .ARM.attributes
                0x0000018b       0x31 .\CortexM0\ARM_GCC_541\Debug\LWO5.a(COLUMN_0.o)
 .ARM.attributes
                0x000001bc       0x31 .\CortexM0\ARM_GCC_541\Debug\LWO5.a(COLUMN_1.o)
 .ARM.attributes
                0x000001ed       0x31 .\CortexM0\ARM_GCC_541\Debug\LWO5.a(COLUMN_2.o)
 .ARM.attributes
                0x0000021e       0x31 .\CortexM0\ARM_GCC_541\Debug\LWO5.a(ROW_0.o)
 .ARM.attributes
                0x0000024f       0x31 .\CortexM0\ARM_GCC_541\Debug\LWO5.a(ROW_1.o)
 .ARM.attributes
                0x00000280       0x31 .\CortexM0\ARM_GCC_541\Debug\LWO5.a(ROW_2.o)
 .ARM.attributes
                0x000002b1       0x31 .\CortexM0\ARM_GCC_541\Debug\LWO5.a(ROW_3.o)
 .ARM.attributes
                0x000002e2       0x31 .\CortexM0\ARM_GCC_541\Debug\LWO5.a(Pin_Latch.o)
 .ARM.attributes
                0x00000313       0x31 .\CortexM0\ARM_GCC_541\Debug\LWO5.a(Pin_CLK.o)
 .ARM.attributes
                0x00000344       0x31 .\CortexM0\ARM_GCC_541\Debug\LWO5.a(Pin_DO.o)
 .ARM.attributes
                0x00000375       0x31 .\CortexM0\ARM_GCC_541\Debug\LWO5.a(Timer_Int.o)
 .ARM.attributes
                0x000003a6       0x31 .\CortexM0\ARM_GCC_541\Debug\LWO5.a(Timer.o)
 .ARM.attributes
                0x000003d7       0x21 .\CortexM0\ARM_GCC_541\Debug\LWO5.a(CyBootAsmGnu.o)
 .ARM.attributes
                0x000003f8       0x31 .\CortexM0\ARM_GCC_541\Debug\LWO5.a(cyutils.o)
 .ARM.attributes
                0x00000429       0x1e c:/program files (x86)/cypress/psoc creator/4.4/psoc creator/import/gnu/arm/5.4.1/bin/../lib/gcc/arm-none-eabi/5.4.1/armv6-m\libgcc.a(_udivsi3.o)
 .ARM.attributes
                0x00000447       0x1e c:/program files (x86)/cypress/psoc creator/4.4/psoc creator/import/gnu/arm/5.4.1/bin/../lib/gcc/arm-none-eabi/5.4.1/armv6-m\libgcc.a(_dvmd_tls.o)
 .ARM.attributes
                0x00000465       0x2c c:/program files (x86)/cypress/psoc creator/4.4/psoc creator/import/gnu/arm/5.4.1/bin/../lib/gcc/arm-none-eabi/5.4.1/../../../../arm-none-eabi/lib/armv6-m\libg_nano.a(lib_a-errno.o)
 .ARM.attributes
                0x00000491       0x2c c:/program files (x86)/cypress/psoc creator/4.4/psoc creator/import/gnu/arm/5.4.1/bin/../lib/gcc/arm-none-eabi/5.4.1/../../../../arm-none-eabi/lib/armv6-m\libg_nano.a(lib_a-exit.o)
 .ARM.attributes
                0x000004bd       0x2c c:/program files (x86)/cypress/psoc creator/4.4/psoc creator/import/gnu/arm/5.4.1/bin/../lib/gcc/arm-none-eabi/5.4.1/../../../../arm-none-eabi/lib/armv6-m\libg_nano.a(lib_a-impure.o)
 .ARM.attributes
                0x000004e9       0x2c c:/program files (x86)/cypress/psoc creator/4.4/psoc creator/import/gnu/arm/5.4.1/bin/../lib/gcc/arm-none-eabi/5.4.1/../../../../arm-none-eabi/lib/armv6-m\libg_nano.a(lib_a-init.o)
 .ARM.attributes
                0x00000515       0x2c c:/program files (x86)/cypress/psoc creator/4.4/psoc creator/import/gnu/arm/5.4.1/bin/../lib/gcc/arm-none-eabi/5.4.1/../../../../arm-none-eabi/lib/armv6-m\libg_nano.a(lib_a-memcpy-stub.o)
 .ARM.attributes
                0x00000541       0x2c c:/program files (x86)/cypress/psoc creator/4.4/psoc creator/import/gnu/arm/5.4.1/bin/../lib/gcc/arm-none-eabi/5.4.1/../../../../arm-none-eabi/lib/armv6-m\libg_nano.a(lib_a-memset.o)
 .ARM.attributes
                0x0000056d       0x2c c:/program files (x86)/cypress/psoc creator/4.4/psoc creator/import/gnu/arm/5.4.1/bin/../lib/gcc/arm-none-eabi/5.4.1/armv6-m/crtend.o
 .ARM.attributes
                0x00000599       0x1e c:/program files (x86)/cypress/psoc creator/4.4/psoc creator/import/gnu/arm/5.4.1/bin/../lib/gcc/arm-none-eabi/5.4.1/armv6-m/crtn.o

/DISCARD/
 *(.note.GNU-stack)
OUTPUT(C:\Users\Maks\Documents\PSoC Creator\CSN_UzhNU\LWO5.cydsn\CortexM0\ARM_GCC_541\Debug\LWO5.elf elf32-littlearm)
