--------------- Clean Started: 10/04/2025 12:58:52 Project: CapSense_CSD_P4_Design01, Configuration: ARM GCC 5.4-2016-q2-update Debug ---------------
Deleting file ".\CortexM0\ARM_GCC_541\Debug\main.o"
Deleting file ".\CortexM0\ARM_GCC_541\Debug\cyfitter_cfg.o"
Deleting file ".\CortexM0\ARM_GCC_541\Debug\cymetadata.o"
Deleting file ".\CortexM0\ARM_GCC_541\Debug\LED_1.o"
Deleting file ".\CortexM0\ARM_GCC_541\Debug\LED_1_PM.o"
Deleting file ".\CortexM0\ARM_GCC_541\Debug\CapSense_CSD.o"
Deleting file ".\CortexM0\ARM_GCC_541\Debug\CapSense_CSD_PM.o"
Deleting file ".\CortexM0\ARM_GCC_541\Debug\CapSense_CSD_CSHL.o"
Deleting file ".\CortexM0\ARM_GCC_541\Debug\CapSense_CSD_INT.o"
Deleting file ".\CortexM0\ARM_GCC_541\Debug\CapSense_CSD_TunerHelper.o"
Deleting file ".\CortexM0\ARM_GCC_541\Debug\CapSense_CSD_SMS.o"
Deleting file ".\CortexM0\ARM_GCC_541\Debug\LED_2.o"
Deleting file ".\CortexM0\ARM_GCC_541\Debug\LED_2_PM.o"
Deleting file ".\CortexM0\ARM_GCC_541\Debug\Clock_PWM.o"
Deleting file ".\CortexM0\ARM_GCC_541\Debug\LED_CONTROL.o"
Deleting file ".\CortexM0\ARM_GCC_541\Debug\LED_CONTROL_PM.o"
Deleting file ".\CortexM0\ARM_GCC_541\Debug\CapSense_CSD_SampleClk.o"
Deleting file ".\CortexM0\ARM_GCC_541\Debug\CapSense_CSD_SenseClk.o"
Deleting file ".\CortexM0\ARM_GCC_541\Debug\Cm0Start.o"
Deleting file ".\CortexM0\ARM_GCC_541\Debug\CyFlash.o"
Deleting file ".\CortexM0\ARM_GCC_541\Debug\CyLib.o"
Deleting file ".\CortexM0\ARM_GCC_541\Debug\cyPm.o"
Deleting file ".\CortexM0\ARM_GCC_541\Debug\cyutils.o"
Deleting file ".\CortexM0\ARM_GCC_541\Debug\CyBootAsmGnu.o"
Deleting file ".\CortexM0\ARM_GCC_541\Debug\CyLFClk.o"
Deleting file ".\CortexM0\ARM_GCC_541\Debug\cy_em_eeprom.o"
Deleting file ".\CortexM0\ARM_GCC_541\Debug\CapSense_CSD_P4_Design01.hex"
Deleting file ".\CortexM0\ARM_GCC_541\Debug\CapSense_CSD_P4_Design01.elf"
Deleting file ".\CortexM0\ARM_GCC_541\Debug\CapSense_CSD_P4_Design01.map"
Deleting file ".\CapSense_CSD_P4_Design01.cycdx"
Deleting file ".\CapSense_CSD_P4_Design01.svd"
Deleting file ".\CapSense_CSD_P4_Design01.rpt"
Deleting file ".\CapSense_CSD_P4_Design01_timing.html"
Deleting file ".\CortexM0\ARM_GCC_541\Debug\.deps\SOURCE_C__ARM_GCC_GENERIC.P"
Deleting file ".\CortexM0\ARM_GCC_541\Debug\.deps\SOURCE_ASM__ARM_GCC_GENERIC.P"
--------------- Clean Succeeded: 10/04/2025 12:58:52 ---------------
